2012-11-14T20:41:00.281+0100: 19.237: [GC 19.237: [ParNew
Desired survivor size 268435456 bytes, new threshold 15 (max 15)
- age   1:   74507744 bytes,   74507744 total
: 2097152K->73206K(2621440K), 0.0569590 secs] 2097152K->73206K(8912896K), 0.0570390 secs] [Times: user=0.58 sys=0.04, real=0.06 secs] 
2012-11-14T20:41:13.255+0100: 32.211: [GC 32.211: [ParNew
Desired survivor size 268435456 bytes, new threshold 15 (max 15)
- age   1:   93114784 bytes,   93114784 total
- age   2:   70731768 bytes,  163846552 total
: 2170358K->188201K(2621440K), 0.0623980 secs] 2170358K->188201K(8912896K), 0.0625050 secs] [Times: user=0.78 sys=0.14, real=0.06 secs] 
2012-11-14T20:43:06.188+0100: 145.144: [GC 145.144: [ParNew
Desired survivor size 268435456 bytes, new threshold 15 (max 15)
- age   1:   86678936 bytes,   86678936 total
- age   2:   54729488 bytes,  141408424 total
- age   3:   70542472 bytes,  211950896 total
: 2285353K->285767K(2621440K), 0.0784930 secs] 2285353K->285767K(8912896K), 0.0785990 secs] [Times: user=1.10 sys=0.06, real=0.08 secs] 
2012-11-14T20:43:11.950+0100: 150.906: [GC 150.906: [ParNew
Desired survivor size 268435456 bytes, new threshold 4 (max 15)
- age   1:  106587736 bytes,  106587736 total
- age   2:   76760896 bytes,  183348632 total
- age   3:   54716104 bytes,  238064736 total
- age   4:   70518056 bytes,  308582792 total
: 2382919K->422107K(2621440K), 0.1154370 secs] 2382919K->422107K(8912896K), 0.1155610 secs] [Times: user=1.35 sys=0.06, real=0.12 secs] 
2012-11-14T20:43:18.599+0100: 157.554: [GC 157.555: [ParNew
Desired survivor size 268435456 bytes, new threshold 4 (max 15)
- age   1:   87070344 bytes,   87070344 total
- age   2:   85107184 bytes,  172177528 total
- age   3:   73421224 bytes,  245598752 total
- age   4:   54715768 bytes,  300314520 total
: 2519259K->430351K(2621440K), 0.3845220 secs] 2519259K->507304K(8912896K), 0.3846240 secs] [Times: user=2.33 sys=0.26, real=0.38 secs] 
2012-11-14T20:43:25.448+0100: 164.404: [GC 164.404: [ParNew
Desired survivor size 268435456 bytes, new threshold 4 (max 15)
- age   1:   75518688 bytes,   75518688 total
- age   2:   75890960 bytes,  151409648 total
- age   3:   85058368 bytes,  236468016 total
- age   4:   73380544 bytes,  309848560 total
: 2527503K->398614K(2621440K), 0.1322490 secs] 2604456K->531156K(8912896K), 0.1323650 secs] [Times: user=1.59 sys=0.08, real=0.13 secs] 
2012-11-14T20:43:38.368+0100: 177.324: [GC 177.324: [ParNew
Desired survivor size 268435456 bytes, new threshold 4 (max 15)
- age   1:   57681808 bytes,   57681808 total
- age   2:   63747728 bytes,  121429536 total
- age   3:   66568640 bytes,  187998176 total
- age   4:   84789680 bytes,  272787856 total
: 2495766K->410670K(2621440K), 0.1224570 secs] 2628308K->618513K(8912896K), 0.1225870 secs] [Times: user=1.52 sys=0.09, real=0.12 secs] 
2012-11-14T20:43:47.996+0100: 186.952: [GC 186.952: [ParNew
Desired survivor size 268435456 bytes, new threshold 15 (max 15)
- age   1:   81246808 bytes,   81246808 total
- age   2:   39409752 bytes,  120656560 total
- age   3:   63311648 bytes,  183968208 total
- age   4:   66023680 bytes,  249991888 total
: 2507822K->380541K(2621440K), 0.1337690 secs] 2715665K->676819K(8912896K), 0.1339030 secs] [Times: user=1.59 sys=0.05, real=0.13 secs] 
2012-11-14T20:44:01.104+0100: 200.060: [GC 200.060: [ParNew
Desired survivor size 268435456 bytes, new threshold 4 (max 15)
- age   1:  110214320 bytes,  110214320 total
- age   2:   66248408 bytes,  176462728 total
- age   3:   37456440 bytes,  213919168 total
- age   4:   63301040 bytes,  277220208 total
- age   5:   64444528 bytes,  341664736 total
: 2477693K->500096K(2621440K), 0.3195740 secs] 2773971K->796374K(8912896K), 0.3197150 secs] [Times: user=5.33 sys=0.02, real=0.32 secs] 
2012-11-14T20:44:10.866+0100: 209.822: [GC 209.822: [ParNew
Desired survivor size 268435456 bytes, new threshold 4 (max 15)
- age   1:   75275216 bytes,   75275216 total
- age   2:  101897152 bytes,  177172368 total
- age   3:   66161968 bytes,  243334336 total
- age   4:   37451904 bytes,  280786240 total
: 2597248K->449086K(2621440K), 0.2814810 secs] 2893526K->878967K(8912896K), 0.2816380 secs] [Times: user=4.02 sys=0.11, real=0.28 secs] 
2012-11-14T20:44:17.809+0100: 216.765: [GC 216.765: [ParNew
Desired survivor size 268435456 bytes, new threshold 4 (max 15)
- age   1:   80936184 bytes,   80936184 total
- age   2:   68518704 bytes,  149454888 total
- age   3:   99980184 bytes,  249435072 total
- age   4:   66123280 bytes,  315558352 total
: 2546238K->439373K(2621440K), 0.3347790 secs] 2976119K->906342K(8912896K), 0.3349170 secs] [Times: user=5.46 sys=0.03, real=0.34 secs] 
2012-11-14T20:44:22.736+0100: 221.692: [GC 221.692: [ParNew
Desired survivor size 268435456 bytes, new threshold 4 (max 15)
- age   1:   68184032 bytes,   68184032 total
- age   2:   69997080 bytes,  138181112 total
- age   3:   68442032 bytes,  206623144 total
- age   4:   98998256 bytes,  305621400 total
: 2536525K->432869K(2621440K), 0.2438190 secs] 3003494K->965659K(8912896K), 0.2439500 secs] [Times: user=3.77 sys=0.02, real=0.25 secs] 
2012-11-14T20:44:31.172+0100: 230.128: [GC 230.128: [ParNew
Desired survivor size 268435456 bytes, new threshold 15 (max 15)
- age   1:   61755136 bytes,   61755136 total
- age   2:   60248360 bytes,  122003496 total
- age   3:   68916264 bytes,  190919760 total
- age   4:   68423984 bytes,  259343744 total
: 2530021K->364684K(2621440K), 0.4014440 secs] 3062811K->996072K(8912896K), 0.4015750 secs] [Times: user=6.43 sys=0.06, real=0.40 secs] 
2012-11-14T20:44:40.821+0100: 239.777: [GC 239.777: [ParNew
Desired survivor size 268435456 bytes, new threshold 4 (max 15)
- age   1:  110447360 bytes,  110447360 total
- age   2:   52613920 bytes,  163061280 total
- age   3:   60010352 bytes,  223071632 total
- age   4:   68843496 bytes,  291915128 total
- age   5:   68402248 bytes,  360317376 total
: 2461836K->511317K(2621440K), 0.1555040 secs] 3093224K->1142704K(8912896K), 0.1556280 secs] [Times: user=2.49 sys=0.02, real=0.15 secs] 
2012-11-14T20:44:51.091+0100: 250.047: [GC 250.047: [ParNew
Desired survivor size 268435456 bytes, new threshold 4 (max 15)
- age   1:   74797832 bytes,   74797832 total
- age   2:   98937056 bytes,  173734888 total
- age   3:   52359520 bytes,  226094408 total
- age   4:   59003664 bytes,  285098072 total
: 2608469K->457187K(2621440K), 0.1745080 secs] 3239856K->1226953K(8912896K), 0.1746350 secs] [Times: user=2.06 sys=0.09, real=0.17 secs] 
2012-11-14T20:45:04.354+0100: 263.310: [GC 263.310: [ParNew
Desired survivor size 268435456 bytes, new threshold 4 (max 15)
- age   1:   58313888 bytes,   58313888 total
- age   2:   67318728 bytes,  125632616 total
- age   3:   98279280 bytes,  223911896 total
- age   4:   52312344 bytes,  276224240 total
: 2554339K->401485K(2621440K), 0.1138490 secs] 3324105K->1229919K(8912896K), 0.1139770 secs] [Times: user=1.46 sys=0.04, real=0.12 secs] 
2012-11-14T20:45:19.806+0100: 278.762: [GC 278.762: [ParNew
Desired survivor size 268435456 bytes, new threshold 4 (max 15)
- age   1:   98158464 bytes,   98158464 total
- age   2:   46590208 bytes,  144748672 total
- age   3:   66324416 bytes,  211073088 total
- age   4:   97447624 bytes,  308520712 total
: 2498637K->437656K(2621440K), 0.5195830 secs] 3327071K->1317915K(8912896K), 0.5197180 secs] [Times: user=8.96 sys=0.02, real=0.52 secs] 
2012-11-14T20:45:35.741+0100: 294.697: [GC 294.697: [ParNew
Desired survivor size 268435456 bytes, new threshold 4 (max 15)
- age   1:   83548256 bytes,   83548256 total
- age   2:   91680352 bytes,  175228608 total
- age   3:   46326240 bytes,  221554848 total
- age   4:   65497608 bytes,  287052456 total
: 2534808K->390501K(2621440K), 0.6493220 secs] 3415067K->1366701K(8912896K), 0.6494490 secs] [Times: user=11.09 sys=0.06, real=0.65 secs] 
2012-11-14T20:45:57.841+0100: 316.796: [GC 316.797: [ParNew
Desired survivor size 268435456 bytes, new threshold 4 (max 15)
- age   1:   60375472 bytes,   60375472 total
- age   2:   75919920 bytes,  136295392 total
- age   3:   90956952 bytes,  227252344 total
- age   4:   46249672 bytes,  273502016 total
: 2487653K->381417K(2621440K), 0.2376950 secs] 3463853K->1423014K(8912896K), 0.2378330 secs] [Times: user=3.67 sys=0.04, real=0.24 secs] 
2012-11-14T20:46:15.952+0100: 334.908: [GC 334.908: [ParNew
Desired survivor size 268435456 bytes, new threshold 4 (max 15)
- age   1:   71608376 bytes,   71608376 total
- age   2:   53764200 bytes,  125372576 total
- age   3:   74964248 bytes,  200336824 total
- age   4:   90892800 bytes,  291229624 total
: 2478569K->404217K(2621440K), 0.2409540 secs] 3520166K->1491580K(8912896K), 0.2410950 secs] [Times: user=3.90 sys=0.03, real=0.24 secs] 
2012-11-14T20:46:58.516+0100: 377.472: [GC 377.472: [ParNew
Desired survivor size 268435456 bytes, new threshold 15 (max 15)
- age   1:   60021392 bytes,   60021392 total
- age   2:   65934360 bytes,  125955752 total
- age   3:   52988448 bytes,  178944200 total
- age   4:   74194232 bytes,  253138432 total
: 2501369K->359797K(2621440K), 0.3134040 secs] 3588732K->1539027K(8912896K), 0.3135350 secs] [Times: user=4.95 sys=0.06, real=0.31 secs] 
2012-11-14T20:47:30.476+0100: 409.432: [GC 409.432: [ParNew
Desired survivor size 268435456 bytes, new threshold 5 (max 15)
- age   1:   74882328 bytes,   74882328 total
- age   2:   51789784 bytes,  126672112 total
- age   3:   65329952 bytes,  192002064 total
- age   4:   52421656 bytes,  244423720 total
- age   5:   73731320 bytes,  318155040 total
: 2456949K->409138K(2621440K), 0.2361480 secs] 3636179K->1588367K(8912896K), 0.2362870 secs] [Times: user=4.02 sys=0.01, real=0.24 secs] 
2012-11-14T20:47:59.364+0100: 438.319: [GC 438.320: [ParNew
Desired survivor size 268435456 bytes, new threshold 5 (max 15)
- age   1:   79737792 bytes,   79737792 total
- age   2:   68114200 bytes,  147851992 total
- age   3:   51712248 bytes,  199564240 total
- age   4:   65205696 bytes,  264769936 total
- age   5:   52181616 bytes,  316951552 total
: 2506290K->426705K(2621440K), 0.3488150 secs] 3685519K->1677859K(8912896K), 0.3489610 secs] [Times: user=5.71 sys=0.04, real=0.35 secs] 
2012-11-14T20:48:27.120+0100: 466.076: [GC 466.076: [ParNew
Desired survivor size 268435456 bytes, new threshold 5 (max 15)
- age   1:   75102128 bytes,   75102128 total
- age   2:   72192592 bytes,  147294720 total
- age   3:   67377360 bytes,  214672080 total
- age   4:   51426120 bytes,  266098200 total
- age   5:   65050688 bytes,  331148888 total
: 2523857K->459484K(2621440K), 0.3978860 secs] 3775011K->1762498K(8912896K), 0.3980250 secs] [Times: user=6.53 sys=0.05, real=0.40 secs] 
2012-11-14T20:48:34.399+0100: 473.355: [GC 473.355: [ParNew
Desired survivor size 268435456 bytes, new threshold 4 (max 15)
- age   1:   67113736 bytes,   67113736 total
- age   2:   64534560 bytes,  131648296 total
- age   3:   72037328 bytes,  203685624 total
- age   4:   67346376 bytes,  271032000 total
- age   5:   51089472 bytes,  322121472 total
: 2556636K->493271K(2621440K), 0.5257830 secs] 3859650K->1860412K(8912896K), 0.5259190 secs] [Times: user=8.84 sys=0.06, real=0.53 secs] 
2012-11-14T20:48:46.187+0100: 485.143: [GC 485.143: [ParNew
Desired survivor size 268435456 bytes, new threshold 15 (max 15)
- age   1:   34792320 bytes,   34792320 total
- age   2:   44909792 bytes,   79702112 total
- age   3:   63695552 bytes,  143397664 total
- age   4:   71790864 bytes,  215188528 total
: 2590423K->384287K(2621440K), 0.4276020 secs] 3957564K->1868395K(8912896K), 0.4277400 secs] [Times: user=6.85 sys=0.07, real=0.43 secs] 
2012-11-14T20:49:08.756+0100: 507.712: [GC 507.712: [ParNew
Desired survivor size 268435456 bytes, new threshold 5 (max 15)
- age   1:  118925040 bytes,  118925040 total
- age   2:   26712744 bytes,  145637784 total
- age   3:   44364008 bytes,  190001792 total
- age   4:   63150880 bytes,  253152672 total
- age   5:   71590216 bytes,  324742888 total
: 2481439K->400438K(2621440K), 0.4997500 secs] 3965547K->1884545K(8912896K), 0.4998910 secs] [Times: user=8.77 sys=0.01, real=0.50 secs] 
2012-11-14T20:49:17.959+0100: 516.915: [GC 516.915: [ParNew
Desired survivor size 268435456 bytes, new threshold 5 (max 15)
- age   1:   63607680 bytes,   63607680 total
- age   2:  110424688 bytes,  174032368 total
- age   3:   26227024 bytes,  200259392 total
- age   4:   44357936 bytes,  244617328 total
- age   5:   62839160 bytes,  307456488 total
: 2497590K->429956K(2621440K), 0.5254490 secs] 3981697K->1984826K(8912896K), 0.5256100 secs] [Times: user=8.81 sys=0.06, real=0.53 secs] 
2012-11-14T20:49:33.625+0100: 532.581: [GC 532.581: [ParNew
Desired survivor size 268435456 bytes, new threshold 15 (max 15)
- age   1:   30380352 bytes,   30380352 total
- age   2:   53898040 bytes,   84278392 total
- age   3:  109331640 bytes,  193610032 total
- age   4:   25835920 bytes,  219445952 total
- age   5:   44352728 bytes,  263798680 total
: 2527108K->357233K(2621440K), 0.1962520 secs] 4081978K->1974264K(8912896K), 0.2065120 secs] [Times: user=3.05 sys=0.05, real=0.21 secs] 
2012-11-14T20:49:58.660+0100: 557.616: [GC 557.616: [ParNew
Desired survivor size 268435456 bytes, new threshold 6 (max 15)
- age   1:   54106368 bytes,   54106368 total
- age   2:   25603056 bytes,   79709424 total
- age   3:   53554568 bytes,  133263992 total
- age   4:  108669920 bytes,  241933912 total
- age   5:   25528208 bytes,  267462120 total
- age   6:   44351368 bytes,  311813488 total
: 2454385K->400181K(2621440K), 0.3125100 secs] 4071416K->2017212K(8912896K), 0.3126490 secs] [Times: user=5.41 sys=0.00, real=0.31 secs] 
2012-11-14T20:50:24.999+0100: 583.955: [GC 583.955: [ParNew
Desired survivor size 268435456 bytes, new threshold 5 (max 15)
- age   1:   81364560 bytes,   81364560 total
- age   2:   47292744 bytes,  128657304 total
- age   3:   24941168 bytes,  153598472 total
- age   4:   53236128 bytes,  206834600 total
- age   5:  108124696 bytes,  314959296 total
- age   6:   25317448 bytes,  340276744 total
: 2497333K->489294K(2621440K), 0.1743200 secs] 4114364K->2150770K(8912896K), 0.1744710 secs] [Times: user=2.67 sys=0.03, real=0.18 secs] 
2012-11-14T20:50:55.731+0100: 614.687: [GC 614.687: [ParNew
Desired survivor size 268435456 bytes, new threshold 15 (max 15)
- age   1:   61947880 bytes,   61947880 total
- age   2:   36433760 bytes,   98381640 total
- age   3:   46708216 bytes,  145089856 total
- age   4:   24423928 bytes,  169513784 total
- age   5:   53216360 bytes,  222730144 total
: 2586446K->395214K(2621440K), 0.4665630 secs] 4247922K->2188716K(8912896K), 0.4667060 secs] [Times: user=7.35 sys=0.09, real=0.47 secs] 
2012-11-14T20:51:15.436+0100: 634.392: [GC 634.392: [ParNew
Desired survivor size 268435456 bytes, new threshold 6 (max 15)
- age   1:   67141752 bytes,   67141752 total
- age   2:   52170104 bytes,  119311856 total
- age   3:   34614864 bytes,  153926720 total
- age   4:   44801248 bytes,  198727968 total
- age   5:   24145184 bytes,  222873152 total
- age   6:   52673032 bytes,  275546184 total
: 2492366K->357044K(2621440K), 0.1371410 secs] 4285868K->2150547K(8912896K), 0.1372750 secs] [Times: user=2.34 sys=0.01, real=0.13 secs] 
2012-11-14T20:51:41.368+0100: 660.324: [GC 660.324: [ParNew
Desired survivor size 268435456 bytes, new threshold 15 (max 15)
- age   1:   42877008 bytes,   42877008 total
- age   2:   61115632 bytes,  103992640 total
- age   3:   51591816 bytes,  155584456 total
- age   4:   34533728 bytes,  190118184 total
- age   5:   44639264 bytes,  234757448 total
- age   6:   24072960 bytes,  258830408 total
: 2454196K->388627K(2621440K), 0.1252060 secs] 4247699K->2234104K(8912896K), 0.1253480 secs] [Times: user=1.80 sys=0.05, real=0.12 secs] 
2012-11-14T20:52:22.010+0100: 700.966: [GC 700.966: [ParNew
Desired survivor size 268435456 bytes, new threshold 7 (max 15)
- age   1:   45831128 bytes,   45831128 total
- age   2:   21601400 bytes,   67432528 total
- age   3:   60317728 bytes,  127750256 total
- age   4:   51214192 bytes,  178964448 total
- age   5:   34087424 bytes,  213051872 total
- age   6:   44377448 bytes,  257429320 total
- age   7:   23908552 bytes,  281337872 total
: 2485779K->363230K(2621440K), 0.1028440 secs] 4331256K->2208707K(8912896K), 0.1029830 secs] [Times: user=1.58 sys=0.00, real=0.11 secs] 
2012-11-14T20:52:43.107+0100: 722.063: [GC 722.063: [ParNew
Desired survivor size 268435456 bytes, new threshold 7 (max 15)
- age   1:   50788032 bytes,   50788032 total
- age   2:   38085880 bytes,   88873912 total
- age   3:   20051632 bytes,  108925544 total
- age   4:   60086296 bytes,  169011840 total
- age   5:   50768512 bytes,  219780352 total
- age   6:   34086256 bytes,  253866608 total
- age   7:   44376568 bytes,  298243176 total
: 2460382K->414758K(2621440K), 0.0915440 secs] 4305859K->2283790K(8912896K), 0.0916960 secs] [Times: user=1.32 sys=0.01, real=0.10 secs] 
2012-11-14T20:53:05.031+0100: 743.987: [GC 743.987: [ParNew
Desired survivor size 268435456 bytes, new threshold 6 (max 15)
- age   1:   60346496 bytes,   60346496 total
- age   2:   44039912 bytes,  104386408 total
- age   3:   37128384 bytes,  141514792 total
- age   4:   19777648 bytes,  161292440 total
- age   5:   59745984 bytes,  221038424 total
- age   6:   50740832 bytes,  271779256 total
- age   7:   34086072 bytes,  305865328 total
: 2511910K->489933K(2621440K), 0.1136530 secs] 4380942K->2403516K(8912896K), 0.1137950 secs] [Times: user=1.53 sys=0.03, real=0.11 secs] 
2012-11-14T20:53:35.390+0100: 774.346: [GC 774.346: [ParNew
Desired survivor size 268435456 bytes, new threshold 6 (max 15)
- age   1:   83956304 bytes,   83956304 total
- age   2:   54496200 bytes,  138452504 total
- age   3:   41835336 bytes,  180287840 total
- age   4:   36949576 bytes,  217237416 total
- age   5:   19717680 bytes,  236955096 total
- age   6:   59571944 bytes,  296527040 total
: 2587085K->424006K(2621440K), 0.2487130 secs] 4500668K->2421610K(8912896K), 0.2488540 secs] [Times: user=3.73 sys=0.07, real=0.25 secs] 
2012-11-14T20:54:03.343+0100: 802.299: [GC 802.299: [ParNew
Desired survivor size 268435456 bytes, new threshold 6 (max 15)
- age   1:   44420544 bytes,   44420544 total
- age   2:   74763056 bytes,  119183600 total
- age   3:   54141200 bytes,  173324800 total
- age   4:   41555512 bytes,  214880312 total
- age   5:   36551320 bytes,  251431632 total
- age   6:   19717096 bytes,  271148728 total
: 2521158K->369898K(2621440K), 0.3856380 secs] 4518762K->2425713K(8912896K), 0.3857830 secs] [Times: user=6.42 sys=0.02, real=0.39 secs] 
2012-11-14T20:54:31.836+0100: 830.792: [GC 830.792: [ParNew
Desired survivor size 268435456 bytes, new threshold 5 (max 15)
- age   1:   70400232 bytes,   70400232 total
- age   2:   38518096 bytes,  108918328 total
- age   3:   74531944 bytes,  183450272 total
- age   4:   53843040 bytes,  237293312 total
- age   5:   41551688 bytes,  278845000 total
- age   6:   36073912 bytes,  314918912 total
: 2467050K->390331K(2621440K), 0.2649410 secs] 4522865K->2465507K(8912896K), 0.2650800 secs] [Times: user=4.46 sys=0.01, real=0.26 secs] 
2012-11-14T20:55:11.396+0100: 870.352: [GC 870.352: [ParNew
Desired survivor size 268435456 bytes, new threshold 5 (max 15)
- age   1:   66547344 bytes,   66547344 total
- age   2:   64203912 bytes,  130751256 total
- age   3:   38317496 bytes,  169068752 total
- age   4:   74491216 bytes,  243559968 total
- age   5:   53828712 bytes,  297388680 total
: 2487483K->429808K(2621440K), 0.4493480 secs] 4562659K->2581849K(8912896K), 0.4494830 secs] [Times: user=7.46 sys=0.07, real=0.45 secs] 
2012-11-14T20:55:21.823+0100: 880.779: [GC 880.779: [ParNew
Desired survivor size 268435456 bytes, new threshold 5 (max 15)
- age   1:   77880392 bytes,   77880392 total
- age   2:   60742592 bytes,  138622984 total
- age   3:   64195040 bytes,  202818024 total
- age   4:   38316104 bytes,  241134128 total
- age   5:   74476912 bytes,  315611040 total
: 2526890K->455781K(2621440K), 0.4887250 secs] 4678931K->2660743K(8912896K), 0.4888580 secs] [Times: user=8.16 sys=0.03, real=0.49 secs] 
2012-11-14T20:55:35.468+0100: 894.424: [GC 894.424: [ParNew
Desired survivor size 268435456 bytes, new threshold 5 (max 15)
- age   1:   66667120 bytes,   66667120 total
- age   2:   68105136 bytes,  134772256 total
- age   3:   59962208 bytes,  194734464 total
- age   4:   63813784 bytes,  258548248 total
- age   5:   37789168 bytes,  296337416 total
: 2552933K->436058K(2621440K), 0.6451290 secs] 4757895K->2714343K(8912896K), 0.6452670 secs] [Times: user=10.94 sys=0.04, real=0.64 secs] 
2012-11-14T20:55:45.241+0100: 904.197: [GC 904.197: [ParNew
Desired survivor size 268435456 bytes, new threshold 15 (max 15)
- age   1:   14488088 bytes,   14488088 total
- age   2:   28968816 bytes,   43456904 total
- age   3:   68018128 bytes,  111475032 total
- age   4:   59900464 bytes,  171375496 total
- age   5:   63737432 bytes,  235112928 total
: 2533210K->355082K(2621440K), 0.3507820 secs] 4811495K->2670584K(8912896K), 0.3509160 secs] [Times: user=5.96 sys=0.04, real=0.35 secs] 
2012-11-14T20:56:02.371+0100: 921.326: [GC 921.327: [ParNew
Desired survivor size 268435456 bytes, new threshold 6 (max 15)
- age   1:   54460496 bytes,   54460496 total
- age   2:   10939952 bytes,   65400448 total
- age   3:   28759808 bytes,   94160256 total
- age   4:   68011224 bytes,  162171480 total
- age   5:   59832624 bytes,  222004104 total
- age   6:   63733880 bytes,  285737984 total
: 2451945K->409149K(2621440K), 0.4090450 secs] 4767448K->2724651K(8912896K), 0.4091810 secs] [Times: user=7.16 sys=0.00, real=0.41 secs] 
2012-11-14T20:56:26.839+0100: 945.795: [GC 945.795: [ParNew
Desired survivor size 268435456 bytes, new threshold 15 (max 15)
- age   1:   53365984 bytes,   53365984 total
- age   2:   44857168 bytes,   98223152 total
- age   3:    9782624 bytes,  108005776 total
- age   4:   28386072 bytes,  136391848 total
- age   5:   67992016 bytes,  204383864 total
- age   6:   59828200 bytes,  264212064 total
: 2506301K->404869K(2621440K), 0.4574190 secs] 4821803K->2783971K(8912896K), 0.4575640 secs] [Times: user=7.59 sys=0.07, real=0.46 secs] 
2012-11-14T20:56:46.595+0100: 965.551: [GC 965.551: [ParNew
Desired survivor size 268435456 bytes, new threshold 6 (max 15)
- age   1:   81166408 bytes,   81166408 total
- age   2:   43455040 bytes,  124621448 total
- age   3:   44530384 bytes,  169151832 total
- age   4:    9536680 bytes,  178688512 total
- age   5:   28285800 bytes,  206974312 total
- age   6:   67960200 bytes,  274934512 total
- age   7:   59692168 bytes,  334626680 total
: 2502021K->474778K(2621440K), 0.3215520 secs] 4881123K->2853880K(8912896K), 0.3216780 secs] [Times: user=5.61 sys=0.01, real=0.32 secs] 
2012-11-14T20:57:07.272+0100: 986.228: [GC 986.228: [ParNew
Desired survivor size 268435456 bytes, new threshold 15 (max 15)
- age   1:   63571536 bytes,   63571536 total
- age   2:   73564640 bytes,  137136176 total
- age   3:   43084344 bytes,  180220520 total
- age   4:   44407648 bytes,  224628168 total
- age   5:    9091472 bytes,  233719640 total
- age   6:   28285064 bytes,  262004704 total
: 2571930K->398045K(2621440K), 0.4618950 secs] 4951032K->2903690K(8912896K), 0.4620350 secs] [Times: user=7.26 sys=0.07, real=0.46 secs] 
2012-11-14T20:57:21.639+0100: 1000.595: [GC 1000.595: [ParNew
Desired survivor size 268435456 bytes, new threshold 5 (max 15)
- age   1:   72643464 bytes,   72643464 total
- age   2:   55008656 bytes,  127652120 total
- age   3:   72978336 bytes,  200630456 total
- age   4:   43081424 bytes,  243711880 total
- age   5:   44381032 bytes,  288092912 total
- age   6:    9090880 bytes,  297183792 total
- age   7:   28283960 bytes,  325467752 total
: 2494971K->414685K(2621440K), 0.2055990 secs] 5000616K->2920330K(8912896K), 0.2057260 secs] [Times: user=3.54 sys=0.00, real=0.21 secs] 
2012-11-14T20:57:34.356+0100: 1013.312: [GC 1013.312: [ParNew
Desired survivor size 268435456 bytes, new threshold 5 (max 15)
- age   1:   47556432 bytes,   47556432 total
- age   2:   66804304 bytes,  114360736 total
- age   3:   54605344 bytes,  168966080 total
- age   4:   72625104 bytes,  241591184 total
- age   5:   42979928 bytes,  284571112 total
: 2511837K->406050K(2621440K), 0.1792540 secs] 5017482K->2992396K(8912896K), 0.1793930 secs] [Times: user=2.59 sys=0.03, real=0.18 secs] 
2012-11-14T20:57:44.402+0100: 1023.358: [GC 1023.358: [ParNew
Desired survivor size 268435456 bytes, new threshold 5 (max 15)
- age   1:   80520000 bytes,   80520000 total
- age   2:   36246344 bytes,  116766344 total
- age   3:   66319864 bytes,  183086208 total
- age   4:   54448264 bytes,  237534472 total
- age   5:   72613016 bytes,  310147488 total
: 2503202K->410690K(2621440K), 0.3975330 secs] 5089548K->3039652K(8912896K), 0.3977020 secs] [Times: user=6.69 sys=0.03, real=0.40 secs] 
2012-11-14T20:58:05.319+0100: 1044.275: [GC 1044.275: [ParNew
Desired survivor size 268435456 bytes, new threshold 5 (max 15)
- age   1:   58488096 bytes,   58488096 total
- age   2:   71331168 bytes,  129819264 total
- age   3:   35280304 bytes,  165099568 total
- age   4:   65899496 bytes,  230999064 total
- age   5:   54140712 bytes,  285139776 total
: 2507840K->378567K(2621440K), 0.7584170 secs] 5136802K->3078568K(8912896K), 0.7585560 secs] [Times: user=13.10 sys=0.06, real=0.75 secs] 
2012-11-14T20:58:23.891+0100: 1062.847: [GC 1062.847: [ParNew
Desired survivor size 268435456 bytes, new threshold 5 (max 15)
- age   1:   53774344 bytes,   53774344 total
- age   2:   51281400 bytes,  105055744 total
- age   3:   71213112 bytes,  176268856 total
- age   4:   35097048 bytes,  211365904 total
- age   5:   65846112 bytes,  277212016 total
: 2475719K->394870K(2621440K), 0.5578710 secs] 5175720K->3148183K(8912896K), 0.5580100 secs] [Times: user=9.47 sys=0.04, real=0.56 secs] 
2012-11-14T20:58:44.539+0100: 1083.495: [GC 1083.495: [ParNew
Desired survivor size 268435456 bytes, new threshold 15 (max 15)
- age   1:   59345160 bytes,   59345160 total
- age   2:   45255840 bytes,  104601000 total
- age   3:   51031776 bytes,  155632776 total
- age   4:   71077048 bytes,  226709824 total
- age   5:   34529968 bytes,  261239792 total
: 2492022K->365035K(2621440K), 0.5356720 secs] 5245335K->3183268K(8912896K), 0.5358170 secs] [Times: user=9.00 sys=0.03, real=0.56 secs] 
2012-11-14T20:59:03.895+0100: 1102.851: [GC 1102.851: [ParNew
Desired survivor size 268435456 bytes, new threshold 5 (max 15)
- age   1:   58881032 bytes,   58881032 total
- age   2:   50404072 bytes,  109285104 total
- age   3:   45180824 bytes,  154465928 total
- age   4:   50893744 bytes,  205359672 total
- age   5:   71075760 bytes,  276435432 total
- age   6:   34414544 bytes,  310849976 total
: 2462187K->401945K(2621440K), 0.2843210 secs] 5280420K->3220178K(8912896K), 0.2844590 secs] [Times: user=4.89 sys=0.01, real=0.29 secs] 
2012-11-14T20:59:23.051+0100: 1122.007: [GC 1122.007: [ParNew
Desired survivor size 268435456 bytes, new threshold 15 (max 15)
- age   1:   60518936 bytes,   60518936 total
- age   2:   50920432 bytes,  111439368 total
- age   3:   50188456 bytes,  161627824 total
- age   4:   44553264 bytes,  206181088 total
- age   5:   50760888 bytes,  256941976 total
: 2499097K->386548K(2621440K), 0.5943140 secs] 5317330K->3308773K(8912896K), 0.5944530 secs] [Times: user=9.96 sys=0.06, real=0.60 secs] 
2012-11-14T20:59:41.442+0100: 1140.398: [GC 1140.399: [ParNew
Desired survivor size 268435456 bytes, new threshold 6 (max 15)
- age   1:   22295552 bytes,   22295552 total
- age   2:   55328200 bytes,   77623752 total
- age   3:   50899152 bytes,  128522904 total
- age   4:   49708232 bytes,  178231136 total
- age   5:   44196592 bytes,  222427728 total
- age   6:   50751760 bytes,  273179488 total
: 2483700K->390310K(2621440K), 0.1898220 secs] 5405925K->3312534K(8912896K), 0.1899540 secs] [Times: user=3.30 sys=0.00, real=0.19 secs] 
2012-11-14T20:59:56.766+0100: 1155.722: [GC 1155.722: [ParNew
Desired survivor size 268435456 bytes, new threshold 15 (max 15)
- age   1:   40262056 bytes,   40262056 total
- age   2:   17116392 bytes,   57378448 total
- age   3:   54640240 bytes,  112018688 total
- age   4:   50897256 bytes,  162915944 total
- age   5:   49707096 bytes,  212623040 total
- age   6:   44094016 bytes,  256717056 total
: 2487462K->325240K(2621440K), 0.3878530 secs] 5409686K->3297145K(8912896K), 0.3879970 secs] [Times: user=6.53 sys=0.04, real=0.39 secs] 
2012-11-14T21:00:25.434+0100: 1184.390: [GC 1184.390: [ParNew
Desired survivor size 268435456 bytes, new threshold 7 (max 15)
- age   1:   36507944 bytes,   36507944 total
- age   2:   31000368 bytes,   67508312 total
- age   3:   16378256 bytes,   83886568 total
- age   4:   53665376 bytes,  137551944 total
- age   5:   50508120 bytes,  188060064 total
- age   6:   49133496 bytes,  237193560 total
- age   7:   43884000 bytes,  281077560 total
: 2422392K->365979K(2621440K), 0.1382620 secs] 5394297K->3337884K(8912896K), 0.1384180 secs] [Times: user=2.33 sys=0.00, real=0.14 secs] 
2012-11-14T21:00:42.101+0100: 1201.057: [GC 1201.057: [ParNew
Desired survivor size 268435456 bytes, new threshold 7 (max 15)
- age   1:   54644288 bytes,   54644288 total
- age   2:   28081096 bytes,   82725384 total
- age   3:   30987616 bytes,  113713000 total
- age   4:   16356632 bytes,  130069632 total
- age   5:   53612080 bytes,  183681712 total
- age   6:   50507576 bytes,  234189288 total
- age   7:   49132520 bytes,  283321808 total
: 2463131K->373307K(2621440K), 0.1018120 secs] 5435036K->3388698K(8912896K), 0.1019480 secs] [Times: user=1.43 sys=0.02, real=0.10 secs] 
2012-11-14T21:00:55.530+0100: 1214.486: [GC 1214.486: [ParNew
Desired survivor size 268435456 bytes, new threshold 15 (max 15)
- age   1:   40516280 bytes,   40516280 total
- age   2:   48441896 bytes,   88958176 total
- age   3:   27331936 bytes,  116290112 total
- age   4:   30985376 bytes,  147275488 total
- age   5:   16355240 bytes,  163630728 total
- age   6:   53612080 bytes,  217242808 total
- age   7:   50507304 bytes,  267750112 total
: 2470459K->395430K(2621440K), 0.0991860 secs] 5485850K->3459513K(8912896K), 0.0993220 secs] [Times: user=1.40 sys=0.00, real=0.10 secs] 
2012-11-14T21:01:09.276+0100: 1228.232: [GC 1228.232: [ParNew
Desired survivor size 268435456 bytes, new threshold 8 (max 15)
- age   1:   53384472 bytes,   53384472 total
- age   2:   30750712 bytes,   84135184 total
- age   3:   48008336 bytes,  132143520 total
- age   4:   26405272 bytes,  158548792 total
- age   5:   30886712 bytes,  189435504 total
- age   6:   16354520 bytes,  205790024 total
- age   7:   53447120 bytes,  259237144 total
- age   8:   50382072 bytes,  309619216 total
: 2492582K->367618K(2621440K), 0.0821020 secs] 5556665K->3431702K(8912896K), 0.0822340 secs] [Times: user=1.26 sys=0.00, real=0.08 secs] 
2012-11-14T21:01:30.853+0100: 1249.809: [GC 1249.809: [ParNew
Desired survivor size 268435456 bytes, new threshold 8 (max 15)
- age   1:   30984288 bytes,   30984288 total
- age   2:   43565288 bytes,   74549576 total
- age   3:   30480032 bytes,  105029608 total
- age   4:   47968352 bytes,  152997960 total
- age   5:   25749072 bytes,  178747032 total
- age   6:   30885784 bytes,  209632816 total
- age   7:   16354080 bytes,  225986896 total
- age   8:   53446512 bytes,  279433408 total
: 2464770K->388283K(2621440K), 0.1014830 secs] 5528854K->3502303K(8912896K), 0.1016240 secs] [Times: user=1.41 sys=0.03, real=0.11 secs] 
2012-11-14T21:01:36.794+0100: 1255.750: [GC 1255.750: [ParNew
Desired survivor size 268435456 bytes, new threshold 7 (max 15)
- age   1:   87418120 bytes,   87418120 total
- age   2:   22066624 bytes,  109484744 total
- age   3:   43548872 bytes,  153033616 total
- age   4:   30472416 bytes,  183506032 total
- age   5:   47948096 bytes,  231454128 total
- age   6:   25736280 bytes,  257190408 total
- age   7:   30885408 bytes,  288075816 total
- age   8:   16353704 bytes,  304429520 total
: 2485435K->477562K(2621440K), 0.3757610 secs] 5599455K->3644012K(8912896K), 0.3759000 secs] [Times: user=6.23 sys=0.04, real=0.38 secs] 
2012-11-14T21:01:37.171+0100: 1256.127: [GC [1 CMS-initial-mark: 3166449K(6291456K)] 3644014K(8912896K), 0.3643600 secs] [Times: user=0.36 sys=0.01, real=0.37 secs] 
2012-11-14T21:01:37.535+0100: 1256.491: [CMS-concurrent-mark-start]
2012-11-14T21:01:38.684+0100: 1257.639: [CMS-concurrent-mark: 1.142/1.148 secs] [Times: user=6.76 sys=0.15, real=1.14 secs] 
2012-11-14T21:01:38.684+0100: 1257.639: [CMS-concurrent-preclean-start]
2012-11-14T21:01:38.704+0100: 1257.660: [CMS-concurrent-preclean: 0.021/0.021 secs] [Times: user=0.02 sys=0.00, real=0.02 secs] 
2012-11-14T21:01:38.705+0100: 1257.660: [CMS-concurrent-abortable-preclean-start]
 CMS: abort preclean due to time 2012-11-14T21:01:49.373+0100: 1268.329: [CMS-concurrent-abortable-preclean: 10.658/10.668 secs] [Times: user=17.07 sys=0.25, real=10.67 secs] 
2012-11-14T21:01:49.373+0100: 1268.329: [GC[YG occupancy: 2470878 K (2621440 K)]1268.329: [Rescan (parallel) , 1.3235890 secs]1269.653: [weak refs processing, 0.0017690 secs] [1 CMS-remark: 3166449K(6291456K)] 5637327K(8912896K), 1.3255410 secs] [Times: user=21.30 sys=0.04, real=1.33 secs] 
2012-11-14T21:01:50.699+0100: 1269.655: [CMS-concurrent-sweep-start]
2012-11-14T21:01:51.036+0100: 1269.991: [GC 1269.992: [ParNew
Desired survivor size 268435456 bytes, new threshold 7 (max 15)
- age   1:   41235272 bytes,   41235272 total
- age   2:   79485256 bytes,  120720528 total
- age   3:   21256944 bytes,  141977472 total
- age   4:   43198128 bytes,  185175600 total
- age   5:   30343112 bytes,  215518712 total
- age   6:   47947200 bytes,  263465912 total
- age   7:   25433592 bytes,  288899504 total
: 2574714K->452438K(2621440K), 0.1182230 secs] 5731277K->3655648K(8912896K), 0.1183590 secs] [Times: user=1.64 sys=0.04, real=0.11 secs] 
2012-11-14T21:01:54.081+0100: 1273.037: [CMS-concurrent-sweep: 3.260/3.382 secs] [Times: user=5.65 sys=0.10, real=3.38 secs] 
2012-11-14T21:01:54.082+0100: 1273.038: [CMS-concurrent-reset-start]
2012-11-14T21:01:54.115+0100: 1273.071: [CMS-concurrent-reset: 0.034/0.034 secs] [Times: user=0.02 sys=0.03, real=0.04 secs] 
2012-11-14T21:02:10.976+0100: 1289.932: [GC 1289.932: [ParNew
Desired survivor size 268435456 bytes, new threshold 5 (max 15)
- age   1:   98947464 bytes,   98947464 total
- age   2:   32244992 bytes,  131192456 total
- age   3:   78985664 bytes,  210178120 total
- age   4:   20421768 bytes,  230599888 total
- age   5:   43038656 bytes,  273638544 total
- age   6:   30342544 bytes,  303981088 total
- age   7:   47946496 bytes,  351927584 total
: 2549590K->474783K(2621440K), 0.1663770 secs] 4942886K->2892899K(8912896K), 0.1665330 secs] [Times: user=2.48 sys=0.00, real=0.17 secs] 
2012-11-14T21:02:22.247+0100: 1301.203: [GC 1301.203: [ParNew
Desired survivor size 268435456 bytes, new threshold 15 (max 15)
- age   1:   44392256 bytes,   44392256 total
- age   2:   88832392 bytes,  133224648 total
- age   3:   31606912 bytes,  164831560 total
- age   4:   78939640 bytes,  243771200 total
- age   5:   19890752 bytes,  263661952 total
: 2571935K->452142K(2621440K), 0.1648190 secs] 4990051K->2990482K(8912896K), 0.1649570 secs] [Times: user=1.99 sys=0.01, real=0.16 secs] 
2012-11-14T21:02:37.974+0100: 1316.930: [GC 1316.930: [ParNew
Desired survivor size 268435456 bytes, new threshold 6 (max 15)
- age   1:   17149144 bytes,   17149144 total
- age   2:   38106864 bytes,   55256008 total
- age   3:   87204696 bytes,  142460704 total
- age   4:   31575672 bytes,  174036376 total
- age   5:   78686000 bytes,  252722376 total
- age   6:   19827624 bytes,  272550000 total
: 2549294K->364332K(2621440K), 0.1672900 secs] 5087634K->2902672K(8912896K), 0.1674220 secs] [Times: user=2.89 sys=0.00, real=0.16 secs] 
2012-11-14T21:03:04.594+0100: 1343.550: [GC 1343.550: [ParNew
Desired survivor size 268435456 bytes, new threshold 6 (max 15)
- age   1:   29908752 bytes,   29908752 total
- age   2:   12399928 bytes,   42308680 total
- age   3:   36622328 bytes,   78931008 total
- age   4:   87070552 bytes,  166001560 total
- age   5:   31384136 bytes,  197385696 total
- age   6:   78685952 bytes,  276071648 total
: 2461484K->353288K(2621440K), 0.1728630 secs] 4999824K->2911247K(8912896K), 0.1730020 secs] [Times: user=2.81 sys=0.00, real=0.17 secs] 
2012-11-14T21:03:30.296+0100: 1369.252: [GC 1369.252: [ParNew
Desired survivor size 268435456 bytes, new threshold 6 (max 15)
- age   1:   85619360 bytes,   85619360 total
- age   2:   20362104 bytes,  105981464 total
- age   3:   12195568 bytes,  118177032 total
- age   4:   36378384 bytes,  154555416 total
- age   5:   86621600 bytes,  241177016 total
- age   6:   31046720 bytes,  272223736 total
: 2450440K->364863K(2621440K), 0.3122040 secs] 5008399K->3000510K(8912896K), 0.3123390 secs] [Times: user=4.95 sys=0.00, real=0.32 secs] 
2012-11-14T21:03:50.379+0100: 1389.334: [GC 1389.335: [ParNew
Desired survivor size 268435456 bytes, new threshold 6 (max 15)
- age   1:  125214656 bytes,  125214656 total
- age   2:   74869544 bytes,  200084200 total
- age   3:   19716008 bytes,  219800208 total
- age   4:   12078096 bytes,  231878304 total
- age   5:   36102264 bytes,  267980568 total
- age   6:   86496864 bytes,  354477432 total
: 2462015K->467487K(2621440K), 0.3697260 secs] 5097662K->3133395K(8912896K), 0.3698650 secs] [Times: user=6.30 sys=0.00, real=0.38 secs] 
2012-11-14T21:04:07.057+0100: 1406.013: [GC 1406.013: [ParNew
Desired survivor size 268435456 bytes, new threshold 5 (max 15)
- age   1:   47529536 bytes,   47529536 total
- age   2:  116974608 bytes,  164504144 total
- age   3:   73460448 bytes,  237964592 total
- age   4:   19692112 bytes,  257656704 total
- age   5:   12068552 bytes,  269725256 total
- age   6:   36050032 bytes,  305775288 total
: 2564639K->471101K(2621440K), 0.3145150 secs] 5230547K->3222352K(8912896K), 0.3146550 secs] [Times: user=4.82 sys=0.01, real=0.31 secs] 
2012-11-14T21:04:35.277+0100: 1434.233: [GC 1434.233: [ParNew
Desired survivor size 268435456 bytes, new threshold 4 (max 15)
- age   1:   43770368 bytes,   43770368 total
- age   2:   38966848 bytes,   82737216 total
- age   3:  114048896 bytes,  196786112 total
- age   4:   72558168 bytes,  269344280 total
- age   5:   19050248 bytes,  288394528 total
: 2568253K->406566K(2621440K), 0.3159830 secs] 5319504K->3205212K(8912896K), 0.3161160 secs] [Times: user=5.14 sys=0.01, real=0.31 secs] 
2012-11-14T21:04:53.884+0100: 1452.840: [GC 1452.840: [ParNew
Desired survivor size 268435456 bytes, new threshold 15 (max 15)
- age   1:   48954472 bytes,   48954472 total
- age   2:   35512440 bytes,   84466912 total
- age   3:   38948288 bytes,  123415200 total
- age   4:  114041720 bytes,  237456920 total
: 2503718K->366569K(2621440K), 0.3991510 secs] 5302364K->3255566K(8912896K), 0.3992930 secs] [Times: user=6.34 sys=0.00, real=0.40 secs] 
2012-11-14T21:05:18.711+0100: 1477.667: [GC 1477.667: [ParNew
Desired survivor size 268435456 bytes, new threshold 5 (max 15)
- age   1:   88665984 bytes,   88665984 total
- age   2:   42120336 bytes,  130786320 total
- age   3:   34560512 bytes,  165346832 total
- age   4:   38665464 bytes,  204012296 total
- age   5:  113405936 bytes,  317418232 total
: 2463429K->420300K(2621440K), 0.4362350 secs] 5352426K->3309297K(8912896K), 0.4363780 secs] [Times: user=7.64 sys=0.00, real=0.43 secs] 
2012-11-14T21:05:48.386+0100: 1507.342: [GC 1507.342: [ParNew
Desired survivor size 268435456 bytes, new threshold 15 (max 15)
- age   1:   50314248 bytes,   50314248 total
- age   2:   70656520 bytes,  120970768 total
- age   3:   41952608 bytes,  162923376 total
- age   4:   33340848 bytes,  196264224 total
- age   5:   38580704 bytes,  234844928 total
: 2517452K->341380K(2621440K), 0.5883150 secs] 5406449K->3342094K(8912896K), 0.5884560 secs] [Times: user=9.63 sys=0.02, real=0.59 secs] 
2012-11-14T21:06:07.560+0100: 1526.516: [GC 1526.516: [ParNew
Desired survivor size 268435456 bytes, new threshold 6 (max 15)
- age   1:   48100144 bytes,   48100144 total
- age   2:   43507000 bytes,   91607144 total
- age   3:   70263408 bytes,  161870552 total
- age   4:   41950208 bytes,  203820760 total
- age   5:   32845504 bytes,  236666264 total
- age   6:   38576536 bytes,  275242800 total
: 2438532K->367089K(2621440K), 0.1429960 secs] 5439246K->3367803K(8912896K), 0.1431300 secs] [Times: user=2.37 sys=0.01, real=0.14 secs] 
2012-11-14T21:06:31.481+0100: 1550.437: [GC 1550.437: [ParNew
Desired survivor size 268435456 bytes, new threshold 5 (max 15)
- age   1:   78952232 bytes,   78952232 total
- age   2:   35796024 bytes,  114748256 total
- age   3:   41877664 bytes,  156625920 total
- age   4:   70098008 bytes,  226723928 total
- age   5:   41949456 bytes,  268673384 total
- age   6:   32410872 bytes,  301084256 total
: 2464241K->406666K(2621440K), 0.1600790 secs] 5464955K->3445584K(8912896K), 0.1602150 secs] [Times: user=2.43 sys=0.01, real=0.16 secs] 
2012-11-14T21:06:57.687+0100: 1576.643: [GC 1576.643: [ParNew
Desired survivor size 268435456 bytes, new threshold 5 (max 15)
- age   1:   63547360 bytes,   63547360 total
- age   2:   68190768 bytes,  131738128 total
- age   3:   35120624 bytes,  166858752 total
- age   4:   40476176 bytes,  207334928 total
- age   5:   69900472 bytes,  277235400 total
: 2503818K->398267K(2621440K), 0.1610300 secs] 5542736K->3510770K(8912896K), 0.1611750 secs] [Times: user=2.18 sys=0.04, real=0.16 secs] 
2012-11-14T21:07:11.728+0100: 1590.684: [GC 1590.684: [ParNew
Desired survivor size 268435456 bytes, new threshold 5 (max 15)
- age   1:   81410696 bytes,   81410696 total
- age   2:   49877960 bytes,  131288656 total
- age   3:   67899640 bytes,  199188296 total
- age   4:   34610704 bytes,  233799000 total
- age   5:   39362496 bytes,  273161496 total
: 2495421K->393863K(2621440K), 0.2660590 secs] 5607924K->3574847K(8912896K), 0.2661780 secs] [Times: user=4.14 sys=0.03, real=0.26 secs] 
2012-11-14T21:07:11.994+0100: 1590.950: [GC 1590.950: [ParNew
Desired survivor size 268435456 bytes, new threshold 15 (max 15)
- age   1:         32 bytes,         32 total
- age   2:   81410512 bytes,   81410544 total
- age   3:   49877960 bytes,  131288504 total
- age   4:   67899640 bytes,  199188144 total
- age   5:   34610704 bytes,  233798848 total
: 395680K->323106K(2621440K), 0.2746520 secs] 3576664K->3542922K(8912896K), 0.2747530 secs] [Times: user=4.71 sys=0.01, real=0.28 secs] 
2012-11-14T21:07:29.557+0100: 1608.513: [GC 1608.513: [ParNew
Desired survivor size 268435456 bytes, new threshold 6 (max 15)
- age   1:   50767664 bytes,   50767664 total
- age   3:   73536056 bytes,  124303720 total
- age   4:   48182272 bytes,  172485992 total
- age   5:   67703856 bytes,  240189848 total
- age   6:   34098368 bytes,  274288216 total
: 2420258K->386255K(2621440K), 0.3031650 secs] 5640074K->3606071K(8912896K), 0.3032910 secs] [Times: user=5.26 sys=0.00, real=0.30 secs] 
2012-11-14T21:07:44.393+0100: 1623.349: [GC 1623.349: [ParNew
Desired survivor size 268435456 bytes, new threshold 6 (max 15)
- age   1:   53276592 bytes,   53276592 total
- age   2:   43064456 bytes,   96341048 total
- age   4:   71711568 bytes,  168052616 total
- age   5:   47596128 bytes,  215648744 total
- age   6:   67138040 bytes,  282786784 total
: 2483407K->418406K(2621440K), 0.3106320 secs] 5703223K->3671894K(8912896K), 0.3107550 secs] [Times: user=5.17 sys=0.02, real=0.31 secs] 
2012-11-14T21:08:03.862+0100: 1642.818: [GC 1642.818: [ParNew
Desired survivor size 268435456 bytes, new threshold 15 (max 15)
- age   1:   25328344 bytes,   25328344 total
- age   2:   45334680 bytes,   70663024 total
- age   3:   42458464 bytes,  113121488 total
- age   5:   71493856 bytes,  184615344 total
- age   6:   47526248 bytes,  232141592 total
: 2515558K->345469K(2621440K), 0.3910310 secs] 5769046K->3664856K(8912896K), 0.3911490 secs] [Times: user=6.48 sys=0.04, real=0.40 secs] 
2012-11-14T21:08:31.135+0100: 1670.091: [GC 1670.092: [ParNew
Desired survivor size 268435456 bytes, new threshold 15 (max 15)
- age   1:   39914560 bytes,   39914560 total
- age   2:   17762416 bytes,   57676976 total
- age   3:   44343928 bytes,  102020904 total
- age   4:   42409144 bytes,  144430048 total
- age   6:   71418832 bytes,  215848880 total
- age   7:   47510488 bytes,  263359368 total
: 2442621K->330210K(2621440K), 0.1596340 secs] 5762008K->3649596K(8912896K), 0.1597540 secs] [Times: user=2.70 sys=0.00, real=0.16 secs] 
2012-11-14T21:08:47.325+0100: 1686.281: [GC 1686.281: [ParNew
Desired survivor size 268435456 bytes, new threshold 7 (max 15)
- age   1:   72650856 bytes,   72650856 total
- age   2:   28110992 bytes,  100761848 total
- age   3:   17653792 bytes,  118415640 total
- age   4:   43470088 bytes,  161885728 total
- age   5:   41530624 bytes,  203416352 total
- age   7:   71019848 bytes,  274436200 total
- age   8:   47368056 bytes,  321804256 total
: 2427362K->446237K(2621440K), 0.2262610 secs] 5746748K->3765624K(8912896K), 0.2263770 secs] [Times: user=3.90 sys=0.00, real=0.23 secs] 
2012-11-14T21:09:19.516+0100: 1718.472: [GC 1718.472: [ParNew
Desired survivor size 268435456 bytes, new threshold 15 (max 15)
- age   1:   27271080 bytes,   27271080 total
- age   2:   61690544 bytes,   88961624 total
- age   3:   27336440 bytes,  116298064 total
- age   4:   17500592 bytes,  133798656 total
- age   5:   43285288 bytes,  177083944 total
- age   6:   41017472 bytes,  218101416 total
: 2543389K->380554K(2621440K), 0.3810930 secs] 5862776K->3816686K(8912896K), 0.3812140 secs] [Times: user=6.10 sys=0.06, real=0.38 secs] 
2012-11-14T21:09:29.962+0100: 1728.918: [GC 1728.918: [ParNew
Desired survivor size 268435456 bytes, new threshold 7 (max 15)
- age   1:   58154360 bytes,   58154360 total
- age   2:   22470560 bytes,   80624920 total
- age   3:   61192808 bytes,  141817728 total
- age   4:   27310632 bytes,  169128360 total
- age   5:   17499208 bytes,  186627568 total
- age   6:   43233296 bytes,  229860864 total
- age   7:   41008552 bytes,  270869416 total
: 2477706K->352889K(2621440K), 0.1240590 secs] 5913838K->3789021K(8912896K), 0.1241770 secs] [Times: user=1.96 sys=0.01, real=0.12 secs] 
2012-11-14T21:09:51.562+0100: 1750.517: [GC 1750.518: [ParNew
Desired survivor size 268435456 bytes, new threshold 6 (max 15)
- age   1:   95809024 bytes,   95809024 total
- age   2:   50332528 bytes,  146141552 total
- age   3:   19458392 bytes,  165599944 total
- age   4:   60452808 bytes,  226052752 total
- age   5:   26970920 bytes,  253023672 total
- age   6:   17303224 bytes,  270326896 total
- age   7:   42457096 bytes,  312783992 total
: 2450041K->457946K(2621440K), 0.2541960 secs] 5886173K->3934682K(8912896K), 0.2543100 secs] [Times: user=4.11 sys=0.02, real=0.26 secs] 
2012-11-14T21:10:15.624+0100: 1774.580: [GC 1774.580: [ParNew
Desired survivor size 268435456 bytes, new threshold 6 (max 15)
- age   1:   46647536 bytes,   46647536 total
- age   2:   86825312 bytes,  133472848 total
- age   3:   49799968 bytes,  183272816 total
- age   4:   19068952 bytes,  202341768 total
- age   5:   60058632 bytes,  262400400 total
- age   6:   26915744 bytes,  289316144 total
: 2555098K->461064K(2621440K), 0.3304880 secs] 6031834K->3996558K(8912896K), 0.3306060 secs] [Times: user=5.37 sys=0.05, real=0.33 secs] 
2012-11-14T21:10:31.131+0100: 1790.087: [GC 1790.087: [ParNew
Desired survivor size 268435456 bytes, new threshold 6 (max 15)
- age   1:   69004632 bytes,   69004632 total
- age   2:   38465936 bytes,  107470568 total
- age   3:   85818744 bytes,  193289312 total
- age   4:   49445328 bytes,  242734640 total
- age   5:   18331304 bytes,  261065944 total
- age   6:   60057944 bytes,  321123888 total
: 2558216K->422999K(2621440K), 0.3904610 secs] 6093710K->3985185K(8912896K), 0.3905940 secs] [Times: user=6.67 sys=0.03, real=0.38 secs] 
2012-11-14T21:11:04.943+0100: 1823.899: [GC 1823.899: [ParNew
Desired survivor size 268435456 bytes, new threshold 6 (max 15)
- age   1:   31225816 bytes,   31225816 total
- age   2:   60905880 bytes,   92131696 total
- age   3:   38235888 bytes,  130367584 total
- age   4:   85356552 bytes,  215724136 total
- age   5:   49438216 bytes,  265162352 total
- age   6:   18170808 bytes,  283333160 total
: 2520151K->424423K(2621440K), 0.4655780 secs] 6082337K->4045595K(8912896K), 0.4657150 secs] [Times: user=7.85 sys=0.02, real=0.46 secs] 
2012-11-14T21:11:15.970+0100: 1834.926: [GC 1834.926: [ParNew
Desired survivor size 268435456 bytes, new threshold 5 (max 15)
- age   1:   76154432 bytes,   76154432 total
- age   2:   20762744 bytes,   96917176 total
- age   3:   60659520 bytes,  157576696 total
- age   4:   37586600 bytes,  195163296 total
- age   5:   85142368 bytes,  280305664 total
- age   6:   49419648 bytes,  329725312 total
: 2521575K->439240K(2621440K), 0.2295230 secs] 6142747K->4078295K(8912896K), 0.2296480 secs] [Times: user=3.83 sys=0.03, real=0.24 secs] 
2012-11-14T21:11:23.399+0100: 1842.355: [GC 1842.355: [ParNew
Desired survivor size 268435456 bytes, new threshold 15 (max 15)
- age   1:   73139600 bytes,   73139600 total
- age   2:   71286024 bytes,  144425624 total
- age   3:   20167960 bytes,  164593584 total
- age   4:   60513656 bytes,  225107240 total
- age   5:   37585656 bytes,  262692896 total
: 2536392K->399908K(2621440K), 0.3141210 secs] 6175447K->4172104K(8912896K), 0.3142670 secs] [Times: user=4.46 sys=0.12, real=0.31 secs] 
2012-11-14T21:11:41.710+0100: 1860.666: [GC 1860.666: [ParNew
Desired survivor size 268435456 bytes, new threshold 5 (max 15)
- age   1:   60711752 bytes,   60711752 total
- age   2:   62747040 bytes,  123458792 total
- age   3:   68085064 bytes,  191543856 total
- age   4:   19656720 bytes,  211200576 total
- age   5:   60378824 bytes,  271579400 total
- age   6:   36776256 bytes,  308355656 total
: 2497060K->445528K(2621440K), 0.4402030 secs] 6269256K->4217724K(8912896K), 0.4403240 secs] [Times: user=7.77 sys=0.02, real=0.44 secs] 
2012-11-14T21:12:06.548+0100: 1885.504: [GC 1885.504: [ParNew
Desired survivor size 268435456 bytes, new threshold 4 (max 15)
- age   1:   97122016 bytes,   97122016 total
- age   2:   52250320 bytes,  149372336 total
- age   3:   62557568 bytes,  211929904 total
- age   4:   67491808 bytes,  279421712 total
- age   5:   19365928 bytes,  298787640 total
: 2542680K->392991K(2621440K), 0.7121130 secs] 6314876K->4260781K(8912896K), 0.7122570 secs] [Times: user=12.00 sys=0.06, real=0.71 secs] 
2012-11-14T21:12:28.553+0100: 1907.509: [GC 1907.509: [ParNew
Desired survivor size 268435456 bytes, new threshold 15 (max 15)
- age   1:   62360376 bytes,   62360376 total
- age   2:   80971280 bytes,  143331656 total
- age   3:   51548648 bytes,  194880304 total
- age   4:   62335128 bytes,  257215432 total
: 2490146K->419215K(2621440K), 0.5829250 secs] 6357936K->4371587K(8912896K), 0.5830640 secs] [Times: user=9.73 sys=0.12, real=0.59 secs] 
2012-11-14T21:12:29.137+0100: 1908.093: [GC 1908.093: [ParNew
Desired survivor size 268435456 bytes, new threshold 15 (max 15)
- age   1:       1080 bytes,       1080 total
- age   2:   62359744 bytes,   62360824 total
- age   3:   80971128 bytes,  143331952 total
- age   4:   51548616 bytes,  194880568 total
- age   5:   62335232 bytes,  257215800 total
: 421160K->365895K(2621440K), 0.2564410 secs] 4373532K->4318266K(8912896K), 0.2565490 secs] [Times: user=4.60 sys=0.00, real=0.25 secs] 
2012-11-14T21:12:39.852+0100: 1918.808: [GC 1918.808: [ParNew
Desired survivor size 268435456 bytes, new threshold 6 (max 15)
- age   1:   50695792 bytes,   50695792 total
- age   2:         32 bytes,   50695824 total
- age   3:   51839952 bytes,  102535776 total
- age   4:   80733016 bytes,  183268792 total
- age   5:   51475584 bytes,  234744376 total
- age   6:   62331952 bytes,  297076328 total
: 2463047K->386213K(2621440K), 0.1886710 secs] 6415418K->4338585K(8912896K), 0.1888040 secs] [Times: user=3.20 sys=0.01, real=0.19 secs] 
2012-11-14T21:12:54.922+0100: 1933.878: [GC 1933.878: [ParNew
Desired survivor size 268435456 bytes, new threshold 6 (max 15)
- age   1:   61897840 bytes,   61897840 total
- age   2:   45118960 bytes,  107016800 total
- age   3:         32 bytes,  107016832 total
- age   4:   48080944 bytes,  155097776 total
- age   5:   80447536 bytes,  235545312 total
- age   6:   50955592 bytes,  286500904 total
: 2483365K->365898K(2621440K), 0.3168300 secs] 6435737K->4380093K(8912896K), 0.3169810 secs] [Times: user=5.12 sys=0.07, real=0.32 secs] 
2012-11-14T21:13:18.549+0100: 1957.505: [GC 1957.505: [ParNew
Desired survivor size 268435456 bytes, new threshold 6 (max 15)
- age   1:   66912016 bytes,   66912016 total
- age   2:   51694600 bytes,  118606616 total
- age   3:   44644696 bytes,  163251312 total
- age   5:   47011624 bytes,  210262936 total
- age   6:   79690568 bytes,  289953504 total
: 2463050K->415785K(2621440K), 0.5822330 secs] 6477245K->4479262K(8912896K), 0.5823570 secs] [Times: user=10.06 sys=0.03, real=0.59 secs] 
2012-11-14T21:13:46.046+0100: 1985.002: [GC 1985.002: [ParNew
Desired survivor size 268435456 bytes, new threshold 15 (max 15)
- age   1:   61752208 bytes,   61752208 total
- age   2:   57788824 bytes,  119541032 total
- age   3:   50911832 bytes,  170452864 total
- age   4:   44508592 bytes,  214961456 total
- age   6:   46001272 bytes,  260962728 total
: 2512937K->361307K(2621440K), 0.4808990 secs] 6576414K->4503538K(8912896K), 0.4810490 secs] [Times: user=7.94 sys=0.09, real=0.48 secs] 
2012-11-14T21:13:56.988+0100: 1995.944: [GC 1995.945: [ParNew
Desired survivor size 268435456 bytes, new threshold 7 (max 15)
- age   1:   64724848 bytes,   64724848 total
- age   2:   50337736 bytes,  115062584 total
- age   3:   57114304 bytes,  172176888 total
- age   4:   50747784 bytes,  222924672 total
- age   5:   44007704 bytes,  266932376 total
- age   7:   45977512 bytes,  312909888 total
: 2458459K->405780K(2621440K), 0.3480540 secs] 6600690K->4548010K(8912896K), 0.3481900 secs] [Times: user=6.01 sys=0.02, real=0.35 secs] 
2012-11-14T21:14:13.347+0100: 2012.303: [GC 2012.303: [ParNew
Desired survivor size 268435456 bytes, new threshold 5 (max 15)
- age   1:   92889936 bytes,   92889936 total
- age   2:   53303248 bytes,  146193184 total
- age   3:   47209776 bytes,  193402960 total
- age   4:   56413840 bytes,  249816800 total
- age   5:   50684464 bytes,  300501264 total
- age   6:   44007184 bytes,  344508448 total
: 2502932K->518364K(2621440K), 0.2157540 secs] 6645162K->4706024K(8912896K), 0.2158950 secs] [Times: user=3.49 sys=0.03, real=0.21 secs] 
2012-11-14T21:14:26.036+0100: 2024.992: [GC 2024.992: [ParNew
Desired survivor size 268435456 bytes, new threshold 4 (max 15)
- age   1:  113612368 bytes,  113612368 total
- age   2:   86085152 bytes,  199697520 total
- age   3:   53095816 bytes,  252793336 total
- age   4:   45988640 bytes,  298781976 total
- age   5:   55728520 bytes,  354510496 total
: 2615516K->488812K(2621440K), 0.4155190 secs] 6803176K->4769770K(8912896K), 0.4156580 secs] [Times: user=6.70 sys=0.08, real=0.42 secs] 
2012-11-14T21:14:40.887+0100: 2039.843: [GC 2039.843: [ParNew
Desired survivor size 268435456 bytes, new threshold 4 (max 15)
- age   1:   74821888 bytes,   74821888 total
- age   2:  104431728 bytes,  179253616 total
- age   3:   85434848 bytes,  264688464 total
- age   4:   52903056 bytes,  317591520 total
: 2585964K->471017K(2621440K), 0.6384190 secs] 6866922K->4852024K(8912896K), 0.6385630 secs] [Times: user=10.77 sys=0.08, real=0.63 secs] 
2012-11-14T21:15:03.161+0100: 2062.117: [GC 2062.117: [ParNew
Desired survivor size 268435456 bytes, new threshold 4 (max 15)
- age   1:   60973952 bytes,   60973952 total
- age   2:   49023928 bytes,  109997880 total
- age   3:  103090400 bytes,  213088280 total
- age   4:   85052856 bytes,  298141136 total
: 2568169K->440523K(2621440K), 0.9465210 secs] 6949176K->4873541K(8912896K), 0.9466580 secs] [Times: user=16.58 sys=0.05, real=0.95 secs] 
2012-11-14T21:15:13.139+0100: 2072.095: [GC 2072.095: [ParNew
Desired survivor size 268435456 bytes, new threshold 15 (max 15)
- age   1:   28282928 bytes,   28282928 total
- age   2:   54658248 bytes,   82941176 total
- age   3:   48944824 bytes,  131886000 total
- age   4:  103077760 bytes,  234963760 total
: 2537675K->330459K(2621440K), 1.1470760 secs] 6970693K->4846901K(8912896K), 1.1472230 secs] [Times: user=20.07 sys=0.04, real=1.15 secs] 
2012-11-14T21:15:28.661+0100: 2087.617: [GC 2087.617: [ParNew
Desired survivor size 268435456 bytes, new threshold 15 (max 15)
- age   1:   38784656 bytes,   38784656 total
- age   2:   16917664 bytes,   55702320 total
- age   3:   53816504 bytes,  109518824 total
- age   4:   48914416 bytes,  158433240 total
- age   5:  103072432 bytes,  261505672 total
: 2427611K->356340K(2621440K), 0.6715290 secs] 6944053K->4872781K(8912896K), 0.6716770 secs] [Times: user=11.91 sys=0.00, real=0.67 secs] 
2012-11-14T21:15:42.506+0100: 2101.462: [GC 2101.462: [ParNew
Desired survivor size 268435456 bytes, new threshold 6 (max 15)
- age   1:   36392056 bytes,   36392056 total
- age   2:   30971096 bytes,   67363152 total
- age   3:   16314376 bytes,   83677528 total
- age   4:   52038600 bytes,  135716128 total
- age   5:   48764096 bytes,  184480224 total
- age   6:  102404736 bytes,  286884960 total
: 2453492K->419551K(2621440K), 0.7530840 secs] 6969933K->4935993K(8912896K), 0.7532190 secs] [Times: user=13.41 sys=0.01, real=0.75 secs] 
2012-11-14T21:15:57.474+0100: 2116.429: [GC 2116.430: [ParNew
Desired survivor size 268435456 bytes, new threshold 15 (max 15)
- age   1:   61761016 bytes,   61761016 total
- age   2:   27353960 bytes,   89114976 total
- age   3:   30860184 bytes,  119975160 total
- age   4:   16222616 bytes,  136197776 total
- age   5:   51622936 bytes,  187820712 total
- age   6:   48762632 bytes,  236583344 total
: 2516703K->380663K(2621440K), 0.8474560 secs] 7033145K->4997612K(8912896K), 0.8475960 secs] [Times: user=14.48 sys=0.06, real=0.84 secs] 
2012-11-14T21:16:09.752+0100: 2128.708: [GC 2128.708: [ParNew
Desired survivor size 268435456 bytes, new threshold 7 (max 15)
- age   1:   47690048 bytes,   47690048 total
- age   2:   55514952 bytes,  103205000 total
- age   3:   26419344 bytes,  129624344 total
- age   4:   30857920 bytes,  160482264 total
- age   5:   16221440 bytes,  176703704 total
- age   6:   51536128 bytes,  228239832 total
- age   7:   48652040 bytes,  276891872 total
: 2477815K->360425K(2621440K), 0.3620350 secs] 7094764K->4977373K(8912896K), 0.3621850 secs] [Times: user=6.32 sys=0.00, real=0.36 secs] 
2012-11-14T21:16:24.993+0100: 2143.949: [GC 2143.949: [ParNew
Desired survivor size 268435456 bytes, new threshold 7 (max 15)
- age   1:   63199072 bytes,   63199072 total
- age   2:   40961224 bytes,  104160296 total
- age   3:   54989488 bytes,  159149784 total
- age   4:   23548584 bytes,  182698368 total
- age   5:   30850360 bytes,  213548728 total
- age   6:   16168024 bytes,  229716752 total
- age   7:   51392136 bytes,  281108888 total
: 2457577K->422594K(2621440K), 0.3714460 secs] 7074525K->5087225K(8912896K), 0.3716050 secs] [Times: user=6.18 sys=0.04, real=0.37 secs] 
2012-11-14T21:16:42.483+0100: 2161.439: [GC 2161.439: [ParNew
Desired survivor size 268435456 bytes, new threshold 15 (max 15)
- age   1:   43256392 bytes,   43256392 total
- age   2:   51237696 bytes,   94494088 total
- age   3:   40955312 bytes,  135449400 total
- age   4:   54523520 bytes,  189972920 total
- age   5:   23263432 bytes,  213236352 total
- age   6:   30775096 bytes,  244011448 total
- age   7:   16167304 bytes,  260178752 total
: 2519746K->360507K(2621440K), 0.1511380 secs] 7184377K->5075554K(8912896K), 0.1512880 secs] [Times: user=2.27 sys=0.01, real=0.15 secs] 
2012-11-14T21:16:57.365+0100: 2176.321: [GC 2176.321: [ParNew
Desired survivor size 268435456 bytes, new threshold 6 (max 15)
- age   1:   77823296 bytes,   77823296 total
- age   2:   31083392 bytes,  108906688 total
- age   3:   51082000 bytes,  159988688 total
- age   4:   40933032 bytes,  200921720 total
- age   5:   54467712 bytes,  255389432 total
- age   6:   23145632 bytes,  278535064 total
- age   7:   30626424 bytes,  309161488 total
- age   8:   16119344 bytes,  325280832 total
: 2457659K->427596K(2621440K), 0.1315260 secs] 7172706K->5142643K(8912896K), 0.1316780 secs] [Times: user=2.17 sys=0.01, real=0.13 secs] 
2012-11-14T21:17:11.584+0100: 2190.539: [GC 2190.540: [ParNew
Desired survivor size 268435456 bytes, new threshold 6 (max 15)
- age   1:   70426000 bytes,   70426000 total
- age   2:   68654248 bytes,  139080248 total
- age   3:   29808312 bytes,  168888560 total
- age   4:   50718712 bytes,  219607272 total
- age   5:   40461840 bytes,  260069112 total
- age   6:   54183176 bytes,  314252288 total
: 2524748K->452988K(2621440K), 0.2663290 secs] 7239795K->5236579K(8912896K), 0.2664880 secs] [Times: user=4.14 sys=0.08, real=0.27 secs] 
2012-11-14T21:17:11.850+0100: 2190.806: [GC [1 CMS-initial-mark: 4783591K(6291456K)] 5238760K(8912896K), 0.3533420 secs] [Times: user=0.36 sys=0.00, real=0.35 secs] 
2012-11-14T21:17:12.204+0100: 2191.160: [CMS-concurrent-mark-start]
2012-11-14T21:17:13.794+0100: 2192.750: [CMS-concurrent-mark: 1.589/1.591 secs] [Times: user=8.69 sys=0.11, real=1.59 secs] 
2012-11-14T21:17:13.794+0100: 2192.750: [CMS-concurrent-preclean-start]
2012-11-14T21:17:13.815+0100: 2192.771: [CMS-concurrent-preclean: 0.020/0.020 secs] [Times: user=0.02 sys=0.00, real=0.02 secs] 
2012-11-14T21:17:13.815+0100: 2192.771: [CMS-concurrent-abortable-preclean-start]
2012-11-14T21:17:23.235+0100: 2202.191: [GC 2202.191: [ParNew
Desired survivor size 268435456 bytes, new threshold 6 (max 15)
- age   1:   51589368 bytes,   51589368 total
- age   2:   61923016 bytes,  113512384 total
- age   3:   68140080 bytes,  181652464 total
- age   4:   29595448 bytes,  211247912 total
- age   5:   50714760 bytes,  261962672 total
- age   6:   40350352 bytes,  302313024 total
: 2550140K->390068K(2621440K), 0.2618320 secs] 7333731K->5227327K(8912896K), 0.2619620 secs] [Times: user=4.19 sys=0.03, real=0.26 secs] 
 CMS: abort preclean due to time 2012-11-14T21:17:26.967+0100: 2205.923: [CMS-concurrent-abortable-preclean: 12.765/13.152 secs] [Times: user=22.91 sys=0.37, real=13.15 secs] 
2012-11-14T21:17:26.967+0100: 2205.923: [GC[YG occupancy: 767173 K (2621440 K)]2205.923: [Rescan (parallel) , 0.1833150 secs]2206.106: [weak refs processing, 0.0009770 secs] [1 CMS-remark: 4837258K(6291456K)] 5604431K(8912896K), 0.1844700 secs] [Times: user=3.01 sys=0.01, real=0.18 secs] 
2012-11-14T21:17:27.152+0100: 2206.108: [CMS-concurrent-sweep-start]
2012-11-14T21:17:32.362+0100: 2211.318: [GC 2211.318: [ParNew
Desired survivor size 268435456 bytes, new threshold 6 (max 15)
- age   1:   50498200 bytes,   50498200 total
- age   2:   44650352 bytes,   95148552 total
- age   3:   60784008 bytes,  155932560 total
- age   4:   68136520 bytes,  224069080 total
- age   5:   29130528 bytes,  253199608 total
- age   6:   50713784 bytes,  303913392 total
: 2487220K->411653K(2621440K), 0.1947660 secs] 6179629K->4144094K(8912896K), 0.1949020 secs] [Times: user=3.07 sys=0.02, real=0.20 secs] 
2012-11-14T21:17:32.889+0100: 2211.845: [CMS-concurrent-sweep: 5.412/5.737 secs] [Times: user=13.76 sys=0.35, real=5.74 secs] 
2012-11-14T21:17:32.889+0100: 2211.845: [CMS-concurrent-reset-start]
2012-11-14T21:17:32.905+0100: 2211.861: [CMS-concurrent-reset: 0.016/0.016 secs] [Times: user=0.02 sys=0.00, real=0.01 secs] 
2012-11-14T21:17:38.214+0100: 2217.170: [GC 2217.170: [ParNew
Desired survivor size 268435456 bytes, new threshold 6 (max 15)
- age   1:   39654856 bytes,   39654856 total
- age   2:   43040992 bytes,   82695848 total
- age   3:   42995344 bytes,  125691192 total
- age   4:   55106320 bytes,  180797512 total
- age   5:   67992656 bytes,  248790168 total
- age   6:   29063208 bytes,  277853376 total
: 2508805K->407856K(2621440K), 0.3565380 secs] 6067171K->4016581K(8912896K), 0.3566720 secs] [Times: user=6.09 sys=0.01, real=0.36 secs] 
2012-11-14T21:17:41.532+0100: 2220.488: [GC 2220.488: [ParNew
Desired survivor size 268435456 bytes, new threshold 6 (max 15)
- age   1:   39347496 bytes,   39347496 total
- age   2:   36635928 bytes,   75983424 total
- age   3:   43004400 bytes,  118987824 total
- age   4:   42901176 bytes,  161889000 total
- age   5:   54591104 bytes,  216480104 total
- age   6:   67929744 bytes,  284409848 total
: 2505008K->399614K(2621440K), 0.5193500 secs] 6113733K->4036939K(8912896K), 0.5195020 secs] [Times: user=9.15 sys=0.00, real=0.52 secs] 
2012-11-14T21:17:46.500+0100: 2225.456: [GC 2225.456: [ParNew
Desired survivor size 268435456 bytes, new threshold 6 (max 15)
- age   1:   67934824 bytes,   67934824 total
- age   2:   33564392 bytes,  101499216 total
- age   3:   36119688 bytes,  137618904 total
- age   4:   42414560 bytes,  180033464 total
- age   5:   42900624 bytes,  222934088 total
- age   6:   54553704 bytes,  277487792 total
: 2496766K->372011K(2621440K), 0.8525120 secs] 6134091K->4076227K(8912896K), 0.8526520 secs] [Times: user=14.77 sys=0.01, real=0.85 secs] 
2012-11-14T21:17:55.338+0100: 2234.294: [GC 2234.294: [ParNew
Desired survivor size 268435456 bytes, new threshold 15 (max 15)
- age   1:   41329920 bytes,   41329920 total
- age   2:   62697032 bytes,  104026952 total
- age   3:   33271648 bytes,  137298600 total
- age   4:   34616640 bytes,  171915240 total
- age   5:   42408952 bytes,  214324192 total
- age   6:   42670728 bytes,  256994920 total
: 2469163K->348258K(2621440K), 0.6428050 secs] 6173379K->4105908K(8912896K), 0.6429770 secs] [Times: user=11.11 sys=0.00, real=0.64 secs] 
2012-11-14T21:18:11.361+0100: 2250.317: [GC 2250.317: [ParNew
Desired survivor size 268435456 bytes, new threshold 15 (max 15)
- age   1:   19489672 bytes,   19489672 total
- age   2:   32569152 bytes,   52058824 total
- age   3:   62257528 bytes,  114316352 total
- age   4:   33268392 bytes,  147584744 total
- age   5:   34582808 bytes,  182167552 total
- age   6:   40957280 bytes,  223124832 total
- age   7:   42633136 bytes,  265757968 total
: 2445410K->354255K(2621440K), 0.4595330 secs] 6203060K->4111905K(8912896K), 0.4596970 secs] [Times: user=8.16 sys=0.00, real=0.46 secs] 
2012-11-14T21:18:21.335+0100: 2260.291: [GC 2260.291: [ParNew
Desired survivor size 268435456 bytes, new threshold 8 (max 15)
- age   1:   53130584 bytes,   53130584 total
- age   2:   13977160 bytes,   67107744 total
- age   3:   30413552 bytes,   97521296 total
- age   4:   61757088 bytes,  159278384 total
- age   5:   33263880 bytes,  192542264 total
- age   6:   34570344 bytes,  227112608 total
- age   7:   40947440 bytes,  268060048 total
- age   8:   42629432 bytes,  310689480 total
: 2451407K->402314K(2621440K), 0.3283740 secs] 6209057K->4159964K(8912896K), 0.3285290 secs] [Times: user=5.73 sys=0.01, real=0.33 secs] 
2012-11-14T21:18:35.138+0100: 2274.094: [GC 2274.094: [ParNew
Desired survivor size 268435456 bytes, new threshold 7 (max 15)
- age   1:   66141336 bytes,   66141336 total
- age   2:   35347824 bytes,  101489160 total
- age   3:   13600776 bytes,  115089936 total
- age   4:   30233216 bytes,  145323152 total
- age   5:   61544712 bytes,  206867864 total
- age   6:   33263536 bytes,  240131400 total
- age   7:   34381048 bytes,  274512448 total
- age   8:   40802352 bytes,  315314800 total
: 2499466K->421030K(2621440K), 0.3718590 secs] 6257116K->4220661K(8912896K), 0.3719950 secs] [Times: user=6.33 sys=0.00, real=0.37 secs] 
2012-11-14T21:18:47.639+0100: 2286.595: [GC 2286.595: [ParNew
Desired survivor size 268435456 bytes, new threshold 15 (max 15)
- age   1:   26707032 bytes,   26707032 total
- age   2:   59818488 bytes,   86525520 total
- age   3:   33734304 bytes,  120259824 total
- age   4:   13015192 bytes,  133275016 total
- age   5:   30228760 bytes,  163503776 total
- age   6:   61543912 bytes,  225047688 total
- age   7:   33262976 bytes,  258310664 total
: 2518182K->369739K(2621440K), 0.4703300 secs] 6317813K->4243469K(8912896K), 0.4704740 secs] [Times: user=7.94 sys=0.01, real=0.47 secs] 
2012-11-14T21:19:06.589+0100: 2305.545: [GC 2305.545: [ParNew
Desired survivor size 268435456 bytes, new threshold 8 (max 15)
- age   1:   35149928 bytes,   35149928 total
- age   2:   14106608 bytes,   49256536 total
- age   3:   59147992 bytes,  108404528 total
- age   4:   32321696 bytes,  140726224 total
- age   5:   12723848 bytes,  153450072 total
- age   6:   30076264 bytes,  183526336 total
- age   7:   61538352 bytes,  245064688 total
- age   8:   33262976 bytes,  278327664 total
: 2466891K->382762K(2621440K), 0.2277480 secs] 6340621K->4256493K(8912896K), 0.2279160 secs] [Times: user=3.96 sys=0.00, real=0.23 secs] 
2012-11-14T21:19:16.566+0100: 2315.522: [GC 2315.522: [ParNew
Desired survivor size 268435456 bytes, new threshold 15 (max 15)
- age   1:   10525664 bytes,   10525664 total
- age   2:   18509224 bytes,   29034888 total
- age   3:   13781536 bytes,   42816424 total
- age   4:   58675440 bytes,  101491864 total
- age   5:   32290176 bytes,  133782040 total
- age   6:   12711192 bytes,  146493232 total
- age   7:   30042936 bytes,  176536168 total
- age   8:   61538240 bytes,  238074408 total
: 2479914K->343778K(2621440K), 0.3000610 secs] 6353645K->4249996K(8912896K), 0.3002140 secs] [Times: user=5.10 sys=0.00, real=0.30 secs] 
2012-11-14T21:19:25.707+0100: 2324.663: [GC 2324.663: [ParNew
Desired survivor size 268435456 bytes, new threshold 6 (max 15)
- age   1:  151541480 bytes,  151541480 total
- age   2:    6350336 bytes,  157891816 total
- age   3:   17755680 bytes,  175647496 total
- age   4:   12908344 bytes,  188555840 total
- age   5:   58134984 bytes,  246690824 total
- age   6:   32286120 bytes,  278976944 total
- age   7:   12564960 bytes,  291541904 total
- age   8:   29818552 bytes,  321360456 total
- age   9:   61538176 bytes,  382898632 total
: 2441909K->458536K(2621440K), 0.1319370 secs] 6348127K->4364755K(8912896K), 0.1321070 secs] [Times: user=2.14 sys=0.00, real=0.14 secs] 
2012-11-14T21:19:42.032+0100: 2340.988: [GC 2340.988: [ParNew
Desired survivor size 268435456 bytes, new threshold 15 (max 15)
- age   1:   47959960 bytes,   47959960 total
- age   2:   46779512 bytes,   94739472 total
- age   3:    4954160 bytes,   99693632 total
- age   4:   17746392 bytes,  117440024 total
- age   5:   12315776 bytes,  129755800 total
- age   6:   57838704 bytes,  187594504 total
: 2550363K->313794K(2621440K), 0.2010460 secs] 6456581K->4354217K(8912896K), 0.2012250 secs] [Times: user=2.70 sys=0.00, real=0.20 secs] 
2012-11-14T21:20:02.727+0100: 2361.683: [GC 2361.683: [ParNew
Desired survivor size 268435456 bytes, new threshold 15 (max 15)
- age   1:   15283224 bytes,   15283224 total
- age   2:   30750632 bytes,   46033856 total
- age   3:   45362264 bytes,   91396120 total
- age   4:    4283312 bytes,   95679432 total
- age   5:   17557296 bytes,  113236728 total
- age   6:   11506272 bytes,  124743000 total
- age   7:   57818432 bytes,  182561432 total
: 2410946K->241620K(2621440K), 0.1340820 secs] 6451369K->4282043K(8912896K), 0.1342370 secs] [Times: user=2.32 sys=0.00, real=0.14 secs] 
2012-11-14T21:20:10.786+0100: 2369.742: [GC 2369.742: [ParNew
Desired survivor size 268435456 bytes, new threshold 15 (max 15)
- age   1:   31203944 bytes,   31203944 total
- age   2:    8349160 bytes,   39553104 total
- age   3:   30093824 bytes,   69646928 total
- age   4:   44935960 bytes,  114582888 total
- age   5:    4259192 bytes,  118842080 total
- age   6:   17299592 bytes,  136141672 total
- age   7:   11505464 bytes,  147647136 total
- age   8:   57796160 bytes,  205443296 total
: 2338772K->244675K(2621440K), 0.1330000 secs] 6379195K->4285098K(8912896K), 0.1331460 secs] [Times: user=2.23 sys=0.00, real=0.14 secs] 
2012-11-14T21:20:36.323+0100: 2395.279: [GC 2395.279: [ParNew
Desired survivor size 268435456 bytes, new threshold 15 (max 15)
- age   1:   28474024 bytes,   28474024 total
- age   2:   25421920 bytes,   53895944 total
- age   3:    7253128 bytes,   61149072 total
- age   4:   28594312 bytes,   89743384 total
- age   5:   44358064 bytes,  134101448 total
- age   6:    3922424 bytes,  138023872 total
- age   7:   17282536 bytes,  155306408 total
- age   8:   11442840 bytes,  166749248 total
- age   9:   57724984 bytes,  224474232 total
: 2341827K->277250K(2621440K), 0.1830630 secs] 6382250K->4317673K(8912896K), 0.1832220 secs] [Times: user=3.14 sys=0.00, real=0.18 secs] 
2012-11-14T21:20:50.580+0100: 2409.536: [GC 2409.536: [ParNew
Desired survivor size 268435456 bytes, new threshold 1 (max 15)
- age   1:  308628328 bytes,  308628328 total
- age   2:   19255488 bytes,  327883816 total
- age   3:   24864720 bytes,  352748536 total
- age   4:    7007152 bytes,  359755688 total
- age   5:   28304416 bytes,  388060104 total
- age   6:   42843144 bytes,  430903248 total
- age   7:    3754696 bytes,  434657944 total
- age   8:   16201336 bytes,  450859280 total
- age   9:   10575800 bytes,  461435080 total
- age  10:   48322752 bytes,  509757832 total
: 2353831K->524288K(2621440K), 0.3257290 secs] 6394254K->4662765K(8912896K), 0.3258840 secs] [Times: user=5.36 sys=0.11, real=0.33 secs] 
2012-11-14T21:21:13.221+0100: 2432.177: [GC 2432.177: [ParNew
Desired survivor size 268435456 bytes, new threshold 15 (max 15)
- age   1:   51404040 bytes,   51404040 total
: 2621440K->245885K(2621440K), 0.2026610 secs] 6759917K->4636006K(8912896K), 0.2028030 secs] [Times: user=2.02 sys=0.03, real=0.21 secs] 
2012-11-14T21:21:27.584+0100: 2446.540: [GC 2446.540: [ParNew
Desired survivor size 268435456 bytes, new threshold 15 (max 15)
- age   1:   84350992 bytes,   84350992 total
- age   2:   44206360 bytes,  128557352 total
: 2343037K->159857K(2621440K), 0.3607090 secs] 6733158K->4549978K(8912896K), 0.3608720 secs] [Times: user=6.37 sys=0.01, real=0.36 secs] 
2012-11-14T21:21:54.440+0100: 2473.396: [GC 2473.396: [ParNew
Desired survivor size 268435456 bytes, new threshold 15 (max 15)
- age   1:   34039856 bytes,   34039856 total
- age   2:   75687032 bytes,  109726888 total
- age   3:   43143120 bytes,  152870008 total
: 2257009K->202249K(2621440K), 0.3497690 secs] 6647130K->4592371K(8912896K), 0.3499090 secs] [Times: user=5.94 sys=0.01, real=0.34 secs] 
2012-11-14T21:22:18.633+0100: 2497.589: [GC 2497.589: [ParNew
Desired survivor size 268435456 bytes, new threshold 15 (max 15)
- age   1:   36119168 bytes,   36119168 total
- age   2:   23953928 bytes,   60073096 total
- age   3:   75675880 bytes,  135748976 total
- age   4:   43025320 bytes,  178774296 total
: 2299401K->243745K(2621440K), 0.3309380 secs] 6689523K->4633867K(8912896K), 0.3310740 secs] [Times: user=5.69 sys=0.01, real=0.33 secs] 
2012-11-14T21:22:34.160+0100: 2513.115: [GC 2513.116: [ParNew
Desired survivor size 268435456 bytes, new threshold 15 (max 15)
- age   1:   39548592 bytes,   39548592 total
- age   2:   27412664 bytes,   66961256 total
- age   3:   22883792 bytes,   89845048 total
- age   4:   75663976 bytes,  165509024 total
- age   5:   42472040 bytes,  207981064 total
: 2340897K->289294K(2621440K), 0.3805580 secs] 6731019K->4679415K(8912896K), 0.3806870 secs] [Times: user=6.66 sys=0.00, real=0.38 secs] 
2012-11-14T21:23:00.589+0100: 2539.545: [GC 2539.545: [ParNew
Desired survivor size 268435456 bytes, new threshold 15 (max 15)
- age   1:   46036656 bytes,   46036656 total
- age   2:   32531792 bytes,   78568448 total
- age   3:   26965384 bytes,  105533832 total
- age   4:   22010432 bytes,  127544264 total
- age   5:   74856304 bytes,  202400568 total
- age   6:   42452544 bytes,  244853112 total
: 2386446K->330911K(2621440K), 0.3581050 secs] 6776567K->4721032K(8912896K), 0.3582380 secs] [Times: user=6.24 sys=0.00, real=0.36 secs] 
2012-11-14T21:23:11.700+0100: 2550.656: [GC 2550.656: [ParNew
Desired survivor size 268435456 bytes, new threshold 7 (max 15)
- age   1:   72616096 bytes,   72616096 total
- age   2:   38762920 bytes,  111379016 total
- age   3:   31625128 bytes,  143004144 total
- age   4:   26418480 bytes,  169422624 total
- age   5:   21940664 bytes,  191363288 total
- age   6:   74420960 bytes,  265784248 total
- age   7:   42450200 bytes,  308234448 total
: 2428063K->463028K(2621440K), 0.4336540 secs] 6818184K->4853150K(8912896K), 0.4337950 secs] [Times: user=7.59 sys=0.02, real=0.43 secs] 
2012-11-14T21:23:23.311+0100: 2562.267: [GC 2562.267: [ParNew
Desired survivor size 268435456 bytes, new threshold 6 (max 15)
- age   1:   96529648 bytes,   96529648 total
- age   2:   66441616 bytes,  162971264 total
- age   3:   37672624 bytes,  200643888 total
- age   4:   31159720 bytes,  231803608 total
- age   5:   26288080 bytes,  258091688 total
- age   6:   21924400 bytes,  280016088 total
- age   7:   74150232 bytes,  354166320 total
: 2560180K->470346K(2621440K), 0.6872500 secs] 6950302K->4902438K(8912896K), 0.6873910 secs] [Times: user=11.85 sys=0.01, real=0.69 secs] 
2012-11-14T21:23:41.235+0100: 2580.191: [GC 2580.191: [ParNew
Desired survivor size 268435456 bytes, new threshold 5 (max 15)
- age   1:   66973648 bytes,   66973648 total
- age   2:   88160576 bytes,  155134224 total
- age   3:   66035232 bytes,  221169456 total
- age   4:   36657744 bytes,  257827200 total
- age   5:   31133512 bytes,  288960712 total
- age   6:   26242288 bytes,  315203000 total
: 2567493K->455323K(2621440K), 1.0387160 secs] 6999585K->4981599K(8912896K), 1.0388590 secs] [Times: user=17.99 sys=0.00, real=1.03 secs] 
2012-11-14T21:23:48.844+0100: 2587.800: [GC 2587.800: [ParNew
Desired survivor size 268435456 bytes, new threshold 4 (max 15)
- age   1:   71637496 bytes,   71637496 total
- age   2:   58574768 bytes,  130212264 total
- age   3:   87596168 bytes,  217808432 total
- age   4:   65630088 bytes,  283438520 total
- age   5:   36279744 bytes,  319718264 total
: 2552475K->485388K(2621440K), 0.8193170 secs] 7078751K->5067949K(8912896K), 0.8194980 secs] [Times: user=14.21 sys=0.00, real=0.82 secs] 
2012-11-14T21:24:12.666+0100: 2611.622: [GC 2611.622: [ParNew
Desired survivor size 268435456 bytes, new threshold 15 (max 15)
- age   1:   23365024 bytes,   23365024 total
- age   2:   67270728 bytes,   90635752 total
- age   3:   57435864 bytes,  148071616 total
- age   4:   87064216 bytes,  235135832 total
: 2582540K->380765K(2621440K), 0.8990290 secs] 7165101K->5063396K(8912896K), 0.8992060 secs] [Times: user=15.37 sys=0.01, real=0.90 secs] 
2012-11-14T21:24:24.509+0100: 2623.465: [GC 2623.465: [ParNew
Desired survivor size 268435456 bytes, new threshold 15 (max 15)
- age   1:   30377968 bytes,   30377968 total
- age   2:   17500864 bytes,   47878832 total
- age   3:   65277256 bytes,  113156088 total
- age   4:   57298784 bytes,  170454872 total
- age   5:   86935208 bytes,  257390080 total
: 2477917K->347168K(2621440K), 0.6411070 secs] 7160548K->5029798K(8912896K), 0.6412540 secs] [Times: user=11.38 sys=0.01, real=0.64 secs] 
2012-11-14T21:24:40.260+0100: 2639.216: [GC 2639.216: [ParNew
Desired survivor size 268435456 bytes, new threshold 6 (max 15)
- age   1:   19821928 bytes,   19821928 total
- age   2:   24120832 bytes,   43942760 total
- age   3:   16870288 bytes,   60813048 total
- age   4:   64676848 bytes,  125489896 total
- age   5:   57297664 bytes,  182787560 total
- age   6:   86857304 bytes,  269644864 total
: 2444320K->374171K(2621440K), 0.6364740 secs] 7126950K->5056801K(8912896K), 0.6366080 secs] [Times: user=11.34 sys=0.01, real=0.63 secs] 
2012-11-14T21:25:03.503+0100: 2662.459: [GC 2662.459: [ParNew
Desired survivor size 268435456 bytes, new threshold 15 (max 15)
- age   1:   63206512 bytes,   63206512 total
- age   2:   13943784 bytes,   77150296 total
- age   3:   22565816 bytes,   99716112 total
- age   4:   15763304 bytes,  115479416 total
- age   5:   64348424 bytes,  179827840 total
- age   6:   57048184 bytes,  236876024 total
: 2471323K->362020K(2621440K), 0.9496530 secs] 7153953K->5130326K(8912896K), 0.9498030 secs] [Times: user=16.28 sys=0.03, real=0.95 secs] 
2012-11-14T21:25:04.454+0100: 2663.410: [GC [1 CMS-initial-mark: 4768306K(6291456K)] 5131206K(8912896K), 0.2163250 secs] [Times: user=0.22 sys=0.00, real=0.22 secs] 
2012-11-14T21:25:04.670+0100: 2663.626: [CMS-concurrent-mark-start]
2012-11-14T21:25:06.443+0100: 2665.398: [CMS-concurrent-mark: 1.768/1.772 secs] [Times: user=9.31 sys=0.06, real=1.77 secs] 
2012-11-14T21:25:06.443+0100: 2665.399: [CMS-concurrent-preclean-start]
2012-11-14T21:25:06.464+0100: 2665.420: [CMS-concurrent-preclean: 0.021/0.021 secs] [Times: user=0.02 sys=0.00, real=0.02 secs] 
2012-11-14T21:25:06.464+0100: 2665.420: [CMS-concurrent-abortable-preclean-start]
2012-11-14T21:25:15.071+0100: 2674.027: [CMS-concurrent-abortable-preclean: 8.602/8.607 secs] [Times: user=11.71 sys=0.21, real=8.61 secs] 
2012-11-14T21:25:15.072+0100: 2674.028: [GC[YG occupancy: 1420645 K (2621440 K)]2674.028: [Rescan (parallel) , 0.4745620 secs]2674.502: [weak refs processing, 0.0006280 secs] [1 CMS-remark: 4768306K(6291456K)] 6188951K(8912896K), 0.4753560 secs] [Times: user=4.74 sys=0.02, real=0.48 secs] 
2012-11-14T21:25:15.547+0100: 2674.503: [CMS-concurrent-sweep-start]
2012-11-14T21:25:21.066+0100: 2680.022: [CMS-concurrent-sweep: 5.510/5.518 secs] [Times: user=7.77 sys=0.31, real=5.51 secs] 
2012-11-14T21:25:21.066+0100: 2680.022: [CMS-concurrent-reset-start]
2012-11-14T21:25:21.082+0100: 2680.038: [CMS-concurrent-reset: 0.016/0.016 secs] [Times: user=0.02 sys=0.00, real=0.02 secs] 
2012-11-14T21:25:21.419+0100: 2680.375: [GC 2680.375: [ParNew
Desired survivor size 268435456 bytes, new threshold 7 (max 15)
- age   1:   44635512 bytes,   44635512 total
- age   2:   51429400 bytes,   96064912 total
- age   3:   13401872 bytes,  109466784 total
- age   4:   22477640 bytes,  131944424 total
- age   5:   15505616 bytes,  147450040 total
- age   6:   64198056 bytes,  211648096 total
- age   7:   56956008 bytes,  268604104 total
: 2459172K->369624K(2621440K), 0.5890410 secs] 6177842K->4088294K(8912896K), 0.5892120 secs] [Times: user=10.41 sys=0.01, real=0.59 secs] 
2012-11-14T21:25:38.003+0100: 2696.959: [GC 2696.959: [ParNew
Desired survivor size 268435456 bytes, new threshold 7 (max 15)
- age   1:   85888792 bytes,   85888792 total
- age   2:   36800704 bytes,  122689496 total
- age   3:   50053208 bytes,  172742704 total
- age   4:   13143752 bytes,  185886456 total
- age   5:   21811120 bytes,  207697576 total
- age   6:   15409632 bytes,  223107208 total
- age   7:   64194560 bytes,  287301768 total
: 2466776K->439563K(2621440K), 0.8384980 secs] 6185446K->4213905K(8912896K), 0.8386520 secs] [Times: user=14.54 sys=0.01, real=0.84 secs] 
2012-11-14T21:25:51.128+0100: 2710.084: [GC 2710.084: [ParNew
Desired survivor size 268435456 bytes, new threshold 7 (max 15)
- age   1:   67770752 bytes,   67770752 total
- age   2:   76373512 bytes,  144144264 total
- age   3:   36329040 bytes,  180473304 total
- age   4:   48786112 bytes,  229259416 total
- age   5:   12531416 bytes,  241790832 total
- age   6:   21740624 bytes,  263531456 total
- age   7:   15358200 bytes,  278889656 total
: 2536715K->380780K(2621440K), 0.6122220 secs] 6311057K->4218228K(8912896K), 0.6123680 secs] [Times: user=10.40 sys=0.01, real=0.61 secs] 
2012-11-14T21:26:07.600+0100: 2726.556: [GC 2726.556: [ParNew
Desired survivor size 268435456 bytes, new threshold 5 (max 15)
- age   1:   77966400 bytes,   77966400 total
- age   2:   50094920 bytes,  128061320 total
- age   3:   73802952 bytes,  201864272 total
- age   4:   36276856 bytes,  238141128 total
- age   5:   48780808 bytes,  286921936 total
- age   6:   12513888 bytes,  299435824 total
- age   7:   21302472 bytes,  320738296 total
: 2477932K->460140K(2621440K), 0.4278890 secs] 6315380K->4312722K(8912896K), 0.4280380 secs] [Times: user=7.46 sys=0.01, real=0.43 secs] 
2012-11-14T21:26:31.019+0100: 2749.975: [GC 2749.975: [ParNew
Desired survivor size 268435456 bytes, new threshold 4 (max 15)
- age   1:   83013824 bytes,   83013824 total
- age   2:   72059200 bytes,  155073024 total
- age   3:   49110528 bytes,  204183552 total
- age   4:   73214648 bytes,  277398200 total
- age   5:   36119728 bytes,  313517928 total
: 2556842K->469337K(2621440K), 0.7960110 secs] 6409424K->4402216K(8912896K), 0.7961610 secs] [Times: user=13.62 sys=0.02, real=0.80 secs] 
2012-11-14T21:26:47.440+0100: 2766.396: [GC 2766.396: [ParNew
Desired survivor size 268435456 bytes, new threshold 4 (max 15)
- age   1:   92550696 bytes,   92550696 total
- age   2:   72139208 bytes,  164689904 total
- age   3:   71239352 bytes,  235929256 total
- age   4:   49049360 bytes,  284978616 total
: 2566489K->420485K(2621440K), 0.9191310 secs] 6499368K->4460884K(8912896K), 0.9192820 secs] [Times: user=15.82 sys=0.02, real=0.92 secs] 
2012-11-14T21:26:58.608+0100: 2777.564: [GC 2777.564: [ParNew
Desired survivor size 268435456 bytes, new threshold 15 (max 15)
- age   1:   25951448 bytes,   25951448 total
- age   2:   87227144 bytes,  113178592 total
- age   3:   71801528 bytes,  184980120 total
- age   4:   70673632 bytes,  255653752 total
: 2517637K->410964K(2621440K), 0.6894290 secs] 6558036K->4499887K(8912896K), 0.6895740 secs] [Times: user=11.98 sys=0.01, real=0.69 secs] 
2012-11-14T21:27:07.011+0100: 2785.967: [GC 2785.967: [ParNew
Desired survivor size 268435456 bytes, new threshold 5 (max 15)
- age   1:   54732384 bytes,   54732384 total
- age   2:   21145976 bytes,   75878360 total
- age   3:   85031288 bytes,  160909648 total
- age   4:   71683272 bytes,  232592920 total
- age   5:   70672320 bytes,  303265240 total
: 2508116K->416691K(2621440K), 0.7831700 secs] 6597039K->4505614K(8912896K), 0.7833210 secs] [Times: user=13.84 sys=0.01, real=0.78 secs] 
2012-11-14T21:27:21.319+0100: 2800.275: [GC 2800.275: [ParNew
Desired survivor size 268435456 bytes, new threshold 5 (max 15)
- age   1:   54894736 bytes,   54894736 total
- age   2:   45152616 bytes,  100047352 total
- age   3:   20780352 bytes,  120827704 total
- age   4:   84636456 bytes,  205464160 total
- age   5:   71492448 bytes,  276956608 total
: 2504623K->427015K(2621440K), 0.8102410 secs] 6593546K->4585221K(8912896K), 0.8104210 secs] [Times: user=13.99 sys=0.01, real=0.80 secs] 
2012-11-14T21:27:33.972+0100: 2812.928: [GC 2812.928: [ParNew
Desired survivor size 268435456 bytes, new threshold 15 (max 15)
- age   1:    9299808 bytes,    9299808 total
- age   2:   31723544 bytes,   41023352 total
- age   3:   45063008 bytes,   86086360 total
- age   4:   20153120 bytes,  106239480 total
- age   5:   84059368 bytes,  190298848 total
: 2524167K->302619K(2621440K), 0.5743650 secs] 6682373K->4530727K(8912896K), 0.5745190 secs] [Times: user=9.87 sys=0.01, real=0.57 secs] 
2012-11-14T21:27:41.227+0100: 2820.183: [GC 2820.183: [ParNew
Desired survivor size 268435456 bytes, new threshold 15 (max 15)
- age   1:   57548632 bytes,   57548632 total
- age   2:    3790656 bytes,   61339288 total
- age   3:   29941424 bytes,   91280712 total
- age   4:   44901424 bytes,  136182136 total
- age   5:   20149560 bytes,  156331696 total
- age   6:   83968120 bytes,  240299816 total
: 2399771K->337313K(2621440K), 0.3515230 secs] 6627879K->4565421K(8912896K), 0.3516510 secs] [Times: user=6.05 sys=0.01, real=0.34 secs] 
2012-11-14T21:27:57.401+0100: 2836.357: [GC 2836.357: [ParNew
Desired survivor size 268435456 bytes, new threshold 15 (max 15)
- age   1:   21662352 bytes,   21662352 total
- age   2:   50062272 bytes,   71724624 total
- age   3:    2881120 bytes,   74605744 total
- age   4:   29658288 bytes,  104264032 total
- age   5:   44843440 bytes,  149107472 total
- age   6:   20147056 bytes,  169254528 total
- age   7:   83964024 bytes,  253218552 total
: 2434465K->350157K(2621440K), 0.3502300 secs] 6662573K->4578265K(8912896K), 0.3503620 secs] [Times: user=6.18 sys=0.00, real=0.35 secs] 
2012-11-14T21:28:14.683+0100: 2853.639: [GC 2853.639: [ParNew
Desired survivor size 268435456 bytes, new threshold 8 (max 15)
- age   1:   97528248 bytes,   97528248 total
- age   2:   14839528 bytes,  112367776 total
- age   3:   49475904 bytes,  161843680 total
- age   4:    2091448 bytes,  163935128 total
- age   5:   29193856 bytes,  193128984 total
- age   6:   44783040 bytes,  237912024 total
- age   7:   20145872 bytes,  258057896 total
- age   8:   83867632 bytes,  341925528 total
: 2447309K->455191K(2621440K), 0.6889970 secs] 6675417K->4683299K(8912896K), 0.6891320 secs] [Times: user=12.29 sys=0.00, real=0.69 secs] 
2012-11-14T21:28:22.355+0100: 2861.311: [GC 2861.311: [ParNew
Desired survivor size 268435456 bytes, new threshold 7 (max 15)
- age   1:   77921064 bytes,   77921064 total
- age   2:   87132552 bytes,  165053616 total
- age   3:   14116024 bytes,  179169640 total
- age   4:   49396056 bytes,  228565696 total
- age   5:    2062640 bytes,  230628336 total
- age   6:   28786640 bytes,  259414976 total
- age   7:   44653880 bytes,  304068856 total
- age   8:   20073728 bytes,  324142584 total
: 2552343K->434823K(2621440K), 0.7982790 secs] 6780451K->4745052K(8912896K), 0.7984280 secs] [Times: user=13.58 sys=0.00, real=0.81 secs] 
2012-11-14T21:28:38.837+0100: 2877.793: [GC 2877.793: [ParNew
Desired survivor size 268435456 bytes, new threshold 5 (max 15)
- age   1:   63783616 bytes,   63783616 total
- age   2:   67828272 bytes,  131611888 total
- age   3:   85315928 bytes,  216927816 total
- age   4:   14004264 bytes,  230932080 total
- age   5:   49389352 bytes,  280321432 total
- age   6:    1659600 bytes,  281981032 total
- age   7:   27827232 bytes,  309808264 total
: 2531803K->450327K(2621440K), 0.3034390 secs] 6842032K->4824325K(8912896K), 0.3035740 secs] [Times: user=4.97 sys=0.01, real=0.30 secs] 
2012-11-14T21:28:59.594+0100: 2898.550: [GC 2898.550: [ParNew
Desired survivor size 268435456 bytes, new threshold 15 (max 15)
- age   1:   14460448 bytes,   14460448 total
- age   2:   54788848 bytes,   69249296 total
- age   3:   67210072 bytes,  136459368 total
- age   4:   84725032 bytes,  221184400 total
- age   5:   13799296 bytes,  234983696 total
: 2547479K->355245K(2621440K), 0.4164380 secs] 6921477K->4807373K(8912896K), 0.4165720 secs] [Times: user=6.95 sys=0.00, real=0.42 secs] 
2012-11-14T21:29:19.606+0100: 2918.562: [GC 2918.562: [ParNew
Desired survivor size 268435456 bytes, new threshold 15 (max 15)
- age   1:   23706848 bytes,   23706848 total
- age   2:    9767656 bytes,   33474504 total
- age   3:   54340896 bytes,   87815400 total
- age   4:   66975024 bytes,  154790424 total
- age   5:   84598928 bytes,  239389352 total
- age   6:   13793800 bytes,  253183152 total
: 2452397K->358827K(2621440K), 0.3802280 secs] 6904525K->4810955K(8912896K), 0.3803640 secs] [Times: user=6.70 sys=0.00, real=0.38 secs] 
2012-11-14T21:29:43.413+0100: 2942.369: [GC 2942.369: [ParNew
Desired survivor size 268435456 bytes, new threshold 7 (max 15)
- age   1:   29933808 bytes,   29933808 total
- age   2:   17470672 bytes,   47404480 total
- age   3:    7843400 bytes,   55247880 total
- age   4:   53887904 bytes,  109135784 total
- age   5:   66876848 bytes,  176012632 total
- age   6:   82613008 bytes,  258625640 total
- age   7:   13736344 bytes,  272361984 total
: 2455979K->357686K(2621440K), 0.2097800 secs] 6908107K->4809814K(8912896K), 0.2099120 secs] [Times: user=3.39 sys=0.00, real=0.21 secs] 
2012-11-14T21:29:48.125+0100: 2947.081: [GC 2947.081: [ParNew
Desired survivor size 268435456 bytes, new threshold 7 (max 15)
- age   1:   81607512 bytes,   81607512 total
- age   2:   23870360 bytes,  105477872 total
- age   3:   17399496 bytes,  122877368 total
- age   4:    7510152 bytes,  130387520 total
- age   5:   52661408 bytes,  183048928 total
- age   6:   66876264 bytes,  249925192 total
- age   7:   82612272 bytes,  332537464 total
: 2454838K->432718K(2621440K), 0.2485280 secs] 6906966K->4897938K(8912896K), 0.2486600 secs] [Times: user=4.23 sys=0.01, real=0.25 secs] 
2012-11-14T21:30:05.786+0100: 2964.742: [GC 2964.742: [ParNew
Desired survivor size 268435456 bytes, new threshold 15 (max 15)
- age   1:   40483456 bytes,   40483456 total
- age   2:   52274608 bytes,   92758064 total
- age   3:   21293792 bytes,  114051856 total
- age   4:   17008880 bytes,  131060736 total
- age   5:    7233224 bytes,  138293960 total
- age   6:   51882528 bytes,  190176488 total
- age   7:   66856288 bytes,  257032776 total
: 2529870K->378895K(2621440K), 0.4197740 secs] 6995090K->4924884K(8912896K), 0.4199040 secs] [Times: user=6.78 sys=0.01, real=0.42 secs] 
2012-11-14T21:30:28.056+0100: 2987.012: [GC 2987.012: [ParNew
Desired survivor size 268435456 bytes, new threshold 8 (max 15)
- age   1:   75944976 bytes,   75944976 total
- age   2:   31415952 bytes,  107360928 total
- age   3:   50399760 bytes,  157760688 total
- age   4:   20340624 bytes,  178101312 total
- age   5:   16950776 bytes,  195052088 total
- age   6:    7179072 bytes,  202231160 total
- age   7:   51363256 bytes,  253594416 total
- age   8:   66567216 bytes,  320161632 total
: 2476047K->409838K(2621440K), 0.2374390 secs] 7022036K->4955828K(8912896K), 0.2375720 secs] [Times: user=4.09 sys=0.00, real=0.24 secs] 
2012-11-14T21:30:46.305+0100: 3005.261: [GC 3005.261: [ParNew
Desired survivor size 268435456 bytes, new threshold 8 (max 15)
- age   1:   29801912 bytes,   29801912 total
- age   2:   68265848 bytes,   98067760 total
- age   3:   31164192 bytes,  129231952 total
- age   4:   50274400 bytes,  179506352 total
- age   5:   20025176 bytes,  199531528 total
- age   6:   16929424 bytes,  216460952 total
- age   7:    6777000 bytes,  223237952 total
- age   8:   51207328 bytes,  274445280 total
: 2506990K->399594K(2621440K), 0.2661800 secs] 7052980K->5011519K(8912896K), 0.2663240 secs] [Times: user=4.25 sys=0.00, real=0.27 secs] 
2012-11-14T21:31:07.834+0100: 3026.790: [GC 3026.790: [ParNew
Desired survivor size 268435456 bytes, new threshold 15 (max 15)
- age   1:   32447912 bytes,   32447912 total
- age   2:   21313640 bytes,   53761552 total
- age   3:   67221072 bytes,  120982624 total
- age   4:   31073472 bytes,  152056096 total
- age   5:   50145952 bytes,  202202048 total
- age   6:   19658432 bytes,  221860480 total
- age   7:   16916304 bytes,  238776784 total
- age   8:    6708504 bytes,  245485288 total
: 2496746K->351715K(2621440K), 0.2386290 secs] 7108671K->5013671K(8912896K), 0.2388190 secs] [Times: user=3.81 sys=0.00, real=0.24 secs] 
2012-11-14T21:31:26.435+0100: 3045.391: [GC 3045.391: [ParNew
Desired survivor size 268435456 bytes, new threshold 15 (max 15)
- age   1:   19869328 bytes,   19869328 total
- age   2:   22518112 bytes,   42387440 total
- age   3:   20111680 bytes,   62499120 total
- age   4:   65476624 bytes,  127975744 total
- age   5:   31022800 bytes,  158998544 total
- age   6:   50145408 bytes,  209143952 total
- age   7:   19657784 bytes,  228801736 total
- age   8:   16916224 bytes,  245717960 total
- age   9:    6707944 bytes,  252425904 total
: 2448867K->357127K(2621440K), 0.3801360 secs] 7110823K->5019082K(8912896K), 0.3802870 secs] [Times: user=6.70 sys=0.01, real=0.38 secs] 
2012-11-14T21:31:39.688+0100: 3058.644: [GC 3058.644: [ParNew
Desired survivor size 268435456 bytes, new threshold 9 (max 15)
- age   1:   45818648 bytes,   45818648 total
- age   2:   13292368 bytes,   59111016 total
- age   3:   21751880 bytes,   80862896 total
- age   4:   20083840 bytes,  100946736 total
- age   5:   65343528 bytes,  166290264 total
- age   6:   30718832 bytes,  197009096 total
- age   7:   50145304 bytes,  247154400 total
- age   8:   19619880 bytes,  266774280 total
- age   9:   16915984 bytes,  283690264 total
- age  10:    6704488 bytes,  290394752 total
: 2454279K->381875K(2621440K), 0.5007960 secs] 7116234K->5043830K(8912896K), 0.5009450 secs] [Times: user=8.92 sys=0.01, real=0.50 secs] 
2012-11-14T21:31:49.022+0100: 3067.978: [GC 3067.978: [ParNew
Desired survivor size 268435456 bytes, new threshold 8 (max 15)
- age   1:   38235016 bytes,   38235016 total
- age   2:   39988456 bytes,   78223472 total
- age   3:   12968032 bytes,   91191504 total
- age   4:   21600104 bytes,  112791608 total
- age   5:   20076144 bytes,  132867752 total
- age   6:   64919488 bytes,  197787240 total
- age   7:   30660832 bytes,  228448072 total
- age   8:   50144976 bytes,  278593048 total
- age   9:   19502272 bytes,  298095320 total
: 2479027K->381634K(2621440K), 0.4610230 secs] 7140982K->5066713K(8912896K), 0.4611780 secs] [Times: user=7.98 sys=0.01, real=0.47 secs] 
2012-11-14T21:31:56.008+0100: 3074.964: [GC 3074.964: [ParNew
Desired survivor size 268435456 bytes, new threshold 8 (max 15)
- age   1:   65537888 bytes,   65537888 total
- age   2:   32929120 bytes,   98467008 total
- age   3:   38924576 bytes,  137391584 total
- age   4:   12962240 bytes,  150353824 total
- age   5:   21458256 bytes,  171812080 total
- age   6:   20003016 bytes,  191815096 total
- age   7:   64654336 bytes,  256469432 total
- age   8:   30179056 bytes,  286648488 total
: 2478786K->383426K(2621440K), 0.7869160 secs] 7163865K->5136676K(8912896K), 0.7870720 secs] [Times: user=13.47 sys=0.02, real=0.79 secs] 
2012-11-14T21:31:56.796+0100: 3075.752: [GC [1 CMS-initial-mark: 4753250K(6291456K)] 5137067K(8912896K), 0.2920250 secs] [Times: user=0.29 sys=0.00, real=0.29 secs] 
2012-11-14T21:31:57.088+0100: 3076.044: [CMS-concurrent-mark-start]
2012-11-14T21:31:58.949+0100: 3077.905: [CMS-concurrent-mark: 1.854/1.861 secs] [Times: user=11.41 sys=0.18, real=1.86 secs] 
2012-11-14T21:31:58.949+0100: 3077.905: [CMS-concurrent-preclean-start]
2012-11-14T21:31:58.971+0100: 3077.927: [CMS-concurrent-preclean: 0.021/0.021 secs] [Times: user=0.04 sys=0.00, real=0.02 secs] 
2012-11-14T21:31:58.971+0100: 3077.927: [CMS-concurrent-abortable-preclean-start]
 CMS: abort preclean due to time 2012-11-14T21:32:10.233+0100: 3089.189: [CMS-concurrent-abortable-preclean: 11.254/11.262 secs] [Times: user=13.67 sys=0.21, real=11.27 secs] 
2012-11-14T21:32:10.233+0100: 3089.189: [GC[YG occupancy: 1433822 K (2621440 K)]3089.189: [Rescan (parallel) , 0.6636210 secs]3089.853: [weak refs processing, 0.0053720 secs] [1 CMS-remark: 4753250K(6291456K)] 6187072K(8912896K), 0.6691720 secs] [Times: user=10.73 sys=0.03, real=0.66 secs] 
2012-11-14T21:32:10.903+0100: 3089.859: [CMS-concurrent-sweep-start]
2012-11-14T21:32:16.372+0100: 3095.328: [CMS-concurrent-sweep: 5.465/5.470 secs] [Times: user=7.19 sys=0.37, real=5.48 secs] 
2012-11-14T21:32:16.372+0100: 3095.328: [CMS-concurrent-reset-start]
2012-11-14T21:32:16.388+0100: 3095.344: [CMS-concurrent-reset: 0.016/0.016 secs] [Times: user=0.02 sys=0.00, real=0.01 secs] 
2012-11-14T21:32:22.887+0100: 3101.843: [GC 3101.843: [ParNew
Desired survivor size 268435456 bytes, new threshold 8 (max 15)
- age   1:   57888144 bytes,   57888144 total
- age   2:   56850080 bytes,  114738224 total
- age   3:   32247632 bytes,  146985856 total
- age   4:   38350896 bytes,  185336752 total
- age   5:   12087760 bytes,  197424512 total
- age   6:   21394168 bytes,  218818680 total
- age   7:   19882368 bytes,  238701048 total
- age   8:   64313184 bytes,  303014232 total
: 2480578K->436185K(2621440K), 0.7366660 secs] 6319624K->4303320K(8912896K), 0.7368260 secs] [Times: user=12.87 sys=0.00, real=0.74 secs] 
2012-11-14T21:32:36.821+0100: 3115.777: [GC 3115.777: [ParNew
Desired survivor size 268435456 bytes, new threshold 15 (max 15)
- age   1:   32203184 bytes,   32203184 total
- age   2:   48027232 bytes,   80230416 total
- age   3:   56901392 bytes,  137131808 total
- age   4:   32056400 bytes,  169188208 total
- age   5:   38334528 bytes,  207522736 total
- age   6:   11957424 bytes,  219480160 total
- age   7:   21318040 bytes,  240798200 total
- age   8:   19881880 bytes,  260680080 total
: 2533337K->355772K(2621440K), 1.0324100 secs] 6400472K->4286156K(8912896K), 1.0325670 secs] [Times: user=14.58 sys=0.02, real=1.03 secs] 
2012-11-14T21:32:44.810+0100: 3123.766: [GC 3123.766: [ParNew
Desired survivor size 268435456 bytes, new threshold 8 (max 15)
- age   1:   48400832 bytes,   48400832 total
- age   2:   24791016 bytes,   73191848 total
- age   3:   45947336 bytes,  119139184 total
- age   4:   56783320 bytes,  175922504 total
- age   5:   32040600 bytes,  207963104 total
- age   6:   38324928 bytes,  246288032 total
- age   7:   11955872 bytes,  258243904 total
- age   8:   20922800 bytes,  279166704 total
- age   9:   19879616 bytes,  299046320 total
: 2452924K->409384K(2621440K), 0.5827070 secs] 6383308K->4339768K(8912896K), 0.5828440 secs] [Times: user=10.30 sys=0.00, real=0.59 secs] 
2012-11-14T21:32:58.889+0100: 3137.845: [GC 3137.845: [ParNew
Desired survivor size 268435456 bytes, new threshold 7 (max 15)
- age   1:   49083088 bytes,   49083088 total
- age   2:   39884552 bytes,   88967640 total
- age   3:   23377344 bytes,  112344984 total
- age   4:   45892024 bytes,  158237008 total
- age   5:   56669632 bytes,  214906640 total
- age   6:   31784352 bytes,  246690992 total
- age   7:   38186888 bytes,  284877880 total
- age   8:   11953520 bytes,  296831400 total
: 2506536K->395395K(2621440K), 0.4327560 secs] 6436920K->4365811K(8912896K), 0.4328980 secs] [Times: user=7.32 sys=0.00, real=0.43 secs] 
2012-11-14T21:33:11.770+0100: 3150.726: [GC 3150.726: [ParNew
Desired survivor size 268435456 bytes, new threshold 7 (max 15)
- age   1:   56592328 bytes,   56592328 total
- age   2:   40514936 bytes,   97107264 total
- age   3:   39650624 bytes,  136757888 total
- age   4:   22766272 bytes,  159524160 total
- age   5:   45859512 bytes,  205383672 total
- age   6:   56599848 bytes,  261983520 total
- age   7:   31650568 bytes,  293634088 total
: 2492464K->399881K(2621440K), 0.5923980 secs] 6462880K->4419393K(8912896K), 0.5925360 secs] [Times: user=10.08 sys=0.02, real=0.59 secs] 
2012-11-14T21:33:20.709+0100: 3159.665: [GC 3159.665: [ParNew
Desired survivor size 268435456 bytes, new threshold 7 (max 15)
- age   1:   37955232 bytes,   37955232 total
- age   2:   47077288 bytes,   85032520 total
- age   3:   39502632 bytes,  124535152 total
- age   4:   39642808 bytes,  164177960 total
- age   5:   22238984 bytes,  186416944 total
- age   6:   45525440 bytes,  231942384 total
- age   7:   56492944 bytes,  288435328 total
: 2497033K->380598K(2621440K), 0.2478890 secs] 6516545K->4431234K(8912896K), 0.2480330 secs] [Times: user=4.12 sys=0.00, real=0.25 secs] 
2012-11-14T21:33:32.737+0100: 3171.693: [GC 3171.693: [ParNew
Desired survivor size 268435456 bytes, new threshold 6 (max 15)
- age   1:   96074424 bytes,   96074424 total
- age   2:   33245496 bytes,  129319920 total
- age   3:   46009128 bytes,  175329048 total
- age   4:   36661224 bytes,  211990272 total
- age   5:   39443720 bytes,  251433992 total
- age   6:   22062904 bytes,  273496896 total
- age   7:   45483616 bytes,  318980512 total
: 2477750K->439591K(2621440K), 0.6427650 secs] 6528386K->4545840K(8912896K), 0.6429310 secs] [Times: user=11.00 sys=0.00, real=0.64 secs] 
2012-11-14T21:33:48.118+0100: 3187.074: [GC 3187.074: [ParNew
Desired survivor size 268435456 bytes, new threshold 6 (max 15)
- age   1:   56367704 bytes,   56367704 total
- age   2:   86647408 bytes,  143015112 total
- age   3:   32353352 bytes,  175368464 total
- age   4:   45065848 bytes,  220434312 total
- age   5:   36258600 bytes,  256692912 total
- age   6:   38096728 bytes,  294789640 total
: 2536774K->420153K(2621440K), 0.5520000 secs] 6643023K->4591700K(8912896K), 0.5521420 secs] [Times: user=9.37 sys=0.00, real=0.55 secs] 
2012-11-14T21:33:56.647+0100: 3195.603: [GC 3195.603: [ParNew
Desired survivor size 268435456 bytes, new threshold 6 (max 15)
- age   1:   51910800 bytes,   51910800 total
- age   2:   45222024 bytes,   97132824 total
- age   3:   86046392 bytes,  183179216 total
- age   4:   32340848 bytes,  215520064 total
- age   5:   44991432 bytes,  260511496 total
- age   6:   35805656 bytes,  296317152 total
: 2517305K->405633K(2621440K), 0.3071900 secs] 6688852K->4614884K(8912896K), 0.3073330 secs] [Times: user=5.07 sys=0.00, real=0.30 secs] 
2012-11-14T21:34:09.019+0100: 3207.975: [GC 3207.975: [ParNew
Desired survivor size 268435456 bytes, new threshold 6 (max 15)
- age   1:   52251264 bytes,   52251264 total
- age   2:   43936328 bytes,   96187592 total
- age   3:   42929712 bytes,  139117304 total
- age   4:   85972632 bytes,  225089936 total
- age   5:   32222216 bytes,  257312152 total
- age   6:   44882296 bytes,  302194448 total
: 2502785K->433183K(2621440K), 0.2203010 secs] 6712036K->4677925K(8912896K), 0.2204390 secs] [Times: user=3.56 sys=0.00, real=0.22 secs] 
2012-11-14T21:34:23.771+0100: 3222.727: [GC 3222.727: [ParNew
Desired survivor size 268435456 bytes, new threshold 5 (max 15)
- age   1:   68583504 bytes,   68583504 total
- age   2:   44128088 bytes,  112711592 total
- age   3:   42017816 bytes,  154729408 total
- age   4:   42281456 bytes,  197010864 total
- age   5:   85505792 bytes,  282516656 total
- age   6:   32215328 bytes,  314731984 total
: 2530335K->438008K(2621440K), 0.2324320 secs] 6775077K->4727088K(8912896K), 0.2325780 secs] [Times: user=3.78 sys=0.01, real=0.23 secs] 
2012-11-14T21:34:31.398+0100: 3230.354: [GC 3230.354: [ParNew
Desired survivor size 268435456 bytes, new threshold 4 (max 15)
- age   1:  133195752 bytes,  133195752 total
- age   2:   61508360 bytes,  194704112 total
- age   3:   43018024 bytes,  237722136 total
- age   4:   41733896 bytes,  279456032 total
- age   5:   41367168 bytes,  320823200 total
: 2535160K->472872K(2621440K), 0.4346500 secs] 6824240K->4877986K(8912896K), 0.4347890 secs] [Times: user=6.87 sys=0.00, real=0.44 secs] 
2012-11-14T21:34:34.491+0100: 3233.447: [GC 3233.447: [ParNew
Desired survivor size 268435456 bytes, new threshold 2 (max 15)
- age   1:  181094136 bytes,  181094136 total
- age   2:  121076720 bytes,  302170856 total
- age   3:   60718648 bytes,  362889504 total
- age   4:   42307296 bytes,  405196800 total
: 2570024K->524288K(2621440K), 0.9371950 secs] 6975138K->5035822K(8912896K), 0.9373340 secs] [Times: user=15.88 sys=0.00, real=0.94 secs] 
2012-11-14T21:34:43.544+0100: 3242.500: [GC 3242.500: [ParNew
Desired survivor size 268435456 bytes, new threshold 15 (max 15)
- age   1:   73235440 bytes,   73235440 total
- age   2:  172453152 bytes,  245688592 total
: 2621440K->417459K(2621440K), 0.5970070 secs] 7132974K->5149846K(8912896K), 0.5971490 secs] [Times: user=9.13 sys=0.01, real=0.59 secs] 
2012-11-14T21:34:44.142+0100: 3243.098: [GC [1 CMS-initial-mark: 4732386K(6291456K)] 5159365K(8912896K), 0.2164680 secs] [Times: user=0.22 sys=0.00, real=0.22 secs] 
2012-11-14T21:34:44.359+0100: 3243.314: [CMS-concurrent-mark-start]
2012-11-14T21:34:46.264+0100: 3245.220: [CMS-concurrent-mark: 1.899/1.905 secs] [Times: user=12.57 sys=0.49, real=1.91 secs] 
2012-11-14T21:34:46.264+0100: 3245.220: [CMS-concurrent-preclean-start]
2012-11-14T21:34:46.269+0100: 3245.225: [GC 3245.225: [ParNew
Desired survivor size 268435456 bytes, new threshold 3 (max 15)
- age   1:   39690640 bytes,   39690640 total
- age   2:   67912432 bytes,  107603072 total
- age   3:  171990152 bytes,  279593224 total
: 2514611K->405829K(2621440K), 0.1958800 secs] 7246998K->5138215K(8912896K), 0.1960130 secs] [Times: user=3.48 sys=0.00, real=0.20 secs] 
2012-11-14T21:34:46.481+0100: 3245.437: [CMS-concurrent-preclean: 0.020/0.217 secs] [Times: user=3.54 sys=0.00, real=0.21 secs] 
2012-11-14T21:34:46.481+0100: 3245.437: [CMS-concurrent-abortable-preclean-start]
2012-11-14T21:34:47.741+0100: 3246.697: [CMS-concurrent-abortable-preclean: 1.257/1.260 secs] [Times: user=2.96 sys=0.10, real=1.26 secs] 
2012-11-14T21:34:47.742+0100: 3246.698: [GC[YG occupancy: 1709859 K (2621440 K)]3246.698: [Rescan (parallel) , 0.3150980 secs]3247.013: [weak refs processing, 0.0003760 secs] [1 CMS-remark: 4732386K(6291456K)] 6442245K(8912896K), 0.3155990 secs] [Times: user=5.13 sys=0.01, real=0.32 secs] 
2012-11-14T21:34:48.058+0100: 3247.013: [CMS-concurrent-sweep-start]
2012-11-14T21:34:48.762+0100: 3247.718: [GC 3247.718: [ParNew
Desired survivor size 268435456 bytes, new threshold 15 (max 15)
- age   1:   22564496 bytes,   22564496 total
- age   2:   36601688 bytes,   59166184 total
- age   3:   66625144 bytes,  125791328 total
: 2502981K->279391K(2621440K), 0.2666800 secs] 7155695K->5100947K(8912896K), 0.2668200 secs] [Times: user=3.63 sys=0.02, real=0.27 secs] 
2012-11-14T21:34:51.243+0100: 3250.199: [GC 3250.199: [ParNew
Desired survivor size 268435456 bytes, new threshold 15 (max 15)
- age   1:   18825032 bytes,   18825032 total
- age   2:   19474720 bytes,   38299752 total
- age   3:   36596160 bytes,   74895912 total
- age   4:   65681384 bytes,  140577296 total
: 2376543K->187400K(2621440K), 0.3025060 secs] 6853260K->4664117K(8912896K), 0.3151410 secs] [Times: user=5.33 sys=0.01, real=0.31 secs] 
2012-11-14T21:34:54.014+0100: 3252.970: [CMS-concurrent-sweep: 5.366/5.957 secs] [Times: user=22.09 sys=0.57, real=5.96 secs] 
2012-11-14T21:34:54.014+0100: 3252.970: [CMS-concurrent-reset-start]
2012-11-14T21:34:54.030+0100: 3252.986: [CMS-concurrent-reset: 0.016/0.016 secs] [Times: user=0.04 sys=0.00, real=0.01 secs] 
2012-11-14T21:34:54.050+0100: 3253.006: [GC 3253.006: [ParNew
Desired survivor size 268435456 bytes, new threshold 15 (max 15)
- age   1:    4420440 bytes,    4420440 total
- age   2:   16504472 bytes,   20924912 total
- age   3:   18034576 bytes,   38959488 total
- age   4:   36128176 bytes,   75087664 total
- age   5:   64850776 bytes,  139938440 total
: 2284552K->193787K(2621440K), 0.3451170 secs] 6551532K->4460766K(8912896K), 0.3452370 secs] [Times: user=6.16 sys=0.00, real=0.35 secs] 
2012-11-14T21:34:56.550+0100: 3255.506: [GC 3255.506: [ParNew
Desired survivor size 268435456 bytes, new threshold 15 (max 15)
- age   1:    4825728 bytes,    4825728 total
- age   2:    3214696 bytes,    8040424 total
- age   3:   16501288 bytes,   24541712 total
- age   4:   17517592 bytes,   42059304 total
- age   5:   36126880 bytes,   78186184 total
- age   6:   64848952 bytes,  143035136 total
: 2290939K->194510K(2621440K), 0.3503740 secs] 6557918K->4461490K(8912896K), 0.3504910 secs] [Times: user=6.25 sys=0.01, real=0.36 secs] 
2012-11-14T21:34:59.394+0100: 3258.350: [GC 3258.350: [ParNew
Desired survivor size 268435456 bytes, new threshold 15 (max 15)
- age   1:    3738528 bytes,    3738528 total
- age   2:    3918632 bytes,    7657160 total
- age   3:    3159392 bytes,   10816552 total
- age   4:   16463944 bytes,   27280496 total
- age   5:   17015568 bytes,   44296064 total
- age   6:   36123520 bytes,   80419584 total
- age   7:   64845128 bytes,  145264712 total
: 2291662K->207446K(2621440K), 0.3572290 secs] 6558641K->4474425K(8912896K), 0.3573710 secs] [Times: user=6.37 sys=0.01, real=0.36 secs] 
2012-11-14T21:35:02.278+0100: 3261.234: [GC 3261.234: [ParNew
Desired survivor size 268435456 bytes, new threshold 15 (max 15)
- age   1:    1580016 bytes,    1580016 total
- age   2:    2179136 bytes,    3759152 total
- age   3:    3916464 bytes,    7675616 total
- age   4:    3156808 bytes,   10832424 total
- age   5:   16462208 bytes,   27294632 total
- age   6:   17013384 bytes,   44308016 total
- age   7:   36123184 bytes,   80431200 total
- age   8:   64380736 bytes,  144811936 total
: 2304598K->195546K(2621440K), 0.4082120 secs] 6571577K->4462525K(8912896K), 0.4083300 secs] [Times: user=7.29 sys=0.00, real=0.41 secs] 
2012-11-14T21:35:05.143+0100: 3264.099: [GC 3264.099: [ParNew
Desired survivor size 268435456 bytes, new threshold 15 (max 15)
- age   1:   17276304 bytes,   17276304 total
- age   2:     357208 bytes,   17633512 total
- age   3:    2177152 bytes,   19810664 total
- age   4:    3914608 bytes,   23725272 total
- age   5:    1551768 bytes,   25277040 total
- age   6:   16459232 bytes,   41736272 total
- age   7:   16955720 bytes,   58691992 total
- age   8:   36122840 bytes,   94814832 total
- age   9:   64380344 bytes,  159195176 total
: 2292698K->212574K(2621440K), 0.3540540 secs] 6559677K->4479554K(8912896K), 0.3541870 secs] [Times: user=6.27 sys=0.00, real=0.35 secs] 
2012-11-14T21:35:07.610+0100: 3266.566: [GC 3266.566: [ParNew
Desired survivor size 268435456 bytes, new threshold 15 (max 15)
- age   1:    4390880 bytes,    4390880 total
- age   2:   14461848 bytes,   18852728 total
- age   3:     352336 bytes,   19205064 total
- age   4:    2040904 bytes,   21245968 total
- age   5:    3909472 bytes,   25155440 total
- age   6:    1467264 bytes,   26622704 total
- age   7:   16023800 bytes,   42646504 total
- age   8:   16798064 bytes,   59444568 total
- age   9:   36122360 bytes,   95566928 total
- age  10:   64238944 bytes,  159805872 total
: 2309726K->226502K(2621440K), 0.2567230 secs] 6576706K->4493481K(8912896K), 0.2568400 secs] [Times: user=4.57 sys=0.00, real=0.26 secs] 
2012-11-14T21:35:10.075+0100: 3269.031: [GC 3269.031: [ParNew
Desired survivor size 268435456 bytes, new threshold 15 (max 15)
- age   1:   17791016 bytes,   17791016 total
- age   2:    2848088 bytes,   20639104 total
- age   3:   14295768 bytes,   34934872 total
- age   4:     349512 bytes,   35284384 total
- age   5:    1974568 bytes,   37258952 total
- age   6:    3847472 bytes,   41106424 total
- age   7:    1466224 bytes,   42572648 total
- age   8:   16020888 bytes,   58593536 total
- age   9:   16797360 bytes,   75390896 total
- age  10:   35658320 bytes,  111049216 total
- age  11:   63774760 bytes,  174823976 total
: 2323654K->241437K(2621440K), 0.3511590 secs] 6590633K->4508416K(8912896K), 0.3512840 secs] [Times: user=6.21 sys=0.01, real=0.35 secs] 
2012-11-14T21:35:12.410+0100: 3271.366: [GC 3271.366: [ParNew
Desired survivor size 268435456 bytes, new threshold 15 (max 15)
- age   1:    2005512 bytes,    2005512 total
- age   2:   14900616 bytes,   16906128 total
- age   3:    2710600 bytes,   19616728 total
- age   4:   14294168 bytes,   33910896 total
- age   5:     300064 bytes,   34210960 total
- age   6:    1048168 bytes,   35259128 total
- age   7:    3847352 bytes,   39106480 total
- age   8:    1466224 bytes,   40572704 total
- age   9:   16020384 bytes,   56593088 total
- age  10:   16795320 bytes,   73388408 total
- age  11:   35657896 bytes,  109046304 total
- age  12:   63774368 bytes,  172820672 total
: 2338588K->239450K(2621440K), 0.3107940 secs] 6605567K->4506430K(8912896K), 0.3109120 secs] [Times: user=5.55 sys=0.00, real=0.32 secs] 
2012-11-14T21:35:15.046+0100: 3274.002: [GC 3274.002: [ParNew
Desired survivor size 268435456 bytes, new threshold 15 (max 15)
- age   1:    3405552 bytes,    3405552 total
- age   2:    1007816 bytes,    4413368 total
- age   3:   14883584 bytes,   19296952 total
- age   4:    2698200 bytes,   21995152 total
- age   5:   14288968 bytes,   36284120 total
- age   6:     292912 bytes,   36577032 total
- age   7:    1040048 bytes,   37617080 total
- age   8:    3265128 bytes,   40882208 total
- age   9:    1459168 bytes,   42341376 total
- age  10:   15632232 bytes,   57973608 total
- age  11:   16783560 bytes,   74757168 total
- age  12:   35649984 bytes,  110407152 total
- age  13:   63698536 bytes,  174105688 total
: 2336602K->242661K(2621440K), 0.3422700 secs] 6603582K->4509641K(8912896K), 0.3424100 secs] [Times: user=6.10 sys=0.01, real=0.34 secs] 
2012-11-14T21:35:17.368+0100: 3276.324: [GC 3276.324: [ParNew
Desired survivor size 268435456 bytes, new threshold 15 (max 15)
- age   1:   53957416 bytes,   53957416 total
- age   2:    1721552 bytes,   55678968 total
- age   3:     946056 bytes,   56625024 total
- age   4:   14838824 bytes,   71463848 total
- age   5:    2697080 bytes,   74160928 total
- age   6:   13376496 bytes,   87537424 total
- age   7:     292808 bytes,   87830232 total
- age   8:    1039752 bytes,   88869984 total
- age   9:    3265000 bytes,   92134984 total
- age  10:    1459168 bytes,   93594152 total
- age  11:   15632088 bytes,  109226240 total
- age  12:   16783000 bytes,  126009240 total
- age  13:   35649960 bytes,  161659200 total
- age  14:   63698408 bytes,  225357608 total
: 2339813K->292280K(2621440K), 0.5027100 secs] 6606793K->4559259K(8912896K), 0.5028340 secs] [Times: user=8.96 sys=0.00, real=0.50 secs] 
2012-11-14T21:35:20.426+0100: 3279.382: [GC 3279.382: [ParNew
Desired survivor size 268435456 bytes, new threshold 15 (max 15)
- age   1:    2620400 bytes,    2620400 total
- age   2:   48769888 bytes,   51390288 total
- age   3:    1538984 bytes,   52929272 total
- age   4:     942360 bytes,   53871632 total
- age   5:   14837160 bytes,   68708792 total
- age   6:    2523904 bytes,   71232696 total
- age   7:   13375744 bytes,   84608440 total
- age   8:     292704 bytes,   84901144 total
- age   9:    1039312 bytes,   85940456 total
- age  10:    3264864 bytes,   89205320 total
- age  11:    1403528 bytes,   90608848 total
- age  12:   15456048 bytes,  106064896 total
- age  13:   16782984 bytes,  122847880 total
- age  14:   35649768 bytes,  158497648 total
- age  15:   63538000 bytes,  222035648 total
: 2389432K->298229K(2621440K), 0.5102720 secs] 6656411K->4565209K(8912896K), 0.5104090 secs] [Times: user=9.13 sys=0.00, real=0.51 secs] 
2012-11-14T21:35:23.527+0100: 3282.483: [GC 3282.483: [ParNew
Desired survivor size 268435456 bytes, new threshold 15 (max 15)
- age   1:    4121488 bytes,    4121488 total
- age   2:    1353496 bytes,    5474984 total
- age   3:   48742208 bytes,   54217192 total
- age   4:    1532208 bytes,   55749400 total
- age   5:     512560 bytes,   56261960 total
- age   6:   13903680 bytes,   70165640 total
- age   7:    1984968 bytes,   72150608 total
- age   8:   13375720 bytes,   85526328 total
- age   9:     187384 bytes,   85713712 total
- age  10:    1039312 bytes,   86753024 total
- age  11:    3264840 bytes,   90017864 total
- age  12:    1403400 bytes,   91421264 total
- age  13:   15455688 bytes,  106876952 total
- age  14:   16782736 bytes,  123659688 total
- age  15:   35649768 bytes,  159309456 total
: 2395381K->238029K(2621440K), 0.6121530 secs] 6662361K->4567481K(8912896K), 0.6122940 secs] [Times: user=10.59 sys=0.00, real=0.61 secs] 
2012-11-14T21:35:44.209+0100: 3303.165: [GC 3303.165: [ParNew
Desired survivor size 268435456 bytes, new threshold 15 (max 15)
- age   1:   17378024 bytes,   17378024 total
- age   2:    1591960 bytes,   18969984 total
- age   3:    1280560 bytes,   20250544 total
- age   4:   47774840 bytes,   68025384 total
- age   5:     475592 bytes,   68500976 total
- age   6:     451952 bytes,   68952928 total
- age   7:   13839400 bytes,   82792328 total
- age   8:    1967640 bytes,   84759968 total
- age   9:   13374912 bytes,   98134880 total
- age  10:     187352 bytes,   98322232 total
- age  11:    1030072 bytes,   99352304 total
- age  12:    3152784 bytes,  102505088 total
- age  13:    1294640 bytes,  103799728 total
- age  14:   15402952 bytes,  119202680 total
- age  15:   16779936 bytes,  135982616 total
: 2335181K->218485K(2621440K), 0.3930790 secs] 6664633K->4582305K(8912896K), 0.3932570 secs] [Times: user=6.74 sys=0.00, real=0.39 secs] 
2012-11-14T21:35:54.386+0100: 3313.341: [GC 3313.342: [ParNew
Desired survivor size 268435456 bytes, new threshold 15 (max 15)
- age   1:   28508208 bytes,   28508208 total
- age   2:   12939064 bytes,   41447272 total
- age   3:    1449112 bytes,   42896384 total
- age   4:    1276968 bytes,   44173352 total
- age   5:   47630920 bytes,   91804272 total
- age   6:     473048 bytes,   92277320 total
- age   7:     451472 bytes,   92728792 total
- age   8:   13761792 bytes,  106490584 total
- age   9:    1966376 bytes,  108456960 total
- age  10:   13374912 bytes,  121831872 total
- age  11:     187168 bytes,  122019040 total
- age  12:    1029736 bytes,  123048776 total
- age  13:    3099208 bytes,  126147984 total
- age  14:    1294384 bytes,  127442368 total
- age  15:   15402320 bytes,  142844688 total
: 2315637K->197725K(2621440K), 0.1591090 secs] 6679457K->4578144K(8912896K), 0.1592490 secs] [Times: user=2.61 sys=0.00, real=0.16 secs] 
2012-11-14T21:36:10.432+0100: 3329.388: [GC 3329.389: [ParNew
Desired survivor size 268435456 bytes, new threshold 15 (max 15)
- age   1:   43940624 bytes,   43940624 total
- age   2:   21065408 bytes,   65006032 total
- age   3:   11711280 bytes,   76717312 total
- age   4:    1427472 bytes,   78144784 total
- age   5:    1268672 bytes,   79413456 total
- age   6:   46083984 bytes,  125497440 total
- age   7:     467848 bytes,  125965288 total
- age   8:     451472 bytes,  126416760 total
- age   9:   13761040 bytes,  140177800 total
- age  10:    1964096 bytes,  142141896 total
- age  11:   13374704 bytes,  155516600 total
- age  12:     186688 bytes,  155703288 total
- age  13:    1029736 bytes,  156733024 total
- age  14:    2675928 bytes,  159408952 total
- age  15:    1293952 bytes,  160702904 total
: 2294877K->222795K(2621440K), 0.3446900 secs] 6675296K->4618466K(8912896K), 0.3448370 secs] [Times: user=6.04 sys=0.00, real=0.35 secs] 
2012-11-14T21:36:17.039+0100: 3335.995: [GC 3335.995: [ParNew
Desired survivor size 268435456 bytes, new threshold 15 (max 15)
- age   1:   57897072 bytes,   57897072 total
- age   2:   38698760 bytes,   96595832 total
- age   3:   20358640 bytes,  116954472 total
- age   4:   11579464 bytes,  128533936 total
- age   5:    1427320 bytes,  129961256 total
- age   6:    1268280 bytes,  131229536 total
- age   7:   46083568 bytes,  177313104 total
- age   8:     310728 bytes,  177623832 total
- age   9:     451472 bytes,  178075304 total
- age  10:   13761040 bytes,  191836344 total
- age  11:    1964096 bytes,  193800440 total
- age  12:   13374752 bytes,  207175192 total
- age  13:     186688 bytes,  207361880 total
- age  14:    1029736 bytes,  208391616 total
- age  15:    2675928 bytes,  211067544 total
: 2319947K->280502K(2621440K), 0.5944080 secs] 6715618K->4677454K(8912896K), 0.5945510 secs] [Times: user=10.51 sys=0.00, real=0.59 secs] 
2012-11-14T21:36:41.314+0100: 3360.270: [GC 3360.270: [ParNew
Desired survivor size 268435456 bytes, new threshold 15 (max 15)
- age   1:   54178456 bytes,   54178456 total
- age   2:   51348912 bytes,  105527368 total
- age   3:   37859744 bytes,  143387112 total
- age   4:   19978976 bytes,  163366088 total
- age   5:   10566064 bytes,  173932152 total
- age   6:    1425600 bytes,  175357752 total
- age   7:    1039280 bytes,  176397032 total
- age   8:   46083568 bytes,  222480600 total
- age   9:     309608 bytes,  222790208 total
- age  10:     402592 bytes,  223192800 total
- age  11:   13600176 bytes,  236792976 total
- age  12:    1964080 bytes,  238757056 total
- age  13:   13374536 bytes,  252131592 total
- age  14:     186640 bytes,  252318232 total
- age  15:    1007752 bytes,  253325984 total
: 2377654K->358571K(2621440K), 0.5857720 secs] 6774606K->4758139K(8912896K), 0.5859340 secs] [Times: user=10.36 sys=0.01, real=0.59 secs] 
2012-11-14T21:37:03.010+0100: 3381.966: [GC 3381.966: [ParNew
Desired survivor size 268435456 bytes, new threshold 15 (max 15)
- age   1:   50878392 bytes,   50878392 total
- age   2:   19984704 bytes,   70863096 total
- age   3:   51076912 bytes,  121940008 total
- age   4:   37822872 bytes,  159762880 total
- age   5:   19896608 bytes,  179659488 total
- age   6:   10245232 bytes,  189904720 total
- age   7:    1425032 bytes,  191329752 total
- age   8:     943920 bytes,  192273672 total
- age   9:   46053472 bytes,  238327144 total
- age  10:     309112 bytes,  238636256 total
- age  11:     402152 bytes,  239038408 total
- age  12:   13572336 bytes,  252610744 total
- age  13:    1963872 bytes,  254574616 total
- age  14:   13374384 bytes,  267949000 total
- age  15:     186592 bytes,  268135592 total
: 2455723K->352805K(2621440K), 0.6172260 secs] 6855291K->4753356K(8912896K), 0.6174190 secs] [Times: user=10.81 sys=0.00, real=0.62 secs] 
2012-11-14T21:37:28.138+0100: 3407.094: [GC 3407.094: [ParNew
Desired survivor size 268435456 bytes, new threshold 13 (max 15)
- age   1:   31401840 bytes,   31401840 total
- age   2:   41661664 bytes,   73063504 total
- age   3:   17901216 bytes,   90964720 total
- age   4:   51033952 bytes,  141998672 total
- age   5:   37799768 bytes,  179798440 total
- age   6:   19474312 bytes,  199272752 total
- age   7:    9824736 bytes,  209097488 total
- age   8:    1345744 bytes,  210443232 total
- age   9:     829960 bytes,  211273192 total
- age  10:   45992744 bytes,  257265936 total
- age  11:     305808 bytes,  257571744 total
- age  12:     401968 bytes,  257973712 total
- age  13:   13526944 bytes,  271500656 total
- age  14:    1963728 bytes,  273464384 total
- age  15:   13317160 bytes,  286781544 total
: 2449957K->372546K(2621440K), 0.6079150 secs] 6850508K->4773280K(8912896K), 0.6080540 secs] [Times: user=10.79 sys=0.00, real=0.61 secs] 
2012-11-14T21:37:47.781+0100: 3426.737: [GC 3426.737: [ParNew
Desired survivor size 268435456 bytes, new threshold 11 (max 15)
- age   1:   50677392 bytes,   50677392 total
- age   2:   17879048 bytes,   68556440 total
- age   3:   41059632 bytes,  109616072 total
- age   4:   17004360 bytes,  126620432 total
- age   5:   51032256 bytes,  177652688 total
- age   6:   37755776 bytes,  215408464 total
- age   7:   19413720 bytes,  234822184 total
- age   8:    9782448 bytes,  244604632 total
- age   9:    1300392 bytes,  245905024 total
- age  10:     829160 bytes,  246734184 total
- age  11:   45992616 bytes,  292726800 total
- age  12:     305648 bytes,  293032448 total
- age  13:     393112 bytes,  293425560 total
: 2469698K->391664K(2621440K), 0.8595630 secs] 6870432K->4820974K(8912896K), 0.8597050 secs] [Times: user=15.14 sys=0.01, real=0.86 secs] 
2012-11-14T21:38:00.944+0100: 3439.900: [GC 3439.900: [ParNew
Desired survivor size 268435456 bytes, new threshold 9 (max 15)
- age   1:   39484712 bytes,   39484712 total
- age   2:   42129472 bytes,   81614184 total
- age   3:   17379064 bytes,   98993248 total
- age   4:   41025496 bytes,  140018744 total
- age   5:   16996008 bytes,  157014752 total
- age   6:   51030736 bytes,  208045488 total
- age   7:   37755000 bytes,  245800488 total
- age   8:   19412064 bytes,  265212552 total
- age   9:    9779848 bytes,  274992400 total
- age  10:    1300264 bytes,  276292664 total
- age  11:     829160 bytes,  277121824 total
: 2488816K->346723K(2621440K), 0.8796610 secs] 6918126K->4821859K(8912896K), 0.8865670 secs] [Times: user=15.35 sys=0.02, real=0.89 secs] 
2012-11-14T21:38:13.969+0100: 3452.925: [GC 3452.925: [ParNew
Desired survivor size 268435456 bytes, new threshold 8 (max 15)
- age   1:   48072728 bytes,   48072728 total
- age   2:   32489560 bytes,   80562288 total
- age   3:   41379856 bytes,  121942144 total
- age   4:   16794184 bytes,  138736328 total
- age   5:   41004488 bytes,  179740816 total
- age   6:   16919888 bytes,  196660704 total
- age   7:   51028984 bytes,  247689688 total
- age   8:   37752592 bytes,  285442280 total
- age   9:   19411800 bytes,  304854080 total
: 2443875K->395112K(2621440K), 0.5617680 secs] 6919011K->4881625K(8912896K), 0.5619410 secs] [Times: user=9.81 sys=0.00, real=0.56 secs] 
2012-11-14T21:38:49.031+0100: 3487.987: [GC 3487.987: [ParNew
Desired survivor size 268435456 bytes, new threshold 8 (max 15)
- age   1:   54444528 bytes,   54444528 total
- age   2:   38998080 bytes,   93442608 total
- age   3:   31535760 bytes,  124978368 total
- age   4:   40571808 bytes,  165550176 total
- age   5:   16672096 bytes,  182222272 total
- age   6:   40296320 bytes,  222518592 total
- age   7:   16888824 bytes,  239407416 total
- age   8:   51026312 bytes,  290433728 total
: 2492264K->421214K(2621440K), 0.6625210 secs] 6978777K->4963775K(8912896K), 0.6626760 secs] [Times: user=11.31 sys=0.01, real=0.66 secs] 
2012-11-14T21:39:16.712+0100: 3515.668: [GC 3515.668: [ParNew
Desired survivor size 268435456 bytes, new threshold 8 (max 15)
- age   1:   48676872 bytes,   48676872 total
- age   2:   44081984 bytes,   92758856 total
- age   3:   37323312 bytes,  130082168 total
- age   4:   31344032 bytes,  161426200 total
- age   5:   40479848 bytes,  201906048 total
- age   6:   16603600 bytes,  218509648 total
- age   7:   39819480 bytes,  258329128 total
- age   8:   16798992 bytes,  275128120 total
: 2518366K->364157K(2621440K), 0.4374290 secs] 7060927K->4956768K(8912896K), 0.4375840 secs] [Times: user=7.30 sys=0.01, real=0.44 secs] 
2012-11-14T21:39:40.599+0100: 3539.555: [GC 3539.555: [ParNew
Desired survivor size 268435456 bytes, new threshold 8 (max 15)
- age   1:   61735184 bytes,   61735184 total
- age   2:   37295352 bytes,   99030536 total
- age   3:   43362080 bytes,  142392616 total
- age   4:   37103888 bytes,  179496504 total
- age   5:   31340696 bytes,  210837200 total
- age   6:   40002032 bytes,  250839232 total
- age   7:   16551432 bytes,  267390664 total
- age   8:   39817992 bytes,  307208656 total
: 2461309K->375926K(2621440K), 0.1944700 secs] 7053920K->4985106K(8912896K), 0.1946260 secs] [Times: user=3.21 sys=0.00, real=0.19 secs] 
2012-11-14T21:39:58.227+0100: 3557.183: [GC 3557.183: [ParNew
Desired survivor size 268435456 bytes, new threshold 7 (max 15)
- age   1:   65358904 bytes,   65358904 total
- age   2:   52413304 bytes,  117772208 total
- age   3:   37169440 bytes,  154941648 total
- age   4:   43291576 bytes,  198233224 total
- age   5:   36952880 bytes,  235186104 total
- age   6:   31339952 bytes,  266526056 total
- age   7:   40000648 bytes,  306526704 total
- age   8:   16550544 bytes,  323077248 total
: 2473078K->471448K(2621440K), 0.1993550 secs] 7082258K->5120030K(8912896K), 0.1994910 secs] [Times: user=3.09 sys=0.00, real=0.20 secs] 
2012-11-14T21:40:19.225+0100: 3578.181: [GC 3578.181: [ParNew
Desired survivor size 268435456 bytes, new threshold 7 (max 15)
- age   1:   42993032 bytes,   42993032 total
- age   2:   53776424 bytes,   96769456 total
- age   3:   49323288 bytes,  146092744 total
- age   4:   36827376 bytes,  182920120 total
- age   5:   42594968 bytes,  225515088 total
- age   6:   36662024 bytes,  262177112 total
- age   7:   31338280 bytes,  293515392 total
: 2568600K->409953K(2621440K), 0.3047020 secs] 7217182K->5113702K(8912896K), 0.3048580 secs] [Times: user=5.01 sys=0.00, real=0.30 secs] 
2012-11-14T21:40:44.334+0100: 3603.290: [GC 3603.290: [ParNew
Desired survivor size 268435456 bytes, new threshold 7 (max 15)
- age   1:   22484976 bytes,   22484976 total
- age   2:   30704792 bytes,   53189768 total
- age   3:   52656384 bytes,  105846152 total
- age   4:   49180424 bytes,  155026576 total
- age   5:   36825448 bytes,  191852024 total
- age   6:   42591400 bytes,  234443424 total
- age   7:   36661000 bytes,  271104424 total
: 2507105K->371622K(2621440K), 0.0865330 secs] 7210854K->5106402K(8912896K), 0.0866890 secs] [Times: user=1.24 sys=0.01, real=0.09 secs] 
2012-11-14T21:40:44.421+0100: 3603.377: [GC [1 CMS-initial-mark: 4734780K(6291456K)] 5107379K(8912896K), 0.3169160 secs] [Times: user=0.31 sys=0.00, real=0.31 secs] 
2012-11-14T21:40:44.738+0100: 3603.694: [CMS-concurrent-mark-start]
2012-11-14T21:40:46.583+0100: 3605.539: [CMS-concurrent-mark: 1.839/1.844 secs] [Times: user=10.08 sys=0.05, real=1.85 secs] 
2012-11-14T21:40:46.583+0100: 3605.539: [CMS-concurrent-preclean-start]
2012-11-14T21:40:46.605+0100: 3605.561: [CMS-concurrent-preclean: 0.022/0.023 secs] [Times: user=0.02 sys=0.00, real=0.02 secs] 
2012-11-14T21:40:46.605+0100: 3605.561: [CMS-concurrent-abortable-preclean-start]
 CMS: abort preclean due to time 2012-11-14T21:40:59.088+0100: 3618.044: [CMS-concurrent-abortable-preclean: 12.286/12.482 secs] [Times: user=19.24 sys=0.50, real=12.49 secs] 
2012-11-14T21:40:59.088+0100: 3618.044: [GC[YG occupancy: 2377665 K (2621440 K)]3618.044: [Rescan (parallel) , 1.3045750 secs]3619.349: [weak refs processing, 0.0074190 secs] [1 CMS-remark: 4734780K(6291456K)] 7112445K(8912896K), 1.3129820 secs] [Times: user=21.08 sys=0.01, real=1.31 secs] 
2012-11-14T21:41:00.401+0100: 3619.357: [CMS-concurrent-sweep-start]
2012-11-14T21:41:01.195+0100: 3620.151: [GC 3620.151: [ParNew
Desired survivor size 268435456 bytes, new threshold 15 (max 15)
- age   1:   40366016 bytes,   40366016 total
- age   2:   11045560 bytes,   51411576 total
- age   3:   30633376 bytes,   82044952 total
- age   4:   52477600 bytes,  134522552 total
- age   5:   49021536 bytes,  183544088 total
- age   6:   36822048 bytes,  220366136 total
- age   7:   42222496 bytes,  262588632 total
: 2468671K->363164K(2621440K), 0.2906910 secs] 7154608K->5085459K(8912896K), 0.2908430 secs] [Times: user=1.35 sys=0.01, real=0.29 secs] 
2012-11-14T21:41:06.356+0100: 3625.312: [CMS-concurrent-sweep: 5.530/5.954 secs] [Times: user=11.40 sys=0.49, real=5.95 secs] 
2012-11-14T21:41:06.356+0100: 3625.312: [CMS-concurrent-reset-start]
2012-11-14T21:41:06.372+0100: 3625.328: [CMS-concurrent-reset: 0.016/0.016 secs] [Times: user=0.02 sys=0.00, real=0.02 secs] 
2012-11-14T21:41:16.480+0100: 3635.436: [GC 3635.436: [ParNew
Desired survivor size 268435456 bytes, new threshold 7 (max 15)
- age   1:   68537432 bytes,   68537432 total
- age   2:   31962792 bytes,  100500224 total
- age   3:    8852128 bytes,  109352352 total
- age   4:   30629480 bytes,  139981832 total
- age   5:   52402888 bytes,  192384720 total
- age   6:   49014280 bytes,  241399000 total
- age   7:   36655776 bytes,  278054776 total
- age   8:   42210736 bytes,  320265512 total
: 2460316K->447130K(2621440K), 0.1229620 secs] 6441816K->4428630K(8912896K), 0.1231070 secs] [Times: user=1.91 sys=0.00, real=0.12 secs] 
2012-11-14T21:41:30.419+0100: 3649.375: [GC 3649.375: [ParNew
Desired survivor size 268435456 bytes, new threshold 7 (max 15)
- age   1:   53193240 bytes,   53193240 total
- age   2:   58646736 bytes,  111839976 total
- age   3:   31271304 bytes,  143111280 total
- age   4:    8334312 bytes,  151445592 total
- age   5:   30539832 bytes,  181985424 total
- age   6:   52377992 bytes,  234363416 total
- age   7:   48947728 bytes,  283311144 total
: 2544282K->413663K(2621440K), 0.1356310 secs] 6525782K->4473125K(8912896K), 0.1357650 secs] [Times: user=1.71 sys=0.00, real=0.13 secs] 
2012-11-14T21:41:52.927+0100: 3671.882: [GC 3671.883: [ParNew
Desired survivor size 268435456 bytes, new threshold 7 (max 15)
- age   1:   86248872 bytes,   86248872 total
- age   2:   44172176 bytes,  130421048 total
- age   3:   57087704 bytes,  187508752 total
- age   4:   31104856 bytes,  218613608 total
- age   5:    8332432 bytes,  226946040 total
- age   6:   30260680 bytes,  257206720 total
- age   7:   52350720 bytes,  309557440 total
: 2510815K->436634K(2621440K), 0.3046460 secs] 6570277K->4543796K(8912896K), 0.3048050 secs] [Times: user=4.98 sys=0.00, real=0.32 secs] 
2012-11-14T21:42:27.910+0100: 3706.866: [GC 3706.866: [ParNew
Desired survivor size 268435456 bytes, new threshold 7 (max 15)
- age   1:   36480072 bytes,   36480072 total
- age   2:   74632600 bytes,  111112672 total
- age   3:   43487288 bytes,  154599960 total
- age   4:   57024304 bytes,  211624264 total
- age   5:   30995848 bytes,  242620112 total
- age   6:    8327712 bytes,  250947824 total
- age   7:   30258008 bytes,  281205832 total
: 2533786K->411308K(2621440K), 0.1410290 secs] 6640948K->4570392K(8912896K), 0.1411840 secs] [Times: user=2.02 sys=0.00, real=0.15 secs] 
2012-11-14T21:42:44.594+0100: 3723.550: [GC 3723.550: [ParNew
Desired survivor size 268435456 bytes, new threshold 6 (max 15)
- age   1:   61414824 bytes,   61414824 total
- age   2:   22937680 bytes,   84352504 total
- age   3:   73785736 bytes,  158138240 total
- age   4:   43432904 bytes,  201571144 total
- age   5:   57023224 bytes,  258594368 total
- age   6:   30994744 bytes,  289589112 total
- age   7:    8275632 bytes,  297864744 total
: 2508460K->401585K(2621440K), 0.1501800 secs] 6667544K->4590182K(8912896K), 0.1503480 secs] [Times: user=2.41 sys=0.00, real=0.15 secs] 
2012-11-14T21:43:11.847+0100: 3750.803: [GC 3750.803: [ParNew
Desired survivor size 268435456 bytes, new threshold 6 (max 15)
- age   1:   35882168 bytes,   35882168 total
- age   2:   51007752 bytes,   86889920 total
- age   3:   21949480 bytes,  108839400 total
- age   4:   73424408 bytes,  182263808 total
- age   5:   43407872 bytes,  225671680 total
- age   6:   57022848 bytes,  282694528 total
: 2498737K->384147K(2621440K), 0.2297250 secs] 6687334K->4611469K(8912896K), 0.2298780 secs] [Times: user=3.74 sys=0.01, real=0.23 secs] 
2012-11-14T21:43:30.048+0100: 3769.004: [GC 3769.004: [ParNew
Desired survivor size 268435456 bytes, new threshold 6 (max 15)
- age   1:   61308680 bytes,   61308680 total
- age   2:   22307712 bytes,   83616392 total
- age   3:   50839360 bytes,  134455752 total
- age   4:   21814824 bytes,  156270576 total
- age   5:   73423080 bytes,  229693656 total
- age   6:   43405576 bytes,  273099232 total
: 2481299K->403463K(2621440K), 0.1446070 secs] 6708621K->4687310K(8912896K), 0.1447540 secs] [Times: user=2.03 sys=0.00, real=0.14 secs] 
2012-11-14T21:43:50.869+0100: 3789.825: [GC 3789.825: [ParNew
Desired survivor size 268435456 bytes, new threshold 6 (max 15)
- age   1:   83282336 bytes,   83282336 total
- age   2:   49968024 bytes,  133250360 total
- age   3:   20883328 bytes,  154133688 total
- age   4:   50587472 bytes,  204721160 total
- age   5:   21813880 bytes,  226535040 total
- age   6:   73192528 bytes,  299727568 total
: 2500615K->388789K(2621440K), 0.2241800 secs] 6784462K->4715660K(8912896K), 0.2243360 secs] [Times: user=3.52 sys=0.00, real=0.22 secs] 
2012-11-14T21:44:08.636+0100: 3807.592: [GC 3807.592: [ParNew
Desired survivor size 268435456 bytes, new threshold 15 (max 15)
- age   1:   46803248 bytes,   46803248 total
- age   2:   73381472 bytes,  120184720 total
- age   3:   49811872 bytes,  169996592 total
- age   4:   20880056 bytes,  190876648 total
- age   5:   50100528 bytes,  240977176 total
- age   6:   21798896 bytes,  262776072 total
: 2485941K->364379K(2621440K), 0.2173590 secs] 6812812K->4763142K(8912896K), 0.2175110 secs] [Times: user=3.25 sys=0.00, real=0.21 secs] 
2012-11-14T21:44:27.019+0100: 3825.975: [GC 3825.975: [ParNew
Desired survivor size 268435456 bytes, new threshold 6 (max 15)
- age   1:   71747488 bytes,   71747488 total
- age   2:   37422784 bytes,  109170272 total
- age   3:   71381752 bytes,  180552024 total
- age   4:   49786096 bytes,  230338120 total
- age   5:   20868024 bytes,  251206144 total
- age   6:   50099080 bytes,  301305224 total
- age   7:   21795864 bytes,  323101088 total
: 2461297K->422673K(2621440K), 0.4128050 secs] 6860061K->4821436K(8912896K), 0.4129520 secs] [Times: user=7.25 sys=0.00, real=0.41 secs] 
2012-11-14T21:44:55.226+0100: 3854.182: [GC 3854.182: [ParNew
Desired survivor size 268435456 bytes, new threshold 15 (max 15)
- age   1:   16507584 bytes,   16507584 total
- age   2:   61772680 bytes,   78280264 total
- age   3:   36861088 bytes,  115141352 total
- age   4:   71293936 bytes,  186435288 total
- age   5:   49683168 bytes,  236118456 total
- age   6:   20821344 bytes,  256939800 total
: 2519825K->385522K(2621440K), 0.4952600 secs] 6918588K->4854398K(8912896K), 0.4954040 secs] [Times: user=8.36 sys=0.00, real=0.51 secs] 
2012-11-14T21:45:13.140+0100: 3872.096: [GC 3872.096: [ParNew
Desired survivor size 268435456 bytes, new threshold 6 (max 15)
- age   1:   49944096 bytes,   49944096 total
- age   2:    6987016 bytes,   56931112 total
- age   3:   60880048 bytes,  117811160 total
- age   4:   36858696 bytes,  154669856 total
- age   5:   71291408 bytes,  225961264 total
- age   6:   49680408 bytes,  275641672 total
- age   7:   20821312 bytes,  296462984 total
: 2482674K->366383K(2621440K), 0.3431140 secs] 6951550K->4835260K(8912896K), 0.3432760 secs] [Times: user=5.97 sys=0.01, real=0.35 secs] 
2012-11-14T21:45:22.958+0100: 3881.914: [GC 3881.914: [ParNew
Desired survivor size 268435456 bytes, new threshold 15 (max 15)
- age   1:   40280144 bytes,   40280144 total
- age   2:   43372520 bytes,   83652664 total
- age   3:    3808248 bytes,   87460912 total
- age   4:   60818168 bytes,  148279080 total
- age   5:   36687872 bytes,  184966952 total
- age   6:   71288128 bytes,  256255080 total
: 2463535K->422330K(2621440K), 0.2662390 secs] 6932412K->4961070K(8912896K), 0.2663810 secs] [Times: user=4.27 sys=0.00, real=0.27 secs] 
2012-11-14T21:45:30.109+0100: 3889.065: [GC 3889.065: [ParNew
Desired survivor size 268435456 bytes, new threshold 7 (max 15)
- age   1:   39726376 bytes,   39726376 total
- age   2:   34037384 bytes,   73763760 total
- age   3:   42385744 bytes,  116149504 total
- age   4:    3801432 bytes,  119950936 total
- age   5:   60394384 bytes,  180345320 total
- age   6:   36687424 bytes,  217032744 total
- age   7:   71285792 bytes,  288318536 total
: 2519482K->392508K(2621440K), 0.3267670 secs] 7058222K->4931248K(8912896K), 0.3269220 secs] [Times: user=5.69 sys=0.00, real=0.33 secs] 
2012-11-14T21:45:34.972+0100: 3893.928: [GC 3893.928: [ParNew
Desired survivor size 268435456 bytes, new threshold 15 (max 15)
- age   1:   18961968 bytes,   18961968 total
- age   2:   32692960 bytes,   51654928 total
- age   3:   33567224 bytes,   85222152 total
- age   4:   41918864 bytes,  127141016 total
- age   5:    3800880 bytes,  130941896 total
- age   6:   59879424 bytes,  190821320 total
- age   7:   36687488 bytes,  227508808 total
: 2489660K->305712K(2621440K), 0.5096600 secs] 7028400K->4914626K(8912896K), 0.5098120 secs] [Times: user=8.64 sys=0.00, real=0.51 secs] 
2012-11-14T21:45:37.958+0100: 3896.914: [GC 3896.914: [ParNew
Desired survivor size 268435456 bytes, new threshold 15 (max 15)
- age   1:   17222280 bytes,   17222280 total
- age   2:   15452792 bytes,   32675072 total
- age   3:   32245792 bytes,   64920864 total
- age   4:   32540776 bytes,   97461640 total
- age   5:   41918320 bytes,  139379960 total
- age   6:    3800504 bytes,  143180464 total
- age   7:   59878504 bytes,  203058968 total
- age   8:   36686784 bytes,  239745752 total
: 2402864K->317681K(2621440K), 0.0582810 secs] 7011778K->4926594K(8912896K), 0.0584180 secs] [Times: user=0.95 sys=0.02, real=0.06 secs] 
2012-11-14T21:45:48.249+0100: 3907.205: [GC 3907.205: [ParNew
Desired survivor size 268435456 bytes, new threshold 15 (max 15)
- age   1:   13241280 bytes,   13241280 total
- age   2:   14200848 bytes,   27442128 total
- age   3:   14451232 bytes,   41893360 total
- age   4:   29494728 bytes,   71388088 total
- age   5:   32089456 bytes,  103477544 total
- age   6:   41420800 bytes,  144898344 total
- age   7:    3798072 bytes,  148696416 total
- age   8:   59877328 bytes,  208573744 total
- age   9:   36628216 bytes,  245201960 total
: 2414833K->334917K(2621440K), 0.1099360 secs] 7023746K->4943830K(8912896K), 0.1100730 secs] [Times: user=1.92 sys=0.00, real=0.12 secs] 
2012-11-14T21:46:02.349+0100: 3921.305: [GC 3921.305: [ParNew
Desired survivor size 268435456 bytes, new threshold 10 (max 15)
- age   1:   42777032 bytes,   42777032 total
- age   2:    8370736 bytes,   51147768 total
- age   3:   13686600 bytes,   64834368 total
- age   4:   14191224 bytes,   79025592 total
- age   5:   29336536 bytes,  108362128 total
- age   6:   32087744 bytes,  140449872 total
- age   7:   41409000 bytes,  181858872 total
- age   8:    3716064 bytes,  185574936 total
- age   9:   59875896 bytes,  245450832 total
- age  10:   36618280 bytes,  282069112 total
: 2432069K->359581K(2621440K), 0.0756730 secs] 7040982K->4968495K(8912896K), 0.0758160 secs] [Times: user=1.15 sys=0.00, real=0.08 secs] 
2012-11-14T21:46:13.682+0100: 3932.637: [GC 3932.638: [ParNew
Desired survivor size 268435456 bytes, new threshold 10 (max 15)
- age   1:   58531568 bytes,   58531568 total
- age   2:   33822384 bytes,   92353952 total
- age   3:    6844624 bytes,   99198576 total
- age   4:   13673536 bytes,  112872112 total
- age   5:   13996296 bytes,  126868408 total
- age   6:   29288936 bytes,  156157344 total
- age   7:   31455192 bytes,  187612536 total
- age   8:   41405712 bytes,  229018248 total
- age   9:    3657184 bytes,  232675432 total
- age  10:   59826520 bytes,  292501952 total
: 2456733K->412418K(2621440K), 0.1024550 secs] 7065647K->5057514K(8912896K), 0.1026240 secs] [Times: user=1.42 sys=0.01, real=0.10 secs] 
2012-11-14T21:46:27.851+0100: 3946.807: [GC 3946.807: [ParNew
Desired survivor size 268435456 bytes, new threshold 15 (max 15)
- age   1:   36357216 bytes,   36357216 total
- age   2:   47752488 bytes,   84109704 total
- age   3:   33158360 bytes,  117268064 total
- age   4:    5121776 bytes,  122389840 total
- age   5:   13671528 bytes,  136061368 total
- age   6:   13532128 bytes,  149593496 total
- age   7:   29288184 bytes,  178881680 total
- age   8:   31394160 bytes,  210275840 total
- age   9:   41405712 bytes,  251681552 total
- age  10:    3329672 bytes,  255011224 total
: 2509570K->371238K(2621440K), 0.1228200 secs] 7154666K->5075314K(8912896K), 0.1229740 secs] [Times: user=1.70 sys=0.00, real=0.12 secs] 
2012-11-14T21:46:42.108+0100: 3961.064: [GC 3961.064: [ParNew
Desired survivor size 268435456 bytes, new threshold 10 (max 15)
- age   1:   57349224 bytes,   57349224 total
- age   2:   26833880 bytes,   84183104 total
- age   3:   47070896 bytes,  131254000 total
- age   4:   33000544 bytes,  164254544 total
- age   5:    5118928 bytes,  169373472 total
- age   6:   13671528 bytes,  183045000 total
- age   7:   13531552 bytes,  196576552 total
- age   8:   29286560 bytes,  225863112 total
- age   9:   31390344 bytes,  257253456 total
- age  10:   41405720 bytes,  298659176 total
- age  11:    3323960 bytes,  301983136 total
: 2468390K->354992K(2621440K), 0.1370790 secs] 7172466K->5059069K(8912896K), 0.1372170 secs] [Times: user=2.35 sys=0.00, real=0.13 secs] 
2012-11-14T21:46:42.246+0100: 3961.202: [GC 3961.202: [ParNew
Desired survivor size 268435456 bytes, new threshold 15 (max 15)
- age   1:       6528 bytes,       6528 total
- age   2:   57347864 bytes,   57354392 total
- age   3:   26833880 bytes,   84188272 total
- age   4:   47070896 bytes,  131259168 total
- age   5:   33000544 bytes,  164259712 total
- age   6:    5118928 bytes,  169378640 total
- age   7:   13671528 bytes,  183050168 total
- age   8:   13531552 bytes,  196581720 total
- age   9:   29286560 bytes,  225868280 total
- age  10:   31390344 bytes,  257258624 total
: 361137K->362226K(2621440K), 0.0875980 secs] 5065214K->5110616K(8912896K), 0.0877110 secs] [Times: user=1.26 sys=0.00, real=0.09 secs] 
2012-11-14T21:46:42.334+0100: 3961.290: [GC [1 CMS-initial-mark: 4748389K(6291456K)] 5110616K(8912896K), 0.2945100 secs] [Times: user=0.29 sys=0.00, real=0.30 secs] 
2012-11-14T21:46:42.629+0100: 3961.585: [CMS-concurrent-mark-start]
2012-11-14T21:46:44.490+0100: 3963.446: [CMS-concurrent-mark: 1.843/1.862 secs] [Times: user=11.64 sys=0.18, real=1.86 secs] 
2012-11-14T21:46:44.490+0100: 3963.446: [CMS-concurrent-preclean-start]
2012-11-14T21:46:44.511+0100: 3963.467: [CMS-concurrent-preclean: 0.020/0.020 secs] [Times: user=0.05 sys=0.00, real=0.02 secs] 
2012-11-14T21:46:44.511+0100: 3963.467: [CMS-concurrent-abortable-preclean-start]
2012-11-14T21:46:54.894+0100: 3973.850: [GC 3973.850: [ParNew
Desired survivor size 268435456 bytes, new threshold 10 (max 15)
- age   1:   67097648 bytes,   67097648 total
- age   2:        496 bytes,   67098144 total
- age   3:   36637320 bytes,  103735464 total
- age   4:   25268160 bytes,  129003624 total
- age   5:   46595136 bytes,  175598760 total
- age   6:   32435744 bytes,  208034504 total
- age   7:    5118512 bytes,  213153016 total
- age   8:   13671512 bytes,  226824528 total
- age   9:   13531080 bytes,  240355608 total
- age  10:   29286280 bytes,  269641888 total
- age  11:   31328048 bytes,  300969936 total
: 2459378K->410707K(2621440K), 0.0754120 secs] 7207768K->5159097K(8912896K), 0.0755760 secs] [Times: user=1.12 sys=0.01, real=0.08 secs] 
 CMS: abort preclean due to time 2012-11-14T21:46:54.999+0100: 3973.955: [CMS-concurrent-abortable-preclean: 10.395/10.488 secs] [Times: user=16.86 sys=0.30, real=10.49 secs] 
2012-11-14T21:46:55.000+0100: 3973.955: [GC[YG occupancy: 436042 K (2621440 K)]3973.956: [Rescan (parallel) , 0.0306270 secs]3973.986: [weak refs processing, 0.0005330 secs] [1 CMS-remark: 4748389K(6291456K)] 5184432K(8912896K), 0.0312890 secs] [Times: user=0.54 sys=0.00, real=0.03 secs] 
2012-11-14T21:46:55.031+0100: 3973.987: [CMS-concurrent-sweep-start]
2012-11-14T21:47:00.701+0100: 3979.657: [CMS-concurrent-sweep: 5.643/5.670 secs] [Times: user=8.53 sys=0.21, real=5.67 secs] 
2012-11-14T21:47:00.701+0100: 3979.657: [CMS-concurrent-reset-start]
2012-11-14T21:47:00.717+0100: 3979.673: [CMS-concurrent-reset: 0.016/0.016 secs] [Times: user=0.03 sys=0.00, real=0.02 secs] 
2012-11-14T21:47:05.455+0100: 3984.411: [GC 3984.411: [ParNew
Desired survivor size 268435456 bytes, new threshold 15 (max 15)
- age   1:   41233744 bytes,   41233744 total
- age   2:   34547512 bytes,   75781256 total
- age   4:   34673480 bytes,  110454736 total
- age   5:   25080640 bytes,  135535376 total
- age   6:   46060496 bytes,  181595872 total
- age   7:   31912624 bytes,  213508496 total
- age   8:    5083968 bytes,  218592464 total
- age   9:   13671480 bytes,  232263944 total
- age  10:   13530888 bytes,  245794832 total
: 2507859K->362205K(2621440K), 0.1038850 secs] 6461045K->4375420K(8912896K), 0.1040270 secs] [Times: user=1.34 sys=0.01, real=0.10 secs] 
2012-11-14T21:47:20.601+0100: 3999.557: [GC 3999.557: [ParNew
Desired survivor size 268435456 bytes, new threshold 11 (max 15)
- age   1:   42945120 bytes,   42945120 total
- age   2:   35018656 bytes,   77963776 total
- age   3:   33268496 bytes,  111232272 total
- age   5:   34048264 bytes,  145280536 total
- age   6:   24414808 bytes,  169695344 total
- age   7:   46057704 bytes,  215753048 total
- age   8:   31910840 bytes,  247663888 total
- age   9:    5022368 bytes,  252686256 total
- age  10:   13671160 bytes,  266357416 total
- age  11:   13531040 bytes,  279888456 total
: 2459357K->356633K(2621440K), 0.0726180 secs] 6472572K->4369849K(8912896K), 0.0727760 secs] [Times: user=1.13 sys=0.00, real=0.07 secs] 
2012-11-14T21:47:44.253+0100: 4023.209: [GC 4023.209: [ParNew
Desired survivor size 268435456 bytes, new threshold 11 (max 15)
- age   1:   25343248 bytes,   25343248 total
- age   2:   34622016 bytes,   59965264 total
- age   3:   34538992 bytes,   94504256 total
- age   4:   32761728 bytes,  127265984 total
- age   6:   34046480 bytes,  161312464 total
- age   7:   24409136 bytes,  185721600 total
- age   8:   45544360 bytes,  231265960 total
- age   9:   31908328 bytes,  263174288 total
- age  10:    5021960 bytes,  268196248 total
- age  11:   13671008 bytes,  281867256 total
: 2453785K->368985K(2621440K), 0.0786840 secs] 6467001K->4395621K(8912896K), 0.0788410 secs] [Times: user=1.20 sys=0.01, real=0.08 secs] 
2012-11-14T21:47:50.590+0100: 4029.546: [GC 4029.546: [ParNew
Desired survivor size 268435456 bytes, new threshold 9 (max 15)
- age   1:   69511160 bytes,   69511160 total
- age   2:   17710880 bytes,   87222040 total
- age   3:   33549768 bytes,  120771808 total
- age   4:   34497728 bytes,  155269536 total
- age   5:   32716856 bytes,  187986392 total
- age   7:   33998160 bytes,  221984552 total
- age   8:   24408848 bytes,  246393400 total
- age   9:   45543184 bytes,  291936584 total
- age  10:   31905784 bytes,  323842368 total
- age  11:    5021960 bytes,  328864328 total
: 2466137K->440271K(2621440K), 0.1715670 secs] 6492773K->4480467K(8912896K), 0.1717220 secs] [Times: user=2.75 sys=0.00, real=0.17 secs] 
2012-11-14T21:47:57.730+0100: 4036.686: [GC 4036.686: [ParNew
Desired survivor size 268435456 bytes, new threshold 9 (max 15)
- age   1:   45163112 bytes,   45163112 total
- age   2:   60983776 bytes,  106146888 total
- age   3:   17356968 bytes,  123503856 total
- age   4:   33418520 bytes,  156922376 total
- age   5:   34438440 bytes,  191360816 total
- age   6:   32716584 bytes,  224077400 total
- age   8:   33899024 bytes,  257976424 total
- age   9:   24408600 bytes,  282385024 total
: 2537423K->392361K(2621440K), 0.1283820 secs] 6577619K->4514226K(8912896K), 0.1285640 secs] [Times: user=1.67 sys=0.00, real=0.13 secs] 
2012-11-14T21:48:04.247+0100: 4043.203: [GC 4043.203: [ParNew
Desired survivor size 268435456 bytes, new threshold 6 (max 15)
- age   1:   97662808 bytes,   97662808 total
- age   2:   40448520 bytes,  138111328 total
- age   3:   60740936 bytes,  198852264 total
- age   4:   16757400 bytes,  215609664 total
- age   5:   33286544 bytes,  248896208 total
- age   6:   33525000 bytes,  282421208 total
- age   7:   32715848 bytes,  315137056 total
- age   9:   33898488 bytes,  349035544 total
: 2489513K->483957K(2621440K), 0.2571800 secs] 6611378K->4629964K(8912896K), 0.2573170 secs] [Times: user=4.42 sys=0.00, real=0.26 secs] 
2012-11-14T21:48:09.267+0100: 4048.223: [GC 4048.223: [ParNew
Desired survivor size 268435456 bytes, new threshold 6 (max 15)
- age   1:   76773656 bytes,   76773656 total
- age   2:   48487408 bytes,  125261064 total
- age   3:   40389600 bytes,  165650664 total
- age   4:   60718168 bytes,  226368832 total
- age   5:   16755904 bytes,  243124736 total
- age   6:   33283608 bytes,  276408344 total
: 2581109K->435115K(2621440K), 0.4117750 secs] 6727116K->4679596K(8912896K), 0.4119090 secs] [Times: user=6.71 sys=0.00, real=0.41 secs] 
2012-11-14T21:48:35.217+0100: 4074.173: [GC 4074.173: [ParNew
Desired survivor size 268435456 bytes, new threshold 6 (max 15)
- age   1:   75731864 bytes,   75731864 total
- age   2:   47932736 bytes,  123664600 total
- age   3:   44033064 bytes,  167697664 total
- age   4:   39273432 bytes,  206971096 total
- age   5:   59369528 bytes,  266340624 total
- age   6:   16700328 bytes,  283040952 total
: 2532267K->411753K(2621440K), 0.5761600 secs] 6776748K->4689148K(8912896K), 0.5763100 secs] [Times: user=9.95 sys=0.01, real=0.58 secs] 
2012-11-14T21:48:50.616+0100: 4089.572: [GC 4089.572: [ParNew
Desired survivor size 268435456 bytes, new threshold 6 (max 15)
- age   1:   32048984 bytes,   32048984 total
- age   2:   68294728 bytes,  100343712 total
- age   3:   47291752 bytes,  147635464 total
- age   4:   44003864 bytes,  191639328 total
- age   5:   39209968 bytes,  230849296 total
- age   6:   59350464 bytes,  290199760 total
: 2508905K->400717K(2621440K), 0.4285710 secs] 6786300K->4694527K(8912896K), 0.4287300 secs] [Times: user=7.41 sys=0.00, real=0.45 secs] 
2012-11-14T21:48:59.294+0100: 4098.250: [GC 4098.250: [ParNew
Desired survivor size 268435456 bytes, new threshold 5 (max 15)
- age   1:  118634432 bytes,  118634432 total
- age   2:   21837904 bytes,  140472336 total
- age   3:   67046800 bytes,  207519136 total
- age   4:   47004184 bytes,  254523320 total
- age   5:   44003384 bytes,  298526704 total
- age   6:   39162792 bytes,  337689496 total
: 2497869K->461295K(2621440K), 0.5810230 secs] 6791679K->4813995K(8912896K), 0.5811780 secs] [Times: user=9.92 sys=0.00, real=0.58 secs] 
2012-11-14T21:49:10.170+0100: 4109.126: [GC 4109.126: [ParNew
Desired survivor size 268435456 bytes, new threshold 4 (max 15)
- age   1:  117021400 bytes,  117021400 total
- age   2:   75217272 bytes,  192238672 total
- age   3:   21181480 bytes,  213420152 total
- age   4:   67041016 bytes,  280461168 total
- age   5:   47003120 bytes,  327464288 total
: 2558447K->472176K(2621440K), 0.7989940 secs] 6911147K->4906588K(8912896K), 0.7991510 secs] [Times: user=13.83 sys=0.00, real=0.80 secs] 
2012-11-14T21:49:12.738+0100: 4111.694: [GC 4111.695: [ParNew
Desired survivor size 268435456 bytes, new threshold 15 (max 15)
- age   1:   95508736 bytes,   95508736 total
- age   2:   39788032 bytes,  135296768 total
- age   3:   75040640 bytes,  210337408 total
- age   4:   21178736 bytes,  231516144 total
: 2569328K->384302K(2621440K), 0.6804050 secs] 7003740K->4930595K(8912896K), 0.6805880 secs] [Times: user=11.49 sys=0.02, real=0.69 secs] 
2012-11-14T21:49:14.797+0100: 4113.753: [GC 4113.753: [ParNew
Desired survivor size 268435456 bytes, new threshold 15 (max 15)
- age   1:  120976616 bytes,  120976616 total
- age   2:   18409416 bytes,  139386032 total
- age   3:   25823064 bytes,  165209096 total
- age   4:   73485616 bytes,  238694712 total
- age   5:   21152680 bytes,  259847392 total
: 2481454K->340520K(2621440K), 0.3509110 secs] 7027747K->4886813K(8912896K), 0.3510550 secs] [Times: user=6.26 sys=0.01, real=0.36 secs] 
2012-11-14T21:49:22.668+0100: 4121.624: [GC 4121.624: [ParNew
Desired survivor size 268435456 bytes, new threshold 5 (max 15)
- age   1:  159176896 bytes,  159176896 total
- age   2:   57882400 bytes,  217059296 total
- age   3:   17863000 bytes,  234922296 total
- age   4:   11772608 bytes,  246694904 total
- age   5:   72367448 bytes,  319062352 total
- age   6:   20570256 bytes,  339632608 total
: 2437672K->431880K(2621440K), 0.3237250 secs] 6983965K->4978173K(8912896K), 0.3238790 secs] [Times: user=5.69 sys=0.03, real=0.32 secs] 
2012-11-14T21:49:36.376+0100: 4135.332: [GC 4135.332: [ParNew
Desired survivor size 268435456 bytes, new threshold 15 (max 15)
- age   1:   68569704 bytes,   68569704 total
- age   2:   21833024 bytes,   90402728 total
- age   3:   57131040 bytes,  147533768 total
- age   4:   17600032 bytes,  165133800 total
- age   5:   10616200 bytes,  175750000 total
: 2529032K->261522K(2621440K), 0.3778370 secs] 7075325K->4898721K(8912896K), 0.3780080 secs] [Times: user=6.00 sys=0.00, real=0.37 secs] 
2012-11-14T21:49:46.356+0100: 4145.312: [GC 4145.312: [ParNew
Desired survivor size 268435456 bytes, new threshold 15 (max 15)
- age   1:   52695064 bytes,   52695064 total
- age   2:   61486064 bytes,  114181128 total
- age   3:   20266416 bytes,  134447544 total
- age   4:   57129752 bytes,  191577296 total
- age   5:   17596392 bytes,  209173688 total
- age   6:   10517192 bytes,  219690880 total
: 2358674K->270952K(2621440K), 0.1194500 secs] 6995873K->4908151K(8912896K), 0.1196160 secs] [Times: user=1.90 sys=0.00, real=0.12 secs] 
2012-11-14T21:49:57.447+0100: 4156.403: [GC 4156.403: [ParNew
Desired survivor size 268435456 bytes, new threshold 15 (max 15)
- age   1:   50624848 bytes,   50624848 total
- age   2:   42534912 bytes,   93159760 total
- age   3:   59476000 bytes,  152635760 total
- age   4:   20020528 bytes,  172656288 total
- age   5:   57120888 bytes,  229777176 total
- age   6:   17595744 bytes,  247372920 total
- age   7:   10367808 bytes,  257740728 total
: 2368104K->315594K(2621440K), 0.1882400 secs] 7005303K->4952793K(8912896K), 0.1883990 secs] [Times: user=3.29 sys=0.01, real=0.19 secs] 
2012-11-14T21:50:20.079+0100: 4179.035: [GC 4179.035: [ParNew
Desired survivor size 268435456 bytes, new threshold 7 (max 15)
- age   1:   31640080 bytes,   31640080 total
- age   2:   44023800 bytes,   75663880 total
- age   3:   41618688 bytes,  117282568 total
- age   4:   57555216 bytes,  174837784 total
- age   5:   19457744 bytes,  194295528 total
- age   6:   57120384 bytes,  251415912 total
- age   7:   17239176 bytes,  268655088 total
- age   8:   10364768 bytes,  279019856 total
: 2412746K->359924K(2621440K), 0.1978610 secs] 7049945K->4997124K(8912896K), 0.1980270 secs] [Times: user=3.41 sys=0.00, real=0.20 secs] 
2012-11-14T21:50:39.475+0100: 4198.431: [GC 4198.431: [ParNew
Desired survivor size 268435456 bytes, new threshold 15 (max 15)
- age   1:   19736552 bytes,   19736552 total
- age   2:   22219880 bytes,   41956432 total
- age   3:   43943888 bytes,   85900320 total
- age   4:   41125056 bytes,  127025376 total
- age   5:   57067648 bytes,  184093024 total
- age   6:   12585448 bytes,  196678472 total
- age   7:   45002560 bytes,  241681032 total
: 2457076K->351386K(2621440K), 0.2003800 secs] 7094276K->5005142K(8912896K), 0.2005690 secs] [Times: user=3.39 sys=0.02, real=0.20 secs] 
2012-11-14T21:51:01.109+0100: 4220.065: [GC 4220.066: [ParNew
Desired survivor size 268435456 bytes, new threshold 8 (max 15)
- age   1:   36711880 bytes,   36711880 total
- age   2:   11872584 bytes,   48584464 total
- age   3:   21669456 bytes,   70253920 total
- age   4:   43937400 bytes,  114191320 total
- age   5:   41087856 bytes,  155279176 total
- age   6:   56601448 bytes,  211880624 total
- age   7:   12574608 bytes,  224455232 total
- age   8:   45002440 bytes,  269457672 total
: 2448538K->351769K(2621440K), 0.2354140 secs] 7102294K->5005525K(8912896K), 0.2355650 secs] [Times: user=4.05 sys=0.00, real=0.24 secs] 
2012-11-14T21:51:17.122+0100: 4236.078: [GC 4236.078: [ParNew
Desired survivor size 268435456 bytes, new threshold 15 (max 15)
- age   1:   28108640 bytes,   28108640 total
- age   2:   27884280 bytes,   55992920 total
- age   3:   10300104 bytes,   66293024 total
- age   4:   21350328 bytes,   87643352 total
- age   5:   43454008 bytes,  131097360 total
- age   6:   40935152 bytes,  172032512 total
- age   7:   55663648 bytes,  227696160 total
- age   8:   12556832 bytes,  240252992 total
: 2448921K->356806K(2621440K), 0.2033710 secs] 7102677K->5054684K(8912896K), 0.2035410 secs] [Times: user=3.25 sys=0.00, real=0.20 secs] 
2012-11-14T21:51:43.298+0100: 4262.253: [GC 4262.254: [ParNew
Desired survivor size 268435456 bytes, new threshold 15 (max 15)
- age   1:   10568040 bytes,   10568040 total
- age   2:   20871424 bytes,   31439464 total
- age   3:   26880392 bytes,   58319856 total
- age   4:   10191112 bytes,   68510968 total
- age   5:   21210928 bytes,   89721896 total
- age   6:   43309120 bytes,  133031016 total
- age   7:   40788328 bytes,  173819344 total
- age   8:   53498568 bytes,  227317912 total
- age   9:   12527416 bytes,  239845328 total
: 2453958K->345096K(2621440K), 0.0930200 secs] 7151836K->5042973K(8912896K), 0.0931900 secs] [Times: user=1.59 sys=0.01, real=0.10 secs] 
2012-11-14T21:52:05.242+0100: 4284.198: [GC 4284.198: [ParNew
Desired survivor size 268435456 bytes, new threshold 9 (max 15)
- age   1:   63348248 bytes,   63348248 total
- age   2:    5710640 bytes,   69058888 total
- age   3:   19400104 bytes,   88458992 total
- age   4:   26413456 bytes,  114872448 total
- age   5:   10189912 bytes,  125062360 total
- age   6:   20980608 bytes,  146042968 total
- age   7:   42902040 bytes,  188945008 total
- age   8:   40787696 bytes,  229732704 total
- age   9:   52952736 bytes,  282685440 total
- age  10:   12525928 bytes,  295211368 total
: 2442248K->393724K(2621440K), 0.3089610 secs] 7140125K->5091602K(8912896K), 0.3091350 secs] [Times: user=5.39 sys=0.00, real=0.31 secs] 
2012-11-14T21:52:25.531+0100: 4304.487: [GC 4304.487: [ParNew
Desired survivor size 268435456 bytes, new threshold 15 (max 15)
- age   1:   29685576 bytes,   29685576 total
- age   2:   55368808 bytes,   85054384 total
- age   3:    4740136 bytes,   89794520 total
- age   4:   19166984 bytes,  108961504 total
- age   5:   26406920 bytes,  135368424 total
- age   6:   10118616 bytes,  145487040 total
- age   7:   20795976 bytes,  166283016 total
- age   8:   42807432 bytes,  209090448 total
- age   9:   40469976 bytes,  249560424 total
: 2490876K->366139K(2621440K), 0.2547650 secs] 7188754K->5128906K(8912896K), 0.2549400 secs] [Times: user=4.05 sys=0.00, real=0.25 secs] 
2012-11-14T21:52:25.787+0100: 4304.743: [GC [1 CMS-initial-mark: 4762766K(6291456K)] 5129105K(8912896K), 0.2502400 secs] [Times: user=0.25 sys=0.00, real=0.25 secs] 
2012-11-14T21:52:26.038+0100: 4304.993: [CMS-concurrent-mark-start]
2012-11-14T21:52:27.844+0100: 4306.800: [CMS-concurrent-mark: 1.804/1.807 secs] [Times: user=10.17 sys=0.11, real=1.80 secs] 
2012-11-14T21:52:27.844+0100: 4306.800: [CMS-concurrent-preclean-start]
2012-11-14T21:52:27.865+0100: 4306.820: [CMS-concurrent-preclean: 0.020/0.020 secs] [Times: user=0.04 sys=0.00, real=0.02 secs] 
2012-11-14T21:52:27.865+0100: 4306.821: [CMS-concurrent-abortable-preclean-start]
2012-11-14T21:52:39.427+0100: 4318.383: [GC 4318.383: [ParNew
Desired survivor size 268435456 bytes, new threshold 1 (max 15)
- age   1:  276173096 bytes,  276173096 total
- age   2:   22612624 bytes,  298785720 total
- age   3:   40335920 bytes,  339121640 total
- age   4:    3741912 bytes,  342863552 total
- age   5:   17119288 bytes,  359982840 total
- age   6:   26288560 bytes,  386271400 total
- age   7:    9298256 bytes,  395569656 total
- age   8:   19281584 bytes,  414851240 total
- age   9:   32844952 bytes,  447696192 total
- age  10:   38471104 bytes,  486167296 total
: 2463291K->524288K(2621440K), 0.3943570 secs] 7226058K->5368631K(8912896K), 0.3945500 secs] [Times: user=6.56 sys=0.05, real=0.39 secs] 
 CMS: abort preclean due to time 2012-11-14T21:52:39.900+0100: 4318.856: [CMS-concurrent-abortable-preclean: 11.522/12.035 secs] [Times: user=24.54 sys=0.37, real=12.04 secs] 
2012-11-14T21:52:39.901+0100: 4318.857: [GC[YG occupancy: 546762 K (2621440 K)]4318.857: [Rescan (parallel) , 0.0238140 secs]4318.881: [weak refs processing, 0.0011840 secs] [1 CMS-remark: 4844343K(6291456K)] 5391106K(8912896K), 0.0251590 secs] [Times: user=0.43 sys=0.00, real=0.03 secs] 
2012-11-14T21:52:39.926+0100: 4318.882: [CMS-concurrent-sweep-start]
2012-11-14T21:52:45.667+0100: 4324.623: [CMS-concurrent-sweep: 5.725/5.741 secs] [Times: user=11.54 sys=0.35, real=5.74 secs] 
2012-11-14T21:52:45.668+0100: 4324.624: [CMS-concurrent-reset-start]
2012-11-14T21:52:45.684+0100: 4324.640: [CMS-concurrent-reset: 0.017/0.017 secs] [Times: user=0.04 sys=0.00, real=0.02 secs] 
2012-11-14T21:52:50.220+0100: 4329.176: [GC 4329.176: [ParNew
Desired survivor size 268435456 bytes, new threshold 15 (max 15)
- age   1:   19942384 bytes,   19942384 total
: 2621440K->232701K(2621440K), 0.2336210 secs] 6576491K->4412098K(8912896K), 0.2337900 secs] [Times: user=2.83 sys=0.01, real=0.23 secs] 
2012-11-14T21:53:00.331+0100: 4339.287: [GC 4339.287: [ParNew
Desired survivor size 268435456 bytes, new threshold 15 (max 15)
- age   1:   44213512 bytes,   44213512 total
- age   2:   13036152 bytes,   57249664 total
: 2329853K->78217K(2621440K), 0.0235130 secs] 6509250K->4257614K(8912896K), 0.0236780 secs] [Times: user=0.29 sys=0.00, real=0.02 secs] 
2012-11-14T21:53:00.356+0100: 4339.312: [GC 4339.312: [ParNew
Desired survivor size 268435456 bytes, new threshold 15 (max 15)
- age   2:   36860464 bytes,   36860464 total
- age   3:   13036176 bytes,   49896640 total
: 78218K->64949K(2621440K), 0.0129600 secs] 4257614K->4244346K(8912896K), 0.0130840 secs] [Times: user=0.22 sys=0.00, real=0.01 secs] 
2012-11-14T21:53:06.416+0100: 4345.372: [GC 4345.372: [ParNew
Desired survivor size 268435456 bytes, new threshold 15 (max 15)
- age   1:   56894384 bytes,   56894384 total
- age   3:   17122072 bytes,   74016456 total
- age   4:   12674944 bytes,   86691400 total
: 2162101K->99495K(2621440K), 0.0460950 secs] 6341498K->4278892K(8912896K), 0.0462640 secs] [Times: user=0.54 sys=0.00, real=0.04 secs] 
2012-11-14T21:53:19.224+0100: 4358.180: [GC 4358.180: [ParNew
Desired survivor size 268435456 bytes, new threshold 15 (max 15)
- age   1:   33379760 bytes,   33379760 total
- age   2:   51415656 bytes,   84795416 total
- age   4:   16190688 bytes,  100986104 total
- age   5:   12010128 bytes,  112996232 total
: 2196647K->152399K(2621440K), 0.0399110 secs] 6376044K->4331796K(8912896K), 0.0400790 secs] [Times: user=0.56 sys=0.00, real=0.04 secs] 
2012-11-14T21:53:40.427+0100: 4379.383: [GC 4379.383: [ParNew
Desired survivor size 268435456 bytes, new threshold 15 (max 15)
- age   1:   32028216 bytes,   32028216 total
- age   2:   24157888 bytes,   56186104 total
- age   3:   50923816 bytes,  107109920 total
- age   5:   16180368 bytes,  123290288 total
- age   6:   11541360 bytes,  134831648 total
: 2249303K->172186K(2621440K), 0.0451820 secs] 6428700K->4351582K(8912896K), 0.0453500 secs] [Times: user=0.61 sys=0.00, real=0.05 secs] 
2012-11-14T21:54:02.231+0100: 4401.187: [GC 4401.187: [ParNew
Desired survivor size 268435456 bytes, new threshold 15 (max 15)
- age   1:   62555232 bytes,   62555232 total
- age   2:   21082304 bytes,   83637536 total
- age   3:   22015864 bytes,  105653400 total
- age   4:   50654376 bytes,  156307776 total
- age   6:   16108768 bytes,  172416544 total
- age   7:   11482920 bytes,  183899464 total
: 2269338K->257587K(2621440K), 0.0896980 secs] 6448734K->4436984K(8912896K), 0.0898900 secs] [Times: user=1.45 sys=0.01, real=0.09 secs] 
2012-11-14T21:54:10.509+0100: 4409.465: [GC 4409.465: [ParNew
Desired survivor size 268435456 bytes, new threshold 15 (max 15)
- age   1:   80537616 bytes,   80537616 total
- age   2:   55370056 bytes,  135907672 total
- age   3:   20292480 bytes,  156200152 total
- age   4:   22013456 bytes,  178213608 total
- age   5:   50189216 bytes,  228402824 total
- age   7:   15950688 bytes,  244353512 total
- age   8:   11482768 bytes,  255836280 total
: 2354739K->344728K(2621440K), 0.0754340 secs] 6534136K->4524125K(8912896K), 0.0755970 secs] [Times: user=1.28 sys=0.00, real=0.07 secs] 
2012-11-14T21:54:15.067+0100: 4414.023: [GC 4414.024: [ParNew
Desired survivor size 268435456 bytes, new threshold 6 (max 15)
- age   1:   83944184 bytes,   83944184 total
- age   2:   42294808 bytes,  126238992 total
- age   3:   51782520 bytes,  178021512 total
- age   4:   19113032 bytes,  197134544 total
- age   5:   21684024 bytes,  218818568 total
- age   6:   50066376 bytes,  268884944 total
- age   8:   15950040 bytes,  284834984 total
- age   9:   11482224 bytes,  296317208 total
: 2441880K->394941K(2621440K), 0.1397690 secs] 6621277K->4574338K(8912896K), 0.1399350 secs] [Times: user=2.37 sys=0.00, real=0.14 secs] 
2012-11-14T21:54:27.419+0100: 4426.375: [GC 4426.375: [ParNew
Desired survivor size 268435456 bytes, new threshold 15 (max 15)
- age   1:   43699368 bytes,   43699368 total
- age   2:   76975696 bytes,  120675064 total
- age   3:   41328896 bytes,  162003960 total
- age   4:   50386424 bytes,  212390384 total
- age   5:   18924136 bytes,  231314520 total
- age   6:   21572488 bytes,  252887008 total
: 2492093K->394155K(2621440K), 0.1166610 secs] 6671490K->4649908K(8912896K), 0.1168290 secs] [Times: user=1.48 sys=0.00, real=0.11 secs] 
2012-11-14T21:54:30.121+0100: 4429.077: [GC 4429.077: [ParNew
Desired survivor size 268435456 bytes, new threshold 15 (max 15)
- age   1:    5978208 bytes,    5978208 total
- age   2:   38871056 bytes,   44849264 total
- age   3:   75206496 bytes,  120055760 total
- age   4:   41193616 bytes,  161249376 total
- age   5:   50255232 bytes,  211504608 total
- age   6:   18922688 bytes,  230427296 total
- age   7:   21572000 bytes,  251999296 total
: 2491307K->376320K(2621440K), 0.0742600 secs] 6747060K->4632073K(8912896K), 0.0744200 secs] [Times: user=1.28 sys=0.01, real=0.07 secs] 
2012-11-14T21:54:32.869+0100: 4431.825: [GC 4431.825: [ParNew
Desired survivor size 268435456 bytes, new threshold 15 (max 15)
- age   1:   16810304 bytes,   16810304 total
- age   2:    4757008 bytes,   21567312 total
- age   3:   38789472 bytes,   60356784 total
- age   4:   74543256 bytes,  134900040 total
- age   5:   40730272 bytes,  175630312 total
- age   6:   50254160 bytes,  225884472 total
- age   7:   18922416 bytes,  244806888 total
- age   8:   21572000 bytes,  266378888 total
: 2473472K->357923K(2621440K), 0.0717390 secs] 6729225K->4613676K(8912896K), 0.0719040 secs] [Times: user=1.18 sys=0.00, real=0.07 secs] 
2012-11-14T21:54:36.780+0100: 4435.736: [GC 4435.736: [ParNew
Desired survivor size 268435456 bytes, new threshold 15 (max 15)
- age   1:    2425776 bytes,    2425776 total
- age   2:   14239016 bytes,   16664792 total
- age   3:    4645720 bytes,   21310512 total
- age   4:   38524232 bytes,   59834744 total
- age   5:   74161568 bytes,  133996312 total
- age   6:   40729248 bytes,  174725560 total
- age   7:   50215776 bytes,  224941336 total
- age   8:   18921984 bytes,  243863320 total
- age   9:   21572024 bytes,  265435344 total
: 2455075K->369807K(2621440K), 0.0674380 secs] 6710828K->4625560K(8912896K), 0.0675990 secs] [Times: user=1.17 sys=0.00, real=0.07 secs] 
2012-11-14T21:54:49.443+0100: 4448.399: [GC 4448.399: [ParNew
Desired survivor size 268435456 bytes, new threshold 8 (max 15)
- age   1:   69875296 bytes,   69875296 total
- age   2:    1444728 bytes,   71320024 total
- age   3:   13682800 bytes,   85002824 total
- age   4:    3692144 bytes,   88694968 total
- age   5:   37478184 bytes,  126173152 total
- age   6:   73108696 bytes,  199281848 total
- age   7:   40571032 bytes,  239852880 total
- age   8:   49546192 bytes,  289399072 total
- age   9:   18864584 bytes,  308263656 total
- age  10:   21571936 bytes,  329835592 total
: 2466959K->421417K(2621440K), 0.0960960 secs] 6722712K->4677170K(8912896K), 0.0962890 secs] [Times: user=1.37 sys=0.00, real=0.10 secs] 
2012-11-14T21:54:55.672+0100: 4454.628: [GC 4454.628: [ParNew
Desired survivor size 268435456 bytes, new threshold 7 (max 15)
- age   1:   83594136 bytes,   83594136 total
- age   2:   60102112 bytes,  143696248 total
- age   3:    1042920 bytes,  144739168 total
- age   4:   13600312 bytes,  158339480 total
- age   5:    2767704 bytes,  161107184 total
- age   6:   36394336 bytes,  197501520 total
- age   7:   72656024 bytes,  270157544 total
- age   8:   40442056 bytes,  310599600 total
: 2518569K->473327K(2621440K), 0.2469800 secs] 6774322K->4817318K(8912896K), 0.2471400 secs] [Times: user=3.71 sys=0.01, real=0.25 secs] 
2012-11-14T21:55:05.630+0100: 4464.586: [GC 4464.586: [ParNew
Desired survivor size 268435456 bytes, new threshold 15 (max 15)
- age   1:   58017888 bytes,   58017888 total
- age   2:   66404136 bytes,  124422024 total
- age   3:   59518392 bytes,  183940416 total
- age   4:     940184 bytes,  184880600 total
- age   5:   13566392 bytes,  198446992 total
- age   6:    2705080 bytes,  201152072 total
- age   7:   35504592 bytes,  236656664 total
: 2570479K->351438K(2621440K), 0.2793640 secs] 6914470K->4806516K(8912896K), 0.2795380 secs] [Times: user=4.27 sys=0.00, real=0.28 secs] 
2012-11-14T21:55:05.912+0100: 4464.868: [GC 4464.868: [ParNew
Desired survivor size 268435456 bytes, new threshold 15 (max 15)
- age   1:      28976 bytes,      28976 total
- age   2:   58015000 bytes,   58043976 total
- age   3:   66403976 bytes,  124447952 total
- age   4:   59518392 bytes,  183966344 total
- age   5:     940184 bytes,  184906528 total
- age   6:   13566440 bytes,  198472968 total
- age   7:    2705080 bytes,  201178048 total
- age   8:   35504696 bytes,  236682744 total
: 368184K->356763K(2621440K), 0.2141400 secs] 4823263K->4811842K(8912896K), 0.2142720 secs] [Times: user=3.84 sys=0.00, real=0.21 secs] 
2012-11-14T21:55:23.199+0100: 4482.155: [GC 4482.155: [ParNew
Desired survivor size 268435456 bytes, new threshold 5 (max 15)
- age   1:   95481920 bytes,   95481920 total
- age   2:       3056 bytes,   95484976 total
- age   3:   52041224 bytes,  147526200 total
- age   4:   64447448 bytes,  211973648 total
- age   5:   59301624 bytes,  271275272 total
- age   6:     408080 bytes,  271683352 total
- age   7:   13565848 bytes,  285249200 total
- age   8:    2704064 bytes,  287953264 total
- age   9:   34196816 bytes,  322150080 total
: 2453915K->444986K(2621440K), 0.7822600 secs] 6908994K->4900065K(8912896K), 0.7824140 secs] [Times: user=14.00 sys=0.00, real=0.78 secs] 
2012-11-14T21:55:42.607+0100: 4501.563: [GC 4501.563: [ParNew
Desired survivor size 268435456 bytes, new threshold 5 (max 15)
- age   1:   79723880 bytes,   79723880 total
- age   2:   89809152 bytes,  169533032 total
- age   3:        736 bytes,  169533768 total
- age   4:   50277000 bytes,  219810768 total
- age   5:   63672128 bytes,  283482896 total
: 2542138K->377746K(2621440K), 0.6357700 secs] 6997217K->4942023K(8912896K), 0.6359400 secs] [Times: user=10.72 sys=0.02, real=0.64 secs] 
2012-11-14T21:55:57.969+0100: 4516.925: [GC 4516.925: [ParNew
Desired survivor size 268435456 bytes, new threshold 15 (max 15)
- age   1:   56684496 bytes,   56684496 total
- age   2:   71756152 bytes,  128440648 total
- age   3:   87114688 bytes,  215555336 total
- age   4:        520 bytes,  215555856 total
- age   5:   49921544 bytes,  265477400 total
: 2474898K->374161K(2621440K), 0.5784480 secs] 7039175K->5000738K(8912896K), 0.5786280 secs] [Times: user=9.96 sys=0.00, real=0.60 secs] 
2012-11-14T21:56:19.513+0100: 4538.469: [GC 4538.469: [ParNew
Desired survivor size 268435456 bytes, new threshold 4 (max 15)
- age   1:   69373648 bytes,   69373648 total
- age   2:   50301328 bytes,  119674976 total
- age   3:   70516832 bytes,  190191808 total
- age   4:   86370872 bytes,  276562680 total
- age   5:         96 bytes,  276562776 total
- age   6:   49784240 bytes,  326347016 total
: 2471313K->398128K(2621440K), 0.5440720 secs] 7097890K->5024705K(8912896K), 0.5442390 secs] [Times: user=9.60 sys=0.00, real=0.54 secs] 
2012-11-14T21:56:29.493+0100: 4548.449: [GC 4548.449: [ParNew
Desired survivor size 268435456 bytes, new threshold 15 (max 15)
- age   1:   43541112 bytes,   43541112 total
- age   2:   63250896 bytes,  106792008 total
- age   3:   50290384 bytes,  157082392 total
- age   4:   70212208 bytes,  227294600 total
: 2495280K->357039K(2621440K), 0.6668010 secs] 7121857K->5118285K(8912896K), 0.6669710 secs] [Times: user=10.91 sys=0.02, real=0.67 secs] 
2012-11-14T21:56:30.161+0100: 4549.117: [GC [1 CMS-initial-mark: 4761246K(6291456K)] 5118479K(8912896K), 0.1966960 secs] [Times: user=0.20 sys=0.00, real=0.19 secs] 
2012-11-14T21:56:30.358+0100: 4549.314: [CMS-concurrent-mark-start]
2012-11-14T21:56:32.242+0100: 4551.198: [CMS-concurrent-mark: 1.879/1.884 secs] [Times: user=10.99 sys=0.13, real=1.89 secs] 
2012-11-14T21:56:32.242+0100: 4551.198: [CMS-concurrent-preclean-start]
2012-11-14T21:56:32.263+0100: 4551.219: [CMS-concurrent-preclean: 0.021/0.022 secs] [Times: user=0.02 sys=0.00, real=0.02 secs] 
2012-11-14T21:56:32.263+0100: 4551.219: [CMS-concurrent-abortable-preclean-start]
 CMS: abort preclean due to time 2012-11-14T21:56:43.770+0100: 4562.726: [CMS-concurrent-abortable-preclean: 11.498/11.506 secs] [Times: user=14.86 sys=0.25, real=11.50 secs] 
2012-11-14T21:56:43.771+0100: 4562.727: [GC[YG occupancy: 2447390 K (2621440 K)]4562.727: [Rescan (parallel) , 1.5377190 secs]4564.265: [weak refs processing, 0.0023090 secs] [1 CMS-remark: 4761246K(6291456K)] 7208636K(8912896K), 1.5402030 secs] [Times: user=24.73 sys=0.10, real=1.54 secs] 
2012-11-14T21:56:45.311+0100: 4564.267: [CMS-concurrent-sweep-start]
2012-11-14T21:56:45.317+0100: 4564.273: [GC 4564.273: [ParNew
Desired survivor size 268435456 bytes, new threshold 15 (max 15)
- age   1:   30397664 bytes,   30397664 total
- age   2:   36056128 bytes,   66453792 total
- age   3:   61828576 bytes,  128282368 total
- age   4:   49771664 bytes,  178054032 total
- age   5:   70075648 bytes,  248129680 total
: 2454191K->348271K(2621440K), 0.3784940 secs] 7215263K->5109343K(8912896K), 0.3786530 secs] [Times: user=6.63 sys=0.00, real=0.38 secs] 
2012-11-14T21:56:51.147+0100: 4570.103: [CMS-concurrent-sweep: 5.447/5.836 secs] [Times: user=15.57 sys=0.48, real=5.84 secs] 
2012-11-14T21:56:51.147+0100: 4570.103: [CMS-concurrent-reset-start]
2012-11-14T21:56:51.163+0100: 4570.119: [CMS-concurrent-reset: 0.016/0.016 secs] [Times: user=0.03 sys=0.00, real=0.01 secs] 
2012-11-14T21:56:51.589+0100: 4570.545: [GC 4570.545: [ParNew
Desired survivor size 268435456 bytes, new threshold 6 (max 15)
- age   1:   56987632 bytes,   56987632 total
- age   2:   24731000 bytes,   81718632 total
- age   3:   35582352 bytes,  117300984 total
- age   4:   59996448 bytes,  177297432 total
- age   5:   49227480 bytes,  226524912 total
- age   6:   53312768 bytes,  279837680 total
: 2445423K->360749K(2621440K), 0.2491300 secs] 6462835K->4378161K(8912896K), 0.2492950 secs] [Times: user=4.36 sys=0.00, real=0.24 secs] 
2012-11-14T21:56:54.588+0100: 4573.544: [GC 4573.544: [ParNew
Desired survivor size 268435456 bytes, new threshold 15 (max 15)
- age   1:    3703368 bytes,    3703368 total
- age   2:   53786832 bytes,   57490200 total
- age   3:   24173304 bytes,   81663504 total
- age   4:   35484040 bytes,  117147544 total
- age   5:   59936808 bytes,  177084352 total
- age   6:   49093160 bytes,  226177512 total
: 2457901K->322499K(2621440K), 0.2891960 secs] 6475313K->4392084K(8912896K), 0.2893530 secs] [Times: user=4.83 sys=0.01, real=0.28 secs] 
2012-11-14T21:56:58.582+0100: 4577.538: [GC 4577.538: [ParNew
Desired survivor size 268435456 bytes, new threshold 15 (max 15)
- age   1:   22999464 bytes,   22999464 total
- age   2:    1743904 bytes,   24743368 total
- age   3:   53315112 bytes,   78058480 total
- age   4:   24095848 bytes,  102154328 total
- age   5:   35481720 bytes,  137636048 total
- age   6:   59701488 bytes,  197337536 total
- age   7:   49091896 bytes,  246429432 total
: 2419651K->323380K(2621440K), 0.2697230 secs] 6489236K->4392965K(8912896K), 0.2699090 secs] [Times: user=4.69 sys=0.00, real=0.27 secs] 
2012-11-14T21:57:15.260+0100: 4594.216: [GC 4594.216: [ParNew
Desired survivor size 268435456 bytes, new threshold 7 (max 15)
- age   1:  128276704 bytes,  128276704 total
- age   2:   18269176 bytes,  146545880 total
- age   3:    1350288 bytes,  147896168 total
- age   4:   50811416 bytes,  198707584 total
- age   5:   23513616 bytes,  222221200 total
- age   6:   35423288 bytes,  257644488 total
- age   7:   59536976 bytes,  317181464 total
- age   8:   47037600 bytes,  364219064 total
: 2420532K->477294K(2621440K), 0.1940340 secs] 6490117K->4546879K(8912896K), 0.1942000 secs] [Times: user=3.21 sys=0.01, real=0.19 secs] 
2012-11-14T21:57:32.850+0100: 4611.806: [GC 4611.806: [ParNew
Desired survivor size 268435456 bytes, new threshold 7 (max 15)
- age   1:   31062552 bytes,   31062552 total
- age   2:  115240472 bytes,  146303024 total
- age   3:   17681312 bytes,  163984336 total
- age   4:     821536 bytes,  164805872 total
- age   5:   49663616 bytes,  214469488 total
- age   6:   22985704 bytes,  237455192 total
- age   7:   35338800 bytes,  272793992 total
: 2574446K->414310K(2621440K), 0.3580610 secs] 6644031K->4588111K(8912896K), 0.3582260 secs] [Times: user=5.65 sys=0.00, real=0.36 secs] 
2012-11-14T21:57:41.149+0100: 4620.105: [GC 4620.105: [ParNew
Desired survivor size 268435456 bytes, new threshold 15 (max 15)
- age   1:   24456688 bytes,   24456688 total
- age   2:   23087704 bytes,   47544392 total
- age   3:  114978416 bytes,  162522808 total
- age   4:   17676616 bytes,  180199424 total
- age   5:     819656 bytes,  181019080 total
- age   6:   49311792 bytes,  230330872 total
- age   7:   22937520 bytes,  253268392 total
: 2511462K->373732K(2621440K), 0.2306520 secs] 6685263K->4582538K(8912896K), 0.2308210 secs] [Times: user=3.82 sys=0.01, real=0.23 secs] 
2012-11-14T21:57:44.071+0100: 4623.027: [GC 4623.027: [ParNew
Desired survivor size 268435456 bytes, new threshold 15 (max 15)
- age   1:    4233408 bytes,    4233408 total
- age   2:   18974376 bytes,   23207784 total
- age   3:   22606728 bytes,   45814512 total
- age   4:  114974904 bytes,  160789416 total
- age   5:   17676616 bytes,  178466032 total
- age   6:     819280 bytes,  179285312 total
- age   7:   49311192 bytes,  228596504 total
- age   8:   22935584 bytes,  251532088 total
: 2470884K->352888K(2621440K), 0.1698270 secs] 6679690K->4561694K(8912896K), 0.1699820 secs] [Times: user=3.00 sys=0.00, real=0.17 secs] 
2012-11-14T21:57:46.183+0100: 4625.139: [GC 4625.139: [ParNew
Desired survivor size 268435456 bytes, new threshold 15 (max 15)
- age   1:    4836096 bytes,    4836096 total
- age   2:    1444224 bytes,    6280320 total
- age   3:   18678040 bytes,   24958360 total
- age   4:   22603440 bytes,   47561800 total
- age   5:  114513616 bytes,  162075416 total
- age   6:   17676496 bytes,  179751912 total
- age   7:     819280 bytes,  180571192 total
- age   8:   49310520 bytes,  229881712 total
- age   9:   22935584 bytes,  252817296 total
: 2450040K->385172K(2621440K), 0.1408930 secs] 6658846K->4593979K(8912896K), 0.1410530 secs] [Times: user=2.48 sys=0.00, real=0.14 secs] 
2012-11-14T21:57:48.580+0100: 4627.536: [GC 4627.536: [ParNew
Desired survivor size 268435456 bytes, new threshold 15 (max 15)
- age   1:    1968672 bytes,    1968672 total
- age   2:    3575384 bytes,    5544056 total
- age   3:    1439608 bytes,    6983664 total
- age   4:   18664680 bytes,   25648344 total
- age   5:   22585744 bytes,   48234088 total
- age   6:  114513240 bytes,  162747328 total
- age   7:   17676464 bytes,  180423792 total
- age   8:     819280 bytes,  181243072 total
- age   9:   49310232 bytes,  230553304 total
- age  10:   22933024 bytes,  253486328 total
: 2482323K->356709K(2621440K), 0.1267730 secs] 6691130K->4565515K(8912896K), 0.1269560 secs] [Times: user=2.22 sys=0.00, real=0.13 secs] 
2012-11-14T21:57:50.832+0100: 4629.788: [GC 4629.788: [ParNew
Desired survivor size 268435456 bytes, new threshold 15 (max 15)
- age   1:   13682160 bytes,   13682160 total
- age   2:     601160 bytes,   14283320 total
- age   3:    3403528 bytes,   17686848 total
- age   4:    1436392 bytes,   19123240 total
- age   5:   18649264 bytes,   37772504 total
- age   6:   22503656 bytes,   60276160 total
- age   7:  114512952 bytes,  174789112 total
- age   8:   17583624 bytes,  192372736 total
- age   9:     819280 bytes,  193192016 total
- age  10:   49310016 bytes,  242502032 total
- age  11:   22932808 bytes,  265434840 total
: 2453861K->371437K(2621440K), 0.1284300 secs] 6662667K->4580243K(8912896K), 0.1285830 secs] [Times: user=2.20 sys=0.01, real=0.13 secs] 
2012-11-14T21:57:53.001+0100: 4631.956: [GC 4631.957: [ParNew
Desired survivor size 268435456 bytes, new threshold 15 (max 15)
- age   1:    7319952 bytes,    7319952 total
- age   2:    9181040 bytes,   16500992 total
- age   3:     600504 bytes,   17101496 total
- age   4:    3398072 bytes,   20499568 total
- age   5:     547768 bytes,   21047336 total
- age   6:   18045760 bytes,   39093096 total
- age   7:   21575040 bytes,   60668136 total
- age   8:  114512072 bytes,  175180208 total
- age   9:   17583440 bytes,  192763648 total
- age  10:     819280 bytes,  193582928 total
- age  11:   49310016 bytes,  242892944 total
- age  12:   22932416 bytes,  265825360 total
: 2468589K->411685K(2621440K), 0.1152860 secs] 6677395K->4620492K(8912896K), 0.1154470 secs] [Times: user=2.01 sys=0.00, real=0.12 secs] 
2012-11-14T21:57:54.885+0100: 4633.840: [GC 4633.841: [ParNew
Desired survivor size 268435456 bytes, new threshold 13 (max 15)
- age   1:   16544896 bytes,   16544896 total
- age   2:    5844328 bytes,   22389224 total
- age   3:    9172896 bytes,   31562120 total
- age   4:     549488 bytes,   32111608 total
- age   5:    3397880 bytes,   35509488 total
- age   6:     547320 bytes,   36056808 total
- age   7:   18043824 bytes,   54100632 total
- age   8:   21439040 bytes,   75539672 total
- age   9:  114388512 bytes,  189928184 total
- age  10:   17583184 bytes,  207511368 total
- age  11:     780224 bytes,  208291592 total
- age  12:   49310016 bytes,  257601608 total
- age  13:   22839224 bytes,  280440832 total
: 2508837K->416945K(2621440K), 0.1514640 secs] 6717644K->4625751K(8912896K), 0.1516190 secs] [Times: user=2.61 sys=0.00, real=0.15 secs] 
2012-11-14T21:57:56.991+0100: 4635.947: [GC 4635.947: [ParNew
Desired survivor size 268435456 bytes, new threshold 13 (max 15)
- age   1:   17567424 bytes,   17567424 total
- age   2:   14205232 bytes,   31772656 total
- age   3:    5431240 bytes,   37203896 total
- age   4:    9162680 bytes,   46366576 total
- age   5:     548664 bytes,   46915240 total
- age   6:    3360200 bytes,   50275440 total
- age   7:     546776 bytes,   50822216 total
- age   8:   18043336 bytes,   68865552 total
- age   9:   20974496 bytes,   89840048 total
- age  10:  114387936 bytes,  204227984 total
- age  11:   17583152 bytes,  221811136 total
- age  12:     780048 bytes,  222591184 total
- age  13:   49310016 bytes,  271901200 total
: 2514097K->374624K(2621440K), 0.1492200 secs] 6722903K->4606079K(8912896K), 0.1493910 secs] [Times: user=2.45 sys=0.01, real=0.17 secs] 
2012-11-14T21:57:58.913+0100: 4637.869: [GC 4637.869: [ParNew
Desired survivor size 268435456 bytes, new threshold 15 (max 15)
- age   1:   19378664 bytes,   19378664 total
- age   2:   14975896 bytes,   34354560 total
- age   3:   14198840 bytes,   48553400 total
- age   4:    5415848 bytes,   53969248 total
- age   5:    9160752 bytes,   63130000 total
- age   6:     548584 bytes,   63678584 total
- age   7:    1774688 bytes,   65453272 total
- age   8:     546528 bytes,   65999800 total
- age   9:   18038192 bytes,   84037992 total
- age  10:   20913272 bytes,  104951264 total
- age  11:  114039920 bytes,  218991184 total
- age  12:   17583288 bytes,  236574472 total
- age  13:     779672 bytes,  237354144 total
: 2471776K->355020K(2621440K), 0.1686930 secs] 6703231K->4634842K(8912896K), 0.1688650 secs] [Times: user=2.64 sys=0.00, real=0.17 secs] 
2012-11-14T21:58:01.120+0100: 4640.076: [GC 4640.076: [ParNew
Desired survivor size 268435456 bytes, new threshold 15 (max 15)
- age   1:    1635800 bytes,    1635800 total
- age   2:   17214408 bytes,   18850208 total
- age   3:   14509648 bytes,   33359856 total
- age   4:   14197168 bytes,   47557024 total
- age   5:    5415296 bytes,   52972320 total
- age   6:    9032448 bytes,   62004768 total
- age   7:     548208 bytes,   62552976 total
- age   8:    1465488 bytes,   64018464 total
- age   9:     546280 bytes,   64564744 total
- age  10:   18033448 bytes,   82598192 total
- age  11:   20909560 bytes,  103507752 total
- age  12:  114039336 bytes,  217547088 total
- age  13:   17583152 bytes,  235130240 total
- age  14:     779672 bytes,  235909912 total
: 2452172K->345762K(2621440K), 0.2571430 secs] 6731994K->4625584K(8912896K), 0.2572910 secs] [Times: user=4.57 sys=0.00, real=0.26 secs] 
2012-11-14T21:58:03.785+0100: 4642.741: [GC 4642.741: [ParNew
Desired survivor size 268435456 bytes, new threshold 15 (max 15)
- age   1:    3929144 bytes,    3929144 total
- age   2:     404760 bytes,    4333904 total
- age   3:   17191496 bytes,   21525400 total
- age   4:   14440096 bytes,   35965496 total
- age   5:   14180952 bytes,   50146448 total
- age   6:    5401016 bytes,   55547464 total
- age   7:    8867648 bytes,   64415112 total
- age   8:      77200 bytes,   64492312 total
- age   9:    1009208 bytes,   65501520 total
- age  10:     538336 bytes,   66039856 total
- age  11:   17519568 bytes,   83559424 total
- age  12:   20898792 bytes,  104458216 total
- age  13:  114038664 bytes,  218496880 total
- age  14:   17582840 bytes,  236079720 total
- age  15:     779672 bytes,  236859392 total
: 2442914K->322996K(2621440K), 0.1073440 secs] 6722736K->4602817K(8912896K), 0.1074890 secs] [Times: user=1.88 sys=0.00, real=0.10 secs] 
2012-11-14T21:58:06.183+0100: 4645.139: [GC 4645.139: [ParNew
Desired survivor size 268435456 bytes, new threshold 15 (max 15)
- age   1:    1268224 bytes,    1268224 total
- age   2:    2546624 bytes,    3814848 total
- age   3:     399888 bytes,    4214736 total
- age   4:   17189952 bytes,   21404688 total
- age   5:   14437096 bytes,   35841784 total
- age   6:   14180904 bytes,   50022688 total
- age   7:    5330976 bytes,   55353664 total
- age   8:    8867424 bytes,   64221088 total
- age   9:      76784 bytes,   64297872 total
- age  10:    1008856 bytes,   65306728 total
- age  11:     538304 bytes,   65845032 total
- age  12:   17518512 bytes,   83363544 total
- age  13:   20898872 bytes,  104262416 total
- age  14:  114038624 bytes,  218301040 total
- age  15:   17582840 bytes,  235883880 total
: 2420140K->334210K(2621440K), 0.1321520 secs] 6699961K->4614793K(8912896K), 0.1323020 secs] [Times: user=2.32 sys=0.01, real=0.13 secs] 
2012-11-14T21:58:08.717+0100: 4647.673: [GC 4647.673: [ParNew
Desired survivor size 268435456 bytes, new threshold 15 (max 15)
- age   1:    1508752 bytes,    1508752 total
- age   2:     255528 bytes,    1764280 total
- age   3:    2082368 bytes,    3846648 total
- age   4:     399696 bytes,    4246344 total
- age   5:   17189824 bytes,   21436168 total
- age   6:   13971560 bytes,   35407728 total
- age   7:   14180872 bytes,   49588600 total
- age   8:    5330072 bytes,   54918672 total
- age   9:    8867432 bytes,   63786104 total
- age  10:      76784 bytes,   63862888 total
- age  11:    1008856 bytes,   64871744 total
- age  12:     538208 bytes,   65409952 total
- age  13:   17518232 bytes,   82928184 total
- age  14:   20897928 bytes,  103826112 total
- age  15:  114038656 bytes,  217864768 total
: 2431362K->307318K(2621440K), 0.2799160 secs] 6711945K->4605358K(8912896K), 0.2800600 secs] [Times: user=4.88 sys=0.00, real=0.28 secs] 
2012-11-14T21:58:11.270+0100: 4650.226: [GC 4650.226: [ParNew
Desired survivor size 268435456 bytes, new threshold 15 (max 15)
- age   1:    2440936 bytes,    2440936 total
- age   2:     530640 bytes,    2971576 total
- age   3:     232104 bytes,    3203680 total
- age   4:    2027992 bytes,    5231672 total
- age   5:     399696 bytes,    5631368 total
- age   6:   17188664 bytes,   22820032 total
- age   7:   13970064 bytes,   36790096 total
- age   8:   14179832 bytes,   50969928 total
- age   9:    5329664 bytes,   56299592 total
- age  10:    8867200 bytes,   65166792 total
- age  11:      76632 bytes,   65243424 total
- age  12:    1007984 bytes,   66251408 total
- age  13:     538208 bytes,   66789616 total
- age  14:   17514224 bytes,   84303840 total
- age  15:   20898040 bytes,  105201880 total
: 2404471K->229387K(2621440K), 0.3528630 secs] 6702511K->4639474K(8912896K), 0.3530050 secs] [Times: user=5.53 sys=0.00, real=0.36 secs] 
2012-11-14T21:58:13.864+0100: 4652.820: [GC 4652.820: [ParNew
Desired survivor size 268435456 bytes, new threshold 15 (max 15)
- age   1:    3753936 bytes,    3753936 total
- age   2:    1253360 bytes,    5007296 total
- age   3:     530368 bytes,    5537664 total
- age   4:     231840 bytes,    5769504 total
- age   5:    1506592 bytes,    7276096 total
- age   6:     397952 bytes,    7674048 total
- age   7:   16130096 bytes,   23804144 total
- age   8:   13968256 bytes,   37772400 total
- age   9:   14179224 bytes,   51951624 total
- age  10:    5329296 bytes,   57280920 total
- age  11:    8794888 bytes,   66075808 total
- age  12:      76480 bytes,   66152288 total
- age  13:    1007984 bytes,   67160272 total
- age  14:     538208 bytes,   67698480 total
- age  15:   17514144 bytes,   85212624 total
: 2326539K->129000K(2621440K), 0.0376750 secs] 6736626K->4559716K(8912896K), 0.0378250 secs] [Times: user=0.52 sys=0.00, real=0.03 secs] 
2012-11-14T21:58:16.392+0100: 4655.348: [GC 4655.348: [ParNew
Desired survivor size 268435456 bytes, new threshold 15 (max 15)
- age   1:    2198056 bytes,    2198056 total
- age   2:    2332720 bytes,    4530776 total
- age   3:    1247080 bytes,    5777856 total
- age   4:     530272 bytes,    6308128 total
- age   5:     231744 bytes,    6539872 total
- age   6:    1468384 bytes,    8008256 total
- age   7:     397760 bytes,    8406016 total
- age   8:   16106384 bytes,   24512400 total
- age   9:   13957768 bytes,   38470168 total
- age  10:   14179224 bytes,   52649392 total
- age  11:    5329024 bytes,   57978416 total
- age  12:    8794816 bytes,   66773232 total
- age  13:      76056 bytes,   66849288 total
- age  14:    1008016 bytes,   67857304 total
- age  15:     538176 bytes,   68395480 total
: 2226133K->99784K(2621440K), 0.0325750 secs] 6656849K->4547681K(8912896K), 0.0327240 secs] [Times: user=0.44 sys=0.00, real=0.04 secs] 
2012-11-14T21:58:18.713+0100: 4657.669: [GC 4657.669: [ParNew
Desired survivor size 268435456 bytes, new threshold 15 (max 15)
- age   1:    2146128 bytes,    2146128 total
- age   2:    1189864 bytes,    3335992 total
- age   3:    2313064 bytes,    5649056 total
- age   4:    1242704 bytes,    6891760 total
- age   5:     529992 bytes,    7421752 total
- age   6:     231744 bytes,    7653496 total
- age   7:    1468256 bytes,    9121752 total
- age   8:     396816 bytes,    9518568 total
- age   9:   16104424 bytes,   25622992 total
- age  10:   13956960 bytes,   39579952 total
- age  11:   14178288 bytes,   53758240 total
- age  12:    5328832 bytes,   59087072 total
- age  13:    8794392 bytes,   67881464 total
- age  14:      75960 bytes,   67957424 total
- age  15:    1007600 bytes,   68965024 total
: 2196936K->95160K(2621440K), 0.0212300 secs] 6644833K->4543583K(8912896K), 0.0213770 secs] [Times: user=0.32 sys=0.00, real=0.03 secs] 
2012-11-14T21:58:20.956+0100: 4659.912: [GC 4659.913: [ParNew
Desired survivor size 268435456 bytes, new threshold 15 (max 15)
- age   1:    1290288 bytes,    1290288 total
- age   2:    1021456 bytes,    2311744 total
- age   3:    1186896 bytes,    3498640 total
- age   4:    2311544 bytes,    5810184 total
- age   5:    1242152 bytes,    7052336 total
- age   6:      66384 bytes,    7118720 total
- age   7:     231288 bytes,    7350008 total
- age   8:    1468064 bytes,    8818072 total
- age   9:     267128 bytes,    9085200 total
- age  10:   16103584 bytes,   25188784 total
- age  11:   13955240 bytes,   39144024 total
- age  12:   14171384 bytes,   53315408 total
- age  13:    5325376 bytes,   58640784 total
- age  14:    8790680 bytes,   67431464 total
- age  15:      75856 bytes,   67507320 total
: 2192312K->94816K(2621440K), 0.0213700 secs] 6640735K->4544224K(8912896K), 0.0215400 secs] [Times: user=0.33 sys=0.00, real=0.02 secs] 
2012-11-14T21:58:22.934+0100: 4661.890: [GC 4661.890: [ParNew
Desired survivor size 268435456 bytes, new threshold 15 (max 15)
- age   1:    2877160 bytes,    2877160 total
- age   2:     143808 bytes,    3020968 total
- age   3:     889840 bytes,    3910808 total
- age   4:    1186056 bytes,    5096864 total
- age   5:     933592 bytes,    6030456 total
- age   6:    1238320 bytes,    7268776 total
- age   7:      66072 bytes,    7334848 total
- age   8:     228184 bytes,    7563032 total
- age   9:    1462304 bytes,    9025336 total
- age  10:     261352 bytes,    9286688 total
- age  11:   16099752 bytes,   25386440 total
- age  12:   13492192 bytes,   38878632 total
- age  13:   14171280 bytes,   53049912 total
- age  14:    5325184 bytes,   58375096 total
- age  15:    8790680 bytes,   67165776 total
: 2191968K->95790K(2621440K), 0.0204040 secs] 6641376K->4545272K(8912896K), 0.0205510 secs] [Times: user=0.32 sys=0.00, real=0.02 secs] 
2012-11-14T21:58:25.204+0100: 4664.160: [GC 4664.160: [ParNew
Desired survivor size 268435456 bytes, new threshold 15 (max 15)
- age   1:    2586824 bytes,    2586824 total
- age   2:    1714000 bytes,    4300824 total
- age   3:     143168 bytes,    4443992 total
- age   4:     884824 bytes,    5328816 total
- age   5:    1185968 bytes,    6514784 total
- age   6:     860136 bytes,    7374920 total
- age   7:    1237904 bytes,    8612824 total
- age   8:      65936 bytes,    8678760 total
- age   9:     227640 bytes,    8906400 total
- age  10:    1462200 bytes,   10368600 total
- age  11:     261352 bytes,   10629952 total
- age  12:   16099848 bytes,   26729800 total
- age  13:   13491752 bytes,   40221552 total
- age  14:   14171280 bytes,   54392832 total
- age  15:    5325184 bytes,   59718016 total
: 2192942K->91248K(2621440K), 0.0262660 secs] 6642424K->4549445K(8912896K), 0.0264150 secs] [Times: user=0.36 sys=0.00, real=0.03 secs] 
2012-11-14T21:58:27.614+0100: 4666.570: [GC 4666.571: [ParNew
Desired survivor size 268435456 bytes, new threshold 15 (max 15)
- age   1:    2602568 bytes,    2602568 total
- age   2:    1222760 bytes,    3825328 total
- age   3:    1708568 bytes,    5533896 total
- age   4:     138808 bytes,    5672704 total
- age   5:     648960 bytes,    6321664 total
- age   6:     929904 bytes,    7251568 total
- age   7:     859936 bytes,    8111504 total
- age   8:    1188504 bytes,    9300008 total
- age   9:      65936 bytes,    9365944 total
- age  10:      99512 bytes,    9465456 total
- age  11:    1462080 bytes,   10927536 total
- age  12:     208160 bytes,   11135696 total
- age  13:   15990144 bytes,   27125840 total
- age  14:   13491328 bytes,   40617168 total
- age  15:   14169992 bytes,   54787160 total
: 2188400K->83430K(2621440K), 0.0220040 secs] 6646597K->4546908K(8912896K), 0.0221500 secs] [Times: user=0.31 sys=0.00, real=0.02 secs] 
2012-11-14T21:58:30.264+0100: 4669.220: [GC 4669.220: [ParNew
Desired survivor size 268435456 bytes, new threshold 15 (max 15)
- age   1:    2343248 bytes,    2343248 total
- age   2:    1494776 bytes,    3838024 total
- age   3:    1219856 bytes,    5057880 total
- age   4:    1708184 bytes,    6766064 total
- age   5:     138528 bytes,    6904592 total
- age   6:     648960 bytes,    7553552 total
- age   7:     929648 bytes,    8483200 total
- age   8:     859392 bytes,    9342592 total
- age   9:    1188224 bytes,   10530816 total
- age  10:      65936 bytes,   10596752 total
- age  11:      99512 bytes,   10696264 total
- age  12:    1462080 bytes,   12158344 total
- age  13:     207936 bytes,   12366280 total
- age  14:   15989584 bytes,   28355864 total
- age  15:   13490968 bytes,   41846832 total
: 2180569K->61225K(2621440K), 0.0247340 secs] 6644047K->4538751K(8912896K), 0.0249050 secs] [Times: user=0.32 sys=0.00, real=0.02 secs] 
2012-11-14T21:58:32.504+0100: 4671.460: [GC 4671.460: [ParNew
Desired survivor size 268435456 bytes, new threshold 15 (max 15)
- age   1:    2332504 bytes,    2332504 total
- age   2:     810088 bytes,    3142592 total
- age   3:    1348240 bytes,    4490832 total
- age   4:    1219584 bytes,    5710416 total
- age   5:    1703568 bytes,    7413984 total
- age   6:     136144 bytes,    7550128 total
- age   7:     648768 bytes,    8198896 total
- age   8:     929648 bytes,    9128544 total
- age   9:     859392 bytes,    9987936 total
- age  10:     725032 bytes,   10712968 total
- age  11:      65936 bytes,   10778904 total
- age  12:      99512 bytes,   10878416 total
- age  13:    1462056 bytes,   12340472 total
- age  14:     207936 bytes,   12548408 total
- age  15:   15989448 bytes,   28537856 total
: 2158377K->49519K(2621440K), 0.0219770 secs] 6635903K->4540433K(8912896K), 0.0221250 secs] [Times: user=0.26 sys=0.00, real=0.02 secs] 
2012-11-14T21:58:34.716+0100: 4673.672: [GC 4673.672: [ParNew
Desired survivor size 268435456 bytes, new threshold 15 (max 15)
- age   1:    1554672 bytes,    1554672 total
- age   2:     475864 bytes,    2030536 total
- age   3:     678080 bytes,    2708616 total
- age   4:    1345984 bytes,    4054600 total
- age   5:    1218368 bytes,    5272968 total
- age   6:    1702784 bytes,    6975752 total
- age   7:     135864 bytes,    7111616 total
- age   8:     648192 bytes,    7759808 total
- age   9:     929648 bytes,    8689456 total
- age  10:     731296 bytes,    9420752 total
- age  11:     596520 bytes,   10017272 total
- age  12:      65832 bytes,   10083104 total
- age  13:      99384 bytes,   10182488 total
- age  14:    1460960 bytes,   11643448 total
- age  15:     207904 bytes,   11851352 total
: 2146671K->24912K(2621440K), 0.0203220 secs] 6637585K->4531647K(8912896K), 0.0204710 secs] [Times: user=0.23 sys=0.00, real=0.02 secs] 
2012-11-14T21:58:36.824+0100: 4675.780: [GC 4675.780: [ParNew
Desired survivor size 268435456 bytes, new threshold 15 (max 15)
- age   1:    3543368 bytes,    3543368 total
- age   2:     519552 bytes,    4062920 total
- age   3:     474448 bytes,    4537368 total
- age   4:     549816 bytes,    5087184 total
- age   5:    1334704 bytes,    6421888 total
- age   6:    1213912 bytes,    7635800 total
- age   7:     203880 bytes,    7839680 total
- age   8:     135408 bytes,    7975088 total
- age   9:     519720 bytes,    8494808 total
- age  10:     929648 bytes,    9424456 total
- age  11:     673840 bytes,   10098296 total
- age  12:     596328 bytes,   10694624 total
- age  13:      65832 bytes,   10760456 total
- age  14:      99384 bytes,   10859840 total
- age  15:    1460792 bytes,   12320632 total
: 2122064K->15352K(2621440K), 0.0115900 secs] 6628799K->4522290K(8912896K), 0.0117380 secs] [Times: user=0.16 sys=0.00, real=0.01 secs] 
2012-11-14T21:58:38.736+0100: 4677.692: [GC 4677.692: [ParNew
Desired survivor size 268435456 bytes, new threshold 15 (max 15)
- age   1:    4436608 bytes,    4436608 total
- age   2:    1915864 bytes,    6352472 total
- age   3:     509800 bytes,    6862272 total
- age   4:     471784 bytes,    7334056 total
- age   5:     549688 bytes,    7883744 total
- age   6:    1333624 bytes,    9217368 total
- age   7:     285744 bytes,    9503112 total
- age   8:     203880 bytes,    9706992 total
- age   9:     121104 bytes,    9828096 total
- age  10:     519720 bytes,   10347816 total
- age  11:     498184 bytes,   10846000 total
- age  12:     463096 bytes,   11309096 total
- age  13:     130720 bytes,   11439816 total
- age  14:      65424 bytes,   11505240 total
- age  15:      99280 bytes,   11604520 total
: 2112504K->16415K(2621440K), 0.0099040 secs] 6619442K->4524791K(8912896K), 0.0100640 secs] [Times: user=0.12 sys=0.01, real=0.01 secs] 
2012-11-14T21:58:40.982+0100: 4679.938: [GC 4679.938: [ParNew
Desired survivor size 268435456 bytes, new threshold 15 (max 15)
- age   1:    2562672 bytes,    2562672 total
- age   2:    3093152 bytes,    5655824 total
- age   3:    1895496 bytes,    7551320 total
- age   4:     508480 bytes,    8059800 total
- age   5:     471784 bytes,    8531584 total
- age   6:      85544 bytes,    8617128 total
- age   7:    1333624 bytes,    9950752 total
- age   8:     152768 bytes,   10103520 total
- age   9:     203344 bytes,   10306864 total
- age  10:     120976 bytes,   10427840 total
- age  11:     519720 bytes,   10947560 total
- age  12:     460936 bytes,   11408496 total
- age  13:     422880 bytes,   11831376 total
- age  14:     129992 bytes,   11961368 total
- age  15:      65424 bytes,   12026792 total
: 2113567K->15885K(2621440K), 0.0107300 secs] 6621943K->4524358K(8912896K), 0.0108670 secs] [Times: user=0.15 sys=0.00, real=0.02 secs] 
2012-11-14T21:58:46.260+0100: 4685.216: [GC 4685.216: [ParNew
Desired survivor size 268435456 bytes, new threshold 15 (max 15)
- age   1:    4084760 bytes,    4084760 total
- age   2:     963464 bytes,    5048224 total
- age   3:    3083944 bytes,    8132168 total
- age   4:    1888160 bytes,   10020328 total
- age   5:     506544 bytes,   10526872 total
- age   6:     437440 bytes,   10964312 total
- age   7:      85104 bytes,   11049416 total
- age   8:    1098736 bytes,   12148152 total
- age   9:     152768 bytes,   12300920 total
- age  10:     145432 bytes,   12446352 total
- age  11:     117168 bytes,   12563520 total
- age  12:     390640 bytes,   12954160 total
- age  13:     460624 bytes,   13414784 total
- age  14:     422560 bytes,   13837344 total
- age  15:     129992 bytes,   13967336 total
: 2113037K->17391K(2621440K), 0.0107720 secs] 6621510K->4525928K(8912896K), 0.0109070 secs] [Times: user=0.16 sys=0.00, real=0.02 secs] 
2012-11-14T21:59:09.465+0100: 4708.421: [GC 4708.421: [ParNew
Desired survivor size 268435456 bytes, new threshold 15 (max 15)
- age   1:   54479384 bytes,   54479384 total
- age   2:    1220408 bytes,   55699792 total
- age   3:     728040 bytes,   56427832 total
- age   4:    1741744 bytes,   58169576 total
- age   5:    1066832 bytes,   59236408 total
- age   6:     375688 bytes,   59612096 total
- age   7:     436544 bytes,   60048640 total
- age   8:      83864 bytes,   60132504 total
- age   9:     562576 bytes,   60695080 total
- age  10:     151320 bytes,   60846400 total
- age  11:     144888 bytes,   60991288 total
- age  12:     116664 bytes,   61107952 total
- age  13:     262336 bytes,   61370288 total
- age  14:     428128 bytes,   61798416 total
- age  15:     419000 bytes,   62217416 total
: 2114543K->64963K(2621440K), 0.0347700 secs] 6623080K->4573626K(8912896K), 0.0349320 secs] [Times: user=0.40 sys=0.00, real=0.04 secs] 
2012-11-14T21:59:22.256+0100: 4721.212: [GC 4721.212: [ParNew
Desired survivor size 268435456 bytes, new threshold 15 (max 15)
- age   1:   45317160 bytes,   45317160 total
- age   2:   45703016 bytes,   91020176 total
- age   3:    1190152 bytes,   92210328 total
- age   4:     580784 bytes,   92791112 total
- age   5:    1553504 bytes,   94344616 total
- age   6:    1056856 bytes,   95401472 total
- age   7:     365768 bytes,   95767240 total
- age   8:     432144 bytes,   96199384 total
- age   9:      79304 bytes,   96278688 total
- age  10:     559040 bytes,   96837728 total
- age  11:     143936 bytes,   96981664 total
- age  12:     130128 bytes,   97111792 total
- age  13:     106584 bytes,   97218376 total
- age  14:     255448 bytes,   97473824 total
- age  15:     262160 bytes,   97735984 total
: 2162115K->112738K(2621440K), 0.0417290 secs] 6670778K->4621765K(8912896K), 0.0418980 secs] [Times: user=0.56 sys=0.00, real=0.04 secs] 
2012-11-14T21:59:39.396+0100: 4738.352: [GC 4738.352: [ParNew
Desired survivor size 268435456 bytes, new threshold 15 (max 15)
- age   1:   15380216 bytes,   15380216 total
- age   2:   35628864 bytes,   51009080 total
- age   3:   44040584 bytes,   95049664 total
- age   4:     616344 bytes,   95666008 total
- age   5:     471864 bytes,   96137872 total
- age   6:    1546480 bytes,   97684352 total
- age   7:    1053000 bytes,   98737352 total
- age   8:     364568 bytes,   99101920 total
- age   9:     431480 bytes,   99533400 total
- age  10:      76480 bytes,   99609880 total
- age  11:     557880 bytes,  100167760 total
- age  12:     142680 bytes,  100310440 total
- age  13:     130064 bytes,  100440504 total
- age  14:     106584 bytes,  100547088 total
- age  15:     255016 bytes,  100802104 total
: 2209890K->126390K(2621440K), 0.0347160 secs] 6718917K->4635630K(8912896K), 0.0348950 secs] [Times: user=0.45 sys=0.01, real=0.04 secs] 
2012-11-14T21:59:58.683+0100: 4757.639: [GC 4757.639: [ParNew
Desired survivor size 268435456 bytes, new threshold 15 (max 15)
- age   1:   43069960 bytes,   43069960 total
- age   2:    7313200 bytes,   50383160 total
- age   3:   34860904 bytes,   85244064 total
- age   4:   44027232 bytes,  129271296 total
- age   5:     615352 bytes,  129886648 total
- age   6:     471512 bytes,  130358160 total
- age   7:    1546352 bytes,  131904512 total
- age   8:    1052544 bytes,  132957056 total
- age   9:     364568 bytes,  133321624 total
- age  10:     431200 bytes,  133752824 total
- age  11:      76352 bytes,  133829176 total
- age  12:     557760 bytes,  134386936 total
- age  13:     142680 bytes,  134529616 total
- age  14:     130032 bytes,  134659648 total
- age  15:     106328 bytes,  134765976 total
: 2223542K->180035K(2621440K), 0.1368630 secs] 6732782K->4689525K(8912896K), 0.1370100 secs] [Times: user=2.32 sys=0.00, real=0.14 secs] 
2012-11-14T22:00:26.585+0100: 4785.541: [GC 4785.541: [ParNew
Desired survivor size 268435456 bytes, new threshold 15 (max 15)
- age   1:  102879264 bytes,  102879264 total
- age   2:   35025040 bytes,  137904304 total
- age   3:    4899056 bytes,  142803360 total
- age   4:   34021640 bytes,  176825000 total
- age   5:   43523024 bytes,  220348024 total
- age   6:     614736 bytes,  220962760 total
- age   7:     438152 bytes,  221400912 total
- age   8:    1289352 bytes,  222690264 total
- age   9:    1051896 bytes,  223742160 total
- age  10:     364568 bytes,  224106728 total
- age  11:     431096 bytes,  224537824 total
- age  12:      76160 bytes,  224613984 total
- age  13:     557760 bytes,  225171744 total
- age  14:      61688 bytes,  225233432 total
- age  15:     130032 bytes,  225363464 total
: 2277078K->288805K(2621440K), 0.3680410 secs] 6786567K->4798398K(8912896K), 0.3681760 secs] [Times: user=6.43 sys=0.00, real=0.37 secs] 
2012-11-14T22:00:50.721+0100: 4809.677: [GC 4809.677: [ParNew
Desired survivor size 268435456 bytes, new threshold 6 (max 15)
- age   1:   86439872 bytes,   86439872 total
- age   2:   91495320 bytes,  177935192 total
- age   3:   34730984 bytes,  212666176 total
- age   4:    4787432 bytes,  217453608 total
- age   5:   33819856 bytes,  251273464 total
- age   6:   43277256 bytes,  294550720 total
- age   7:     604720 bytes,  295155440 total
- age   8:     438024 bytes,  295593464 total
- age   9:    1219960 bytes,  296813424 total
- age  10:    1051896 bytes,  297865320 total
- age  11:     364504 bytes,  298229824 total
- age  12:     431096 bytes,  298660920 total
- age  13:      76160 bytes,  298737080 total
- age  14:     557760 bytes,  299294840 total
- age  15:      61632 bytes,  299356472 total
: 2385957K->398104K(2621440K), 0.2446080 secs] 6895550K->4907825K(8912896K), 0.2447480 secs] [Times: user=4.20 sys=0.00, real=0.25 secs] 
2012-11-14T22:01:06.136+0100: 4825.092: [GC 4825.092: [ParNew
Desired survivor size 268435456 bytes, new threshold 6 (max 15)
- age   1:   59475752 bytes,   59475752 total
- age   2:   74071192 bytes,  133546944 total
- age   3:   90381392 bytes,  223928336 total
- age   4:   34688960 bytes,  258617296 total
- age   5:    4681264 bytes,  263298560 total
- age   6:   33766152 bytes,  297064712 total
: 2495256K->430443K(2621440K), 0.2743460 secs] 7004977K->4987165K(8912896K), 0.2745200 secs] [Times: user=3.71 sys=0.06, real=0.28 secs] 
2012-11-14T22:01:21.835+0100: 4840.791: [GC 4840.791: [ParNew
Desired survivor size 268435456 bytes, new threshold 4 (max 15)
- age   1:   71656064 bytes,   71656064 total
- age   2:   47847920 bytes,  119503984 total
- age   3:   72468624 bytes,  191972608 total
- age   4:   89776272 bytes,  281748880 total
- age   5:   34673248 bytes,  316422128 total
- age   6:    4676704 bytes,  321098832 total
: 2527595K->469689K(2621440K), 0.3983230 secs] 7084317K->5059888K(8912896K), 0.3984760 secs] [Times: user=6.82 sys=0.01, real=0.40 secs] 
2012-11-14T22:01:42.051+0100: 4861.007: [GC 4861.007: [ParNew
Desired survivor size 268435456 bytes, new threshold 15 (max 15)
- age   1:   44913904 bytes,   44913904 total
- age   2:   62948896 bytes,  107862800 total
- age   3:   47779040 bytes,  155641840 total
- age   4:   72327960 bytes,  227969800 total
: 2566841K->356622K(2621440K), 0.4331800 secs] 7157040K->5073969K(8912896K), 0.4333320 secs] [Times: user=6.80 sys=0.01, real=0.43 secs] 
2012-11-14T22:01:59.344+0100: 4878.300: [GC 4878.300: [ParNew
Desired survivor size 268435456 bytes, new threshold 15 (max 15)
- age   1:   44255520 bytes,   44255520 total
- age   2:   37299344 bytes,   81554864 total
- age   3:   61154792 bytes,  142709656 total
- age   4:   47777864 bytes,  190487520 total
- age   5:   72003432 bytes,  262490952 total
: 2453774K->351478K(2621440K), 0.3564850 secs] 7171121K->5068825K(8912896K), 0.3566360 secs] [Times: user=6.20 sys=0.01, real=0.36 secs] 
2012-11-14T22:02:02.821+0100: 4881.777: [GC 4881.777: [ParNew
Desired survivor size 268435456 bytes, new threshold 6 (max 15)
- age   1:   25017216 bytes,   25017216 total
- age   2:   36751880 bytes,   61769096 total
- age   3:   37286352 bytes,   99055448 total
- age   4:   60916328 bytes,  159971776 total
- age   5:   47754064 bytes,  207725840 total
- age   6:   72001352 bytes,  279727192 total
: 2448630K->362597K(2621440K), 0.3701400 secs] 7165977K->5079945K(8912896K), 0.3702890 secs] [Times: user=6.50 sys=0.01, real=0.37 secs] 
2012-11-14T22:02:06.412+0100: 4885.368: [GC 4885.368: [ParNew
Desired survivor size 268435456 bytes, new threshold 15 (max 15)
- age   1:    2720360 bytes,    2720360 total
- age   2:   20658528 bytes,   23378888 total
- age   3:   36614784 bytes,   59993672 total
- age   4:   37285392 bytes,   97279064 total
- age   5:   60916112 bytes,  158195176 total
- age   6:   47753216 bytes,  205948392 total
: 2459749K->338743K(2621440K), 0.3933390 secs] 7177097K->5126823K(8912896K), 0.3934910 secs] [Times: user=6.64 sys=0.01, real=0.39 secs] 
2012-11-14T22:02:06.806+0100: 4885.762: [GC [1 CMS-initial-mark: 4788079K(6291456K)] 5128578K(8912896K), 0.2311680 secs] [Times: user=0.23 sys=0.00, real=0.23 secs] 
2012-11-14T22:02:07.038+0100: 4885.994: [CMS-concurrent-mark-start]
2012-11-14T22:02:08.863+0100: 4887.819: [CMS-concurrent-mark: 1.820/1.825 secs] [Times: user=9.99 sys=0.04, real=1.83 secs] 
2012-11-14T22:02:08.863+0100: 4887.819: [CMS-concurrent-preclean-start]
2012-11-14T22:02:08.884+0100: 4887.840: [CMS-concurrent-preclean: 0.021/0.021 secs] [Times: user=0.02 sys=0.00, real=0.02 secs] 
2012-11-14T22:02:08.885+0100: 4887.840: [CMS-concurrent-abortable-preclean-start]
 CMS: abort preclean due to time 2012-11-14T22:02:20.107+0100: 4899.063: [CMS-concurrent-abortable-preclean: 11.211/11.223 secs] [Times: user=13.52 sys=0.21, real=11.23 secs] 
2012-11-14T22:02:20.109+0100: 4899.065: [GC[YG occupancy: 1817857 K (2621440 K)]4899.065: [Rescan (parallel) , 1.0006870 secs]4900.065: [weak refs processing, 0.0011790 secs] [1 CMS-remark: 4788079K(6291456K)] 6605937K(8912896K), 1.0021020 secs] [Times: user=16.14 sys=0.03, real=1.00 secs] 
2012-11-14T22:02:21.111+0100: 4900.067: [CMS-concurrent-sweep-start]
2012-11-14T22:02:26.605+0100: 4905.561: [CMS-concurrent-sweep: 5.492/5.494 secs] [Times: user=6.57 sys=0.34, real=5.49 secs] 
2012-11-14T22:02:26.605+0100: 4905.561: [CMS-concurrent-reset-start]
2012-11-14T22:02:26.621+0100: 4905.577: [CMS-concurrent-reset: 0.016/0.016 secs] [Times: user=0.02 sys=0.00, real=0.02 secs] 
2012-11-14T22:02:28.905+0100: 4907.861: [GC 4907.861: [ParNew
Desired survivor size 268435456 bytes, new threshold 15 (max 15)
- age   1:   56766808 bytes,   56766808 total
- age   2:     276360 bytes,   57043168 total
- age   3:   18327280 bytes,   75370448 total
- age   4:   34527296 bytes,  109897744 total
- age   5:   37225456 bytes,  147123200 total
- age   6:   60893304 bytes,  208016504 total
- age   7:   47094136 bytes,  255110640 total
: 2435879K->347538K(2621440K), 0.3516420 secs] 6421844K->4333503K(8912896K), 0.3518050 secs] [Times: user=6.21 sys=0.00, real=0.35 secs] 
2012-11-14T22:02:47.865+0100: 4926.821: [GC 4926.821: [ParNew
Desired survivor size 268435456 bytes, new threshold 8 (max 15)
- age   1:   45158536 bytes,   45158536 total
- age   2:   50000776 bytes,   95159312 total
- age   3:     264496 bytes,   95423808 total
- age   4:   18313584 bytes,  113737392 total
- age   5:   33799792 bytes,  147537184 total
- age   6:   37028600 bytes,  184565784 total
- age   7:   60891960 bytes,  245457744 total
- age   8:   47043072 bytes,  292500816 total
: 2444690K->396310K(2621440K), 0.2955200 secs] 6430655K->4382275K(8912896K), 0.2956680 secs] [Times: user=5.11 sys=0.00, real=0.30 secs] 
2012-11-14T22:03:18.199+0100: 4957.155: [GC 4957.155: [ParNew
Desired survivor size 268435456 bytes, new threshold 8 (max 15)
- age   1:   66002408 bytes,   66002408 total
- age   2:   38391696 bytes,  104394104 total
- age   3:   47724656 bytes,  152118760 total
- age   4:     259688 bytes,  152378448 total
- age   5:   18311848 bytes,  170690296 total
- age   6:   33547816 bytes,  204238112 total
- age   7:   35908016 bytes,  240146128 total
- age   8:   60298800 bytes,  300444928 total
: 2493462K->431599K(2621440K), 0.5705660 secs] 6479427K->4463863K(8912896K), 0.5707190 secs] [Times: user=9.87 sys=0.00, real=0.57 secs] 
2012-11-14T22:03:28.848+0100: 4967.804: [GC 4967.804: [ParNew
Desired survivor size 268435456 bytes, new threshold 8 (max 15)
- age   1:   63614136 bytes,   63614136 total
- age   2:   56891864 bytes,  120506000 total
- age   3:   38194392 bytes,  158700392 total
- age   4:   47709960 bytes,  206410352 total
- age   5:     239288 bytes,  206649640 total
- age   6:   18310600 bytes,  224960240 total
- age   7:   33174952 bytes,  258135192 total
- age   8:   35838440 bytes,  293973632 total
: 2528751K->399671K(2621440K), 0.6495540 secs] 6561015K->4490981K(8912896K), 0.6497200 secs] [Times: user=11.11 sys=0.01, real=0.65 secs] 
2012-11-14T22:03:46.689+0100: 4985.645: [GC 4985.645: [ParNew
Desired survivor size 268435456 bytes, new threshold 7 (max 15)
- age   1:   53996264 bytes,   53996264 total
- age   2:   56516448 bytes,  110512712 total
- age   3:   56118736 bytes,  166631448 total
- age   4:   37581088 bytes,  204212536 total
- age   5:   47638840 bytes,  251851376 total
- age   6:     239112 bytes,  252090488 total
- age   7:   18310584 bytes,  270401072 total
- age   8:   33144952 bytes,  303546024 total
: 2496823K->445083K(2621440K), 0.3608170 secs] 6588133K->4571721K(8912896K), 0.3609860 secs] [Times: user=6.04 sys=0.00, real=0.36 secs] 
2012-11-14T22:04:08.909+0100: 5007.865: [GC 5007.865: [ParNew
Desired survivor size 268435456 bytes, new threshold 5 (max 15)
- age   1:   73928488 bytes,   73928488 total
- age   2:   46044024 bytes,  119972512 total
- age   3:   55580232 bytes,  175552744 total
- age   4:   56069536 bytes,  231622280 total
- age   5:   37574912 bytes,  269197192 total
- age   6:   47638400 bytes,  316835592 total
- age   7:     239112 bytes,  317074704 total
: 2542235K->421831K(2621440K), 0.5495570 secs] 6668873K->4599503K(8912896K), 0.5497260 secs] [Times: user=9.41 sys=0.00, real=0.55 secs] 
2012-11-14T22:04:28.535+0100: 5027.491: [GC 5027.491: [ParNew
Desired survivor size 268435456 bytes, new threshold 5 (max 15)
- age   1:   48267888 bytes,   48267888 total
- age   2:   66093016 bytes,  114360904 total
- age   3:   45168680 bytes,  159529584 total
- age   4:   55457616 bytes,  214987200 total
- age   5:   56066464 bytes,  271053664 total
: 2518983K->457809K(2621440K), 0.6697960 secs] 6696655K->4719692K(8912896K), 0.6699970 secs] [Times: user=11.29 sys=0.00, real=0.67 secs] 
2012-11-14T22:04:52.987+0100: 5051.943: [GC 5051.943: [ParNew
Desired survivor size 268435456 bytes, new threshold 15 (max 15)
- age   1:   14370008 bytes,   14370008 total
- age   2:   38662960 bytes,   53032968 total
- age   3:   64512280 bytes,  117545248 total
- age   4:   44918384 bytes,  162463632 total
- age   5:   54917112 bytes,  217380744 total
: 2554961K->309995K(2621440K), 0.4261930 secs] 6816844K->4626775K(8912896K), 0.4263740 secs] [Times: user=7.25 sys=0.01, real=0.42 secs] 
2012-11-14T22:05:08.943+0100: 5067.899: [GC 5067.899: [ParNew
Desired survivor size 268435456 bytes, new threshold 15 (max 15)
- age   1:   41406840 bytes,   41406840 total
- age   2:    7916680 bytes,   49323520 total
- age   3:   38522488 bytes,   87846008 total
- age   4:   62938416 bytes,  150784424 total
- age   5:   44420184 bytes,  195204608 total
- age   6:   54858448 bytes,  250063056 total
: 2407140K->305022K(2621440K), 0.0742260 secs] 6723920K->4621802K(8912896K), 0.0743900 secs] [Times: user=1.16 sys=0.00, real=0.07 secs] 
2012-11-14T22:05:32.501+0100: 5091.457: [GC 5091.457: [ParNew
Desired survivor size 268435456 bytes, new threshold 7 (max 15)
- age   1:   44022536 bytes,   44022536 total
- age   2:   34387136 bytes,   78409672 total
- age   3:    6665752 bytes,   85075424 total
- age   4:   38239496 bytes,  123314920 total
- age   5:   62905584 bytes,  186220504 total
- age   6:   44222848 bytes,  230443352 total
- age   7:   53966768 bytes,  284410120 total
: 2402174K->335354K(2621440K), 0.2669990 secs] 6718954K->4652135K(8912896K), 0.2671560 secs] [Times: user=4.72 sys=0.00, real=0.27 secs] 
2012-11-14T22:06:01.715+0100: 5120.671: [GC 5120.671: [ParNew
Desired survivor size 268435456 bytes, new threshold 15 (max 15)
- age   1:   44979784 bytes,   44979784 total
- age   2:   35767696 bytes,   80747480 total
- age   3:   33282112 bytes,  114029592 total
- age   4:    5613776 bytes,  119643368 total
- age   5:   38237616 bytes,  157880984 total
- age   6:   62836960 bytes,  220717944 total
- age   7:   44075208 bytes,  264793152 total
: 2432506K->342416K(2621440K), 0.3445970 secs] 6749287K->4712295K(8912896K), 0.3447740 secs] [Times: user=5.70 sys=0.00, real=0.34 secs] 
2012-11-14T22:06:12.113+0100: 5131.069: [GC 5131.069: [ParNew
Desired survivor size 268435456 bytes, new threshold 8 (max 15)
- age   1:   48476984 bytes,   48476984 total
- age   2:   34952368 bytes,   83429352 total
- age   3:   35516664 bytes,  118946016 total
- age   4:   32641680 bytes,  151587696 total
- age   5:    5094200 bytes,  156681896 total
- age   6:   38237096 bytes,  194918992 total
- age   7:   62836880 bytes,  257755872 total
- age   8:   44039552 bytes,  301795424 total
: 2439568K->404324K(2621440K), 0.3599510 secs] 6809447K->4774203K(8912896K), 0.3601100 secs] [Times: user=6.24 sys=0.01, real=0.36 secs] 
2012-11-14T22:06:18.477+0100: 5137.433: [GC 5137.433: [ParNew
Desired survivor size 268435456 bytes, new threshold 15 (max 15)
- age   1:    7075808 bytes,    7075808 total
- age   2:   40421536 bytes,   47497344 total
- age   3:   34925920 bytes,   82423264 total
- age   4:   35514816 bytes,  117938080 total
- age   5:   32512720 bytes,  150450800 total
- age   6:    5092744 bytes,  155543544 total
- age   7:   38236600 bytes,  193780144 total
- age   8:   62836400 bytes,  256616544 total
: 2501476K->377569K(2621440K), 0.3636220 secs] 6871355K->4791091K(8912896K), 0.3637800 secs] [Times: user=6.26 sys=0.01, real=0.36 secs] 
2012-11-14T22:06:21.578+0100: 5140.534: [GC 5140.534: [ParNew
Desired survivor size 268435456 bytes, new threshold 15 (max 15)
- age   1:    5238800 bytes,    5238800 total
- age   2:    3497624 bytes,    8736424 total
- age   3:   39865016 bytes,   48601440 total
- age   4:   34687928 bytes,   83289368 total
- age   5:   35514216 bytes,  118803584 total
- age   6:   32512528 bytes,  151316112 total
- age   7:    5092248 bytes,  156408360 total
- age   8:   38236600 bytes,  194644960 total
- age   9:   62836328 bytes,  257481288 total
: 2474721K->359253K(2621440K), 0.3760420 secs] 6888243K->4772776K(8912896K), 0.3762320 secs] [Times: user=6.70 sys=0.00, real=0.37 secs] 
2012-11-14T22:06:25.037+0100: 5143.993: [GC 5143.993: [ParNew
Desired survivor size 268435456 bytes, new threshold 15 (max 15)
- age   1:    5967472 bytes,    5967472 total
- age   2:    2519976 bytes,    8487448 total
- age   3:    2336008 bytes,   10823456 total
- age   4:   38864176 bytes,   49687632 total
- age   5:   34686808 bytes,   84374440 total
- age   6:   35281840 bytes,  119656280 total
- age   7:   32511472 bytes,  152167752 total
- age   8:    5091832 bytes,  157259584 total
- age   9:   38236496 bytes,  195496080 total
- age  10:   62836352 bytes,  258332432 total
: 2456405K->351393K(2621440K), 0.3081690 secs] 6869928K->4764916K(8912896K), 0.3083190 secs] [Times: user=5.48 sys=0.00, real=0.31 secs] 
2012-11-14T22:06:50.928+0100: 5169.884: [GC 5169.884: [ParNew
Desired survivor size 268435456 bytes, new threshold 15 (max 15)
- age   1:   13475720 bytes,   13475720 total
- age   2:    1269096 bytes,   14744816 total
- age   3:    1420680 bytes,   16165496 total
- age   4:     712920 bytes,   16878416 total
- age   5:   37710112 bytes,   54588528 total
- age   6:   33813328 bytes,   88401856 total
- age   7:   35253104 bytes,  123654960 total
- age   8:   32113568 bytes,  155768528 total
- age   9:    4851256 bytes,  160619784 total
- age  10:   38234384 bytes,  198854168 total
- age  11:   62808536 bytes,  261662704 total
: 2443429K->365850K(2621440K), 0.3927140 secs] 6856952K->4779373K(8912896K), 0.3928750 secs] [Times: user=6.95 sys=0.00, real=0.39 secs] 
2012-11-14T22:07:18.102+0100: 5197.058: [GC 5197.058: [ParNew
Desired survivor size 268435456 bytes, new threshold 12 (max 15)
- age   1:   19598040 bytes,   19598040 total
- age   2:    4625048 bytes,   24223088 total
- age   3:    1265392 bytes,   25488480 total
- age   4:    1419744 bytes,   26908224 total
- age   5:     630600 bytes,   27538824 total
- age   6:   37705816 bytes,   65244640 total
- age   7:   33807360 bytes,   99052000 total
- age   8:   35251152 bytes,  134303152 total
- age   9:   32090056 bytes,  166393208 total
- age  10:    4851240 bytes,  171244448 total
- age  11:   38234352 bytes,  209478800 total
- age  12:   62808408 bytes,  272287208 total
: 2463002K->354151K(2621440K), 0.3439950 secs] 6876525K->4767674K(8912896K), 0.3441590 secs] [Times: user=6.02 sys=0.00, real=0.34 secs] 
2012-11-14T22:07:34.117+0100: 5213.073: [GC 5213.073: [ParNew
Desired survivor size 268435456 bytes, new threshold 15 (max 15)
- age   1:   64183896 bytes,   64183896 total
- age   2:   12835800 bytes,   77019696 total
- age   3:    3903896 bytes,   80923592 total
- age   4:     819856 bytes,   81743448 total
- age   5:     393024 bytes,   82136472 total
- age   6:     628304 bytes,   82764776 total
- age   7:   37654304 bytes,  120419080 total
- age   8:   33722992 bytes,  154142072 total
- age   9:   35148528 bytes,  189290600 total
- age  10:   32089112 bytes,  221379712 total
- age  11:    4849064 bytes,  226228776 total
- age  12:   38230576 bytes,  264459352 total
: 2451303K->379690K(2621440K), 0.6076440 secs] 6864826K->4854619K(8912896K), 0.6078040 secs] [Times: user=10.41 sys=0.00, real=0.63 secs] 
2012-11-14T22:07:48.734+0100: 5227.690: [GC 5227.690: [ParNew
Desired survivor size 268435456 bytes, new threshold 13 (max 15)
- age   1:   38470192 bytes,   38470192 total
- age   2:   57697448 bytes,   96167640 total
- age   3:   10635240 bytes,  106802880 total
- age   4:    3499400 bytes,  110302280 total
- age   5:     789400 bytes,  111091680 total
- age   6:     392608 bytes,  111484288 total
- age   7:     628288 bytes,  112112576 total
- age   8:   37258872 bytes,  149371448 total
- age   9:   33720448 bytes,  183091896 total
- age  10:   35129728 bytes,  218221624 total
- age  11:   32038016 bytes,  250259640 total
- age  12:    4712728 bytes,  254972368 total
- age  13:   38230336 bytes,  293202704 total
: 2476842K->373878K(2621440K), 0.3690080 secs] 6951771K->4848807K(8912896K), 0.3692090 secs] [Times: user=6.45 sys=0.00, real=0.37 secs] 
2012-11-14T22:08:11.931+0100: 5250.887: [GC 5250.887: [ParNew
Desired survivor size 268435456 bytes, new threshold 12 (max 15)
- age   1:   42765680 bytes,   42765680 total
- age   2:   31770672 bytes,   74536352 total
- age   3:   57064720 bytes,  131601072 total
- age   4:   10394080 bytes,  141995152 total
- age   5:    3395024 bytes,  145390176 total
- age   6:     789144 bytes,  146179320 total
- age   7:     392280 bytes,  146571600 total
- age   8:     531128 bytes,  147102728 total
- age   9:   36835528 bytes,  183938256 total
- age  10:   33425160 bytes,  217363416 total
- age  11:   35078352 bytes,  252441768 total
- age  12:   32036392 bytes,  284478160 total
- age  13:    4194040 bytes,  288672200 total
: 2471030K->402790K(2621440K), 0.3756470 secs] 6945959K->4915646K(8912896K), 0.3758160 secs] [Times: user=6.34 sys=0.00, real=0.38 secs] 
2012-11-14T22:08:22.845+0100: 5261.801: [GC 5261.801: [ParNew
Desired survivor size 268435456 bytes, new threshold 11 (max 15)
- age   1:   83205064 bytes,   83205064 total
- age   2:   30632160 bytes,  113837224 total
- age   3:   30777720 bytes,  144614944 total
- age   4:   57034456 bytes,  201649400 total
- age   5:    9938464 bytes,  211587864 total
- age   6:    3249264 bytes,  214837128 total
- age   7:     536096 bytes,  215373224 total
- age   8:     304080 bytes,  215677304 total
- age   9:     477304 bytes,  216154608 total
- age  10:   36522728 bytes,  252677336 total
- age  11:   33096400 bytes,  285773736 total
- age  12:   35078192 bytes,  320851928 total
: 2499942K->450737K(2621440K), 0.5967680 secs] 7012798K->4999419K(8912896K), 0.5969340 secs] [Times: user=10.36 sys=0.01, real=0.60 secs] 
2012-11-14T22:08:49.494+0100: 5288.450: [GC 5288.450: [ParNew
Desired survivor size 268435456 bytes, new threshold 15 (max 15)
- age   1:   37638512 bytes,   37638512 total
- age   2:   58862248 bytes,   96500760 total
- age   3:   29480968 bytes,  125981728 total
- age   4:   30770592 bytes,  156752320 total
- age   5:   57027552 bytes,  213779872 total
- age   6:    9838264 bytes,  223618136 total
- age   7:    3246384 bytes,  226864520 total
- age   8:     500552 bytes,  227365072 total
- age   9:     282968 bytes,  227648040 total
- age  10:     476664 bytes,  228124704 total
- age  11:   36462416 bytes,  264587120 total
: 2547749K->373289K(2621440K), 0.6598610 secs] 7096430K->4988441K(8912896K), 0.6600330 secs] [Times: user=11.27 sys=0.00, real=0.66 secs] 
2012-11-14T22:08:59.484+0100: 5298.440: [GC 5298.440: [ParNew
Desired survivor size 268435456 bytes, new threshold 6 (max 15)
- age   1:   98637608 bytes,   98637608 total
- age   2:   25954312 bytes,  124591920 total
- age   3:   58840040 bytes,  183431960 total
- age   4:   29455576 bytes,  212887536 total
- age   5:   30757472 bytes,  243645008 total
- age   6:   57026912 bytes,  300671920 total
- age   7:    9837728 bytes,  310509648 total
- age   8:    3245560 bytes,  313755208 total
- age   9:     500296 bytes,  314255504 total
- age  10:     282968 bytes,  314538472 total
- age  11:     476664 bytes,  315015136 total
- age  12:   36461680 bytes,  351476816 total
: 2470441K->492369K(2621440K), 0.3539090 secs] 7085593K->5107521K(8912896K), 0.3540670 secs] [Times: user=6.16 sys=0.00, real=0.35 secs] 
2012-11-14T22:09:15.391+0100: 5314.347: [GC 5314.347: [ParNew
Desired survivor size 268435456 bytes, new threshold 6 (max 15)
- age   1:   52275328 bytes,   52275328 total
- age   2:   89717768 bytes,  141993096 total
- age   3:   20110200 bytes,  162103296 total
- age   4:   57994048 bytes,  220097344 total
- age   5:   28965400 bytes,  249062744 total
- age   6:   30492408 bytes,  279555152 total
: 2589521K->431413K(2621440K), 0.4640910 secs] 7204673K->5152285K(8912896K), 0.4642550 secs] [Times: user=7.55 sys=0.01, real=0.47 secs] 
2012-11-14T22:09:15.856+0100: 5314.812: [GC [1 CMS-initial-mark: 4720872K(6291456K)] 5154643K(8912896K), 0.2806270 secs] [Times: user=0.28 sys=0.00, real=0.28 secs] 
2012-11-14T22:09:16.137+0100: 5315.093: [CMS-concurrent-mark-start]
2012-11-14T22:09:17.852+0100: 5316.808: [CMS-concurrent-mark: 1.706/1.715 secs] [Times: user=8.71 sys=0.02, real=1.72 secs] 
2012-11-14T22:09:17.852+0100: 5316.808: [CMS-concurrent-preclean-start]
2012-11-14T22:09:17.872+0100: 5316.828: [CMS-concurrent-preclean: 0.020/0.020 secs] [Times: user=0.02 sys=0.00, real=0.01 secs] 
2012-11-14T22:09:17.872+0100: 5316.828: [CMS-concurrent-abortable-preclean-start]
 CMS: abort preclean due to time 2012-11-14T22:09:29.030+0100: 5327.986: [CMS-concurrent-abortable-preclean: 11.152/11.159 secs] [Times: user=13.18 sys=0.22, real=11.16 secs] 
2012-11-14T22:09:29.032+0100: 5327.988: [GC[YG occupancy: 1321428 K (2621440 K)]5327.988: [Rescan (parallel) , 0.2433640 secs]5328.231: [weak refs processing, 0.0008370 secs] [1 CMS-remark: 4720872K(6291456K)] 6042300K(8912896K), 0.2444010 secs] [Times: user=3.99 sys=0.03, real=0.24 secs] 
2012-11-14T22:09:29.276+0100: 5328.232: [CMS-concurrent-sweep-start]
2012-11-14T22:09:35.013+0100: 5333.969: [CMS-concurrent-sweep: 5.731/5.737 secs] [Times: user=8.54 sys=0.13, real=5.74 secs] 
2012-11-14T22:09:35.013+0100: 5333.969: [CMS-concurrent-reset-start]
2012-11-14T22:09:35.030+0100: 5333.986: [CMS-concurrent-reset: 0.017/0.017 secs] [Times: user=0.01 sys=0.00, real=0.01 secs] 
2012-11-14T22:09:36.766+0100: 5335.722: [GC 5335.722: [ParNew
Desired survivor size 268435456 bytes, new threshold 5 (max 15)
- age   1:   67229304 bytes,   67229304 total
- age   2:   40982584 bytes,  108211888 total
- age   3:   89609224 bytes,  197821112 total
- age   4:   19404224 bytes,  217225336 total
- age   5:   57798432 bytes,  275023768 total
- age   6:   28344248 bytes,  303368016 total
: 2528565K->413699K(2621440K), 0.2059110 secs] 6283561K->4197431K(8912896K), 0.2060740 secs] [Times: user=3.27 sys=0.00, real=0.21 secs] 
2012-11-14T22:09:52.568+0100: 5351.524: [GC 5351.524: [ParNew
Desired survivor size 268435456 bytes, new threshold 5 (max 15)
- age   1:   75719368 bytes,   75719368 total
- age   2:   58718536 bytes,  134437904 total
- age   3:   40503856 bytes,  174941760 total
- age   4:   89538384 bytes,  264480144 total
- age   5:   19075416 bytes,  283555560 total
: 2510851K->420874K(2621440K), 0.4524710 secs] 6294583K->4289367K(8912896K), 0.4526390 secs] [Times: user=7.44 sys=0.00, real=0.46 secs] 
2012-11-14T22:10:21.895+0100: 5380.851: [GC 5380.851: [ParNew
Desired survivor size 268435456 bytes, new threshold 5 (max 15)
- age   1:   62521224 bytes,   62521224 total
- age   2:   64542976 bytes,  127064200 total
- age   3:   56611496 bytes,  183675696 total
- age   4:   38504280 bytes,  222179976 total
- age   5:   89388632 bytes,  311568608 total
: 2518026K->437514K(2621440K), 0.4900580 secs] 6386519K->4323971K(8912896K), 0.4902290 secs] [Times: user=8.48 sys=0.00, real=0.49 secs] 
2012-11-14T22:11:04.276+0100: 5423.232: [GC 5423.232: [ParNew
Desired survivor size 268435456 bytes, new threshold 15 (max 15)
- age   1:   41245008 bytes,   41245008 total
- age   2:   52110848 bytes,   93355856 total
- age   3:   63963264 bytes,  157319120 total
- age   4:   56586600 bytes,  213905720 total
- age   5:   38476376 bytes,  252382096 total
: 2534666K->346511K(2621440K), 0.5373010 secs] 6421123K->4320818K(8912896K), 0.5374570 secs] [Times: user=8.94 sys=0.00, real=0.53 secs] 
2012-11-14T22:11:22.893+0100: 5441.849: [GC 5441.849: [ParNew
Desired survivor size 268435456 bytes, new threshold 6 (max 15)
- age   1:   50829928 bytes,   50829928 total
- age   2:   34192992 bytes,   85022920 total
- age   3:   50715456 bytes,  135738376 total
- age   4:   63752792 bytes,  199491168 total
- age   5:   56585736 bytes,  256076904 total
- age   6:   38268944 bytes,  294345848 total
: 2443663K->387841K(2621440K), 0.1813580 secs] 6417970K->4362147K(8912896K), 0.1814970 secs] [Times: user=3.03 sys=0.00, real=0.18 secs] 
2012-11-14T22:11:40.605+0100: 5459.561: [GC 5459.561: [ParNew
Desired survivor size 268435456 bytes, new threshold 6 (max 15)
- age   1:   49981584 bytes,   49981584 total
- age   2:   40103920 bytes,   90085504 total
- age   3:   33643448 bytes,  123728952 total
- age   4:   49917064 bytes,  173646016 total
- age   5:   63751760 bytes,  237397776 total
- age   6:   56583600 bytes,  293981376 total
: 2484993K->402992K(2621440K), 0.2767170 secs] 6459299K->4415090K(8912896K), 0.2768760 secs] [Times: user=4.56 sys=0.00, real=0.27 secs] 
2012-11-14T22:11:55.647+0100: 5474.603: [GC 5474.603: [ParNew
Desired survivor size 268435456 bytes, new threshold 15 (max 15)
- age   1:   24532328 bytes,   24532328 total
- age   2:   40516448 bytes,   65048776 total
- age   3:   39268568 bytes,  104317344 total
- age   4:   32070792 bytes,  136388136 total
- age   5:   49061512 bytes,  185449648 total
- age   6:   63685296 bytes,  249134944 total
: 2500144K->377274K(2621440K), 0.1472290 secs] 6512242K->4445400K(8912896K), 0.1473660 secs] [Times: user=2.21 sys=0.00, real=0.15 secs] 
2012-11-14T22:12:05.834+0100: 5484.790: [GC 5484.790: [ParNew
Desired survivor size 268435456 bytes, new threshold 7 (max 15)
- age   1:   54059208 bytes,   54059208 total
- age   2:   20315456 bytes,   74374664 total
- age   3:   39851208 bytes,  114225872 total
- age   4:   38777424 bytes,  153003296 total
- age   5:   31995392 bytes,  184998688 total
- age   6:   48881640 bytes,  233880328 total
- age   7:   63653952 bytes,  297534280 total
: 2474426K->382319K(2621440K), 0.1691660 secs] 6542552K->4450445K(8912896K), 0.1693160 secs] [Times: user=2.78 sys=0.00, real=0.20 secs] 
2012-11-14T22:12:40.017+0100: 5518.973: [GC 5518.973: [ParNew
Desired survivor size 268435456 bytes, new threshold 7 (max 15)
- age   1:   70209568 bytes,   70209568 total
- age   2:   41943072 bytes,  112152640 total
- age   3:   18943912 bytes,  131096552 total
- age   4:   39498432 bytes,  170594984 total
- age   5:   37544680 bytes,  208139664 total
- age   6:   31876368 bytes,  240016032 total
- age   7:   47888528 bytes,  287904560 total
: 2479471K->370672K(2621440K), 0.2418770 secs] 6547597K->4501149K(8912896K), 0.2420100 secs] [Times: user=3.90 sys=0.00, real=0.24 secs] 
2012-11-14T22:12:57.994+0100: 5536.950: [GC 5536.950: [ParNew
Desired survivor size 268435456 bytes, new threshold 7 (max 15)
- age   1:   57619624 bytes,   57619624 total
- age   2:   49866896 bytes,  107486520 total
- age   3:   41810688 bytes,  149297208 total
- age   4:   18442120 bytes,  167739328 total
- age   5:   39493328 bytes,  207232656 total
- age   6:   37408336 bytes,  244640992 total
- age   7:   31873008 bytes,  276514000 total
: 2467824K->360112K(2621440K), 0.2556350 secs] 6598301K->4537366K(8912896K), 0.2557820 secs] [Times: user=4.12 sys=0.01, real=0.28 secs] 
2012-11-14T22:13:17.446+0100: 5556.402: [GC 5556.402: [ParNew
Desired survivor size 268435456 bytes, new threshold 7 (max 15)
- age   1:   46193816 bytes,   46193816 total
- age   2:   49541432 bytes,   95735248 total
- age   3:   49047224 bytes,  144782472 total
- age   4:   41645528 bytes,  186428000 total
- age   5:   18377240 bytes,  204805240 total
- age   6:   38980496 bytes,  243785736 total
- age   7:   37278464 bytes,  281064200 total
: 2456422K->392508K(2621440K), 0.0930380 secs] 6633676K->4601341K(8912896K), 0.0931720 secs] [Times: user=1.30 sys=0.01, real=0.10 secs] 
2012-11-14T22:13:43.768+0100: 5582.724: [GC 5582.724: [ParNew
Desired survivor size 268435456 bytes, new threshold 15 (max 15)
- age   1:   14053232 bytes,   14053232 total
- age   2:   30678120 bytes,   44731352 total
- age   3:   48483504 bytes,   93214856 total
- age   4:   48488824 bytes,  141703680 total
- age   5:   41553504 bytes,  183257184 total
- age   6:   18310352 bytes,  201567536 total
- age   7:   38874016 bytes,  240441552 total
: 2489660K->362117K(2621440K), 0.0794370 secs] 6698493K->4607910K(8912896K), 0.0795630 secs] [Times: user=1.14 sys=0.00, real=0.07 secs] 
2012-11-14T22:13:57.032+0100: 5595.988: [GC 5595.988: [ParNew
Desired survivor size 268435456 bytes, new threshold 8 (max 15)
- age   1:   47030064 bytes,   47030064 total
- age   2:    7048640 bytes,   54078704 total
- age   3:   29962928 bytes,   84041632 total
- age   4:   48367112 bytes,  132408744 total
- age   5:   48422424 bytes,  180831168 total
- age   6:   41552392 bytes,  222383560 total
- age   7:   18264336 bytes,  240647896 total
- age   8:   38872184 bytes,  279520080 total
: 2459269K->341135K(2621440K), 0.1774940 secs] 6705062K->4586928K(8912896K), 0.1776470 secs] [Times: user=3.01 sys=0.00, real=0.18 secs] 
2012-11-14T22:14:12.972+0100: 5611.928: [GC 5611.928: [ParNew
Desired survivor size 268435456 bytes, new threshold 7 (max 15)
- age   1:   88371784 bytes,   88371784 total
- age   2:   38939752 bytes,  127311536 total
- age   3:    6072384 bytes,  133383920 total
- age   4:   29952336 bytes,  163336256 total
- age   5:   48292696 bytes,  211628952 total
- age   6:   47875072 bytes,  259504024 total
- age   7:   41504368 bytes,  301008392 total
- age   8:   18264088 bytes,  319272480 total
: 2438287K->441719K(2621440K), 0.2497260 secs] 6684080K->4726062K(8912896K), 0.2498590 secs] [Times: user=4.07 sys=0.00, real=0.25 secs] 
2012-11-14T22:14:22.025+0100: 5620.981: [GC 5620.981: [ParNew
Desired survivor size 268435456 bytes, new threshold 7 (max 15)
- age   1:   62409912 bytes,   62409912 total
- age   2:   79113752 bytes,  141523664 total
- age   3:   38754344 bytes,  180278008 total
- age   4:    5477272 bytes,  185755280 total
- age   5:   29552768 bytes,  215308048 total
- age   6:   48195472 bytes,  263503520 total
- age   7:   47552880 bytes,  311056400 total
: 2538871K->449558K(2621440K), 0.2251500 secs] 6823214K->4793191K(8912896K), 0.2252800 secs] [Times: user=3.49 sys=0.00, real=0.22 secs] 
2012-11-14T22:14:39.672+0100: 5638.628: [GC 5638.628: [ParNew
Desired survivor size 268435456 bytes, new threshold 6 (max 15)
- age   1:   80938632 bytes,   80938632 total
- age   2:   52502512 bytes,  133441144 total
- age   3:   78118920 bytes,  211560064 total
- age   4:   38594872 bytes,  250154936 total
- age   5:    4922168 bytes,  255077104 total
- age   6:   29536192 bytes,  284613296 total
- age   7:   48035736 bytes,  332649032 total
: 2546710K->484832K(2621440K), 0.5534880 secs] 6890343K->4875011K(8912896K), 0.5536220 secs] [Times: user=9.50 sys=0.00, real=0.55 secs] 
2012-11-14T22:15:03.258+0100: 5662.214: [GC 5662.214: [ParNew
Desired survivor size 268435456 bytes, new threshold 4 (max 15)
- age   1:   67265032 bytes,   67265032 total
- age   2:   74194536 bytes,  141459568 total
- age   3:   52138616 bytes,  193598184 total
- age   4:   77503320 bytes,  271101504 total
- age   5:   38407032 bytes,  309508536 total
- age   6:    4730616 bytes,  314239152 total
: 2581984K->476713K(2621440K), 0.5959030 secs] 6972163K->4943651K(8912896K), 0.5960410 secs] [Times: user=10.10 sys=0.01, real=0.61 secs] 
2012-11-14T22:15:14.390+0100: 5673.346: [GC 5673.346: [ParNew
Desired survivor size 268435456 bytes, new threshold 15 (max 15)
- age   1:   56118984 bytes,   56118984 total
- age   2:   60216616 bytes,  116335600 total
- age   3:   74130872 bytes,  190466472 total
- age   4:   51629472 bytes,  242095944 total
: 2573865K->377106K(2621440K), 0.7362880 secs] 7040803K->4962643K(8912896K), 0.7364270 secs] [Times: user=12.48 sys=0.02, real=0.74 secs] 
2012-11-14T22:15:41.267+0100: 5700.223: [GC 5700.223: [ParNew
Desired survivor size 268435456 bytes, new threshold 5 (max 15)
- age   1:   55469072 bytes,   55469072 total
- age   2:   48766248 bytes,  104235320 total
- age   3:   59356936 bytes,  163592256 total
- age   4:   74125032 bytes,  237717288 total
- age   5:   51578552 bytes,  289295840 total
: 2474258K->425081K(2621440K), 0.5373480 secs] 7059795K->5010618K(8912896K), 0.5374800 secs] [Times: user=9.44 sys=0.00, real=0.54 secs] 
2012-11-14T22:16:03.329+0100: 5722.285: [GC 5722.285: [ParNew
Desired survivor size 268435456 bytes, new threshold 5 (max 15)
- age   1:   45841992 bytes,   45841992 total
- age   2:   46618096 bytes,   92460088 total
- age   3:   48537344 bytes,  140997432 total
- age   4:   59167112 bytes,  200164544 total
- age   5:   73953104 bytes,  274117648 total
: 2522233K->379394K(2621440K), 0.5681410 secs] 7107770K->5015457K(8912896K), 0.5682800 secs] [Times: user=9.84 sys=0.00, real=0.57 secs] 
2012-11-14T22:16:37.037+0100: 5755.993: [GC 5755.993: [ParNew
Desired survivor size 268435456 bytes, new threshold 15 (max 15)
- age   1:   23157832 bytes,   23157832 total
- age   2:   40273824 bytes,   63431656 total
- age   3:   46203160 bytes,  109634816 total
- age   4:   48535792 bytes,  158170608 total
- age   5:   59161216 bytes,  217331824 total
: 2476546K->313718K(2621440K), 0.6293150 secs] 7112609K->5022605K(8912896K), 0.6294430 secs] [Times: user=10.75 sys=0.00, real=0.63 secs] 
2012-11-14T22:16:42.239+0100: 5761.195: [GC 5761.195: [ParNew
Desired survivor size 268435456 bytes, new threshold 15 (max 15)
- age   1:   19154112 bytes,   19154112 total
- age   2:   17679952 bytes,   36834064 total
- age   3:   39748168 bytes,   76582232 total
- age   4:   46201728 bytes,  122783960 total
- age   5:   48535728 bytes,  171319688 total
- age   6:   59159760 bytes,  230479448 total
: 2410870K->338527K(2621440K), 0.4080150 secs] 7119757K->5047414K(8912896K), 0.4081390 secs] [Times: user=7.24 sys=0.00, real=0.41 secs] 
2012-11-14T22:16:58.545+0100: 5777.501: [GC 5777.501: [ParNew
Desired survivor size 268435456 bytes, new threshold 15 (max 15)
- age   1:   18212256 bytes,   18212256 total
- age   2:   14711048 bytes,   32923304 total
- age   3:   15885704 bytes,   48809008 total
- age   4:   39558744 bytes,   88367752 total
- age   5:   45737456 bytes,  134105208 total
- age   6:   48535432 bytes,  182640640 total
- age   7:   59159376 bytes,  241800016 total
: 2435564K->326163K(2621440K), 0.4023720 secs] 7144450K->5035050K(8912896K), 0.4025000 secs] [Times: user=7.12 sys=0.00, real=0.40 secs] 
2012-11-14T22:17:21.456+0100: 5800.412: [GC 5800.412: [ParNew
Desired survivor size 268435456 bytes, new threshold 8 (max 15)
- age   1:   89031128 bytes,   89031128 total
- age   2:   10257184 bytes,   99288312 total
- age   3:   13872264 bytes,  113160576 total
- age   4:   15678016 bytes,  128838592 total
- age   5:   39317272 bytes,  168155864 total
- age   6:   45661592 bytes,  213817456 total
- age   7:   48452520 bytes,  262269976 total
- age   8:   59049864 bytes,  321319840 total
: 2423315K->428723K(2621440K), 0.5759090 secs] 7132202K->5137610K(8912896K), 0.5760390 secs] [Times: user=10.11 sys=0.00, real=0.58 secs] 
2012-11-14T22:17:37.603+0100: 5816.559: [GC 5816.559: [ParNew
Desired survivor size 268435456 bytes, new threshold 8 (max 15)
- age   1:   54610408 bytes,   54610408 total
- age   2:   79547088 bytes,  134157496 total
- age   3:   10245736 bytes,  144403232 total
- age   4:   13870760 bytes,  158273992 total
- age   5:   15614160 bytes,  173888152 total
- age   6:   39228376 bytes,  213116528 total
- age   7:   45563064 bytes,  258679592 total
- age   8:   48452320 bytes,  307131912 total
: 2525875K->421669K(2621440K), 0.6864710 secs] 7234762K->5188470K(8912896K), 0.6866060 secs] [Times: user=11.74 sys=0.01, real=0.68 secs] 
2012-11-14T22:17:38.291+0100: 5817.247: [GC [1 CMS-initial-mark: 4766800K(6291456K)] 5189829K(8912896K), 0.3082620 secs] [Times: user=0.30 sys=0.00, real=0.32 secs] 
2012-11-14T22:17:38.599+0100: 5817.555: [CMS-concurrent-mark-start]
2012-11-14T22:17:40.251+0100: 5819.206: [CMS-concurrent-mark: 1.649/1.651 secs] [Times: user=9.13 sys=0.04, real=1.64 secs] 
2012-11-14T22:17:40.251+0100: 5819.206: [CMS-concurrent-preclean-start]
2012-11-14T22:17:40.273+0100: 5819.229: [CMS-concurrent-preclean: 0.022/0.022 secs] [Times: user=0.03 sys=0.00, real=0.03 secs] 
2012-11-14T22:17:40.273+0100: 5819.229: [CMS-concurrent-abortable-preclean-start]
 CMS: abort preclean due to time 2012-11-14T22:17:52.455+0100: 5831.411: [CMS-concurrent-abortable-preclean: 12.169/12.182 secs] [Times: user=15.16 sys=0.46, real=12.18 secs] 
2012-11-14T22:17:52.456+0100: 5831.412: [GC[YG occupancy: 2151085 K (2621440 K)]5831.412: [Rescan (parallel) , 1.2954750 secs]5832.708: [weak refs processing, 0.0048220 secs] [1 CMS-remark: 4766800K(6291456K)] 6917885K(8912896K), 1.3004860 secs] [Times: user=20.83 sys=0.06, real=1.30 secs] 
2012-11-14T22:17:53.757+0100: 5832.713: [CMS-concurrent-sweep-start]
2012-11-14T22:17:56.548+0100: 5835.504: [GC 5835.504: [ParNew
Desired survivor size 268435456 bytes, new threshold 7 (max 15)
- age   1:   85697200 bytes,   85697200 total
- age   2:   45694776 bytes,  131391976 total
- age   3:   79298272 bytes,  210690248 total
- age   4:    9989120 bytes,  220679368 total
- age   5:   13870136 bytes,  234549504 total
- age   6:   15606760 bytes,  250156264 total
- age   7:   39062992 bytes,  289219256 total
- age   8:   45523352 bytes,  334742608 total
: 2518821K->461193K(2621440K), 0.7045400 secs] 6804293K->4794197K(8912896K), 0.7046980 secs] [Times: user=12.18 sys=0.01, real=0.71 secs] 
2012-11-14T22:18:00.289+0100: 5839.245: [CMS-concurrent-sweep: 5.820/6.532 secs] [Times: user=19.70 sys=0.12, real=6.53 secs] 
2012-11-14T22:18:00.289+0100: 5839.245: [CMS-concurrent-reset-start]
2012-11-14T22:18:00.306+0100: 5839.262: [CMS-concurrent-reset: 0.017/0.017 secs] [Times: user=0.01 sys=0.00, real=0.02 secs] 
2012-11-14T22:18:27.996+0100: 5866.952: [GC 5866.952: [ParNew
Desired survivor size 268435456 bytes, new threshold 6 (max 15)
- age   1:   48127528 bytes,   48127528 total
- age   2:   75960984 bytes,  124088512 total
- age   3:   45226560 bytes,  169315072 total
- age   4:   78856232 bytes,  248171304 total
- age   5:    9982064 bytes,  258153368 total
- age   6:   13869568 bytes,  272022936 total
- age   7:   15606448 bytes,  287629384 total
: 2558345K->421574K(2621440K), 0.7652060 secs] 6255879K->4201986K(8912896K), 0.7653530 secs] [Times: user=13.16 sys=0.00, real=0.77 secs] 
2012-11-14T22:18:46.032+0100: 5884.988: [GC 5884.988: [ParNew
Desired survivor size 268435456 bytes, new threshold 5 (max 15)
- age   1:   49326400 bytes,   49326400 total
- age   2:   42597992 bytes,   91924392 total
- age   3:   75913144 bytes,  167837536 total
- age   4:   45158776 bytes,  212996312 total
- age   5:   77865120 bytes,  290861432 total
- age   6:    9978160 bytes,  300839592 total
: 2518726K->420230K(2621440K), 0.2795720 secs] 6299138K->4229674K(8912896K), 0.2797170 secs] [Times: user=4.71 sys=0.00, real=0.28 secs] 
2012-11-14T22:19:21.966+0100: 5920.921: [GC 5920.922: [ParNew
Desired survivor size 268435456 bytes, new threshold 15 (max 15)
- age   1:   69948168 bytes,   69948168 total
- age   2:    8956216 bytes,   78904384 total
- age   3:   42023680 bytes,  120928064 total
- age   4:   75829632 bytes,  196757696 total
- age   5:   45157712 bytes,  241915408 total
: 2517382K->343901K(2621440K), 0.3944820 secs] 6326826K->4239841K(8912896K), 0.3946180 secs] [Times: user=6.32 sys=0.00, real=0.39 secs] 
2012-11-14T22:19:56.319+0100: 5955.275: [GC 5955.275: [ParNew
Desired survivor size 268435456 bytes, new threshold 15 (max 15)
- age   1:   25374528 bytes,   25374528 total
- age   2:   57170800 bytes,   82545328 total
- age   3:    8186976 bytes,   90732304 total
- age   4:   41289248 bytes,  132021552 total
- age   5:   75824664 bytes,  207846216 total
- age   6:   45115320 bytes,  252961536 total
: 2441053K->343892K(2621440K), 0.2130060 secs] 6336993K->4239832K(8912896K), 0.2131380 secs] [Times: user=3.68 sys=0.00, real=0.22 secs] 
2012-11-14T22:21:10.368+0100: 6029.324: [GC 6029.324: [ParNew
Desired survivor size 268435456 bytes, new threshold 7 (max 15)
- age   1:   25997392 bytes,   25997392 total
- age   2:   20028160 bytes,   46025552 total
- age   3:   56987432 bytes,  103012984 total
- age   4:    8066664 bytes,  111079648 total
- age   5:   41227864 bytes,  152307512 total
- age   6:   75818256 bytes,  228125768 total
- age   7:   45114576 bytes,  273240344 total
: 2441044K->370758K(2621440K), 0.2082360 secs] 6336984K->4266697K(8912896K), 0.2083790 secs] [Times: user=3.55 sys=0.01, real=0.20 secs] 
2012-11-14T22:21:27.409+0100: 6046.365: [GC 6046.365: [ParNew
Desired survivor size 268435456 bytes, new threshold 15 (max 15)
- age   1:   48253056 bytes,   48253056 total
- age   2:   18830816 bytes,   67083872 total
- age   3:   20019304 bytes,   87103176 total
- age   4:   56051400 bytes,  143154576 total
- age   5:    7814744 bytes,  150969320 total
- age   6:   41015248 bytes,  191984568 total
- age   7:   75818000 bytes,  267802568 total
: 2467910K->377628K(2621440K), 0.2557420 secs] 6363849K->4318255K(8912896K), 0.2559050 secs] [Times: user=4.13 sys=0.01, real=0.25 secs] 
2012-11-14T22:21:46.355+0100: 6065.311: [GC 6065.311: [ParNew
Desired survivor size 268435456 bytes, new threshold 8 (max 15)
- age   1:   71223720 bytes,   71223720 total
- age   2:   41173072 bytes,  112396792 total
- age   3:   18639744 bytes,  131036536 total
- age   4:   19822744 bytes,  150859280 total
- age   5:   55990384 bytes,  206849664 total
- age   6:    7516912 bytes,  214366576 total
- age   7:   40429096 bytes,  254795672 total
- age   8:   74963864 bytes,  329759536 total
: 2474780K->447608K(2621440K), 0.3539870 secs] 6415407K->4388235K(8912896K), 0.3541230 secs] [Times: user=6.17 sys=0.01, real=0.35 secs] 
2012-11-14T22:22:03.946+0100: 6082.902: [GC 6082.902: [ParNew
Desired survivor size 268435456 bytes, new threshold 6 (max 15)
- age   1:   76490128 bytes,   76490128 total
- age   2:   64974664 bytes,  141464792 total
- age   3:   40737448 bytes,  182202240 total
- age   4:   18576336 bytes,  200778576 total
- age   5:   19495344 bytes,  220273920 total
- age   6:   55990176 bytes,  276264096 total
- age   7:    7435752 bytes,  283699848 total
- age   8:   39823280 bytes,  323523128 total
: 2544760K->444987K(2621440K), 0.4697000 secs] 6485387K->4459499K(8912896K), 0.4698500 secs] [Times: user=7.59 sys=0.00, real=0.49 secs] 
2012-11-14T22:22:17.412+0100: 6096.368: [GC 6096.368: [ParNew
Desired survivor size 268435456 bytes, new threshold 4 (max 15)
- age   1:  104148872 bytes,  104148872 total
- age   2:   66687112 bytes,  170835984 total
- age   3:   62402704 bytes,  233238688 total
- age   4:   40652072 bytes,  273890760 total
- age   5:   17842320 bytes,  291733080 total
- age   6:   19474496 bytes,  311207576 total
: 2542139K->482193K(2621440K), 0.8008230 secs] 6556651K->4597835K(8912896K), 0.8009760 secs] [Times: user=13.62 sys=0.00, real=0.80 secs] 
2012-11-14T22:22:35.183+0100: 6114.139: [GC 6114.139: [ParNew
Desired survivor size 268435456 bytes, new threshold 4 (max 15)
- age   1:   56924488 bytes,   56924488 total
- age   2:   96224832 bytes,  153149320 total
- age   3:   65509984 bytes,  218659304 total
- age   4:   62017072 bytes,  280676376 total
: 2579345K->424812K(2621440K), 0.4599200 secs] 6694987K->4617531K(8912896K), 0.4600890 secs] [Times: user=7.58 sys=0.00, real=0.48 secs] 
2012-11-14T22:22:44.589+0100: 6123.545: [GC 6123.545: [ParNew
Desired survivor size 268435456 bytes, new threshold 15 (max 15)
- age   1:   28540648 bytes,   28540648 total
- age   2:   43352536 bytes,   71893184 total
- age   3:   96175000 bytes,  168068184 total
- age   4:   65507320 bytes,  233575504 total
: 2521964K->326599K(2621440K), 0.6273480 secs] 6714683K->4580302K(8912896K), 0.6274940 secs] [Times: user=10.82 sys=0.00, real=0.63 secs] 
2012-11-14T22:22:57.718+0100: 6136.674: [GC 6136.674: [ParNew
Desired survivor size 268435456 bytes, new threshold 15 (max 15)
- age   1:   24564440 bytes,   24564440 total
- age   2:   23165328 bytes,   47729768 total
- age   3:   41551208 bytes,   89280976 total
- age   4:   96072616 bytes,  185353592 total
- age   5:   65506720 bytes,  250860312 total
: 2423751K->347190K(2621440K), 0.4044540 secs] 6677454K->4600894K(8912896K), 0.4045980 secs] [Times: user=7.14 sys=0.00, real=0.41 secs] 
2012-11-14T22:23:13.263+0100: 6152.219: [GC 6152.219: [ParNew
Desired survivor size 268435456 bytes, new threshold 5 (max 15)
- age   1:  122891216 bytes,  122891216 total
- age   2:   18608024 bytes,  141499240 total
- age   3:   22636008 bytes,  164135248 total
- age   4:   41059704 bytes,  205194952 total
- age   5:   95848840 bytes,  301043792 total
- age   6:   65256712 bytes,  366300504 total
: 2444342K->502151K(2621440K), 0.7676630 secs] 6698046K->4755854K(8912896K), 0.7678010 secs] [Times: user=13.56 sys=0.00, real=0.77 secs] 
2012-11-14T22:23:33.342+0100: 6172.298: [GC 6172.298: [ParNew
Desired survivor size 268435456 bytes, new threshold 15 (max 15)
- age   1:   73712856 bytes,   73712856 total
- age   2:  108354112 bytes,  182066968 total
- age   3:   18036456 bytes,  200103424 total
- age   4:   22619264 bytes,  222722688 total
- age   5:   40719344 bytes,  263442032 total
: 2599303K->418603K(2621440K), 1.1011540 secs] 6853006K->4830493K(8912896K), 1.1013190 secs] [Times: user=18.63 sys=0.00, real=1.10 secs] 
2012-11-14T22:23:45.326+0100: 6184.282: [GC 6184.282: [ParNew
Desired survivor size 268435456 bytes, new threshold 6 (max 15)
- age   1:   53180744 bytes,   53180744 total
- age   2:   65991968 bytes,  119172712 total
- age   3:  108242776 bytes,  227415488 total
- age   4:   17900976 bytes,  245316464 total
- age   5:   22618744 bytes,  267935208 total
- age   6:   40343976 bytes,  308279184 total
: 2515755K->411506K(2621440K), 0.4659350 secs] 6927645K->4823396K(8912896K), 0.4660760 secs] [Times: user=8.19 sys=0.01, real=0.47 secs] 
2012-11-14T22:24:08.959+0100: 6207.915: [GC 6207.915: [ParNew
Desired survivor size 268435456 bytes, new threshold 5 (max 15)
- age   1:   49145816 bytes,   49145816 total
- age   2:   45770512 bytes,   94916328 total
- age   3:   65228488 bytes,  160144816 total
- age   4:  107903896 bytes,  268048712 total
- age   5:   17896280 bytes,  285944992 total
- age   6:   22581744 bytes,  308526736 total
: 2508658K->376666K(2621440K), 0.5567490 secs] 6920548K->4827911K(8912896K), 0.5568930 secs] [Times: user=9.56 sys=0.01, real=0.56 secs] 
2012-11-14T22:24:38.372+0100: 6237.328: [GC 6237.328: [ParNew
Desired survivor size 268435456 bytes, new threshold 5 (max 15)
- age   1:   39487480 bytes,   39487480 total
- age   2:   41446496 bytes,   80933976 total
- age   3:   45060824 bytes,  125994800 total
- age   4:   65102288 bytes,  191097088 total
- age   5:  107711992 bytes,  298809080 total
: 2473818K->429662K(2621440K), 0.5727960 secs] 6925063K->4920197K(8912896K), 0.5729440 secs] [Times: user=9.90 sys=0.01, real=0.58 secs] 
2012-11-14T22:25:05.108+0100: 6264.064: [GC 6264.064: [ParNew
Desired survivor size 268435456 bytes, new threshold 15 (max 15)
- age   1:   39041264 bytes,   39041264 total
- age   2:   33867728 bytes,   72908992 total
- age   3:   39675032 bytes,  112584024 total
- age   4:   44999800 bytes,  157583824 total
- age   5:   65096264 bytes,  222680088 total
: 2526814K->357678K(2621440K), 0.6920640 secs] 7017349K->4953792K(8912896K), 0.6922070 secs] [Times: user=11.66 sys=0.01, real=0.73 secs] 
2012-11-14T22:25:48.732+0100: 6307.688: [GC 6307.688: [ParNew
Desired survivor size 268435456 bytes, new threshold 6 (max 15)
- age   1:   73705736 bytes,   73705736 total
- age   2:   31295976 bytes,  105001712 total
- age   3:   32394848 bytes,  137396560 total
- age   4:   39402064 bytes,  176798624 total
- age   5:   44650024 bytes,  221448648 total
- age   6:   65055760 bytes,  286504408 total
: 2454830K->353404K(2621440K), 0.2462890 secs] 7050944K->4949519K(8912896K), 0.2464290 secs] [Times: user=4.26 sys=0.00, real=0.24 secs] 
2012-11-14T22:26:16.984+0100: 6335.939: [GC 6335.940: [ParNew
Desired survivor size 268435456 bytes, new threshold 15 (max 15)
- age   1:   48012616 bytes,   48012616 total
- age   2:   66746888 bytes,  114759504 total
- age   3:   30329104 bytes,  145088608 total
- age   4:   32274232 bytes,  177362840 total
- age   5:   39345576 bytes,  216708416 total
- age   6:   44605536 bytes,  261313952 total
: 2450556K->358077K(2621440K), 0.3540330 secs] 7046671K->5018133K(8912896K), 0.3541830 secs] [Times: user=5.85 sys=0.00, real=0.35 secs] 
2012-11-14T22:27:04.575+0100: 6383.531: [GC 6383.531: [ParNew
Desired survivor size 268435456 bytes, new threshold 7 (max 15)
- age   1:   38423456 bytes,   38423456 total
- age   2:   37547400 bytes,   75970856 total
- age   3:   64929744 bytes,  140900600 total
- age   4:   30179024 bytes,  171079624 total
- age   5:   32268496 bytes,  203348120 total
- age   6:   39075472 bytes,  242423592 total
- age   7:   44604368 bytes,  287027960 total
: 2455245K->373395K(2621440K), 0.1948920 secs] 7115301K->5033452K(8912896K), 0.1950310 secs] [Times: user=3.27 sys=0.00, real=0.19 secs] 
2012-11-14T22:27:34.476+0100: 6413.432: [GC 6413.432: [ParNew
Desired survivor size 268435456 bytes, new threshold 7 (max 15)
- age   1:   72148192 bytes,   72148192 total
- age   2:   23892328 bytes,   96040520 total
- age   3:   37525568 bytes,  133566088 total
- age   4:   64735360 bytes,  198301448 total
- age   5:   29980224 bytes,  228281672 total
- age   6:   32216752 bytes,  260498424 total
- age   7:   38810744 bytes,  299309168 total
: 2470547K->408099K(2621440K), 0.3233700 secs] 7130604K->5112341K(8912896K), 0.3235010 secs] [Times: user=5.43 sys=0.01, real=0.32 secs] 
2012-11-14T22:28:01.857+0100: 6440.813: [GC 6440.813: [ParNew
Desired survivor size 268435456 bytes, new threshold 6 (max 15)
- age   1:   55567400 bytes,   55567400 total
- age   2:   65364664 bytes,  120932064 total
- age   3:   23572640 bytes,  144504704 total
- age   4:   37225296 bytes,  181730000 total
- age   5:   64733728 bytes,  246463728 total
- age   6:   29822624 bytes,  276286352 total
- age   7:   32108520 bytes,  308394872 total
: 2505251K->416676K(2621440K), 0.3648360 secs] 7209493K->5159207K(8912896K), 0.3649750 secs] [Times: user=6.08 sys=0.00, real=0.36 secs] 
2012-11-14T22:28:02.223+0100: 6441.179: [GC [1 CMS-initial-mark: 4742531K(6291456K)] 5160845K(8912896K), 0.3361380 secs] [Times: user=0.33 sys=0.00, real=0.33 secs] 
2012-11-14T22:28:02.559+0100: 6441.515: [CMS-concurrent-mark-start]
2012-11-14T22:28:04.048+0100: 6443.004: [CMS-concurrent-mark: 1.481/1.489 secs] [Times: user=9.83 sys=0.21, real=1.49 secs] 
2012-11-14T22:28:04.048+0100: 6443.004: [CMS-concurrent-preclean-start]
2012-11-14T22:28:04.071+0100: 6443.027: [CMS-concurrent-preclean: 0.023/0.023 secs] [Times: user=0.04 sys=0.01, real=0.03 secs] 
2012-11-14T22:28:04.071+0100: 6443.027: [CMS-concurrent-abortable-preclean-start]
2012-11-14T22:28:11.584+0100: 6450.540: [GC 6450.540: [ParNew
Desired survivor size 268435456 bytes, new threshold 6 (max 15)
- age   1:   74798728 bytes,   74798728 total
- age   2:   44218736 bytes,  119017464 total
- age   3:   63796064 bytes,  182813528 total
- age   4:   22988920 bytes,  205802448 total
- age   5:   37179784 bytes,  242982232 total
- age   6:   64315512 bytes,  307297744 total
: 2513828K->425566K(2621440K), 0.5153870 secs] 7256359K->5229313K(8912896K), 0.5155350 secs] [Times: user=8.77 sys=0.00, real=0.51 secs] 
 CMS: abort preclean due to time 2012-11-14T22:28:15.345+0100: 6454.301: [CMS-concurrent-abortable-preclean: 10.739/11.274 secs] [Times: user=23.38 sys=0.44, real=11.27 secs] 
2012-11-14T22:28:15.346+0100: 6454.302: [GC[YG occupancy: 968198 K (2621440 K)]6454.302: [Rescan (parallel) , 0.2509030 secs]6454.553: [weak refs processing, 0.0025540 secs] [1 CMS-remark: 4803747K(6291456K)] 5771945K(8912896K), 0.2536210 secs] [Times: user=4.09 sys=0.01, real=0.26 secs] 
2012-11-14T22:28:15.600+0100: 6454.556: [CMS-concurrent-sweep-start]
2012-11-14T22:28:21.675+0100: 6460.631: [CMS-concurrent-sweep: 6.074/6.075 secs] [Times: user=7.26 sys=0.07, real=6.07 secs] 
2012-11-14T22:28:21.675+0100: 6460.631: [CMS-concurrent-reset-start]
2012-11-14T22:28:21.691+0100: 6460.647: [CMS-concurrent-reset: 0.016/0.016 secs] [Times: user=0.02 sys=0.00, real=0.01 secs] 
2012-11-14T22:28:40.886+0100: 6479.842: [GC 6479.842: [ParNew
Desired survivor size 268435456 bytes, new threshold 6 (max 15)
- age   1:   52415864 bytes,   52415864 total
- age   2:   68115680 bytes,  120531544 total
- age   3:   43465048 bytes,  163996592 total
- age   4:   63165368 bytes,  227161960 total
- age   5:   22975704 bytes,  250137664 total
- age   6:   36847856 bytes,  286985520 total
: 2522718K->397775K(2621440K), 0.9171520 secs] 5860264K->3798345K(8912896K), 0.9173180 secs] [Times: user=15.95 sys=0.02, real=0.92 secs] 
2012-11-14T22:29:16.133+0100: 6515.089: [GC 6515.089: [ParNew
Desired survivor size 268435456 bytes, new threshold 6 (max 15)
- age   1:   48392816 bytes,   48392816 total
- age   2:   45503984 bytes,   93896800 total
- age   3:   67895128 bytes,  161791928 total
- age   4:   43403032 bytes,  205194960 total
- age   5:   62975944 bytes,  268170904 total
- age   6:   22585992 bytes,  290756896 total
: 2494927K->411912K(2621440K), 0.6141390 secs] 5895497K->3849009K(8912896K), 0.6143370 secs] [Times: user=10.59 sys=0.00, real=0.62 secs] 
2012-11-14T22:29:38.998+0100: 6537.954: [GC 6537.954: [ParNew
Desired survivor size 268435456 bytes, new threshold 5 (max 15)
- age   1:   91292040 bytes,   91292040 total
- age   2:   39249784 bytes,  130541824 total
- age   3:   43715968 bytes,  174257792 total
- age   4:   67451288 bytes,  241709080 total
- age   5:   43237792 bytes,  284946872 total
- age   6:   62918160 bytes,  347865032 total
: 2509064K->453877K(2621440K), 1.0240760 secs] 5946161K->3913091K(8912896K), 1.0242190 secs] [Times: user=18.16 sys=0.01, real=1.02 secs] 
2012-11-14T22:30:12.300+0100: 6571.256: [GC 6571.256: [ParNew
Desired survivor size 268435456 bytes, new threshold 15 (max 15)
- age   1:   30056176 bytes,   30056176 total
- age   2:   85222088 bytes,  115278264 total
- age   3:   37817056 bytes,  153095320 total
- age   4:   43060688 bytes,  196156008 total
- age   5:   67165304 bytes,  263321312 total
: 2551029K->381274K(2621440K), 1.0726790 secs] 6010243K->3945027K(8912896K), 1.0728340 secs] [Times: user=18.42 sys=0.01, real=1.07 secs] 
2012-11-14T22:31:00.543+0100: 6619.499: [GC 6619.499: [ParNew
Desired survivor size 268435456 bytes, new threshold 6 (max 15)
- age   1:   47207240 bytes,   47207240 total
- age   2:   19957856 bytes,   67165096 total
- age   3:   84943816 bytes,  152108912 total
- age   4:   37811624 bytes,  189920536 total
- age   5:   43002888 bytes,  232923424 total
- age   6:   67150288 bytes,  300073712 total
: 2478306K->410918K(2621440K), 0.6082740 secs] 6042059K->3974671K(8912896K), 0.6084340 secs] [Times: user=10.65 sys=0.00, real=0.61 secs] 
2012-11-14T22:31:43.492+0100: 6662.448: [GC 6662.448: [ParNew
Desired survivor size 268435456 bytes, new threshold 15 (max 15)
- age   1:   47152216 bytes,   47152216 total
- age   2:   35369008 bytes,   82521224 total
- age   3:   19751728 bytes,  102272952 total
- age   4:   84839232 bytes,  187112184 total
- age   5:   37766552 bytes,  224878736 total
- age   6:   42997984 bytes,  267876720 total
: 2508070K->350885K(2621440K), 0.6923420 secs] 6071823K->3980673K(8912896K), 0.6924950 secs] [Times: user=11.82 sys=0.00, real=0.69 secs] 
2012-11-14T22:31:55.364+0100: 6674.320: [GC 6674.320: [ParNew
Desired survivor size 268435456 bytes, new threshold 7 (max 15)
- age   1:   47946528 bytes,   47946528 total
- age   2:   40229352 bytes,   88175880 total
- age   3:   35346280 bytes,  123522160 total
- age   4:   19463000 bytes,  142985160 total
- age   5:   84785144 bytes,  227770304 total
- age   6:   37763736 bytes,  265534040 total
- age   7:   42983344 bytes,  308517384 total
: 2448037K->400100K(2621440K), 0.3997730 secs] 6077825K->4029887K(8912896K), 0.3999280 secs] [Times: user=6.96 sys=0.00, real=0.40 secs] 
2012-11-14T22:32:27.259+0100: 6706.215: [GC 6706.215: [ParNew
Desired survivor size 268435456 bytes, new threshold 6 (max 15)
- age   1:   83697360 bytes,   83697360 total
- age   2:   40656880 bytes,  124354240 total
- age   3:   39213704 bytes,  163567944 total
- age   4:   33031128 bytes,  196599072 total
- age   5:   18828224 bytes,  215427296 total
- age   6:   84418928 bytes,  299846224 total
- age   7:   36895864 bytes,  336742088 total
: 2497252K->438277K(2621440K), 0.3361210 secs] 6127039K->4109929K(8912896K), 0.3362780 secs] [Times: user=5.54 sys=0.00, real=0.35 secs] 
2012-11-14T22:33:03.617+0100: 6742.573: [GC 6742.573: [ParNew
Desired survivor size 268435456 bytes, new threshold 15 (max 15)
- age   1:   30264672 bytes,   30264672 total
- age   2:   74935200 bytes,  105199872 total
- age   3:   40157072 bytes,  145356944 total
- age   4:   38657392 bytes,  184014336 total
- age   5:   33028576 bytes,  217042912 total
- age   6:   18779248 bytes,  235822160 total
: 2535429K->387456K(2621440K), 0.3310090 secs] 6207081K->4178405K(8912896K), 0.3311470 secs] [Times: user=5.10 sys=0.00, real=0.33 secs] 
2012-11-14T22:33:22.069+0100: 6761.025: [GC 6761.025: [ParNew
Desired survivor size 268435456 bytes, new threshold 7 (max 15)
- age   1:   61987800 bytes,   61987800 total
- age   2:   17037832 bytes,   79025632 total
- age   3:   74507224 bytes,  153532856 total
- age   4:   40030304 bytes,  193563160 total
- age   5:   38651000 bytes,  232214160 total
- age   6:   32916592 bytes,  265130752 total
- age   7:   18715608 bytes,  283846360 total
: 2484608K->377323K(2621440K), 0.2807800 secs] 6275557K->4168272K(8912896K), 0.2809460 secs] [Times: user=4.88 sys=0.00, real=0.28 secs] 
2012-11-14T22:33:41.075+0100: 6780.031: [GC 6780.031: [ParNew
Desired survivor size 268435456 bytes, new threshold 7 (max 15)
- age   1:   37428808 bytes,   37428808 total
- age   2:   53288992 bytes,   90717800 total
- age   3:   16778312 bytes,  107496112 total
- age   4:   74026536 bytes,  181522648 total
- age   5:   39980600 bytes,  221503248 total
- age   6:   38220008 bytes,  259723256 total
- age   7:   32915056 bytes,  292638312 total
: 2474475K->414277K(2621440K), 0.3144400 secs] 6265424K->4223148K(8912896K), 0.3145980 secs] [Times: user=5.40 sys=0.00, real=0.31 secs] 
2012-11-14T22:33:58.908+0100: 6797.864: [GC 6797.864: [ParNew
Desired survivor size 268435456 bytes, new threshold 6 (max 15)
- age   1:   58872296 bytes,   58872296 total
- age   2:   31599960 bytes,   90472256 total
- age   3:   53103640 bytes,  143575896 total
- age   4:   16215336 bytes,  159791232 total
- age   5:   73792024 bytes,  233583256 total
- age   6:   39977648 bytes,  273560904 total
- age   7:   38168072 bytes,  311728976 total
: 2511429K->384839K(2621440K), 0.2501060 secs] 6320300K->4226343K(8912896K), 0.2502470 secs] [Times: user=4.08 sys=0.01, real=0.25 secs] 
2012-11-14T22:34:12.500+0100: 6811.456: [GC 6811.456: [ParNew
Desired survivor size 268435456 bytes, new threshold 6 (max 15)
- age   1:   70298992 bytes,   70298992 total
- age   2:   52452496 bytes,  122751488 total
- age   3:   31158640 bytes,  153910128 total
- age   4:   52466616 bytes,  206376744 total
- age   5:   16206152 bytes,  222582896 total
- age   6:   73333272 bytes,  295916168 total
: 2481440K->461539K(2621440K), 0.2570670 secs] 6322944K->4380159K(8912896K), 0.2572090 secs] [Times: user=3.93 sys=0.00, real=0.25 secs] 
2012-11-14T22:34:43.357+0100: 6842.313: [GC 6842.313: [ParNew
Desired survivor size 268435456 bytes, new threshold 15 (max 15)
- age   1:   29388552 bytes,   29388552 total
- age   2:   58571592 bytes,   87960144 total
- age   3:   51425152 bytes,  139385296 total
- age   4:   30742128 bytes,  170127424 total
- age   5:   52418168 bytes,  222545592 total
- age   6:   15693432 bytes,  238239024 total
: 2558691K->368848K(2621440K), 0.3087790 secs] 6477311K->4359211K(8912896K), 0.3089210 secs] [Times: user=4.98 sys=0.01, real=0.30 secs] 
2012-11-14T22:35:09.414+0100: 6868.370: [GC 6868.370: [ParNew
Desired survivor size 268435456 bytes, new threshold 6 (max 15)
- age   1:   67575344 bytes,   67575344 total
- age   2:   17638056 bytes,   85213400 total
- age   3:   58067120 bytes,  143280520 total
- age   4:   51293112 bytes,  194573632 total
- age   5:   30693864 bytes,  225267496 total
- age   6:   52382448 bytes,  277649944 total
- age   7:   15626056 bytes,  293276000 total
: 2466000K->371804K(2621440K), 0.1179490 secs] 6456363K->4362166K(8912896K), 0.1180900 secs] [Times: user=1.84 sys=0.01, real=0.12 secs] 
2012-11-14T22:35:42.922+0100: 6901.878: [GC 6901.878: [ParNew
Desired survivor size 268435456 bytes, new threshold 15 (max 15)
- age   1:    9973048 bytes,    9973048 total
- age   2:   57537152 bytes,   67510200 total
- age   3:   17464456 bytes,   84974656 total
- age   4:   57830536 bytes,  142805192 total
- age   5:   51257904 bytes,  194063096 total
- age   6:   30683288 bytes,  224746384 total
: 2468956K->349062K(2621440K), 0.1759370 secs] 6459318K->4406069K(8912896K), 0.1760750 secs] [Times: user=2.71 sys=0.00, real=0.18 secs] 
2012-11-14T22:36:12.228+0100: 6931.184: [GC 6931.184: [ParNew
Desired survivor size 268435456 bytes, new threshold 15 (max 15)
- age   1:   31917016 bytes,   31917016 total
- age   2:    5924496 bytes,   37841512 total
- age   3:   56380248 bytes,   94221760 total
- age   4:   17235136 bytes,  111456896 total
- age   5:   57280296 bytes,  168737192 total
- age   6:   51209112 bytes,  219946304 total
- age   7:   30551512 bytes,  250497816 total
: 2446214K->338327K(2621440K), 0.1113690 secs] 6503221K->4395333K(8912896K), 0.1115330 secs] [Times: user=1.82 sys=0.00, real=0.11 secs] 
2012-11-14T22:36:33.780+0100: 6952.736: [GC 6952.736: [ParNew
Desired survivor size 268435456 bytes, new threshold 7 (max 15)
- age   1:   64399664 bytes,   64399664 total
- age   2:   25963720 bytes,   90363384 total
- age   3:    5676504 bytes,   96039888 total
- age   4:   56376376 bytes,  152416264 total
- age   5:   16312568 bytes,  168728832 total
- age   6:   56873728 bytes,  225602560 total
- age   7:   51096664 bytes,  276699224 total
- age   8:   30476736 bytes,  307175960 total
: 2435479K->417098K(2621440K), 0.1002530 secs] 6492485K->4474104K(8912896K), 0.1003980 secs] [Times: user=1.50 sys=0.00, real=0.10 secs] 
2012-11-14T22:36:53.399+0100: 6972.355: [GC 6972.355: [ParNew
Desired survivor size 268435456 bytes, new threshold 7 (max 15)
- age   1:   77359224 bytes,   77359224 total
- age   2:   56931248 bytes,  134290472 total
- age   3:   24020768 bytes,  158311240 total
- age   4:    4228216 bytes,  162539456 total
- age   5:   56268336 bytes,  218807792 total
- age   6:   16311384 bytes,  235119176 total
- age   7:   56872200 bytes,  291991376 total
: 2514250K->440969K(2621440K), 0.3430860 secs] 6571256K->4578465K(8912896K), 0.3432350 secs] [Times: user=5.46 sys=0.01, real=0.34 secs] 
2012-11-14T22:37:09.668+0100: 6988.624: [GC 6988.624: [ParNew
Desired survivor size 268435456 bytes, new threshold 6 (max 15)
- age   1:   85275152 bytes,   85275152 total
- age   2:   69893008 bytes,  155168160 total
- age   3:   55918896 bytes,  211087056 total
- age   4:   23931264 bytes,  235018320 total
- age   5:    4227440 bytes,  239245760 total
- age   6:   56086712 bytes,  295332472 total
- age   7:   16309992 bytes,  311642464 total
: 2538121K->473660K(2621440K), 0.3446970 secs] 6675617K->4667309K(8912896K), 0.3448570 secs] [Times: user=5.56 sys=0.01, real=0.34 secs] 
2012-11-14T22:37:41.918+0100: 7020.874: [GC 7020.874: [ParNew
Desired survivor size 268435456 bytes, new threshold 5 (max 15)
- age   1:   57739976 bytes,   57739976 total
- age   2:   75459928 bytes,  133199904 total
- age   3:   69023288 bytes,  202223192 total
- age   4:   55564488 bytes,  257787680 total
- age   5:   23917784 bytes,  281705464 total
- age   6:    4226448 bytes,  285931912 total
: 2570812K->380012K(2621440K), 0.1918650 secs] 6764461K->4645089K(8912896K), 0.1919910 secs] [Times: user=2.81 sys=0.00, real=0.19 secs] 
2012-11-14T22:37:49.041+0100: 7027.997: [GC 7027.997: [ParNew
Desired survivor size 268435456 bytes, new threshold 5 (max 15)
- age   1:   50171160 bytes,   50171160 total
- age   2:   51497016 bytes,  101668176 total
- age   3:   75233160 bytes,  176901336 total
- age   4:   69012608 bytes,  245913944 total
- age   5:   55537616 bytes,  301451560 total
: 2477164K->424034K(2621440K), 0.2950920 secs] 6742241K->4716893K(8912896K), 0.2952220 secs] [Times: user=4.93 sys=0.01, real=0.30 secs] 
2012-11-14T22:38:20.212+0100: 7059.168: [GC 7059.168: [ParNew
Desired survivor size 268435456 bytes, new threshold 5 (max 15)
- age   1:   66496480 bytes,   66496480 total
- age   2:   43527216 bytes,  110023696 total
- age   3:   50550136 bytes,  160573832 total
- age   4:   74930168 bytes,  235504000 total
- age   5:   68848208 bytes,  304352208 total
: 2521186K->453152K(2621440K), 0.2185940 secs] 6814045K->4801106K(8912896K), 0.2187220 secs] [Times: user=3.32 sys=0.01, real=0.22 secs] 
2012-11-14T22:38:30.522+0100: 7069.478: [GC 7069.478: [ParNew
Desired survivor size 268435456 bytes, new threshold 4 (max 15)
- age   1:  128133352 bytes,  128133352 total
- age   2:   60014824 bytes,  188148176 total
- age   3:   43521784 bytes,  231669960 total
- age   4:   50414832 bytes,  282084792 total
- age   5:   74899792 bytes,  356984584 total
: 2550304K->524288K(2621440K), 0.4269250 secs] 6898258K->4942379K(8912896K), 0.4270820 secs] [Times: user=7.02 sys=0.00, real=0.43 secs] 
2012-11-14T22:38:32.957+0100: 7071.913: [GC 7071.913: [ParNew
Desired survivor size 268435456 bytes, new threshold 15 (max 15)
- age   1:   39324152 bytes,   39324152 total
- age   2:   53158112 bytes,   92482264 total
- age   3:   59330944 bytes,  151813208 total
- age   4:   43521520 bytes,  195334728 total
: 2621440K->382803K(2621440K), 0.1767940 secs] 7039531K->4924404K(8912896K), 0.1769210 secs] [Times: user=2.47 sys=0.00, real=0.18 secs] 
2012-11-14T22:38:38.894+0100: 7077.850: [GC 7077.850: [ParNew
Desired survivor size 268435456 bytes, new threshold 15 (max 15)
- age   1:   44700256 bytes,   44700256 total
- age   2:   18763752 bytes,   63464008 total
- age   3:   39261424 bytes,  102725432 total
- age   4:   59044720 bytes,  161770152 total
- age   5:   43477624 bytes,  205247776 total
: 2479955K->292196K(2621440K), 0.0617260 secs] 7021556K->4833797K(8912896K), 0.0618490 secs] [Times: user=0.97 sys=0.00, real=0.06 secs] 
2012-11-14T22:39:08.950+0100: 7107.906: [GC 7107.906: [ParNew
Desired survivor size 268435456 bytes, new threshold 6 (max 15)
- age   1:   90369944 bytes,   90369944 total
- age   2:   40455832 bytes,  130825776 total
- age   3:   18089128 bytes,  148914904 total
- age   4:   37584400 bytes,  186499304 total
- age   5:   58390424 bytes,  244889728 total
- age   6:   43134240 bytes,  288023968 total
: 2389348K->389379K(2621440K), 0.1175150 secs] 6930949K->4930980K(8912896K), 0.1176620 secs] [Times: user=1.85 sys=0.00, real=0.14 secs] 
2012-11-14T22:39:26.130+0100: 7125.086: [GC 7125.086: [ParNew
Desired survivor size 268435456 bytes, new threshold 6 (max 15)
- age   1:   81168304 bytes,   81168304 total
- age   2:   81173736 bytes,  162342040 total
- age   3:   40381008 bytes,  202723048 total
- age   4:   18083992 bytes,  220807040 total
- age   5:   37565392 bytes,  258372432 total
- age   6:   58304576 bytes,  316677008 total
: 2486531K->455182K(2621440K), 0.3032540 secs] 7028132K->5039537K(8912896K), 0.3034020 secs] [Times: user=5.02 sys=0.00, real=0.32 secs] 
2012-11-14T22:39:36.671+0100: 7135.627: [GC 7135.627: [ParNew
Desired survivor size 268435456 bytes, new threshold 4 (max 15)
- age   1:   94290200 bytes,   94290200 total
- age   2:   75650352 bytes,  169940552 total
- age   3:   80340032 bytes,  250280584 total
- age   4:   40380824 bytes,  290661408 total
- age   5:   18083760 bytes,  308745168 total
- age   6:   37466904 bytes,  346212072 total
: 2552334K->508215K(2621440K), 0.3491640 secs] 7136689K->5150378K(8912896K), 0.3492930 secs] [Times: user=5.74 sys=0.00, real=0.35 secs] 
2012-11-14T22:39:56.824+0100: 7155.780: [GC 7155.780: [ParNew
Desired survivor size 268435456 bytes, new threshold 4 (max 15)
- age   1:   48509320 bytes,   48509320 total
- age   2:   88240888 bytes,  136750208 total
- age   3:   73599064 bytes,  210349272 total
- age   4:   79378224 bytes,  289727496 total
: 2605367K->434468K(2621440K), 0.4066330 secs] 7247530K->5171803K(8912896K), 0.4067680 secs] [Times: user=6.62 sys=0.01, real=0.41 secs] 
2012-11-14T22:39:57.232+0100: 7156.188: [GC [1 CMS-initial-mark: 4737335K(6291456K)] 5176057K(8912896K), 0.2745490 secs] [Times: user=0.27 sys=0.00, real=0.27 secs] 
2012-11-14T22:39:57.507+0100: 7156.463: [CMS-concurrent-mark-start]
2012-11-14T22:39:58.957+0100: 7157.913: [CMS-concurrent-mark: 1.450/1.451 secs] [Times: user=7.60 sys=0.03, real=1.45 secs] 
2012-11-14T22:39:58.958+0100: 7157.913: [CMS-concurrent-preclean-start]
2012-11-14T22:39:58.978+0100: 7157.934: [CMS-concurrent-preclean: 0.020/0.021 secs] [Times: user=0.03 sys=0.00, real=0.02 secs] 
2012-11-14T22:39:58.978+0100: 7157.934: [CMS-concurrent-abortable-preclean-start]
 CMS: abort preclean due to time 2012-11-14T22:40:09.991+0100: 7168.947: [CMS-concurrent-abortable-preclean: 11.005/11.013 secs] [Times: user=11.94 sys=0.07, real=11.01 secs] 
2012-11-14T22:40:09.993+0100: 7168.949: [GC[YG occupancy: 1038196 K (2621440 K)]7168.949: [Rescan (parallel) , 0.1566200 secs]7169.106: [weak refs processing, 0.0012120 secs] [1 CMS-remark: 4737335K(6291456K)] 5775532K(8912896K), 0.1580010 secs] [Times: user=2.60 sys=0.00, real=0.16 secs] 
2012-11-14T22:40:10.151+0100: 7169.107: [CMS-concurrent-sweep-start]
2012-11-14T22:40:16.211+0100: 7175.167: [CMS-concurrent-sweep: 6.054/6.060 secs] [Times: user=6.45 sys=0.02, real=6.06 secs] 
2012-11-14T22:40:16.211+0100: 7175.167: [CMS-concurrent-reset-start]
2012-11-14T22:40:16.227+0100: 7175.183: [CMS-concurrent-reset: 0.016/0.016 secs] [Times: user=0.01 sys=0.00, real=0.02 secs] 
2012-11-14T22:40:29.443+0100: 7188.399: [GC 7188.399: [ParNew
Desired survivor size 268435456 bytes, new threshold 15 (max 15)
- age   1:   38029040 bytes,   38029040 total
- age   2:   42166496 bytes,   80195536 total
- age   3:   87997464 bytes,  168193000 total
- age   4:   73187528 bytes,  241380528 total
: 2531620K->378216K(2621440K), 0.5506200 secs] 5768684K->3692551K(8912896K), 0.5507560 secs] [Times: user=9.12 sys=0.01, real=0.55 secs] 
2012-11-14T22:41:07.313+0100: 7226.269: [GC 7226.269: [ParNew
Desired survivor size 268435456 bytes, new threshold 5 (max 15)
- age   1:   45760528 bytes,   45760528 total
- age   2:   25000488 bytes,   70761016 total
- age   3:   42021864 bytes,  112782880 total
- age   4:   87936800 bytes,  200719680 total
- age   5:   72761376 bytes,  273481056 total
: 2475368K->345140K(2621440K), 0.3837270 secs] 5789703K->3659475K(8912896K), 0.3838590 secs] [Times: user=6.65 sys=0.00, real=0.38 secs] 
2012-11-14T22:41:49.911+0100: 7268.867: [GC 7268.867: [ParNew
Desired survivor size 268435456 bytes, new threshold 5 (max 15)
- age   1:   80705472 bytes,   80705472 total
- age   2:   35124592 bytes,  115830064 total
- age   3:   24759544 bytes,  140589608 total
- age   4:   41526744 bytes,  182116352 total
- age   5:   87747248 bytes,  269863600 total
: 2442283K->362438K(2621440K), 0.5149160 secs] 5756619K->3747811K(8912896K), 0.5150620 secs] [Times: user=8.61 sys=0.01, real=0.53 secs] 
2012-11-14T22:42:06.834+0100: 7285.790: [GC 7285.790: [ParNew
Desired survivor size 268435456 bytes, new threshold 15 (max 15)
- age   1:   48782472 bytes,   48782472 total
- age   2:   70443560 bytes,  119226032 total
- age   3:   34310856 bytes,  153536888 total
- age   4:   24662472 bytes,  178199360 total
- age   5:   40905120 bytes,  219104480 total
: 2459590K->321588K(2621440K), 0.4391720 secs] 5844963K->3793324K(8912896K), 0.4393010 secs] [Times: user=7.10 sys=0.00, real=0.44 secs] 
2012-11-14T22:42:34.563+0100: 7313.519: [GC 7313.519: [ParNew
Desired survivor size 268435456 bytes, new threshold 15 (max 15)
- age   1:   48487624 bytes,   48487624 total
- age   2:   40568192 bytes,   89055816 total
- age   3:   70183576 bytes,  159239392 total
- age   4:   34308752 bytes,  193548144 total
- age   5:   24638864 bytes,  218187008 total
- age   6:   40391064 bytes,  258578072 total
: 2418740K->324274K(2621440K), 0.2507370 secs] 5890476K->3796009K(8912896K), 0.2508580 secs] [Times: user=4.30 sys=0.00, real=0.25 secs] 
2012-11-14T22:42:53.757+0100: 7332.713: [GC 7332.713: [ParNew
Desired survivor size 268435456 bytes, new threshold 5 (max 15)
- age   1:  112112896 bytes,  112112896 total
- age   2:   42631928 bytes,  154744824 total
- age   3:   39543040 bytes,  194287864 total
- age   4:   70168272 bytes,  264456136 total
- age   5:   34306112 bytes,  298762248 total
- age   6:   24638184 bytes,  323400432 total
- age   7:   40390560 bytes,  363790992 total
: 2421426K->483954K(2621440K), 0.2630830 secs] 5893161K->3955690K(8912896K), 0.2632110 secs] [Times: user=4.68 sys=0.00, real=0.26 secs] 
2012-11-14T22:42:55.688+0100: 7334.643: [GC 7334.644: [ParNew
Desired survivor size 268435456 bytes, new threshold 5 (max 15)
- age   1:   91844896 bytes,   91844896 total
- age   2:   41029032 bytes,  132873928 total
- age   3:   41651152 bytes,  174525080 total
- age   4:   39541048 bytes,  214066128 total
- age   5:   70119736 bytes,  284185864 total
: 2581106K->426569K(2621440K), 0.3680560 secs] 6052842K->3996369K(8912896K), 0.3681800 secs] [Times: user=5.98 sys=0.02, real=0.37 secs] 
2012-11-14T22:42:57.728+0100: 7336.684: [GC 7336.684: [ParNew
Desired survivor size 268435456 bytes, new threshold 15 (max 15)
- age   1:   77235704 bytes,   77235704 total
- age   2:   29275664 bytes,  106511368 total
- age   3:   26416624 bytes,  132927992 total
- age   4:   41649536 bytes,  174577528 total
- age   5:   39541008 bytes,  214118536 total
: 2523721K->345718K(2621440K), 0.1761540 secs] 6093521K->3984916K(8912896K), 0.1762750 secs] [Times: user=2.74 sys=0.00, real=0.17 secs] 
2012-11-14T22:43:30.135+0100: 7369.091: [GC 7369.091: [ParNew
Desired survivor size 268435456 bytes, new threshold 15 (max 15)
- age   1:   45565424 bytes,   45565424 total
- age   2:   17380144 bytes,   62945568 total
- age   3:   28316184 bytes,   91261752 total
- age   4:   12067856 bytes,  103329608 total
- age   5:   41163032 bytes,  144492640 total
- age   6:   39443096 bytes,  183935736 total
: 2442870K->269824K(2621440K), 0.0597400 secs] 6082068K->3909022K(8912896K), 0.0598650 secs] [Times: user=0.85 sys=0.01, real=0.07 secs] 
2012-11-14T22:43:55.645+0100: 7394.601: [GC 7394.601: [ParNew
Desired survivor size 268435456 bytes, new threshold 15 (max 15)
- age   1:   42200664 bytes,   42200664 total
- age   2:   35713304 bytes,   77913968 total
- age   3:   17374096 bytes,   95288064 total
- age   4:   27748776 bytes,  123036840 total
- age   5:   12034920 bytes,  135071760 total
- age   6:   41065368 bytes,  176137128 total
- age   7:   39313008 bytes,  215450136 total
: 2366445K->257133K(2621440K), 0.0700060 secs] 6005643K->3896331K(8912896K), 0.0701300 secs] [Times: user=0.95 sys=0.00, real=0.07 secs] 
2012-11-14T22:44:23.358+0100: 7422.314: [GC 7422.314: [ParNew
Desired survivor size 268435456 bytes, new threshold 15 (max 15)
- age   1:   33866384 bytes,   33866384 total
- age   2:   32814520 bytes,   66680904 total
- age   3:   35463864 bytes,  102144768 total
- age   4:   17373896 bytes,  119518664 total
- age   5:   27748104 bytes,  147266768 total
- age   6:   12033840 bytes,  159300608 total
- age   7:   40965768 bytes,  200266376 total
- age   8:   39312960 bytes,  239579336 total
: 2354285K->303344K(2621440K), 0.0657130 secs] 5993483K->3942542K(8912896K), 0.0658330 secs] [Times: user=1.03 sys=0.00, real=0.07 secs] 
2012-11-14T22:44:55.839+0100: 7454.795: [GC 7454.795: [ParNew
Desired survivor size 268435456 bytes, new threshold 15 (max 15)
- age   1:   34080064 bytes,   34080064 total
- age   2:   26713792 bytes,   60793856 total
- age   3:   32338560 bytes,   93132416 total
- age   4:   35448224 bytes,  128580640 total
- age   5:   17373896 bytes,  145954536 total
- age   6:   27748104 bytes,  173702640 total
- age   7:   10489080 bytes,  184191720 total
- age   8:   40965648 bytes,  225157368 total
- age   9:   38927248 bytes,  264084616 total
: 2400496K->325870K(2621440K), 0.0705860 secs] 6039694K->3965069K(8912896K), 0.0707070 secs] [Times: user=1.10 sys=0.00, real=0.07 secs] 
2012-11-14T22:44:58.824+0100: 7457.780: [GC 7457.780: [ParNew
Desired survivor size 268435456 bytes, new threshold 15 (max 15)
- age   1:    1396360 bytes,    1396360 total
- age   2:   29993488 bytes,   31389848 total
- age   3:   26707584 bytes,   58097432 total
- age   4:   32337640 bytes,   90435072 total
- age   5:   35448096 bytes,  125883168 total
- age   6:   17373896 bytes,  143257064 total
- age   7:   27748168 bytes,  171005232 total
- age   8:   10476400 bytes,  181481632 total
- age   9:   40965648 bytes,  222447280 total
- age  10:   38926864 bytes,  261374144 total
: 2423022K->343387K(2621440K), 0.0601010 secs] 6062221K->3982585K(8912896K), 0.0602170 secs] [Times: user=1.02 sys=0.01, real=0.06 secs] 
2012-11-14T22:45:02.922+0100: 7461.878: [GC 7461.878: [ParNew
Desired survivor size 268435456 bytes, new threshold 15 (max 15)
- age   1:    3186016 bytes,    3186016 total
- age   2:     248504 bytes,    3434520 total
- age   3:   29654280 bytes,   33088800 total
- age   4:   26707280 bytes,   59796080 total
- age   5:   32335872 bytes,   92131952 total
- age   6:   35447928 bytes,  127579880 total
- age   7:   17373896 bytes,  144953776 total
- age   8:   27748104 bytes,  172701880 total
- age   9:   10469296 bytes,  183171176 total
- age  10:   40965648 bytes,  224136824 total
- age  11:   38926864 bytes,  263063688 total
: 2440539K->351742K(2621440K), 0.0616430 secs] 6079737K->3990940K(8912896K), 0.0617900 secs] [Times: user=1.05 sys=0.00, real=0.06 secs] 
2012-11-14T22:45:05.858+0100: 7464.814: [GC 7464.814: [ParNew
Desired survivor size 268435456 bytes, new threshold 15 (max 15)
- age   1:    1078120 bytes,    1078120 total
- age   2:    1725632 bytes,    2803752 total
- age   3:     246392 bytes,    3050144 total
- age   4:   29652784 bytes,   32702928 total
- age   5:   26706592 bytes,   59409520 total
- age   6:   32335872 bytes,   91745392 total
- age   7:   35447928 bytes,  127193320 total
- age   8:   17373896 bytes,  144567216 total
- age   9:   27748104 bytes,  172315320 total
- age  10:   10469280 bytes,  182784600 total
- age  11:   40965648 bytes,  223750248 total
- age  12:   38926864 bytes,  262677112 total
: 2448894K->354986K(2621440K), 0.0601630 secs] 6088092K->3994184K(8912896K), 0.0602780 secs] [Times: user=1.04 sys=0.00, real=0.06 secs] 
2012-11-14T22:45:08.609+0100: 7467.565: [GC 7467.565: [ParNew
Desired survivor size 268435456 bytes, new threshold 15 (max 15)
- age   1:    3341872 bytes,    3341872 total
- age   2:     101152 bytes,    3443024 total
- age   3:    1338768 bytes,    4781792 total
- age   4:     245456 bytes,    5027248 total
- age   5:   29651832 bytes,   34679080 total
- age   6:   26706200 bytes,   61385280 total
- age   7:   32159184 bytes,   93544464 total
- age   8:   35366960 bytes,  128911424 total
- age   9:   17373896 bytes,  146285320 total
- age  10:   27748104 bytes,  174033424 total
- age  11:   10469064 bytes,  184502488 total
- age  12:   40965648 bytes,  225468136 total
- age  13:   38727728 bytes,  264195864 total
: 2452138K->356781K(2621440K), 0.0623430 secs] 6091336K->3995979K(8912896K), 0.0624630 secs] [Times: user=1.04 sys=0.00, real=0.06 secs] 
2012-11-14T22:45:11.624+0100: 7470.580: [GC 7470.580: [ParNew
Desired survivor size 268435456 bytes, new threshold 15 (max 15)
- age   1:    1368472 bytes,    1368472 total
- age   2:    2062400 bytes,    3430872 total
- age   3:      99304 bytes,    3530176 total
- age   4:    1336512 bytes,    4866688 total
- age   5:     245456 bytes,    5112144 total
- age   6:   29188096 bytes,   34300240 total
- age   7:   26706200 bytes,   61006440 total
- age   8:   31802592 bytes,   92809032 total
- age   9:   35047680 bytes,  127856712 total
- age  10:   17373896 bytes,  145230608 total
- age  11:   27748104 bytes,  172978712 total
- age  12:   10469064 bytes,  183447776 total
- age  13:   40965648 bytes,  224413424 total
- age  14:   38516264 bytes,  262929688 total
: 2453933K->356527K(2621440K), 0.0601260 secs] 6093131K->3995726K(8912896K), 0.0602400 secs] [Times: user=1.03 sys=0.01, real=0.06 secs] 
2012-11-14T22:45:14.453+0100: 7473.409: [GC 7473.409: [ParNew
Desired survivor size 268435456 bytes, new threshold 15 (max 15)
- age   1:    1138344 bytes,    1138344 total
- age   2:     233784 bytes,    1372128 total
- age   3:    2061880 bytes,    3434008 total
- age   4:      99304 bytes,    3533312 total
- age   5:    1335160 bytes,    4868472 total
- age   6:     245456 bytes,    5113928 total
- age   7:   29187616 bytes,   34301544 total
- age   8:   26706200 bytes,   61007744 total
- age   9:   31802312 bytes,   92810056 total
- age  10:   35047720 bytes,  127857776 total
- age  11:   17373896 bytes,  145231672 total
- age  12:   27748104 bytes,  172979776 total
- age  13:   10469064 bytes,  183448840 total
- age  14:   40965648 bytes,  224414488 total
- age  15:   38516264 bytes,  262930752 total
: 2453679K->356341K(2621440K), 0.0594810 secs] 6092878K->3995540K(8912896K), 0.0595910 secs] [Times: user=1.03 sys=0.00, real=0.06 secs] 
2012-11-14T22:45:17.981+0100: 7476.937: [GC 7476.937: [ParNew
Desired survivor size 268435456 bytes, new threshold 15 (max 15)
- age   1:    1439432 bytes,    1439432 total
- age   2:      79056 bytes,    1518488 total
- age   3:     232248 bytes,    1750736 total
- age   4:    2061336 bytes,    3812072 total
- age   5:      97952 bytes,    3910024 total
- age   6:    1334456 bytes,    5244480 total
- age   7:     117320 bytes,    5361800 total
- age   8:   29187112 bytes,   34548912 total
- age   9:   26706096 bytes,   61255008 total
- age  10:   31798312 bytes,   93053320 total
- age  11:   35047576 bytes,  128100896 total
- age  12:   17373896 bytes,  145474792 total
- age  13:   27748104 bytes,  173222896 total
- age  14:   10469064 bytes,  183691960 total
- age  15:   40965648 bytes,  224657608 total
: 2453493K->342251K(2621440K), 0.0783950 secs] 6092692K->4019653K(8912896K), 0.0785330 secs] [Times: user=1.15 sys=0.00, real=0.07 secs] 
2012-11-14T22:45:21.800+0100: 7480.755: [GC 7480.756: [ParNew
Desired survivor size 268435456 bytes, new threshold 15 (max 15)
- age   1:    1388824 bytes,    1388824 total
- age   2:     290896 bytes,    1679720 total
- age   3:      78832 bytes,    1758552 total
- age   4:     231760 bytes,    1990312 total
- age   5:    2060504 bytes,    4050816 total
- age   6:      97304 bytes,    4148120 total
- age   7:    1334208 bytes,    5482328 total
- age   8:     117232 bytes,    5599560 total
- age   9:   29186720 bytes,   34786280 total
- age  10:   26705696 bytes,   61491976 total
- age  11:   31794312 bytes,   93286288 total
- age  12:   35047576 bytes,  128333864 total
- age  13:   17373896 bytes,  145707760 total
- age  14:   27748104 bytes,  173455864 total
- age  15:   10469064 bytes,  183924928 total
: 2439403K->304710K(2621440K), 0.0705270 secs] 6116805K->4022748K(8912896K), 0.0706350 secs] [Times: user=1.00 sys=0.00, real=0.07 secs] 
2012-11-14T22:45:38.200+0100: 7497.156: [GC 7497.156: [ParNew
Desired survivor size 268435456 bytes, new threshold 15 (max 15)
- age   1:  126660592 bytes,  126660592 total
- age   2:     195936 bytes,  126856528 total
- age   3:     286992 bytes,  127143520 total
- age   4:      77728 bytes,  127221248 total
- age   5:      99736 bytes,  127320984 total
- age   6:    2057952 bytes,  129378936 total
- age   7:      97096 bytes,  129476032 total
- age   8:     603432 bytes,  130079464 total
- age   9:     114376 bytes,  130193840 total
- age  10:   28798824 bytes,  158992664 total
- age  11:   26570192 bytes,  185562856 total
- age  12:   31770520 bytes,  217333376 total
- age  13:   29065856 bytes,  246399232 total
- age  14:    1948672 bytes,  248347904 total
- age  15:   20964352 bytes,  269312256 total
: 2401862K->307715K(2621440K), 0.0856250 secs] 6119900K->4035664K(8912896K), 0.0857500 secs] [Times: user=1.32 sys=0.00, real=0.08 secs] 
2012-11-14T22:45:40.247+0100: 7499.203: [GC 7499.203: [ParNew
Desired survivor size 268435456 bytes, new threshold 15 (max 15)
- age   1:   82034928 bytes,   82034928 total
- age   2:   62061024 bytes,  144095952 total
- age   3:     195936 bytes,  144291888 total
- age   4:     286712 bytes,  144578600 total
- age   5:      77728 bytes,  144656328 total
- age   6:      99640 bytes,  144755968 total
- age   7:    2057672 bytes,  146813640 total
- age   8:      97096 bytes,  146910736 total
- age   9:     603432 bytes,  147514168 total
- age  10:     114376 bytes,  147628544 total
- age  11:   28798720 bytes,  176427264 total
- age  12:   26570192 bytes,  202997456 total
- age  13:   31770520 bytes,  234767976 total
- age  14:   29065856 bytes,  263833832 total
- age  15:    1948672 bytes,  265782504 total
: 2404867K->377472K(2621440K), 0.0825440 secs] 6132816K->4126231K(8912896K), 0.0826540 secs] [Times: user=1.35 sys=0.00, real=0.08 secs] 
2012-11-14T22:45:42.268+0100: 7501.224: [GC 7501.224: [ParNew
Desired survivor size 268435456 bytes, new threshold 15 (max 15)
- age   1:   62062624 bytes,   62062624 total
- age   2:   17518944 bytes,   79581568 total
- age   3:   33868320 bytes,  113449888 total
- age   4:      67840 bytes,  113517728 total
- age   5:     286712 bytes,  113804440 total
- age   6:      77728 bytes,  113882168 total
- age   7:      99640 bytes,  113981808 total
- age   8:    2057424 bytes,  116039232 total
- age   9:      97096 bytes,  116136328 total
- age  10:     603432 bytes,  116739760 total
- age  11:     114376 bytes,  116854136 total
- age  12:   28798296 bytes,  145652432 total
- age  13:   26570088 bytes,  172222520 total
- age  14:   31770520 bytes,  203993040 total
- age  15:   29065896 bytes,  233058936 total
: 2474624K->326034K(2621440K), 0.0704590 secs] 6223383K->4076699K(8912896K), 0.0705930 secs] [Times: user=1.25 sys=0.00, real=0.07 secs] 
2012-11-14T22:46:10.202+0100: 7529.158: [GC 7529.158: [ParNew
Desired survivor size 268435456 bytes, new threshold 15 (max 15)
- age   1:   98348728 bytes,   98348728 total
- age   2:   18423296 bytes,  116772024 total
- age   3:   17518784 bytes,  134290808 total
- age   4:   33038488 bytes,  167329296 total
- age   5:      67736 bytes,  167397032 total
- age   6:     158616 bytes,  167555648 total
- age   7:      77464 bytes,  167633112 total
- age   8:      99432 bytes,  167732544 total
- age   9:    2039272 bytes,  169771816 total
- age  10:      97064 bytes,  169868880 total
- age  11:     474312 bytes,  170343192 total
- age  12:     114008 bytes,  170457200 total
- age  13:   27760024 bytes,  198217224 total
- age  14:   26362416 bytes,  224579640 total
- age  15:   31497472 bytes,  256077112 total
: 2422908K->362698K(2621440K), 0.1027890 secs] 6173573K->4142176K(8912896K), 0.1029030 secs] [Times: user=1.38 sys=0.00, real=0.11 secs] 
2012-11-14T22:46:49.516+0100: 7568.472: [GC 7568.472: [ParNew
Desired survivor size 268435456 bytes, new threshold 14 (max 15)
- age   1:   88479288 bytes,   88479288 total
- age   2:   90089448 bytes,  178568736 total
- age   3:   18421784 bytes,  196990520 total
- age   4:   17517872 bytes,  214508392 total
- age   5:   32880696 bytes,  247389088 total
- age   6:      66560 bytes,  247455648 total
- age   7:     156576 bytes,  247612224 total
- age   8:      76320 bytes,  247688544 total
- age   9:      97080 bytes,  247785624 total
- age  10:    2036584 bytes,  249822208 total
- age  11:      95384 bytes,  249917592 total
- age  12:     434432 bytes,  250352024 total
- age  13:     111888 bytes,  250463912 total
- age  14:   27511904 bytes,  277975816 total
- age  15:   26319376 bytes,  304295192 total
: 2459850K->405543K(2621440K), 0.2006800 secs] 6239328K->4215295K(8912896K), 0.2007960 secs] [Times: user=3.21 sys=0.00, real=0.20 secs] 
2012-11-14T22:47:05.786+0100: 7584.742: [GC 7584.742: [ParNew
Desired survivor size 268435456 bytes, new threshold 6 (max 15)
- age   1:   34267344 bytes,   34267344 total
- age   2:   79044832 bytes,  113312176 total
- age   3:   90081144 bytes,  203393320 total
- age   4:   18421784 bytes,  221815104 total
- age   5:   17517872 bytes,  239332976 total
- age   6:   32778304 bytes,  272111280 total
- age   7:      66560 bytes,  272177840 total
- age   8:     156424 bytes,  272334264 total
- age   9:      76288 bytes,  272410552 total
- age  10:      97080 bytes,  272507632 total
- age  11:    2036584 bytes,  274544216 total
- age  12:      95384 bytes,  274639600 total
- age  13:     434120 bytes,  275073720 total
- age  14:     111888 bytes,  275185608 total
: 2502695K->393265K(2621440K), 0.2811020 secs] 6312447K->4255660K(8912896K), 0.2812220 secs] [Times: user=4.50 sys=0.01, real=0.28 secs] 
2012-11-14T22:47:25.321+0100: 7604.277: [GC 7604.277: [ParNew
Desired survivor size 268435456 bytes, new threshold 15 (max 15)
- age   1:   14848176 bytes,   14848176 total
- age   2:   25907264 bytes,   40755440 total
- age   3:   78967232 bytes,  119722672 total
- age   4:   89991000 bytes,  209713672 total
- age   5:   17958016 bytes,  227671688 total
- age   6:   17517872 bytes,  245189560 total
: 2490417K->360543K(2621440K), 0.2032200 secs] 6352812K->4258611K(8912896K), 0.2033390 secs] [Times: user=3.26 sys=0.00, real=0.20 secs] 
2012-11-14T22:47:50.302+0100: 7629.258: [GC 7629.258: [ParNew
Desired survivor size 268435456 bytes, new threshold 6 (max 15)
- age   1:   57904400 bytes,   57904400 total
- age   2:    7947776 bytes,   65852176 total
- age   3:   24872640 bytes,   90724816 total
- age   4:   78327848 bytes,  169052664 total
- age   5:   89782032 bytes,  258834696 total
- age   6:   17957592 bytes,  276792288 total
- age   7:   17517872 bytes,  294310160 total
: 2457695K->370016K(2621440K), 0.3259780 secs] 6355763K->4268084K(8912896K), 0.3261170 secs] [Times: user=5.62 sys=0.00, real=0.33 secs] 
2012-11-14T22:48:11.239+0100: 7650.195: [GC 7650.195: [ParNew
Desired survivor size 268435456 bytes, new threshold 6 (max 15)
- age   1:   23235032 bytes,   23235032 total
- age   2:   48135648 bytes,   71370680 total
- age   3:    7262984 bytes,   78633664 total
- age   4:   24736376 bytes,  103370040 total
- age   5:   78133232 bytes,  181503272 total
- age   6:   89738928 bytes,  271242200 total
: 2467168K->366289K(2621440K), 0.2178040 secs] 6365236K->4299584K(8912896K), 0.2179260 secs] [Times: user=3.58 sys=0.00, real=0.22 secs] 
2012-11-14T22:48:20.339+0100: 7659.295: [GC 7659.295: [ParNew
Desired survivor size 268435456 bytes, new threshold 15 (max 15)
- age   1:   29611336 bytes,   29611336 total
- age   2:   19796720 bytes,   49408056 total
- age   3:   48126944 bytes,   97535000 total
- age   4:    7133504 bytes,  104668504 total
- age   5:   24736072 bytes,  129404576 total
- age   6:   78132776 bytes,  207537352 total
: 2463441K->284111K(2621440K), 0.4291710 secs] 6396736K->4305892K(8912896K), 0.4292900 secs] [Times: user=6.94 sys=0.01, real=0.43 secs] 
2012-11-14T22:48:37.678+0100: 7676.634: [GC 7676.634: [ParNew
Desired survivor size 268435456 bytes, new threshold 15 (max 15)
- age   1:   68600864 bytes,   68600864 total
- age   2:   21661336 bytes,   90262200 total
- age   3:   19420920 bytes,  109683120 total
- age   4:   48076456 bytes,  157759576 total
- age   5:    6994056 bytes,  164753632 total
- age   6:   24708712 bytes,  189462344 total
- age   7:   78132152 bytes,  267594496 total
: 2381263K->339893K(2621440K), 0.1767480 secs] 6403044K->4361674K(8912896K), 0.1768720 secs] [Times: user=2.90 sys=0.00, real=0.17 secs] 
2012-11-14T22:48:53.074+0100: 7692.030: [GC 7692.031: [ParNew
Desired survivor size 268435456 bytes, new threshold 8 (max 15)
- age   1:   66420512 bytes,   66420512 total
- age   2:   61509080 bytes,  127929592 total
- age   3:   21115888 bytes,  149045480 total
- age   4:   18730744 bytes,  167776224 total
- age   5:   45943472 bytes,  213719696 total
- age   6:    6881752 bytes,  220601448 total
- age   7:   24597760 bytes,  245199208 total
- age   8:   77924176 bytes,  323123384 total
: 2437045K->442050K(2621440K), 0.0900260 secs] 6458826K->4463831K(8912896K), 0.0901560 secs] [Times: user=1.36 sys=0.00, real=0.10 secs] 
2012-11-14T22:49:16.124+0100: 7715.080: [GC 7715.080: [ParNew
Desired survivor size 268435456 bytes, new threshold 6 (max 15)
- age   1:   82198040 bytes,   82198040 total
- age   2:   53869480 bytes,  136067520 total
- age   3:   60606624 bytes,  196674144 total
- age   4:   20993720 bytes,  217667864 total
- age   5:   18443656 bytes,  236111520 total
- age   6:   45763304 bytes,  281874824 total
- age   7:    6880232 bytes,  288755056 total
- age   8:   24552920 bytes,  313307976 total
: 2539202K->493635K(2621440K), 0.4703140 secs] 6560983K->4591860K(8912896K), 0.4704430 secs] [Times: user=7.81 sys=0.01, real=0.47 secs] 
2012-11-14T22:49:34.270+0100: 7733.226: [GC 7733.226: [ParNew
Desired survivor size 268435456 bytes, new threshold 6 (max 15)
- age   1:   56502336 bytes,   56502336 total
- age   2:   75034584 bytes,  131536920 total
- age   3:   52702240 bytes,  184239160 total
- age   4:   60601544 bytes,  244840704 total
- age   5:   20992712 bytes,  265833416 total
- age   6:   18412456 bytes,  284245872 total
: 2590787K->405742K(2621440K), 0.1326150 secs] 6689012K->4580752K(8912896K), 0.1327440 secs] [Times: user=1.70 sys=0.01, real=0.13 secs] 
2012-11-14T22:49:44.417+0100: 7743.373: [GC 7743.373: [ParNew
Desired survivor size 268435456 bytes, new threshold 5 (max 15)
- age   1:   91045096 bytes,   91045096 total
- age   2:   46874336 bytes,  137919432 total
- age   3:   74220808 bytes,  212140240 total
- age   4:   52619384 bytes,  264759624 total
- age   5:   60413968 bytes,  325173592 total
- age   6:   20992568 bytes,  346166160 total
: 2502894K->488251K(2621440K), 0.1120420 secs] 6677904K->4681447K(8912896K), 0.1121910 secs] [Times: user=1.58 sys=0.00, real=0.11 secs] 
2012-11-14T22:50:02.070+0100: 7761.025: [GC 7761.026: [ParNew
Desired survivor size 268435456 bytes, new threshold 4 (max 15)
- age   1:   79602048 bytes,   79602048 total
- age   2:   81858856 bytes,  161460904 total
- age   3:   46028400 bytes,  207489304 total
- age   4:   73353784 bytes,  280843088 total
- age   5:   52618016 bytes,  333461104 total
: 2585403K->484013K(2621440K), 0.3389470 secs] 6778599K->4757980K(8912896K), 0.3390730 secs] [Times: user=1.97 sys=0.01, real=0.34 secs] 
2012-11-14T22:50:33.688+0100: 7792.644: [GC 7792.645: [ParNew
Desired survivor size 268435456 bytes, new threshold 15 (max 15)
- age   1:   14745240 bytes,   14745240 total
- age   2:   69335200 bytes,   84080440 total
- age   3:   81831968 bytes,  165912408 total
- age   4:   45732504 bytes,  211644912 total
: 2581165K->392058K(2621440K), 0.2373580 secs] 6855132K->4788403K(8912896K), 0.2374890 secs] [Times: user=3.50 sys=0.00, real=0.23 secs] 
2012-11-14T22:51:07.066+0100: 7826.022: [GC 7826.022: [ParNew
Desired survivor size 268435456 bytes, new threshold 5 (max 15)
- age   1:   70741520 bytes,   70741520 total
- age   2:    9659112 bytes,   80400632 total
- age   3:   69276728 bytes,  149677360 total
- age   4:   80948144 bytes,  230625504 total
- age   5:   45537032 bytes,  276162536 total
: 2489210K->360251K(2621440K), 0.1332680 secs] 6885555K->4756596K(8912896K), 0.1333910 secs] [Times: user=2.25 sys=0.00, real=0.14 secs] 
2012-11-14T22:52:01.862+0100: 7880.818: [GC 7880.818: [ParNew
Desired survivor size 268435456 bytes, new threshold 15 (max 15)
- age   1:   35366184 bytes,   35366184 total
- age   2:   63986104 bytes,   99352288 total
- age   3:    9156944 bytes,  108509232 total
- age   4:   69225328 bytes,  177734560 total
- age   5:   80865704 bytes,  258600264 total
: 2457403K->363015K(2621440K), 0.0989050 secs] 6853748K->4804530K(8912896K), 0.0990320 secs] [Times: user=1.34 sys=0.00, real=0.10 secs] 
2012-11-14T22:52:54.014+0100: 7932.970: [GC 7932.970: [ParNew
Desired survivor size 268435456 bytes, new threshold 15 (max 15)
- age   1:   11039544 bytes,   11039544 total
- age   2:   28144264 bytes,   39183808 total
- age   3:   63306496 bytes,  102490304 total
- age   4:    7166800 bytes,  109657104 total
- age   5:   69144200 bytes,  178801304 total
- age   6:   80085200 bytes,  258886504 total
: 2460167K->345158K(2621440K), 0.1040970 secs] 6901682K->4786672K(8912896K), 0.1042150 secs] [Times: user=1.72 sys=0.00, real=0.10 secs] 
2012-11-14T22:53:26.138+0100: 7965.094: [GC 7965.094: [ParNew
Desired survivor size 268435456 bytes, new threshold 7 (max 15)
- age   1:   53402440 bytes,   53402440 total
- age   2:    4671136 bytes,   58073576 total
- age   3:   28044984 bytes,   86118560 total
- age   4:   62937712 bytes,  149056272 total
- age   5:    6559760 bytes,  155616032 total
- age   6:   69101560 bytes,  224717592 total
- age   7:   79952968 bytes,  304670560 total
: 2442310K->377187K(2621440K), 0.0950170 secs] 6883824K->4818702K(8912896K), 0.0951330 secs] [Times: user=1.49 sys=0.00, real=0.09 secs] 
2012-11-14T22:54:14.986+0100: 8013.942: [GC 8013.942: [ParNew
Desired survivor size 268435456 bytes, new threshold 7 (max 15)
- age   1:   58807360 bytes,   58807360 total
- age   2:   45871392 bytes,  104678752 total
- age   3:    4345608 bytes,  109024360 total
- age   4:   28035400 bytes,  137059760 total
- age   5:   62931208 bytes,  199990968 total
- age   6:    6555320 bytes,  206546288 total
- age   7:   69094728 bytes,  275641016 total
: 2474339K->413166K(2621440K), 0.1312970 secs] 6915854K->4934058K(8912896K), 0.1314220 secs] [Times: user=1.66 sys=0.00, real=0.13 secs] 
2012-11-14T22:54:42.119+0100: 8041.075: [GC 8041.075: [ParNew
Desired survivor size 268435456 bytes, new threshold 15 (max 15)
- age   1:   36627472 bytes,   36627472 total
- age   2:   49634304 bytes,   86261776 total
- age   3:   43377560 bytes,  129639336 total
- age   4:    4332368 bytes,  133971704 total
- age   5:   24557112 bytes,  158528816 total
- age   6:   62930968 bytes,  221459784 total
- age   7:    4624712 bytes,  226084496 total
: 2510318K->316198K(2621440K), 0.1042680 secs] 7031210K->4905665K(8912896K), 0.1044250 secs] [Times: user=1.34 sys=0.00, real=0.11 secs] 
2012-11-14T22:56:28.825+0100: 8147.781: [GC 8147.781: [ParNew
Desired survivor size 268435456 bytes, new threshold 7 (max 15)
- age   1:   72936176 bytes,   72936176 total
- age   2:   29168592 bytes,  102104768 total
- age   3:   49437680 bytes,  151542448 total
- age   4:   43192520 bytes,  194734968 total
- age   5:    4256176 bytes,  198991144 total
- age   6:   24507576 bytes,  223498720 total
- age   7:   62800984 bytes,  286299704 total
- age   8:    4567144 bytes,  290866848 total
: 2413350K->374600K(2621440K), 0.2833300 secs] 7002817K->4964066K(8912896K), 0.2834430 secs] [Times: user=4.90 sys=0.00, real=0.29 secs] 
2012-11-14T22:57:32.193+0100: 8211.149: [GC 8211.150: [ParNew
Desired survivor size 268435456 bytes, new threshold 15 (max 15)
- age   1:   35172080 bytes,   35172080 total
- age   2:   66612704 bytes,  101784784 total
- age   3:   28630632 bytes,  130415416 total
- age   4:   49334368 bytes,  179749784 total
- age   5:   42905880 bytes,  222655664 total
- age   6:    4058024 bytes,  226713688 total
- age   7:   24242608 bytes,  250956296 total
: 2471752K->346911K(2621440K), 0.3073640 secs] 7061218K->5002436K(8912896K), 0.3074840 secs] [Times: user=4.93 sys=0.00, real=0.30 secs] 
2012-11-14T22:58:33.583+0100: 8272.539: [GC 8272.539: [ParNew
Desired survivor size 268435456 bytes, new threshold 8 (max 15)
- age   1:   50336304 bytes,   50336304 total
- age   2:   27112560 bytes,   77448864 total
- age   3:   66396112 bytes,  143844976 total
- age   4:   28118680 bytes,  171963656 total
- age   5:   49333848 bytes,  221297504 total
- age   6:   42843328 bytes,  264140832 total
- age   7:    4011512 bytes,  268152344 total
- age   8:   24208464 bytes,  292360808 total
: 2444063K->347986K(2621440K), 0.1041810 secs] 7099588K->5003511K(8912896K), 0.1043000 secs] [Times: user=1.63 sys=0.01, real=0.10 secs] 
2012-11-14T22:59:41.378+0100: 8340.334: [GC 8340.334: [ParNew
Desired survivor size 268435456 bytes, new threshold 7 (max 15)
- age   1:   32385304 bytes,   32385304 total
- age   2:   43082184 bytes,   75467488 total
- age   3:   27029952 bytes,  102497440 total
- age   4:   66364736 bytes,  168862176 total
- age   5:   28118224 bytes,  196980400 total
- age   6:   49332504 bytes,  246312904 total
- age   7:   42843096 bytes,  289156000 total
- age   8:    4011352 bytes,  293167352 total
: 2445138K->396555K(2621440K), 0.0972770 secs] 7100663K->5076086K(8912896K), 0.0973900 secs] [Times: user=1.45 sys=0.00, real=0.09 secs] 
2012-11-14T23:00:25.374+0100: 8384.329: [GC 8384.330: [ParNew
Desired survivor size 268435456 bytes, new threshold 6 (max 15)
- age   1:   83466680 bytes,   83466680 total
- age   2:   26600656 bytes,  110067336 total
- age   3:   41755048 bytes,  151822384 total
- age   4:   26801624 bytes,  178624008 total
- age   5:   66316672 bytes,  244940680 total
- age   6:   28118144 bytes,  273058824 total
- age   7:   49259072 bytes,  322317896 total
: 2493707K->409383K(2621440K), 0.2722910 secs] 7173238K->5135293K(8912896K), 0.2724090 secs] [Times: user=4.43 sys=0.00, real=0.27 secs] 
2012-11-14T23:00:25.647+0100: 8384.603: [GC [1 CMS-initial-mark: 4725909K(6291456K)] 5135726K(8912896K), 0.3646670 secs] [Times: user=0.37 sys=0.00, real=0.37 secs] 
2012-11-14T23:00:26.012+0100: 8384.968: [CMS-concurrent-mark-start]
2012-11-14T23:00:27.274+0100: 8386.230: [CMS-concurrent-mark: 1.259/1.262 secs] [Times: user=6.52 sys=0.03, real=1.26 secs] 
2012-11-14T23:00:27.274+0100: 8386.230: [CMS-concurrent-preclean-start]
2012-11-14T23:00:27.294+0100: 8386.250: [CMS-concurrent-preclean: 0.020/0.020 secs] [Times: user=0.02 sys=0.00, real=0.02 secs] 
2012-11-14T23:00:27.294+0100: 8386.250: [CMS-concurrent-abortable-preclean-start]
 CMS: abort preclean due to time 2012-11-14T23:00:38.047+0100: 8397.003: [CMS-concurrent-abortable-preclean: 10.743/10.753 secs] [Times: user=12.01 sys=0.04, real=10.75 secs] 
2012-11-14T23:00:38.048+0100: 8397.004: [GC[YG occupancy: 726167 K (2621440 K)]8397.005: [Rescan (parallel) , 0.1109490 secs]8397.116: [weak refs processing, 0.0059740 secs] [1 CMS-remark: 4725909K(6291456K)] 5452076K(8912896K), 0.1171130 secs] [Times: user=1.83 sys=0.01, real=0.12 secs] 
2012-11-14T23:00:38.166+0100: 8397.122: [CMS-concurrent-sweep-start]
2012-11-14T23:00:44.680+0100: 8403.636: [CMS-concurrent-sweep: 6.503/6.514 secs] [Times: user=7.22 sys=0.06, real=6.52 secs] 
2012-11-14T23:00:44.680+0100: 8403.636: [CMS-concurrent-reset-start]
2012-11-14T23:00:44.696+0100: 8403.652: [CMS-concurrent-reset: 0.016/0.016 secs] [Times: user=0.02 sys=0.00, real=0.01 secs] 
2012-11-14T23:01:40.402+0100: 8459.358: [GC 8459.358: [ParNew
Desired survivor size 268435456 bytes, new threshold 6 (max 15)
- age   1:   39132896 bytes,   39132896 total
- age   2:   76667616 bytes,  115800512 total
- age   3:   26487480 bytes,  142287992 total
- age   4:   41508440 bytes,  183796432 total
- age   5:   26468960 bytes,  210265392 total
- age   6:   65745480 bytes,  276010872 total
: 2506535K->374259K(2621440K), 0.4155610 secs] 5261793K->3205821K(8912896K), 0.4156860 secs] [Times: user=6.84 sys=0.01, real=0.42 secs] 
2012-11-14T23:03:16.934+0100: 8555.890: [GC 8555.890: [ParNew
Desired survivor size 268435456 bytes, new threshold 15 (max 15)
- age   1:   64627544 bytes,   64627544 total
- age   2:   33691520 bytes,   98319064 total
- age   3:   75072328 bytes,  173391392 total
- age   4:   25635984 bytes,  199027376 total
- age   5:   41502800 bytes,  240530176 total
- age   6:   25893664 bytes,  266423840 total
: 2471411K->387751K(2621440K), 0.4252720 secs] 5302973K->3283944K(8912896K), 0.4253900 secs] [Times: user=6.96 sys=0.00, real=0.43 secs] 
2012-11-14T23:03:33.705+0100: 8572.661: [GC 8572.661: [ParNew
Desired survivor size 268435456 bytes, new threshold 5 (max 15)
- age   1:   88685072 bytes,   88685072 total
- age   2:   52215720 bytes,  140900792 total
- age   3:   33200472 bytes,  174101264 total
- age   4:   74961328 bytes,  249062592 total
- age   5:   25119520 bytes,  274182112 total
- age   6:   41440936 bytes,  315623048 total
- age   7:   25625680 bytes,  341248728 total
: 2484903K->465275K(2621440K), 0.2794110 secs] 5381096K->3361468K(8912896K), 0.2795330 secs] [Times: user=4.83 sys=0.00, real=0.28 secs] 
2012-11-14T23:04:07.172+0100: 8606.128: [GC 8606.128: [ParNew
Desired survivor size 268435456 bytes, new threshold 5 (max 15)
- age   1:   46122960 bytes,   46122960 total
- age   2:   82308752 bytes,  128431712 total
- age   3:   51707072 bytes,  180138784 total
- age   4:   32999696 bytes,  213138480 total
- age   5:   74957208 bytes,  288095688 total
: 2562427K->402477K(2621440K), 0.2417830 secs] 5458620K->3389767K(8912896K), 0.2419040 secs] [Times: user=3.64 sys=0.00, real=0.24 secs] 
2012-11-14T23:04:34.630+0100: 8633.586: [GC 8633.586: [ParNew
Desired survivor size 268435456 bytes, new threshold 5 (max 15)
- age   1:   63947840 bytes,   63947840 total
- age   2:   40479752 bytes,  104427592 total
- age   3:   81700216 bytes,  186127808 total
- age   4:   51574968 bytes,  237702776 total
- age   5:   32616976 bytes,  270319752 total
: 2499629K->399560K(2621440K), 0.4150480 secs] 5486919K->3460676K(8912896K), 0.4151710 secs] [Times: user=6.92 sys=0.00, real=0.42 secs] 
2012-11-14T23:04:57.339+0100: 8656.295: [GC 8656.295: [ParNew
Desired survivor size 268435456 bytes, new threshold 5 (max 15)
- age   1:   69078232 bytes,   69078232 total
- age   2:   52178840 bytes,  121257072 total
- age   3:   40215360 bytes,  161472432 total
- age   4:   81244688 bytes,  242717120 total
- age   5:   51199432 bytes,  293916552 total
: 2496712K->390045K(2621440K), 0.2016800 secs] 5557828K->3482751K(8912896K), 0.2018040 secs] [Times: user=3.31 sys=0.00, real=0.20 secs] 
2012-11-14T23:05:25.845+0100: 8684.801: [GC 8684.801: [ParNew
Desired survivor size 268435456 bytes, new threshold 15 (max 15)
- age   1:   22334760 bytes,   22334760 total
- age   2:   63994720 bytes,   86329480 total
- age   3:   51645192 bytes,  137974672 total
- age   4:   40182992 bytes,  178157664 total
- age   5:   81015328 bytes,  259172992 total
: 2487197K->391544K(2621440K), 0.2905770 secs] 5579903K->3534842K(8912896K), 0.2907210 secs] [Times: user=4.83 sys=0.00, real=0.29 secs] 
2012-11-14T23:06:12.719+0100: 8731.675: [GC 8731.675: [ParNew
Desired survivor size 268435456 bytes, new threshold 6 (max 15)
- age   1:   57546368 bytes,   57546368 total
- age   2:   17507400 bytes,   75053768 total
- age   3:   61224824 bytes,  136278592 total
- age   4:   51429488 bytes,  187708080 total
- age   5:   39219328 bytes,  226927408 total
- age   6:   80987200 bytes,  307914608 total
: 2488696K->404720K(2621440K), 0.2750520 secs] 5631994K->3548018K(8912896K), 0.2751720 secs] [Times: user=4.77 sys=0.00, real=0.27 secs] 
2012-11-14T23:06:44.710+0100: 8763.666: [GC 8763.666: [ParNew
Desired survivor size 268435456 bytes, new threshold 15 (max 15)
- age   1:   42834992 bytes,   42834992 total
- age   2:   52015640 bytes,   94850632 total
- age   3:   16794024 bytes,  111644656 total
- age   4:   60614640 bytes,  172259296 total
- age   5:   51130736 bytes,  223390032 total
- age   6:   39164576 bytes,  262554608 total
: 2501872K->385746K(2621440K), 0.5356190 secs] 5645170K->3608638K(8912896K), 0.5357450 secs] [Times: user=9.05 sys=0.00, real=0.53 secs] 
2012-11-14T23:07:07.882+0100: 8786.837: [GC 8786.838: [ParNew
Desired survivor size 268435456 bytes, new threshold 6 (max 15)
- age   1:   51972920 bytes,   51972920 total
- age   2:   38435568 bytes,   90408488 total
- age   3:   50823856 bytes,  141232344 total
- age   4:   16783696 bytes,  158016040 total
- age   5:   60518392 bytes,  218534432 total
- age   6:   51129872 bytes,  269664304 total
- age   7:   39163128 bytes,  308827432 total
: 2482898K->384437K(2621440K), 0.4207380 secs] 5705790K->3607330K(8912896K), 0.4208650 secs] [Times: user=7.29 sys=0.00, real=0.42 secs] 
2012-11-14T23:07:29.360+0100: 8808.316: [GC 8808.316: [ParNew
Desired survivor size 268435456 bytes, new threshold 15 (max 15)
- age   1:   45569576 bytes,   45569576 total
- age   2:   45945656 bytes,   91515232 total
- age   3:   36508496 bytes,  128023728 total
- age   4:   50542376 bytes,  178566104 total
- age   5:   16753384 bytes,  195319488 total
- age   6:   60513976 bytes,  255833464 total
: 2481589K->387496K(2621440K), 0.5775120 secs] 5704482K->3698530K(8912896K), 0.5776350 secs] [Times: user=9.68 sys=0.02, real=0.58 secs] 
2012-11-14T23:08:15.175+0100: 8854.131: [GC 8854.131: [ParNew
Desired survivor size 268435456 bytes, new threshold 7 (max 15)
- age   1:   74670240 bytes,   74670240 total
- age   2:   39141352 bytes,  113811592 total
- age   3:   45457208 bytes,  159268800 total
- age   4:   36321624 bytes,  195590424 total
- age   5:   50537344 bytes,  246127768 total
- age   6:   16447256 bytes,  262575024 total
- age   7:   60394496 bytes,  322969520 total
: 2484648K->431372K(2621440K), 0.6104560 secs] 5795682K->3742406K(8912896K), 0.6105770 secs] [Times: user=10.80 sys=0.00, real=0.61 secs] 
2012-11-14T23:08:40.967+0100: 8879.923: [GC 8879.923: [ParNew
Desired survivor size 268435456 bytes, new threshold 6 (max 15)
- age   1:   64569208 bytes,   64569208 total
- age   2:   58308872 bytes,  122878080 total
- age   3:   39065456 bytes,  161943536 total
- age   4:   45367144 bytes,  207310680 total
- age   5:   36138600 bytes,  243449280 total
- age   6:   50484696 bytes,  293933976 total
- age   7:   16384944 bytes,  310318920 total
: 2528524K->432343K(2621440K), 0.8408800 secs] 5839558K->3802600K(8912896K), 0.8410070 secs] [Times: user=14.63 sys=0.00, real=0.84 secs] 
2012-11-14T23:09:20.191+0100: 8919.147: [GC 8919.147: [ParNew
Desired survivor size 268435456 bytes, new threshold 15 (max 15)
- age   1:   30398528 bytes,   30398528 total
- age   2:   58604816 bytes,   89003344 total
- age   3:   58089896 bytes,  147093240 total
- age   4:   38991776 bytes,  186085016 total
- age   5:   45250688 bytes,  231335704 total
- age   6:   35704736 bytes,  267040440 total
: 2529495K->403040K(2621440K), 0.5025670 secs] 5899752K->3839029K(8912896K), 0.5027120 secs] [Times: user=8.51 sys=0.00, real=0.50 secs] 
2012-11-14T23:10:07.326+0100: 8966.282: [GC 8966.282: [ParNew
Desired survivor size 268435456 bytes, new threshold 6 (max 15)
- age   1:   82639272 bytes,   82639272 total
- age   2:   26113608 bytes,  108752880 total
- age   3:   56455648 bytes,  165208528 total
- age   4:   58085392 bytes,  223293920 total
- age   5:   38991168 bytes,  262285088 total
- age   6:   45202856 bytes,  307487944 total
- age   7:   35656624 bytes,  343144568 total
: 2500192K->466517K(2621440K), 0.6636030 secs] 5936181K->3902506K(8912896K), 0.6637230 secs] [Times: user=11.72 sys=0.00, real=0.66 secs] 
2012-11-14T23:10:28.329+0100: 8987.285: [GC 8987.285: [ParNew
Desired survivor size 268435456 bytes, new threshold 6 (max 15)
- age   1:   51962152 bytes,   51962152 total
- age   2:   75522944 bytes,  127485096 total
- age   3:   25739128 bytes,  153224224 total
- age   4:   56436480 bytes,  209660704 total
- age   5:   57721728 bytes,  267382432 total
- age   6:   38852280 bytes,  306234712 total
: 2563669K->424573K(2621440K), 0.7626710 secs] 5999658K->3940463K(8912896K), 0.7627940 secs] [Times: user=13.06 sys=0.00, real=0.77 secs] 
2012-11-14T23:11:04.843+0100: 9023.799: [GC 9023.799: [ParNew
Desired survivor size 268435456 bytes, new threshold 6 (max 15)
- age   1:   61506248 bytes,   61506248 total
- age   2:   45721016 bytes,  107227264 total
- age   3:   75178368 bytes,  182405632 total
- age   4:   25417552 bytes,  207823184 total
- age   5:   55927376 bytes,  263750560 total
- age   6:   57528816 bytes,  321279376 total
: 2521741K->435886K(2621440K), 0.6993670 secs] 6037631K->3990275K(8912896K), 0.6994900 secs] [Times: user=12.26 sys=0.00, real=0.70 secs] 
2012-11-14T23:11:36.738+0100: 9055.694: [GC 9055.694: [ParNew
Desired survivor size 268435456 bytes, new threshold 6 (max 15)
- age   1:   34716896 bytes,   34716896 total
- age   2:   53090304 bytes,   87807200 total
- age   3:   45671928 bytes,  133479128 total
- age   4:   74688176 bytes,  208167304 total
- age   5:   25299008 bytes,  233466312 total
- age   6:   55814056 bytes,  289280368 total
: 2533038K->415448K(2621440K), 0.7682910 secs] 6087427K->4026281K(8912896K), 0.7684130 secs] [Times: user=13.26 sys=0.00, real=0.77 secs] 
2012-11-14T23:11:56.002+0100: 9074.958: [GC 9074.958: [ParNew
Desired survivor size 268435456 bytes, new threshold 6 (max 15)
- age   1:   47537360 bytes,   47537360 total
- age   2:   28081336 bytes,   75618696 total
- age   3:   53026568 bytes,  128645264 total
- age   4:   45661592 bytes,  174306856 total
- age   5:   74637144 bytes,  248944000 total
- age   6:   25295240 bytes,  274239240 total
: 2512600K->401629K(2621440K), 0.5967100 secs] 6123433K->4066718K(8912896K), 0.5968320 secs] [Times: user=10.18 sys=0.00, real=0.59 secs] 
2012-11-14T23:12:41.459+0100: 9120.415: [GC 9120.415: [ParNew
Desired survivor size 268435456 bytes, new threshold 15 (max 15)
- age   1:   23173048 bytes,   23173048 total
- age   2:   41406248 bytes,   64579296 total
- age   3:   27158432 bytes,   91737728 total
- age   4:   52617440 bytes,  144355168 total
- age   5:   45595592 bytes,  189950760 total
- age   6:   74635464 bytes,  264586224 total
: 2498781K->362848K(2621440K), 0.3037120 secs] 6163870K->4052988K(8912896K), 0.3038360 secs] [Times: user=5.11 sys=0.00, real=0.30 secs] 
2012-11-14T23:13:12.889+0100: 9151.845: [GC 9151.845: [ParNew
Desired survivor size 268435456 bytes, new threshold 7 (max 15)
- age   1:   66873488 bytes,   66873488 total
- age   2:   17081280 bytes,   83954768 total
- age   3:   41237376 bytes,  125192144 total
- age   4:   25024528 bytes,  150216672 total
- age   5:   51788528 bytes,  202005200 total
- age   6:   45537936 bytes,  247543136 total
- age   7:   74415744 bytes,  321958880 total
: 2460000K->405252K(2621440K), 0.4124080 secs] 6150140K->4095391K(8912896K), 0.4125270 secs] [Times: user=7.25 sys=0.00, real=0.41 secs] 
2012-11-14T23:13:42.367+0100: 9181.322: [GC 9181.323: [ParNew
Desired survivor size 268435456 bytes, new threshold 7 (max 15)
- age   1:   47283600 bytes,   47283600 total
- age   2:   60507288 bytes,  107790888 total
- age   3:   16568976 bytes,  124359864 total
- age   4:   41212704 bytes,  165572568 total
- age   5:   25022600 bytes,  190595168 total
- age   6:   51714440 bytes,  242309608 total
- age   7:   45482344 bytes,  287791952 total
: 2502404K->351132K(2621440K), 0.5589890 secs] 6192543K->4114592K(8912896K), 0.5591150 secs] [Times: user=9.42 sys=0.00, real=0.56 secs] 
2012-11-14T23:14:26.688+0100: 9225.644: [GC 9225.644: [ParNew
Desired survivor size 268435456 bytes, new threshold 7 (max 15)
- age   1:   64315504 bytes,   64315504 total
- age   2:   41053904 bytes,  105369408 total
- age   3:   58409464 bytes,  163778872 total
- age   4:   16148880 bytes,  179927752 total
- age   5:   41198528 bytes,  221126280 total
- age   6:   24978416 bytes,  246104696 total
- age   7:   51469104 bytes,  297573800 total
: 2448284K->428389K(2621440K), 0.3240430 secs] 6211744K->4236885K(8912896K), 0.3241660 secs] [Times: user=5.34 sys=0.00, real=0.32 secs] 
2012-11-14T23:16:10.260+0100: 9329.216: [GC 9329.216: [ParNew
Desired survivor size 268435456 bytes, new threshold 15 (max 15)
- age   1:   33124488 bytes,   33124488 total
- age   2:   53952992 bytes,   87077480 total
- age   3:   40775424 bytes,  127852904 total
- age   4:   55364880 bytes,  183217784 total
- age   5:   13727080 bytes,  196944864 total
- age   6:   40950680 bytes,  237895544 total
- age   7:   24470568 bytes,  262366112 total
: 2525380K->368390K(2621440K), 0.3649390 secs] 6333876K->4226481K(8912896K), 0.3650670 secs] [Times: user=6.05 sys=0.01, real=0.38 secs] 
2012-11-14T23:16:45.773+0100: 9364.728: [GC 9364.729: [ParNew
Desired survivor size 268435456 bytes, new threshold 8 (max 15)
- age   1:   30584464 bytes,   30584464 total
- age   2:   16980944 bytes,   47565408 total
- age   3:   53939992 bytes,  101505400 total
- age   4:   40773848 bytes,  142279248 total
- age   5:   55344920 bytes,  197624168 total
- age   6:   13690384 bytes,  211314552 total
- age   7:   40946360 bytes,  252260912 total
- age   8:   24453760 bytes,  276714672 total
: 2465542K->365197K(2621440K), 0.2212640 secs] 6323633K->4223288K(8912896K), 0.2213990 secs] [Times: user=3.78 sys=0.00, real=0.22 secs] 
2012-11-14T23:17:13.808+0100: 9392.764: [GC 9392.764: [ParNew
Desired survivor size 268435456 bytes, new threshold 8 (max 15)
- age   1:   50125256 bytes,   50125256 total
- age   2:   18011840 bytes,   68137096 total
- age   3:   14540136 bytes,   82677232 total
- age   4:   53482968 bytes,  136160200 total
- age   5:   40379504 bytes,  176539704 total
- age   6:   55337752 bytes,  231877456 total
- age   7:   13465344 bytes,  245342800 total
- age   8:   40936416 bytes,  286279216 total
: 2459817K->387019K(2621440K), 0.1398740 secs] 6317908K->4269336K(8912896K), 0.1400040 secs] [Times: user=2.18 sys=0.00, real=0.14 secs] 
2012-11-14T23:17:31.347+0100: 9410.303: [GC 9410.303: [ParNew
Desired survivor size 268435456 bytes, new threshold 7 (max 15)
- age   1:   99090320 bytes,   99090320 total
- age   2:   27095968 bytes,  126186288 total
- age   3:   17805408 bytes,  143991696 total
- age   4:   13796976 bytes,  157788672 total
- age   5:   53427432 bytes,  211216104 total
- age   6:   40319544 bytes,  251535648 total
- age   7:   54460064 bytes,  305995712 total
- age   8:   13424752 bytes,  319420464 total
: 2484171K->444534K(2621440K), 0.3514210 secs] 6366488K->4367324K(8912896K), 0.3515490 secs] [Times: user=5.85 sys=0.00, real=0.37 secs] 
2012-11-14T23:18:07.998+0100: 9446.954: [GC 9446.954: [ParNew
Desired survivor size 268435456 bytes, new threshold 6 (max 15)
- age   1:  115989456 bytes,  115989456 total
- age   2:   87263816 bytes,  203253272 total
- age   3:   26800168 bytes,  230053440 total
- age   4:   17709528 bytes,  247762968 total
- age   5:   13274096 bytes,  261037064 total
- age   6:   53002008 bytes,  314039072 total
- age   7:   40096008 bytes,  354135080 total
: 2541686K->499125K(2621440K), 1.0612800 secs] 6464476K->4488102K(8912896K), 1.0614280 secs] [Times: user=18.59 sys=0.00, real=1.06 secs] 
2012-11-14T23:18:15.759+0100: 9454.715: [GC 9454.715: [ParNew
Desired survivor size 268435456 bytes, new threshold 15 (max 15)
- age   1:    2899136 bytes,    2899136 total
- age   2:  113671016 bytes,  116570152 total
- age   3:   87252656 bytes,  203822808 total
- age   4:   26797272 bytes,  230620080 total
- age   5:   17689096 bytes,  248309176 total
- age   6:   13248144 bytes,  261557320 total
: 2596277K->408158K(2621440K), 0.6607930 secs] 6585254K->4489403K(8912896K), 0.6609300 secs] [Times: user=11.29 sys=0.00, real=0.66 secs] 
2012-11-14T23:18:25.856+0100: 9464.812: [GC 9464.812: [ParNew
Desired survivor size 268435456 bytes, new threshold 5 (max 15)
- age   1:   48851752 bytes,   48851752 total
- age   2:    1568792 bytes,   50420544 total
- age   3:  111827904 bytes,  162248448 total
- age   4:   87042880 bytes,  249291328 total
- age   5:   26794920 bytes,  276086248 total
- age   6:   17688296 bytes,  293774544 total
- age   7:   13103344 bytes,  306877888 total
: 2505310K->443480K(2621440K), 1.0873720 secs] 6586555K->4524724K(8912896K), 1.0875010 secs] [Times: user=19.47 sys=0.01, real=1.09 secs] 
2012-11-14T23:19:00.253+0100: 9499.209: [GC 9499.209: [ParNew
Desired survivor size 268435456 bytes, new threshold 5 (max 15)
- age   1:   30540752 bytes,   30540752 total
- age   2:   46287056 bytes,   76827808 total
- age   3:    1309880 bytes,   78137688 total
- age   4:  111347312 bytes,  189485000 total
- age   5:   86975960 bytes,  276460960 total
: 2540632K->377312K(2621440K), 1.1604030 secs] 6621876K->4515428K(8912896K), 1.1605270 secs] [Times: user=20.29 sys=0.02, real=1.16 secs] 
2012-11-14T23:19:41.199+0100: 9540.155: [GC 9540.155: [ParNew
Desired survivor size 268435456 bytes, new threshold 15 (max 15)
- age   1:   56831832 bytes,   56831832 total
- age   2:   22226376 bytes,   79058208 total
- age   3:   45443264 bytes,  124501472 total
- age   4:    1181336 bytes,  125682808 total
- age   5:  110711144 bytes,  236393952 total
: 2474480K->381823K(2621440K), 1.1785160 secs] 6612596K->4605340K(8912896K), 1.1786230 secs] [Times: user=20.48 sys=0.00, real=1.17 secs] 
2012-11-14T23:20:16.644+0100: 9575.600: [GC 9575.600: [ParNew
Desired survivor size 268435456 bytes, new threshold 6 (max 15)
- age   1:   57277232 bytes,   57277232 total
- age   2:   43563208 bytes,  100840440 total
- age   3:   22202264 bytes,  123042704 total
- age   4:   45009160 bytes,  168051864 total
- age   5:    1046704 bytes,  169098568 total
- age   6:  109923880 bytes,  279022448 total
: 2478975K->386642K(2621440K), 1.1195060 secs] 6702492K->4610160K(8912896K), 1.1196310 secs] [Times: user=20.02 sys=0.00, real=1.12 secs] 
2012-11-14T23:21:34.652+0100: 9653.608: [GC 9653.608: [ParNew
Desired survivor size 268435456 bytes, new threshold 15 (max 15)
- age   1:   52719656 bytes,   52719656 total
- age   2:   52836864 bytes,  105556520 total
- age   3:   42938792 bytes,  148495312 total
- age   4:   21632568 bytes,  170127880 total
- age   5:   44995400 bytes,  215123280 total
- age   6:    1006912 bytes,  216130192 total
: 2483794K->325040K(2621440K), 1.2277620 secs] 6707312K->4655949K(8912896K), 1.2278920 secs] [Times: user=21.20 sys=0.00, real=1.23 secs] 
2012-11-14T23:22:45.071+0100: 9724.026: [GC 9724.027: [ParNew
Desired survivor size 268435456 bytes, new threshold 15 (max 15)
- age   1:   34234152 bytes,   34234152 total
- age   2:   46595536 bytes,   80829688 total
- age   3:   50937368 bytes,  131767056 total
- age   4:   42896688 bytes,  174663744 total
- age   5:   21631128 bytes,  196294872 total
- age   6:   44993968 bytes,  241288840 total
- age   7:    1004784 bytes,  242293624 total
: 2422192K->322808K(2621440K), 0.3411980 secs] 6753101K->4653717K(8912896K), 0.3413180 secs] [Times: user=5.94 sys=0.00, real=0.34 secs] 
2012-11-14T23:23:48.095+0100: 9787.051: [GC 9787.051: [ParNew
Desired survivor size 268435456 bytes, new threshold 7 (max 15)
- age   1:   58051320 bytes,   58051320 total
- age   2:   25941024 bytes,   83992344 total
- age   3:   46417288 bytes,  130409632 total
- age   4:   50778784 bytes,  181188416 total
- age   5:   42895040 bytes,  224083456 total
- age   6:   21613376 bytes,  245696832 total
- age   7:   44993752 bytes,  290690584 total
- age   8:    1004600 bytes,  291695184 total
: 2419960K->397469K(2621440K), 0.4983600 secs] 6750869K->4728377K(8912896K), 0.4984930 secs] [Times: user=8.85 sys=0.00, real=0.50 secs] 
2012-11-14T23:25:07.054+0100: 9866.010: [GC 9866.010: [ParNew
Desired survivor size 268435456 bytes, new threshold 7 (max 15)
- age   1:   39153544 bytes,   39153544 total
- age   2:   51974240 bytes,   91127784 total
- age   3:   25782544 bytes,  116910328 total
- age   4:   45977280 bytes,  162887608 total
- age   5:   49447624 bytes,  212335232 total
- age   6:   42753496 bytes,  255088728 total
- age   7:   21612128 bytes,  276700856 total
: 2494467K->377641K(2621440K), 0.6247400 secs] 6825376K->4753607K(8912896K), 0.6248710 secs] [Times: user=10.81 sys=0.00, real=0.63 secs] 
2012-11-14T23:25:25.054+0100: 9884.010: [GC 9884.010: [ParNew
Desired survivor size 268435456 bytes, new threshold 7 (max 15)
- age   1:   37128160 bytes,   37128160 total
- age   2:   32525112 bytes,   69653272 total
- age   3:   51887416 bytes,  121540688 total
- age   4:   25769520 bytes,  147310208 total
- age   5:   45975512 bytes,  193285720 total
- age   6:   49446088 bytes,  242731808 total
- age   7:   42752512 bytes,  285484320 total
: 2474793K->389482K(2621440K), 0.3537130 secs] 6850759K->4786819K(8912896K), 0.3538440 secs] [Times: user=6.08 sys=0.01, real=0.36 secs] 
2012-11-14T23:26:15.854+0100: 9934.809: [GC 9934.810: [ParNew
Desired survivor size 268435456 bytes, new threshold 7 (max 15)
- age   1:   74841128 bytes,   74841128 total
- age   2:   30945088 bytes,  105786216 total
- age   3:   30866424 bytes,  136652640 total
- age   4:   51875080 bytes,  188527720 total
- age   5:   25729528 bytes,  214257248 total
- age   6:   45398048 bytes,  259655296 total
- age   7:   49059360 bytes,  308714656 total
: 2486634K->413732K(2621440K), 0.5481400 secs] 6883971K->4853305K(8912896K), 0.5482830 secs] [Times: user=9.45 sys=0.00, real=0.55 secs] 
2012-11-14T23:27:02.839+0100: 9981.795: [GC 9981.795: [ParNew
Desired survivor size 268435456 bytes, new threshold 6 (max 15)
- age   1:   69864576 bytes,   69864576 total
- age   2:   66531320 bytes,  136395896 total
- age   3:   30686712 bytes,  167082608 total
- age   4:   29947120 bytes,  197029728 total
- age   5:   51824400 bytes,  248854128 total
- age   6:   25502016 bytes,  274356144 total
- age   7:   45319160 bytes,  319675304 total
: 2510884K->441870K(2621440K), 0.8758890 secs] 6950457K->4929407K(8912896K), 0.8760320 secs] [Times: user=15.29 sys=0.00, real=0.87 secs] 
2012-11-14T23:27:55.145+0100: 10034.101: [GC 10034.101: [ParNew
Desired survivor size 268435456 bytes, new threshold 6 (max 15)
- age   1:   39881760 bytes,   39881760 total
- age   2:   62075560 bytes,  101957320 total
- age   3:   65098344 bytes,  167055664 total
- age   4:   30261920 bytes,  197317584 total
- age   5:   29580720 bytes,  226898304 total
- age   6:   51320240 bytes,  278218544 total
: 2539022K->392131K(2621440K), 0.6385210 secs] 7026559K->4949339K(8912896K), 0.6386470 secs] [Times: user=10.95 sys=0.00, real=0.64 secs] 
2012-11-14T23:28:59.099+0100: 10098.055: [GC 10098.055: [ParNew
Desired survivor size 268435456 bytes, new threshold 15 (max 15)
- age   1:   22719576 bytes,   22719576 total
- age   2:   32648616 bytes,   55368192 total
- age   3:   61989496 bytes,  117357688 total
- age   4:   64904752 bytes,  182262440 total
- age   5:   30250376 bytes,  212512816 total
- age   6:   29416088 bytes,  241928904 total
: 2489283K->341686K(2621440K), 0.6476480 secs] 7046491K->4949176K(8912896K), 0.6477790 secs] [Times: user=11.21 sys=0.00, real=0.65 secs] 
2012-11-14T23:30:08.378+0100: 10167.334: [GC 10167.334: [ParNew
Desired survivor size 268435456 bytes, new threshold 6 (max 15)
- age   1:   73453360 bytes,   73453360 total
- age   2:   16417944 bytes,   89871304 total
- age   3:   32232088 bytes,  122103392 total
- age   4:   61283920 bytes,  183387312 total
- age   5:   64801600 bytes,  248188912 total
- age   6:   30183952 bytes,  278372864 total
- age   7:   29166824 bytes,  307539688 total
: 2438838K->411316K(2621440K), 0.4929630 secs] 7046328K->5018806K(8912896K), 0.4931090 secs] [Times: user=8.67 sys=0.00, real=0.50 secs] 
2012-11-14T23:30:51.332+0100: 10210.288: [GC 10210.288: [ParNew
Desired survivor size 268435456 bytes, new threshold 6 (max 15)
- age   1:   30704352 bytes,   30704352 total
- age   2:   66590256 bytes,   97294608 total
- age   3:   16301856 bytes,  113596464 total
- age   4:   32112704 bytes,  145709168 total
- age   5:   61281056 bytes,  206990224 total
- age   6:   64637152 bytes,  271627376 total
: 2508468K->397746K(2621440K), 0.5802960 secs] 7115958K->5063811K(8912896K), 0.5804290 secs] [Times: user=9.90 sys=0.02, real=0.58 secs] 
2012-11-14T23:31:52.496+0100: 10271.451: [GC 10271.452: [ParNew
Desired survivor size 268435456 bytes, new threshold 15 (max 15)
- age   1:   17395280 bytes,   17395280 total
- age   2:   22800080 bytes,   40195360 total
- age   3:   65824000 bytes,  106019360 total
- age   4:   16218296 bytes,  122237656 total
- age   5:   32107256 bytes,  154344912 total
- age   6:   60658800 bytes,  215003712 total
: 2494898K->314179K(2621440K), 0.6093780 secs] 7160963K->5043701K(8912896K), 0.6094970 secs] [Times: user=10.47 sys=0.03, real=0.61 secs] 
2012-11-14T23:31:53.107+0100: 10272.063: [GC [1 CMS-initial-mark: 4729522K(6291456K)] 5044683K(8912896K), 0.2156550 secs] [Times: user=0.22 sys=0.00, real=0.21 secs] 
2012-11-14T23:31:53.323+0100: 10272.279: [CMS-concurrent-mark-start]
2012-11-14T23:31:54.111+0100: 10273.067: [CMS-concurrent-mark: 0.787/0.789 secs] [Times: user=4.15 sys=0.00, real=0.79 secs] 
2012-11-14T23:31:54.112+0100: 10273.067: [CMS-concurrent-preclean-start]
2012-11-14T23:31:54.131+0100: 10273.087: [CMS-concurrent-preclean: 0.019/0.019 secs] [Times: user=0.01 sys=0.00, real=0.01 secs] 
2012-11-14T23:31:54.131+0100: 10273.087: [CMS-concurrent-abortable-preclean-start]
 CMS: abort preclean due to time 2012-11-14T23:32:04.846+0100: 10283.802: [CMS-concurrent-abortable-preclean: 10.708/10.716 secs] [Times: user=11.53 sys=0.05, real=10.72 secs] 
2012-11-14T23:32:04.848+0100: 10283.804: [GC[YG occupancy: 706393 K (2621440 K)]10283.804: [Rescan (parallel) , 0.1069680 secs]10283.911: [weak refs processing, 0.0032110 secs] [1 CMS-remark: 4729522K(6291456K)] 5435916K(8912896K), 0.1104450 secs] [Times: user=1.78 sys=0.00, real=0.11 secs] 
2012-11-14T23:32:04.959+0100: 10283.915: [CMS-concurrent-sweep-start]
2012-11-14T23:32:12.212+0100: 10291.168: [CMS-concurrent-sweep: 7.249/7.253 secs] [Times: user=7.25 sys=0.00, real=7.26 secs] 
2012-11-14T23:32:12.212+0100: 10291.168: [CMS-concurrent-reset-start]
2012-11-14T23:32:12.228+0100: 10291.184: [CMS-concurrent-reset: 0.016/0.016 secs] [Times: user=0.02 sys=0.00, real=0.01 secs] 
2012-11-14T23:33:19.078+0100: 10358.034: [GC 10358.034: [ParNew
Desired survivor size 268435456 bytes, new threshold 15 (max 15)
- age   1:   58408864 bytes,   58408864 total
- age   2:   12136072 bytes,   70544936 total
- age   3:   22514112 bytes,   93059048 total
- age   4:   65739976 bytes,  158799024 total
- age   5:   15924496 bytes,  174723520 total
- age   6:   31164552 bytes,  205888072 total
- age   7:   60347144 bytes,  266235216 total
: 2411331K->352168K(2621440K), 0.3982240 secs] 4118530K->2059367K(8912896K), 0.3983450 secs] [Times: user=6.84 sys=0.00, real=0.40 secs] 
2012-11-14T23:35:12.563+0100: 10471.518: [GC 10471.519: [ParNew
Desired survivor size 268435456 bytes, new threshold 8 (max 15)
- age   1:   48175480 bytes,   48175480 total
- age   2:   49843456 bytes,   98018936 total
- age   3:   11199696 bytes,  109218632 total
- age   4:   22003544 bytes,  131222176 total
- age   5:   65736960 bytes,  196959136 total
- age   6:   15813568 bytes,  212772704 total
- age   7:   31128744 bytes,  243901448 total
- age   8:   60326800 bytes,  304228248 total
: 2449320K->374271K(2621440K), 0.2860380 secs] 4156519K->2081471K(8912896K), 0.2861870 secs] [Times: user=4.91 sys=0.01, real=0.28 secs] 
2012-11-14T23:35:34.226+0100: 10493.182: [GC 10493.182: [ParNew
Desired survivor size 268435456 bytes, new threshold 8 (max 15)
- age   1:   32514856 bytes,   32514856 total
- age   2:   41448408 bytes,   73963264 total
- age   3:   49728408 bytes,  123691672 total
- age   4:   11031736 bytes,  134723408 total
- age   5:   21980600 bytes,  156704008 total
- age   6:   65678720 bytes,  222382728 total
- age   7:   15752904 bytes,  238135632 total
- age   8:   31073112 bytes,  269208744 total
: 2471423K->395488K(2621440K), 0.4792080 secs] 4178623K->2161973K(8912896K), 0.4793250 secs] [Times: user=7.94 sys=0.00, real=0.48 secs] 
2012-11-14T23:37:17.168+0100: 10596.124: [GC 10596.124: [ParNew
Desired survivor size 268435456 bytes, new threshold 7 (max 15)
- age   1:   65382240 bytes,   65382240 total
- age   2:   25030624 bytes,   90412864 total
- age   3:   40687056 bytes,  131099920 total
- age   4:   49479216 bytes,  180579136 total
- age   5:   10502264 bytes,  191081400 total
- age   6:   21978120 bytes,  213059520 total
- age   7:   65600792 bytes,  278660312 total
- age   8:   15752568 bytes,  294412880 total
: 2492640K->416500K(2621440K), 0.1087340 secs] 4259125K->2213716K(8912896K), 0.1088600 secs] [Times: user=1.42 sys=0.00, real=0.11 secs] 
2012-11-14T23:38:10.486+0100: 10649.442: [GC 10649.442: [ParNew
Desired survivor size 268435456 bytes, new threshold 6 (max 15)
- age   1:   97546288 bytes,   97546288 total
- age   2:   54403680 bytes,  151949968 total
- age   3:   24388040 bytes,  176338008 total
- age   4:   39657768 bytes,  215995776 total
- age   5:   49477272 bytes,  265473048 total
- age   6:   10271192 bytes,  275744240 total
- age   7:   21975032 bytes,  297719272 total
: 2513652K->435152K(2621440K), 0.4116960 secs] 4310868K->2311971K(8912896K), 0.4118260 secs] [Times: user=6.67 sys=0.00, real=0.41 secs] 
2012-11-14T23:38:52.103+0100: 10691.059: [GC 10691.059: [ParNew
Desired survivor size 268435456 bytes, new threshold 5 (max 15)
- age   1:   93612712 bytes,   93612712 total
- age   2:   90403000 bytes,  184015712 total
- age   3:   54349720 bytes,  238365432 total
- age   4:   24339000 bytes,  262704432 total
- age   5:   39533016 bytes,  302237448 total
- age   6:   49466200 bytes,  351703648 total
: 2532304K->464543K(2621440K), 0.1290210 secs] 4409123K->2373240K(8912896K), 0.1291410 secs] [Times: user=1.66 sys=0.00, real=0.13 secs] 
2012-11-14T23:40:14.946+0100: 10773.902: [GC 10773.902: [ParNew
Desired survivor size 268435456 bytes, new threshold 3 (max 15)
- age   1:  111859088 bytes,  111859088 total
- age   2:   85328272 bytes,  197187360 total
- age   3:   90137472 bytes,  287324832 total
- age   4:   54343936 bytes,  341668768 total
- age   5:   23862216 bytes,  365530984 total
: 2561695K->524288K(2621440K), 0.4712100 secs] 4470392K->2524024K(8912896K), 0.4713390 secs] [Times: user=7.69 sys=0.00, real=0.47 secs] 
2012-11-14T23:41:37.485+0100: 10856.441: [GC 10856.441: [ParNew
Desired survivor size 268435456 bytes, new threshold 15 (max 15)
- age   1:   50228944 bytes,   50228944 total
- age   2:  108342048 bytes,  158570992 total
- age   3:   85273184 bytes,  243844176 total
: 2621440K->410558K(2621440K), 0.6772620 secs] 4621176K->2576604K(8912896K), 0.6773890 secs] [Times: user=11.00 sys=0.00, real=0.68 secs] 
2012-11-14T23:43:50.862+0100: 10989.818: [GC 10989.818: [ParNew
Desired survivor size 268435456 bytes, new threshold 4 (max 15)
- age   1:   65112352 bytes,   65112352 total
- age   2:   43390752 bytes,  108503104 total
- age   3:  108263608 bytes,  216766712 total
- age   4:   85271776 bytes,  302038488 total
: 2507710K->401943K(2621440K), 0.5450130 secs] 4673756K->2567989K(8912896K), 0.5451310 secs] [Times: user=9.61 sys=0.00, real=0.55 secs] 
2012-11-14T23:45:11.873+0100: 11070.829: [GC 11070.829: [ParNew
Desired survivor size 268435456 bytes, new threshold 4 (max 15)
- age   1:   66348096 bytes,   66348096 total
- age   2:   59556056 bytes,  125904152 total
- age   3:   42862312 bytes,  168766464 total
- age   4:  108261280 bytes,  277027744 total
: 2499095K->384078K(2621440K), 0.4428080 secs] 4665141K->2634591K(8912896K), 0.4429720 secs] [Times: user=7.17 sys=0.01, real=0.44 secs] 
2012-11-14T23:47:12.945+0100: 11191.901: [GC 11191.901: [ParNew
Desired survivor size 268435456 bytes, new threshold 15 (max 15)
- age   1:   56546528 bytes,   56546528 total
- age   2:   57883288 bytes,  114429816 total
- age   3:   59097472 bytes,  173527288 total
- age   4:   42831472 bytes,  216358760 total
: 2481230K->326827K(2621440K), 0.8792170 secs] 4731743K->2683512K(8912896K), 0.8793500 secs] [Times: user=14.96 sys=0.00, real=0.88 secs] 
2012-11-14T23:47:51.438+0100: 11230.394: [GC 11230.394: [ParNew
Desired survivor size 268435456 bytes, new threshold 5 (max 15)
- age   1:   86993584 bytes,   86993584 total
- age   2:   50196832 bytes,  137190416 total
- age   3:   57308632 bytes,  194499048 total
- age   4:   58627856 bytes,  253126904 total
- age   5:   42828984 bytes,  295955888 total
: 2423979K->400413K(2621440K), 0.4658280 secs] 4780664K->2757098K(8912896K), 0.4659510 secs] [Times: user=8.09 sys=0.01, real=0.47 secs] 
2012-11-14T23:48:20.938+0100: 11259.894: [GC 11259.894: [ParNew
Desired survivor size 268435456 bytes, new threshold 5 (max 15)
- age   1:   58507824 bytes,   58507824 total
- age   2:   80088312 bytes,  138596136 total
- age   3:   50144416 bytes,  188740552 total
- age   4:   57226672 bytes,  245967224 total
- age   5:   58626472 bytes,  304593696 total
: 2497565K->406592K(2621440K), 0.4245580 secs] 4854250K->2805686K(8912896K), 0.4246820 secs] [Times: user=7.19 sys=0.01, real=0.43 secs] 
2012-11-14T23:49:37.392+0100: 11336.348: [GC 11336.348: [ParNew
Desired survivor size 268435456 bytes, new threshold 5 (max 15)
- age   1:   60453520 bytes,   60453520 total
- age   2:   53421296 bytes,  113874816 total
- age   3:   79523448 bytes,  193398264 total
- age   4:   49977144 bytes,  243375408 total
- age   5:   56935352 bytes,  300310760 total
: 2503744K->419918K(2621440K), 0.5620480 secs] 4902838K->2876565K(8912896K), 0.5621730 secs] [Times: user=9.50 sys=0.00, real=0.56 secs] 
2012-11-14T23:50:25.549+0100: 11384.505: [GC 11384.505: [ParNew
Desired survivor size 268435456 bytes, new threshold 4 (max 15)
- age   1:   85938864 bytes,   85938864 total
- age   2:   52505056 bytes,  138443920 total
- age   3:   52447640 bytes,  190891560 total
- age   4:   79233696 bytes,  270125256 total
- age   5:   49769936 bytes,  319895192 total
: 2517070K->436615K(2621440K), 0.6095340 secs] 4973717K->2949179K(8912896K), 0.6096580 secs] [Times: user=10.41 sys=0.01, real=0.61 secs] 
2012-11-14T23:52:51.887+0100: 11530.843: [GC 11530.843: [ParNew
Desired survivor size 268435456 bytes, new threshold 15 (max 15)
- age   1:   41325576 bytes,   41325576 total
- age   2:   76951144 bytes,  118276720 total
- age   3:   52408088 bytes,  170684808 total
- age   4:   52367520 bytes,  223052328 total
: 2533767K->376024K(2621440K), 0.6796390 secs] 5046331K->3015014K(8912896K), 0.6797640 secs] [Times: user=11.16 sys=0.00, real=0.68 secs] 
2012-11-14T23:54:01.866+0100: 11600.822: [GC 11600.822: [ParNew
Desired survivor size 268435456 bytes, new threshold 15 (max 15)
- age   1:   50070360 bytes,   50070360 total
- age   2:   16861656 bytes,   66932016 total
- age   3:   76943296 bytes,  143875312 total
- age   4:   52405232 bytes,  196280544 total
- age   5:   52353200 bytes,  248633744 total
: 2473176K->332580K(2621440K), 0.2674640 secs] 5112166K->2971570K(8912896K), 0.2675800 secs] [Times: user=4.56 sys=0.00, real=0.27 secs] 
2012-11-14T23:56:06.163+0100: 11725.119: [GC 11725.119: [ParNew
Desired survivor size 268435456 bytes, new threshold 5 (max 15)
- age   1:   94967248 bytes,   94967248 total
- age   2:   42421056 bytes,  137388304 total
- age   3:   16624608 bytes,  154012912 total
- age   4:   76886816 bytes,  230899728 total
- age   5:   52350520 bytes,  283250248 total
- age   6:   52353168 bytes,  335603416 total
: 2429732K->477201K(2621440K), 0.4471610 secs] 5068722K->3116192K(8912896K), 0.4472820 secs] [Times: user=7.74 sys=0.00, real=0.45 secs] 
2012-11-14T23:59:08.376+0100: 11907.332: [GC 11907.332: [ParNew
Desired survivor size 268435456 bytes, new threshold 5 (max 15)
- age   1:   54158568 bytes,   54158568 total
- age   2:   86865968 bytes,  141024536 total
- age   3:   42319296 bytes,  183343832 total
- age   4:   15496840 bytes,  198840672 total
- age   5:   76249656 bytes,  275090328 total
: 2574353K->416678K(2621440K), 0.5059940 secs] 5213344K->3158616K(8912896K), 0.5061130 secs] [Times: user=8.25 sys=0.00, real=0.51 secs] 
2012-11-15T00:01:51.513+0100: 12070.469: [GC 12070.470: [ParNew
Desired survivor size 268435456 bytes, new threshold 15 (max 15)
- age   1:   73353400 bytes,   73353400 total
- age   2:   46420664 bytes,  119774064 total
- age   3:   85911880 bytes,  205685944 total
- age   4:   42271312 bytes,  247957256 total
- age   5:   15399216 bytes,  263356472 total
: 2513830K->380493K(2621440K), 0.5889590 secs] 5255768K->3197448K(8912896K), 0.5890800 secs] [Times: user=9.98 sys=0.00, real=0.59 secs] 
2012-11-15T00:03:16.970+0100: 12155.925: [GC 12155.926: [ParNew
Desired survivor size 268435456 bytes, new threshold 4 (max 15)
- age   1:   72454264 bytes,   72454264 total
- age   2:   68893632 bytes,  141347896 total
- age   3:   45677624 bytes,  187025520 total
- age   4:   85881840 bytes,  272907360 total
- age   5:   42271040 bytes,  315178400 total
- age   6:   15397560 bytes,  330575960 total
: 2477645K->495062K(2621440K), 0.3349300 secs] 5294600K->3312016K(8912896K), 0.3350570 secs] [Times: user=5.64 sys=0.00, real=0.34 secs] 
2012-11-15T00:04:43.356+0100: 12242.312: [GC 12242.312: [ParNew
Desired survivor size 268435456 bytes, new threshold 15 (max 15)
- age   1:   60077056 bytes,   60077056 total
- age   2:   64723936 bytes,  124800992 total
- age   3:   67292056 bytes,  192093048 total
- age   4:   45538800 bytes,  237631848 total
: 2592052K->370761K(2621440K), 0.5890940 secs] 5409007K->3329523K(8912896K), 0.5892200 secs] [Times: user=9.72 sys=0.01, real=0.59 secs] 
2012-11-15T00:06:43.393+0100: 12362.349: [GC 12362.349: [ParNew
Desired survivor size 268435456 bytes, new threshold 15 (max 15)
- age   1:   35529736 bytes,   35529736 total
- age   2:   51751696 bytes,   87281432 total
- age   3:   64190672 bytes,  151472104 total
- age   4:   67000040 bytes,  218472144 total
- age   5:   45473824 bytes,  263945968 total
: 2467913K->361522K(2621440K), 0.3122250 secs] 5426675K->3320285K(8912896K), 0.3123420 secs] [Times: user=5.43 sys=0.00, real=0.31 secs] 
2012-11-15T00:10:20.813+0100: 12579.769: [GC 12579.769: [ParNew
Desired survivor size 268435456 bytes, new threshold 5 (max 15)
- age   1:   73795248 bytes,   73795248 total
- age   2:   29226736 bytes,  103021984 total
- age   3:   51153336 bytes,  154175320 total
- age   4:   63896576 bytes,  218071896 total
- age   5:   65657032 bytes,  283728928 total
- age   6:   45449312 bytes,  329178240 total
: 2458674K->470387K(2621440K), 0.2182630 secs] 5417437K->3429149K(8912896K), 0.2183800 secs] [Times: user=3.54 sys=0.00, real=0.22 secs] 
2012-11-15T00:12:26.138+0100: 12705.094: [GC 12705.094: [ParNew
Desired survivor size 268435456 bytes, new threshold 15 (max 15)
- age   1:   39017040 bytes,   39017040 total
- age   2:   64856488 bytes,  103873528 total
- age   3:   28178032 bytes,  132051560 total
- age   4:   50581736 bytes,  182633296 total
- age   5:   62458504 bytes,  245091800 total
: 2567539K->404824K(2621440K), 0.3374020 secs] 5526301K->3471783K(8912896K), 0.3375290 secs] [Times: user=5.21 sys=0.00, real=0.36 secs] 
2012-11-15T00:15:14.935+0100: 12873.890: [GC 12873.891: [ParNew
Desired survivor size 268435456 bytes, new threshold 15 (max 15)
- age   1:   21584400 bytes,   21584400 total
- age   2:   30006592 bytes,   51590992 total
- age   3:   64707048 bytes,  116298040 total
- age   4:   28144536 bytes,  144442576 total
- age   5:   50310456 bytes,  194753032 total
- age   6:   62455560 bytes,  257208592 total
: 2501976K->355161K(2621440K), 0.0716220 secs] 5568935K->3422119K(8912896K), 0.0717420 secs] [Times: user=1.12 sys=0.00, real=0.07 secs] 
2012-11-15T00:17:21.746+0100: 13000.701: [GC 13000.702: [ParNew
Desired survivor size 268435456 bytes, new threshold 6 (max 15)
- age   1:   96724136 bytes,   96724136 total
- age   2:   15046792 bytes,  111770928 total
- age   3:   28174240 bytes,  139945168 total
- age   4:   64247768 bytes,  204192936 total
- age   5:   27496408 bytes,  231689344 total
- age   6:   50166680 bytes,  281856024 total
- age   7:   62345104 bytes,  344201128 total
: 2452313K->459119K(2621440K), 0.2972790 secs] 5519271K->3526078K(8912896K), 0.2974030 secs] [Times: user=5.01 sys=0.00, real=0.29 secs] 
2012-11-15T00:20:50.141+0100: 13209.096: [GC 13209.097: [ParNew
Desired survivor size 268435456 bytes, new threshold 6 (max 15)
- age   1:   64156624 bytes,   64156624 total
- age   2:   88493368 bytes,  152649992 total
- age   3:   14940104 bytes,  167590096 total
- age   4:   28085264 bytes,  195675360 total
- age   5:   64203040 bytes,  259878400 total
- age   6:   27496312 bytes,  287374712 total
: 2556271K->445387K(2621440K), 0.3540050 secs] 5623230K->3623571K(8912896K), 0.3541210 secs] [Times: user=5.47 sys=0.00, real=0.35 secs] 
2012-11-15T00:22:23.323+0100: 13302.279: [GC 13302.279: [ParNew
Desired survivor size 268435456 bytes, new threshold 5 (max 15)
- age   1:  103668240 bytes,  103668240 total
- age   2:   55940640 bytes,  159608880 total
- age   3:   87274616 bytes,  246883496 total
- age   4:   14939096 bytes,  261822592 total
- age   5:   28054520 bytes,  289877112 total
- age   6:   63811888 bytes,  353689000 total
: 2542539K->477194K(2621440K), 0.1387650 secs] 5720723K->3682459K(8912896K), 0.1388850 secs] [Times: user=2.01 sys=0.00, real=0.14 secs] 
2012-11-15T00:24:24.035+0100: 13422.991: [GC 13422.991: [ParNew
Desired survivor size 268435456 bytes, new threshold 5 (max 15)
- age   1:   25447904 bytes,   25447904 total
- age   2:   91610000 bytes,  117057904 total
- age   3:   55285776 bytes,  172343680 total
- age   4:   87085872 bytes,  259429552 total
- age   5:   14938928 bytes,  274368480 total
: 2574346K->417441K(2621440K), 0.1211910 secs] 5779611K->3713805K(8912896K), 0.1213080 secs] [Times: user=1.60 sys=0.00, real=0.12 secs] 
2012-11-15T00:27:40.162+0100: 13619.118: [GC 13619.118: [ParNew
Desired survivor size 268435456 bytes, new threshold 5 (max 15)
- age   1:   83676928 bytes,   83676928 total
- age   2:   20660496 bytes,  104337424 total
- age   3:   91078848 bytes,  195416272 total
- age   4:   55156936 bytes,  250573208 total
- age   5:   86913272 bytes,  337486480 total
: 2514593K->442000K(2621440K), 0.2418410 secs] 5810957K->3752595K(8912896K), 0.2419560 secs] [Times: user=3.95 sys=0.00, real=0.25 secs] 
2012-11-15T00:30:25.060+0100: 13784.015: [GC 13784.016: [ParNew
Desired survivor size 268435456 bytes, new threshold 4 (max 15)
- age   1:   90502496 bytes,   90502496 total
- age   2:   72604664 bytes,  163107160 total
- age   3:   20155376 bytes,  183262536 total
- age   4:   90808360 bytes,  274070896 total
- age   5:   55131680 bytes,  329202576 total
: 2539152K->474583K(2621440K), 0.3733100 secs] 5849747K->3870779K(8912896K), 0.3734270 secs] [Times: user=5.98 sys=0.00, real=0.38 secs] 
2012-11-15T00:31:42.916+0100: 13861.872: [GC 13861.872: [ParNew
Desired survivor size 268435456 bytes, new threshold 15 (max 15)
- age   1:   38715872 bytes,   38715872 total
- age   2:   81270096 bytes,  119985968 total
- age   3:   72178136 bytes,  192164104 total
- age   4:   19723888 bytes,  211887992 total
: 2571735K->371421K(2621440K), 0.5718910 secs] 5967931K->3911830K(8912896K), 0.5720250 secs] [Times: user=9.36 sys=0.00, real=0.58 secs] 
2012-11-15T00:33:01.744+0100: 13940.700: [GC 13940.700: [ParNew
Desired survivor size 268435456 bytes, new threshold 15 (max 15)
- age   1:   19118680 bytes,   19118680 total
- age   2:   32749856 bytes,   51868536 total
- age   3:   80759184 bytes,  132627720 total
- age   4:   71771944 bytes,  204399664 total
- age   5:   19720880 bytes,  224120544 total
: 2468573K->313877K(2621440K), 0.5944240 secs] 6008982K->3854286K(8912896K), 0.5945540 secs] [Times: user=7.14 sys=0.00, real=0.59 secs] 
2012-11-15T00:35:26.684+0100: 14085.640: [GC 14085.640: [ParNew
Desired survivor size 268435456 bytes, new threshold 15 (max 15)
- age   1:   32679832 bytes,   32679832 total
- age   2:   13201832 bytes,   45881664 total
- age   3:   32010480 bytes,   77892144 total
- age   4:   80673688 bytes,  158565832 total
- age   5:   71767928 bytes,  230333760 total
- age   6:   19718216 bytes,  250051976 total
: 2411029K->328133K(2621440K), 0.4031630 secs] 5951438K->3868542K(8912896K), 0.4032850 secs] [Times: user=7.01 sys=0.00, real=0.40 secs] 
2012-11-15T00:38:40.590+0100: 14279.546: [GC 14279.546: [ParNew
Desired survivor size 268435456 bytes, new threshold 7 (max 15)
- age   1:   36650200 bytes,   36650200 total
- age   2:   23454592 bytes,   60104792 total
- age   3:   12137232 bytes,   72242024 total
- age   4:   30336152 bytes,  102578176 total
- age   5:   79633504 bytes,  182211680 total
- age   6:   71142512 bytes,  253354192 total
- age   7:   19371048 bytes,  272725240 total
: 2425285K->374557K(2621440K), 0.4165860 secs] 5965694K->3914966K(8912896K), 0.4167080 secs] [Times: user=7.26 sys=0.00, real=0.42 secs] 
2012-11-15T00:39:46.703+0100: 14345.659: [GC 14345.659: [ParNew
Desired survivor size 268435456 bytes, new threshold 7 (max 15)
- age   1:   30069584 bytes,   30069584 total
- age   2:   30605784 bytes,   60675368 total
- age   3:   23407560 bytes,   84082928 total
- age   4:   12125280 bytes,   96208208 total
- age   5:   30286552 bytes,  126494760 total
- age   6:   79632480 bytes,  206127240 total
- age   7:   71138696 bytes,  277265936 total
: 2471709K->370223K(2621440K), 0.4110770 secs] 6012118K->3929794K(8912896K), 0.4112010 secs] [Times: user=7.12 sys=0.00, real=0.41 secs] 
2012-11-15T00:40:52.525+0100: 14411.481: [GC 14411.481: [ParNew
Desired survivor size 268435456 bytes, new threshold 15 (max 15)
- age   1:   31015896 bytes,   31015896 total
- age   2:   25383136 bytes,   56399032 total
- age   3:   28119592 bytes,   84518624 total
- age   4:   23100080 bytes,  107618704 total
- age   5:   12050432 bytes,  119669136 total
- age   6:   30044280 bytes,  149713416 total
- age   7:   79592384 bytes,  229305800 total
: 2467375K->310833K(2621440K), 0.4007540 secs] 6026946K->3940110K(8912896K), 0.4008750 secs] [Times: user=6.65 sys=0.00, real=0.40 secs] 
2012-11-15T00:44:07.901+0100: 14606.857: [GC 14606.857: [ParNew
Desired survivor size 268435456 bytes, new threshold 8 (max 15)
- age   1:   62577088 bytes,   62577088 total
- age   2:   25433184 bytes,   88010272 total
- age   3:   25298048 bytes,  113308320 total
- age   4:   25401904 bytes,  138710224 total
- age   5:   21629224 bytes,  160339448 total
- age   6:   12018544 bytes,  172357992 total
- age   7:   30043992 bytes,  202401984 total
- age   8:   79548280 bytes,  281950264 total
: 2407985K->381552K(2621440K), 0.1684760 secs] 6037262K->4010828K(8912896K), 0.1685940 secs] [Times: user=2.63 sys=0.01, real=0.17 secs] 
2012-11-15T00:48:29.879+0100: 14868.835: [GC 14868.835: [ParNew
Desired survivor size 268435456 bytes, new threshold 15 (max 15)
- age   1:   51190608 bytes,   51190608 total
- age   2:   50372032 bytes,  101562640 total
- age   3:   25119640 bytes,  126682280 total
- age   4:   25145504 bytes,  151827784 total
- age   5:   24751120 bytes,  176578904 total
- age   6:   21611248 bytes,  198190152 total
- age   7:   12017120 bytes,  210207272 total
- age   8:   30007736 bytes,  240215008 total
: 2478704K->336540K(2621440K), 0.1998620 secs] 6107980K->4044077K(8912896K), 0.1999820 secs] [Times: user=2.87 sys=0.00, real=0.20 secs] 
2012-11-15T00:50:38.742+0100: 14997.698: [GC 14997.698: [ParNew
Desired survivor size 268435456 bytes, new threshold 15 (max 15)
- age   1:   27753128 bytes,   27753128 total
- age   2:   42702416 bytes,   70455544 total
- age   3:   49675552 bytes,  120131096 total
- age   4:   24539392 bytes,  144670488 total
- age   5:   25087520 bytes,  169758008 total
- age   6:   23882696 bytes,  193640704 total
- age   7:   21590096 bytes,  215230800 total
- age   8:   11962504 bytes,  227193304 total
- age   9:   29657880 bytes,  256851184 total
: 2433461K->343756K(2621440K), 0.0637360 secs] 6140999K->4051294K(8912896K), 0.0638730 secs] [Times: user=1.02 sys=0.00, real=0.06 secs] 
2012-11-15T00:52:50.885+0100: 15129.841: [GC 15129.841: [ParNew
Desired survivor size 268435456 bytes, new threshold 10 (max 15)
- age   1:   30012000 bytes,   30012000 total
- age   2:   20713776 bytes,   50725776 total
- age   3:   41850904 bytes,   92576680 total
- age   4:   49450384 bytes,  142027064 total
- age   5:   24394520 bytes,  166421584 total
- age   6:   25075800 bytes,  191497384 total
- age   7:   23430504 bytes,  214927888 total
- age   8:   21567528 bytes,  236495416 total
- age   9:   11962280 bytes,  248457696 total
- age  10:   29657688 bytes,  278115384 total
: 2440908K->344498K(2621440K), 0.0713060 secs] 6148446K->4052035K(8912896K), 0.0714210 secs] [Times: user=1.10 sys=0.00, real=0.07 secs] 
2012-11-15T00:57:11.942+0100: 15390.898: [GC 15390.898: [ParNew
Desired survivor size 268435456 bytes, new threshold 9 (max 15)
- age   1:   58721184 bytes,   58721184 total
- age   2:   22767872 bytes,   81489056 total
- age   3:   20606176 bytes,  102095232 total
- age   4:   41023056 bytes,  143118288 total
- age   5:   48467128 bytes,  191585416 total
- age   6:   23947672 bytes,  215533088 total
- age   7:   25075608 bytes,  240608696 total
- age   8:   23399656 bytes,  264008352 total
- age   9:   21567256 bytes,  285575608 total
- age  10:   11962048 bytes,  297537656 total
: 2441650K->399000K(2621440K), 0.1047980 secs] 6149187K->4135909K(8912896K), 0.1049180 secs] [Times: user=1.44 sys=0.00, real=0.11 secs] 
2012-11-15T00:59:54.212+0100: 15553.168: [GC 15553.168: [ParNew
Desired survivor size 268435456 bytes, new threshold 9 (max 15)
- age   1:   33245792 bytes,   33245792 total
- age   2:   49555368 bytes,   82801160 total
- age   3:   22618648 bytes,  105419808 total
- age   4:   19406912 bytes,  124826720 total
- age   5:   40850720 bytes,  165677440 total
- age   6:   48466832 bytes,  214144272 total
- age   7:   23921632 bytes,  238065904 total
- age   8:   25075344 bytes,  263141248 total
- age   9:   23394440 bytes,  286535688 total
: 2496152K->375780K(2621440K), 0.0967990 secs] 6233061K->4145881K(8912896K), 0.0969130 secs] [Times: user=1.37 sys=0.01, real=0.09 secs] 
2012-11-15T01:01:53.279+0100: 15672.235: [GC 15672.236: [ParNew
Desired survivor size 268435456 bytes, new threshold 9 (max 15)
- age   1:   13679168 bytes,   13679168 total
- age   2:   28091048 bytes,   41770216 total
- age   3:   49542520 bytes,   91312736 total
- age   4:   22441624 bytes,  113754360 total
- age   5:   19219128 bytes,  132973488 total
- age   6:   40848552 bytes,  173822040 total
- age   7:   48453392 bytes,  222275432 total
- age   8:   23921296 bytes,  246196728 total
- age   9:   25075248 bytes,  271271976 total
: 2472932K->387485K(2621440K), 0.0812710 secs] 6243033K->4180762K(8912896K), 0.0813900 secs] [Times: user=1.22 sys=0.00, real=0.08 secs] 
2012-11-15T01:03:32.444+0100: 15771.400: [GC 15771.400: [ParNew
Desired survivor size 268435456 bytes, new threshold 9 (max 15)
- age   1:   34113312 bytes,   34113312 total
- age   2:   10200648 bytes,   44313960 total
- age   3:   26034192 bytes,   70348152 total
- age   4:   49225384 bytes,  119573536 total
- age   5:   22169752 bytes,  141743288 total
- age   6:   18969664 bytes,  160712952 total
- age   7:   40848192 bytes,  201561144 total
- age   8:   48453192 bytes,  250014336 total
- age   9:   23835480 bytes,  273849816 total
: 2484637K->359022K(2621440K), 0.0898720 secs] 6277914K->4177151K(8912896K), 0.0899910 secs] [Times: user=1.26 sys=0.01, real=0.09 secs] 
2012-11-15T01:04:40.297+0100: 15839.253: [GC 15839.253: [ParNew
Desired survivor size 268435456 bytes, new threshold 15 (max 15)
- age   1:   24541656 bytes,   24541656 total
- age   2:   24994112 bytes,   49535768 total
- age   3:   10052608 bytes,   59588376 total
- age   4:   25989824 bytes,   85578200 total
- age   5:   49214040 bytes,  134792240 total
- age   6:   22057608 bytes,  156849848 total
- age   7:   18933640 bytes,  175783488 total
- age   8:   40814640 bytes,  216598128 total
- age   9:   48399408 bytes,  264997536 total
: 2456174K->339684K(2621440K), 0.0816830 secs] 6274303K->4181304K(8912896K), 0.0818240 secs] [Times: user=1.21 sys=0.00, real=0.08 secs] 
2012-11-15T01:05:23.528+0100: 15882.483: [GC 15882.484: [ParNew
Desired survivor size 268435456 bytes, new threshold 15 (max 15)
- age   1:    3441736 bytes,    3441736 total
- age   2:   20087480 bytes,   23529216 total
- age   3:   24967768 bytes,   48496984 total
- age   4:   10006056 bytes,   58503040 total
- age   5:   25973960 bytes,   84477000 total
- age   6:   49213912 bytes,  133690912 total
- age   7:   22055912 bytes,  155746824 total
- age   8:   18932784 bytes,  174679608 total
- age   9:   40814512 bytes,  215494120 total
- age  10:   48399248 bytes,  263893368 total
: 2436836K->345831K(2621440K), 0.0610600 secs] 6278456K->4187451K(8912896K), 0.0611750 secs] [Times: user=1.02 sys=0.00, real=0.06 secs] 
2012-11-15T01:06:38.807+0100: 15957.763: [GC 15957.763: [ParNew
Desired survivor size 268435456 bytes, new threshold 11 (max 15)
- age   1:   40241912 bytes,   40241912 total
- age   2:    1400088 bytes,   41642000 total
- age   3:   19838504 bytes,   61480504 total
- age   4:   23284384 bytes,   84764888 total
- age   5:    9946560 bytes,   94711448 total
- age   6:   25973096 bytes,  120684544 total
- age   7:   49170264 bytes,  169854808 total
- age   8:   21920288 bytes,  191775096 total
- age   9:   18930536 bytes,  210705632 total
- age  10:   40723440 bytes,  251429072 total
- age  11:   48327056 bytes,  299756128 total
: 2442983K->357868K(2621440K), 0.1222860 secs] 6284603K->4199488K(8912896K), 0.1224070 secs] [Times: user=2.13 sys=0.01, real=0.12 secs] 
2012-11-15T01:08:00.910+0100: 16039.866: [GC 16039.866: [ParNew
Desired survivor size 268435456 bytes, new threshold 11 (max 15)
- age   1:   56117880 bytes,   56117880 total
- age   2:   38522792 bytes,   94640672 total
- age   3:    1358648 bytes,   95999320 total
- age   4:   19409176 bytes,  115408496 total
- age   5:   22117936 bytes,  137526432 total
- age   6:    9940576 bytes,  147467008 total
- age   7:   25973048 bytes,  173440056 total
- age   8:   49169376 bytes,  222609432 total
- age   9:   21890128 bytes,  244499560 total
- age  10:   18716656 bytes,  263216216 total
- age  11:   40721576 bytes,  303937792 total
: 2455020K->429952K(2621440K), 0.1169780 secs] 6296640K->4319536K(8912896K), 0.1170990 secs] [Times: user=1.52 sys=0.01, real=0.12 secs] 
2012-11-15T01:10:59.121+0100: 16218.077: [GC 16218.077: [ParNew
Desired survivor size 268435456 bytes, new threshold 9 (max 15)
- age   1:   81627560 bytes,   81627560 total
- age   2:   48969264 bytes,  130596824 total
- age   3:   36843176 bytes,  167440000 total
- age   4:    1356304 bytes,  168796304 total
- age   5:   19330424 bytes,  188126728 total
- age   6:   21981968 bytes,  210108696 total
- age   7:    9841136 bytes,  219949832 total
- age   8:   25947504 bytes,  245897336 total
- age   9:   48536552 bytes,  294433888 total
- age  10:   21890256 bytes,  316324144 total
- age  11:   18716072 bytes,  335040216 total
: 2527104K->524288K(2621440K), 0.3253840 secs] 6416688K->4457911K(8912896K), 0.3255030 secs] [Times: user=5.30 sys=0.01, real=0.32 secs] 
2012-11-15T01:14:00.073+0100: 16399.028: [GC 16399.029: [ParNew
Desired survivor size 268435456 bytes, new threshold 9 (max 15)
- age   1:   35383576 bytes,   35383576 total
- age   2:   79547176 bytes,  114930752 total
- age   3:   48694304 bytes,  163625056 total
- age   4:   36812360 bytes,  200437416 total
- age   5:    1338648 bytes,  201776064 total
- age   6:   19329104 bytes,  221105168 total
- age   7:   21528640 bytes,  242633808 total
- age   8:    9840592 bytes,  252474400 total
- age   9:   25405144 bytes,  277879544 total
: 2621239K->392012K(2621440K), 0.2817260 secs] 6554863K->4413117K(8912896K), 0.2818470 secs] [Times: user=4.39 sys=0.00, real=0.28 secs] 
2012-11-15T01:19:38.308+0100: 16737.264: [GC 16737.264: [ParNew
Desired survivor size 268435456 bytes, new threshold 9 (max 15)
- age   1:   31352216 bytes,   31352216 total
- age   2:   27290056 bytes,   58642272 total
- age   3:   79272344 bytes,  137914616 total
- age   4:   48646688 bytes,  186561304 total
- age   5:   36795088 bytes,  223356392 total
- age   6:    1337048 bytes,  224693440 total
- age   7:   19118104 bytes,  243811544 total
- age   8:   21271104 bytes,  265082648 total
- age   9:    9292968 bytes,  274375616 total
: 2489164K->394003K(2621440K), 0.2275210 secs] 6510269K->4440287K(8912896K), 0.2276700 secs] [Times: user=3.67 sys=0.00, real=0.22 secs] 
2012-11-15T01:27:03.796+0100: 17182.752: [GC 17182.752: [ParNew
Desired survivor size 268435456 bytes, new threshold 8 (max 15)
- age   1:   43972848 bytes,   43972848 total
- age   2:   22867824 bytes,   66840672 total
- age   3:   25240592 bytes,   92081264 total
- age   4:   79267296 bytes,  171348560 total
- age   5:   48645800 bytes,  219994360 total
- age   6:   36795056 bytes,  256789416 total
- age   7:    1337016 bytes,  258126432 total
- age   8:   19073480 bytes,  277199912 total
- age   9:   21209504 bytes,  298409416 total
: 2491155K->366057K(2621440K), 0.2989390 secs] 6537439K->4421549K(8912896K), 0.2990640 secs] [Times: user=4.83 sys=0.01, real=0.30 secs] 
2012-11-15T01:29:55.014+0100: 17353.970: [GC 17353.970: [ParNew
Desired survivor size 268435456 bytes, new threshold 7 (max 15)
- age   1:   27076584 bytes,   27076584 total
- age   2:   31839336 bytes,   58915920 total
- age   3:   22759776 bytes,   81675696 total
- age   4:   25227616 bytes,  106903312 total
- age   5:   79267296 bytes,  186170608 total
- age   6:   48645248 bytes,  234815856 total
- age   7:   36611768 bytes,  271427624 total
- age   8:    1293008 bytes,  272720632 total
: 2463209K->375608K(2621440K), 0.3095100 secs] 6518701K->4471053K(8912896K), 0.3096300 secs] [Times: user=5.08 sys=0.01, real=0.31 secs] 
2012-11-15T01:34:40.192+0100: 17639.148: [GC 17639.148: [ParNew
Desired survivor size 268435456 bytes, new threshold 15 (max 15)
- age   1:   16677976 bytes,   16677976 total
- age   2:   21450584 bytes,   38128560 total
- age   3:   30936280 bytes,   69064840 total
- age   4:   22539704 bytes,   91604544 total
- age   5:   25166656 bytes,  116771200 total
- age   6:   79261912 bytes,  196033112 total
- age   7:   48645152 bytes,  244678264 total
: 2472760K->358872K(2621440K), 0.3879720 secs] 6568205K->4491377K(8912896K), 0.3880920 secs] [Times: user=6.48 sys=0.00, real=0.38 secs] 
2012-11-15T01:36:52.866+0100: 17771.822: [GC 17771.822: [ParNew
Desired survivor size 268435456 bytes, new threshold 8 (max 15)
- age   1:   61826720 bytes,   61826720 total
- age   2:   10434112 bytes,   72260832 total
- age   3:   21244632 bytes,   93505464 total
- age   4:   28476552 bytes,  121982016 total
- age   5:   22521976 bytes,  144503992 total
- age   6:   25148680 bytes,  169652672 total
- age   7:   77718232 bytes,  247370904 total
- age   8:   48644096 bytes,  296015000 total
: 2456024K->379629K(2621440K), 0.3483250 secs] 6588529K->4512134K(8912896K), 0.3484400 secs] [Times: user=6.13 sys=0.00, real=0.34 secs] 
2012-11-15T01:39:20.615+0100: 17919.571: [GC 17919.571: [ParNew
Desired survivor size 268435456 bytes, new threshold 8 (max 15)
- age   1:   48908424 bytes,   48908424 total
- age   2:   51592688 bytes,  100501112 total
- age   3:   10222376 bytes,  110723488 total
- age   4:   21118768 bytes,  131842256 total
- age   5:   28470176 bytes,  160312432 total
- age   6:   22072384 bytes,  182384816 total
- age   7:   25131920 bytes,  207516736 total
- age   8:   77589848 bytes,  285106584 total
: 2476781K->372564K(2621440K), 0.3785380 secs] 6609286K->4520329K(8912896K), 0.3786550 secs] [Times: user=6.45 sys=0.00, real=0.37 secs] 
2012-11-15T01:46:08.704+0100: 18327.660: [GC 18327.660: [ParNew
Desired survivor size 268435456 bytes, new threshold 15 (max 15)
- age   1:   42749192 bytes,   42749192 total
- age   2:   36086832 bytes,   78836024 total
- age   3:   51023416 bytes,  129859440 total
- age   4:   10205680 bytes,  140065120 total
- age   5:   21117552 bytes,  161182672 total
- age   6:   26977688 bytes,  188160360 total
- age   7:   21954560 bytes,  210114920 total
- age   8:    5204880 bytes,  215319800 total
: 2469716K->323663K(2621440K), 0.3939470 secs] 6617481K->4521454K(8912896K), 0.3940840 secs] [Times: user=6.59 sys=0.00, real=0.39 secs] 
2012-11-15T01:49:59.725+0100: 18558.681: [GC 18558.681: [ParNew
Desired survivor size 268435456 bytes, new threshold 15 (max 15)
- age   1:   29512136 bytes,   29512136 total
- age   2:   37352472 bytes,   66864608 total
- age   3:   35380384 bytes,  102244992 total
- age   4:   49929280 bytes,  152174272 total
- age   5:   10199888 bytes,  162374160 total
- age   6:   21117048 bytes,  183491208 total
- age   7:   26928192 bytes,  210419400 total
- age   8:    2030408 bytes,  212449808 total
- age   9:    3218720 bytes,  215668528 total
: 2420815K->313531K(2621440K), 0.1480560 secs] 6618606K->4511322K(8912896K), 0.1481680 secs] [Times: user=2.45 sys=0.00, real=0.14 secs] 
2012-11-15T02:07:03.506+0100: 19582.462: [GC 19582.462: [ParNew
Desired survivor size 268435456 bytes, new threshold 5 (max 15)
- age   1:  133547752 bytes,  133547752 total
- age   2:   24233328 bytes,  157781080 total
- age   3:   35926304 bytes,  193707384 total
- age   4:   35308616 bytes,  229016000 total
- age   5:   49834496 bytes,  278850496 total
- age   6:    3012680 bytes,  281863176 total
- age   7:     970464 bytes,  282833640 total
- age   8:    6583216 bytes,  289416856 total
- age   9:    1404136 bytes,  290820992 total
- age  10:    3216768 bytes,  294037760 total
: 2410683K->412225K(2621440K), 0.1168240 secs] 6608474K->4610016K(8912896K), 0.1169450 secs] [Times: user=1.39 sys=0.00, real=0.12 secs] 
2012-11-15T02:16:21.726+0100: 20140.682: [GC 20140.682: [ParNew
Desired survivor size 268435456 bytes, new threshold 15 (max 15)
- age   1:   59012424 bytes,   59012424 total
- age   2:  114423056 bytes,  173435480 total
- age   3:   24109224 bytes,  197544704 total
- age   4:   17671752 bytes,  215216456 total
- age   5:    4899200 bytes,  220115656 total
: 2509377K->335655K(2621440K), 0.1768790 secs] 6707168K->4583071K(8912896K), 0.1769920 secs] [Times: user=2.60 sys=0.00, real=0.18 secs] 
2012-11-15T02:32:54.314+0100: 21133.270: [GC 21133.270: [ParNew
Desired survivor size 268435456 bytes, new threshold 15 (max 15)
- age   1:  132780096 bytes,  132780096 total
- age   2:   44009072 bytes,  176789168 total
- age   3:   47357120 bytes,  224146288 total
- age   4:    3119800 bytes,  227266088 total
- age   5:   17257424 bytes,  244523512 total
- age   6:    4858920 bytes,  249382432 total
: 2432807K->342575K(2621440K), 0.2448450 secs] 6680223K->4589990K(8912896K), 0.2449670 secs] [Times: user=3.81 sys=0.00, real=0.25 secs] 
2012-11-15T02:46:22.740+0100: 21941.696: [GC 21941.696: [ParNew
Desired survivor size 268435456 bytes, new threshold 3 (max 15)
- age   1:  137525808 bytes,  137525808 total
- age   2:  115997016 bytes,  253522824 total
- age   3:   19568728 bytes,  273091552 total
- age   4:   17102784 bytes,  290194336 total
- age   5:    3074712 bytes,  293269048 total
- age   6:   17222912 bytes,  310491960 total
- age   7:    4858360 bytes,  315350320 total
: 2439727K->419378K(2621440K), 0.1596360 secs] 6687142K->4666793K(8912896K), 0.1597490 secs] [Times: user=2.21 sys=0.00, real=0.16 secs] 
2012-11-15T03:01:14.814+0100: 22833.770: [GC 22833.770: [ParNew
Desired survivor size 268435456 bytes, new threshold 3 (max 15)
- age   1:  120378440 bytes,  120378440 total
- age   2:  117932704 bytes,  238311144 total
- age   3:   58066664 bytes,  296377808 total
: 2516530K->397640K(2621440K), 0.1597720 secs] 6763945K->4695745K(8912896K), 0.1598910 secs] [Times: user=2.07 sys=0.00, real=0.16 secs] 
2012-11-15T03:21:06.646+0100: 24025.602: [GC 24025.602: [ParNew
Desired survivor size 268435456 bytes, new threshold 15 (max 15)
- age   1:  103254312 bytes,  103254312 total
- age   2:   97505448 bytes,  200759760 total
- age   3:    1418552 bytes,  202178312 total
: 2494792K->322021K(2621440K), 0.2117330 secs] 6792897K->4659329K(8912896K), 0.2118510 secs] [Times: user=2.97 sys=0.02, real=0.21 secs] 
2012-11-15T03:30:46.724+0100: 24605.680: [GC 24605.680: [ParNew
Desired survivor size 268435456 bytes, new threshold 15 (max 15)
- age   1:  139256200 bytes,  139256200 total
- age   2:   86587744 bytes,  225843944 total
- age   3:   40168616 bytes,  266012560 total
- age   4:    1175400 bytes,  267187960 total
: 2419173K->334056K(2621440K), 0.2983730 secs] 6756481K->4671364K(8912896K), 0.2984990 secs] [Times: user=4.87 sys=0.00, real=0.30 secs] 
2012-11-15T03:53:19.556+0100: 25958.512: [GC 25958.512: [ParNew
Desired survivor size 268435456 bytes, new threshold 15 (max 15)
- age   1:  115942752 bytes,  115942752 total
- age   2:   87637336 bytes,  203580088 total
- age   3:    6510200 bytes,  210090288 total
- age   4:   33844400 bytes,  243934688 total
- age   5:    1117544 bytes,  245052232 total
: 2431208K->336975K(2621440K), 0.2828700 secs] 6768516K->4674282K(8912896K), 0.2829830 secs] [Times: user=4.32 sys=0.00, real=0.28 secs] 
2012-11-15T04:19:20.305+0100: 27519.261: [GC 27519.261: [ParNew
Desired survivor size 268435456 bytes, new threshold 15 (max 15)
- age   1:  127041880 bytes,  127041880 total
- age   2:   22213848 bytes,  149255728 total
- age   3:   33047096 bytes,  182302824 total
- age   4:    2798368 bytes,  185101192 total
- age   5:   33571160 bytes,  218672352 total
- age   6:    1115776 bytes,  219788128 total
: 2434127K->265063K(2621440K), 0.2431350 secs] 6771434K->4602371K(8912896K), 0.2432500 secs] [Times: user=3.57 sys=0.01, real=0.24 secs] 
2012-11-15T04:47:03.836+0100: 29182.792: [GC 29182.792: [ParNew
Desired survivor size 268435456 bytes, new threshold 15 (max 15)
- age   1:  118606568 bytes,  118606568 total
- age   2:   24432768 bytes,  143039336 total
- age   3:    8233616 bytes,  151272952 total
- age   4:   32931344 bytes,  184204296 total
- age   5:    2797864 bytes,  187002160 total
- age   6:   33571088 bytes,  220573248 total
- age   7:    1059960 bytes,  221633208 total
: 2362215K->311196K(2621440K), 0.3115070 secs] 6699523K->4648504K(8912896K), 0.3116270 secs] [Times: user=4.87 sys=0.00, real=0.31 secs] 
2012-11-15T05:04:50.404+0100: 30249.360: [GC 30249.360: [ParNew
Desired survivor size 268435456 bytes, new threshold 7 (max 15)
- age   1:  140071152 bytes,  140071152 total
- age   2:   64568288 bytes,  204639440 total
- age   3:    7144408 bytes,  211783848 total
- age   4:    8154328 bytes,  219938176 total
- age   5:   32922152 bytes,  252860328 total
- age   6:    2797768 bytes,  255658096 total
- age   7:   33566848 bytes,  289224944 total
- age   8:     692936 bytes,  289917880 total
: 2408348K->405043K(2621440K), 0.3347570 secs] 6745656K->4742351K(8912896K), 0.3348740 secs] [Times: user=5.38 sys=0.00, real=0.33 secs] 
2012-11-15T05:31:16.003+0100: 31834.959: [GC 31834.959: [ParNew
Desired survivor size 268435456 bytes, new threshold 15 (max 15)
- age   1:  110894696 bytes,  110894696 total
- age   2:   58442912 bytes,  169337608 total
- age   3:    3364936 bytes,  172702544 total
- age   4:    7064920 bytes,  179767464 total
- age   5:    7625464 bytes,  187392928 total
- age   6:   32880296 bytes,  220273224 total
- age   7:    2744232 bytes,  223017456 total
: 2502195K->309856K(2621440K), 0.3598040 secs] 6839503K->4680604K(8912896K), 0.3599210 secs] [Times: user=5.60 sys=0.02, real=0.35 secs] 
2012-11-15T05:44:03.268+0100: 32602.224: [GC 32602.224: [ParNew
Desired survivor size 268435456 bytes, new threshold 15 (max 15)
- age   1:   80660984 bytes,   80660984 total
- age   2:   66613752 bytes,  147274736 total
- age   3:   40460976 bytes,  187735712 total
- age   4:    3018544 bytes,  190754256 total
- age   5:    7064848 bytes,  197819104 total
- age   6:    7624448 bytes,  205443552 total
- age   7:   32879720 bytes,  238323272 total
- age   8:    2731432 bytes,  241054704 total
: 2407008K->320903K(2621440K), 0.1463240 secs] 6777756K->4691651K(8912896K), 0.1464400 secs] [Times: user=2.17 sys=0.00, real=0.14 secs] 
2012-11-15T06:02:57.951+0100: 33736.907: [GC 33736.907: [ParNew
Desired survivor size 268435456 bytes, new threshold 15 (max 15)
- age   1:   84013696 bytes,   84013696 total
- age   2:   65726720 bytes,  149740416 total
- age   3:   18853008 bytes,  168593424 total
- age   4:   39398424 bytes,  207991848 total
- age   5:    2993856 bytes,  210985704 total
- age   6:    7047512 bytes,  218033216 total
- age   7:    7545192 bytes,  225578408 total
- age   8:   32866640 bytes,  258445048 total
- age   9:    2731232 bytes,  261176280 total
: 2418055K->333979K(2621440K), 0.1819170 secs] 6788803K->4704726K(8912896K), 0.1820570 secs] [Times: user=2.62 sys=0.00, real=0.18 secs] 
2012-11-15T06:18:00.050+0100: 34639.006: [GC 34639.006: [ParNew
Desired survivor size 268435456 bytes, new threshold 9 (max 15)
- age   1:   99002904 bytes,   99002904 total
- age   2:   64116624 bytes,  163119528 total
- age   3:    8555608 bytes,  171675136 total
- age   4:   15234608 bytes,  186909744 total
- age   5:   36014064 bytes,  222923808 total
- age   6:    2579880 bytes,  225503688 total
- age   7:    6850968 bytes,  232354656 total
- age   8:    7544728 bytes,  239899384 total
- age   9:   32866584 bytes,  272765968 total
- age  10:    2670680 bytes,  275436648 total
: 2431131K->366119K(2621440K), 0.3677080 secs] 6801878K->4736867K(8912896K), 0.3678310 secs] [Times: user=6.11 sys=0.00, real=0.37 secs] 
2012-11-15T06:28:36.310+0100: 35275.266: [GC 35275.266: [ParNew
Desired survivor size 268435456 bytes, new threshold 8 (max 15)
- age   1:   87316064 bytes,   87316064 total
- age   2:   83346480 bytes,  170662544 total
- age   3:   32872544 bytes,  203535088 total
- age   4:    4930088 bytes,  208465176 total
- age   5:   15200224 bytes,  223665400 total
- age   6:   36014104 bytes,  259679504 total
- age   7:    2298816 bytes,  261978320 total
- age   8:    6669520 bytes,  268647840 total
- age   9:    7544728 bytes,  276192568 total
: 2463271K->382807K(2621440K), 0.3775780 secs] 6834019K->4788260K(8912896K), 0.3776960 secs] [Times: user=5.75 sys=0.01, real=0.38 secs] 
2012-11-15T06:39:37.987+0100: 35936.943: [GC 35936.943: [ParNew
Desired survivor size 268435456 bytes, new threshold 6 (max 15)
- age   1:  128086304 bytes,  128086304 total
- age   2:   68169680 bytes,  196255984 total
- age   3:   65102936 bytes,  261358920 total
- age   4:    1726680 bytes,  263085600 total
- age   5:    4930088 bytes,  268015688 total
- age   6:   15200192 bytes,  283215880 total
- age   7:   36014040 bytes,  319229920 total
- age   8:    2280384 bytes,  321510304 total
: 2479959K->462350K(2621440K), 0.4568830 secs] 6885412K->4881834K(8912896K), 0.4570230 secs] [Times: user=7.59 sys=0.01, real=0.45 secs] 
2012-11-15T06:46:01.858+0100: 36320.814: [GC 36320.814: [ParNew
Desired survivor size 268435456 bytes, new threshold 4 (max 15)
- age   1:   83120024 bytes,   83120024 total
- age   2:  115219768 bytes,  198339792 total
- age   3:   66958920 bytes,  265298712 total
- age   4:   57125400 bytes,  322424112 total
- age   5:    1608528 bytes,  324032640 total
- age   6:    4772176 bytes,  328804816 total
: 2559502K->462261K(2621440K), 0.5124550 secs] 6978986K->4919806K(8912896K), 0.5125690 secs] [Times: user=8.56 sys=0.02, real=0.51 secs] 
2012-11-15T06:52:57.752+0100: 36736.708: [GC 36736.709: [ParNew
Desired survivor size 268435456 bytes, new threshold 4 (max 15)
- age   1:   68242336 bytes,   68242336 total
- age   2:   72346672 bytes,  140589008 total
- age   3:  115082904 bytes,  255671912 total
- age   4:   62402672 bytes,  318074584 total
: 2559413K->469096K(2621440K), 0.3544310 secs] 7016958K->4969347K(8912896K), 0.3545560 secs] [Times: user=5.75 sys=0.02, real=0.36 secs] 
2012-11-15T06:56:06.119+0100: 36925.075: [GC 36925.075: [ParNew
Desired survivor size 268435456 bytes, new threshold 4 (max 15)
- age   1:   86860072 bytes,   86860072 total
- age   2:   58624672 bytes,  145484744 total
- age   3:   71049920 bytes,  216534664 total
- age   4:  115004976 bytes,  331539640 total
: 2566248K->462381K(2621440K), 0.3342650 secs] 7066499K->5017583K(8912896K), 0.3343890 secs] [Times: user=5.37 sys=0.01, real=0.33 secs] 
2012-11-15T07:02:59.557+0100: 37338.513: [GC 37338.513: [ParNew
Desired survivor size 268435456 bytes, new threshold 4 (max 15)
- age   1:   91968144 bytes,   91968144 total
- age   2:   77264416 bytes,  169232560 total
- age   3:   58056504 bytes,  227289064 total
- age   4:   69407488 bytes,  296696552 total
: 2559533K->408085K(2621440K), 0.5279010 secs] 7114735K->5063187K(8912896K), 0.5280460 secs] [Times: user=8.66 sys=0.01, real=0.53 secs] 
2012-11-15T07:09:49.100+0100: 37748.056: [GC 37748.056: [ParNew
Desired survivor size 268435456 bytes, new threshold 15 (max 15)
- age   1:   40828096 bytes,   40828096 total
- age   2:   83882856 bytes,  124710952 total
- age   3:   77159792 bytes,  201870744 total
- age   4:   57987848 bytes,  259858592 total
: 2505237K->331933K(2621440K), 0.3025050 secs] 7160339K->5055866K(8912896K), 0.3026320 secs] [Times: user=4.64 sys=0.01, real=0.30 secs] 
2012-11-15T07:09:49.404+0100: 37748.360: [GC [1 CMS-initial-mark: 4723933K(6291456K)] 5063529K(8912896K), 0.2845150 secs] [Times: user=0.28 sys=0.00, real=0.29 secs] 
2012-11-15T07:09:49.689+0100: 37748.645: [CMS-concurrent-mark-start]
2012-11-15T07:09:50.004+0100: 37748.959: [CMS-concurrent-mark: 0.315/0.315 secs] [Times: user=1.59 sys=0.00, real=0.31 secs] 
2012-11-15T07:09:50.004+0100: 37748.959: [CMS-concurrent-preclean-start]
2012-11-15T07:09:50.021+0100: 37748.977: [CMS-concurrent-preclean: 0.017/0.018 secs] [Times: user=0.02 sys=0.00, real=0.02 secs] 
2012-11-15T07:09:50.021+0100: 37748.977: [CMS-concurrent-abortable-preclean-start]
 CMS: abort preclean due to time 2012-11-15T07:10:01.290+0100: 37760.246: [CMS-concurrent-abortable-preclean: 11.069/11.269 secs] [Times: user=11.07 sys=0.00, real=11.27 secs] 
2012-11-15T07:10:01.292+0100: 37760.248: [GC[YG occupancy: 346976 K (2621440 K)]37760.248: [Rescan (parallel) , 0.0234770 secs]37760.272: [weak refs processing, 0.0068760 secs] [1 CMS-remark: 4723933K(6291456K)] 5070910K(8912896K), 0.0306270 secs] [Times: user=0.43 sys=0.00, real=0.04 secs] 
2012-11-15T07:10:01.323+0100: 37760.279: [CMS-concurrent-sweep-start]
2012-11-15T07:10:09.465+0100: 37768.421: [CMS-concurrent-sweep: 8.140/8.142 secs] [Times: user=10.85 sys=0.18, real=8.14 secs] 
2012-11-15T07:10:09.465+0100: 37768.421: [CMS-concurrent-reset-start]
2012-11-15T07:10:09.481+0100: 37768.437: [CMS-concurrent-reset: 0.016/0.016 secs] [Times: user=0.02 sys=0.00, real=0.01 secs] 
2012-11-15T07:13:24.155+0100: 37963.111: [GC 37963.111: [ParNew
Desired survivor size 268435456 bytes, new threshold 5 (max 15)
- age   1:   61316800 bytes,   61316800 total
- age   2:   32030248 bytes,   93347048 total
- age   3:   82623904 bytes,  175970952 total
- age   4:   76896608 bytes,  252867560 total
- age   5:   56956256 bytes,  309823816 total
: 2429085K->364091K(2621440K), 0.2033120 secs] 3060626K->995632K(8912896K), 0.2034520 secs] [Times: user=3.31 sys=0.00, real=0.20 secs] 
2012-11-15T07:24:28.148+0100: 38627.104: [GC 38627.104: [ParNew
Desired survivor size 268435456 bytes, new threshold 5 (max 15)
- age   1:   92688920 bytes,   92688920 total
- age   2:   53041624 bytes,  145730544 total
- age   3:   30829928 bytes,  176560472 total
- age   4:   82200184 bytes,  258760656 total
- age   5:   67673840 bytes,  326434496 total
: 2461243K->456238K(2621440K), 0.2171190 secs] 3092784K->1110844K(8912896K), 0.2172410 secs] [Times: user=3.22 sys=0.00, real=0.22 secs] 
2012-11-15T07:30:03.971+0100: 38962.927: [GC 38962.927: [ParNew
Desired survivor size 268435456 bytes, new threshold 5 (max 15)
- age   1:   80905520 bytes,   80905520 total
- age   2:   79944368 bytes,  160849888 total
- age   3:   51199224 bytes,  212049112 total
- age   4:   30829144 bytes,  242878256 total
- age   5:   65976384 bytes,  308854640 total
: 2553390K->412631K(2621440K), 0.3325930 secs] 3207996K->1118887K(8912896K), 0.3327120 secs] [Times: user=5.21 sys=0.00, real=0.33 secs] 
2012-11-15T07:32:38.528+0100: 39117.484: [GC 39117.484: [ParNew
Desired survivor size 268435456 bytes, new threshold 4 (max 15)
- age   1:   84196864 bytes,   84196864 total
- age   2:   69853336 bytes,  154050200 total
- age   3:   79716624 bytes,  233766824 total
- age   4:   51174600 bytes,  284941424 total
- age   5:   30828336 bytes,  315769760 total
: 2509783K->499802K(2621440K), 0.2208790 secs] 3216039K->1257746K(8912896K), 0.2210230 secs] [Times: user=3.28 sys=0.01, real=0.22 secs] 
2012-11-15T07:34:48.681+0100: 39247.637: [GC 39247.637: [ParNew
Desired survivor size 268435456 bytes, new threshold 4 (max 15)
- age   1:   47269928 bytes,   47269928 total
- age   2:   74215896 bytes,  121485824 total
- age   3:   68989744 bytes,  190475568 total
- age   4:   79681104 bytes,  270156672 total
: 2596954K->405671K(2621440K), 0.1251710 secs] 3354898K->1240548K(8912896K), 0.1253010 secs] [Times: user=1.61 sys=0.00, real=0.13 secs] 
2012-11-15T07:37:28.933+0100: 39407.889: [GC 39407.889: [ParNew
Desired survivor size 268435456 bytes, new threshold 4 (max 15)
- age   1:   92661232 bytes,   92661232 total
- age   2:   37771552 bytes,  130432784 total
- age   3:   71300344 bytes,  201733128 total
- age   4:   67385536 bytes,  269118664 total
: 2502823K->408533K(2621440K), 0.1426410 secs] 3337700K->1322099K(8912896K), 0.1427590 secs] [Times: user=1.94 sys=0.00, real=0.14 secs] 
2012-11-15T07:38:49.318+0100: 39488.274: [GC 39488.274: [ParNew
Desired survivor size 268435456 bytes, new threshold 4 (max 15)
- age   1:  111188672 bytes,  111188672 total
- age   2:   82996296 bytes,  194184968 total
- age   3:   37253904 bytes,  231438872 total
- age   4:   70611752 bytes,  302050624 total
: 2505685K->413095K(2621440K), 0.2256680 secs] 3419251K->1393302K(8912896K), 0.2257860 secs] [Times: user=3.40 sys=0.00, real=0.22 secs] 
2012-11-15T07:40:17.165+0100: 39576.121: [GC 39576.121: [ParNew
Desired survivor size 268435456 bytes, new threshold 15 (max 15)
- age   1:   39509336 bytes,   39509336 total
- age   2:   99537960 bytes,  139047296 total
- age   3:   81920040 bytes,  220967336 total
- age   4:   36312672 bytes,  257280008 total
: 2510247K->378312K(2621440K), 0.3321370 secs] 3490454K->1428579K(8912896K), 0.3322550 secs] [Times: user=5.48 sys=0.00, real=0.33 secs] 
2012-11-15T07:41:27.560+0100: 39646.516: [GC 39646.516: [ParNew
Desired survivor size 268435456 bytes, new threshold 5 (max 15)
- age   1:   17666720 bytes,   17666720 total
- age   2:   34691528 bytes,   52358248 total
- age   3:   99533808 bytes,  151892056 total
- age   4:   81904544 bytes,  233796600 total
- age   5:   36309680 bytes,  270106280 total
: 2475464K->374259K(2621440K), 0.2754700 secs] 3525731K->1424526K(8912896K), 0.2755920 secs] [Times: user=4.66 sys=0.01, real=0.28 secs] 
2012-11-15T07:43:01.150+0100: 39740.106: [GC 39740.106: [ParNew
Desired survivor size 268435456 bytes, new threshold 5 (max 15)
- age   1:   55477456 bytes,   55477456 total
- age   2:   14139312 bytes,   69616768 total
- age   3:   33772136 bytes,  103388904 total
- age   4:   98942768 bytes,  202331672 total
- age   5:   81220336 bytes,  283552008 total
: 2471411K->367533K(2621440K), 0.5194480 secs] 3521678K->1453809K(8912896K), 0.5421710 secs] [Times: user=8.82 sys=0.00, real=0.55 secs] 
2012-11-15T07:50:44.918+0100: 40203.874: [GC 40203.874: [ParNew
Desired survivor size 268435456 bytes, new threshold 5 (max 15)
- age   1:   94854664 bytes,   94854664 total
- age   2:   45710760 bytes,  140565424 total
- age   3:   13811680 bytes,  154377104 total
- age   4:   33622744 bytes,  187999848 total
- age   5:   98732112 bytes,  286731960 total
: 2464685K->441696K(2621440K), 0.8115340 secs] 3550961K->1607938K(8912896K), 0.8116550 secs] [Times: user=13.62 sys=0.00, real=0.81 secs] 
2012-11-15T07:53:10.742+0100: 40349.698: [GC 40349.698: [ParNew
Desired survivor size 268435456 bytes, new threshold 5 (max 15)
- age   1:   96822136 bytes,   96822136 total
- age   2:   81840000 bytes,  178662136 total
- age   3:   45177240 bytes,  223839376 total
- age   4:   13695480 bytes,  237534856 total
- age   5:   33400968 bytes,  270935824 total
: 2538848K->397039K(2621440K), 0.8347180 secs] 3705090K->1660162K(8912896K), 0.8348390 secs] [Times: user=14.07 sys=0.01, real=0.86 secs] 
2012-11-15T07:54:58.551+0100: 40457.507: [GC 40457.507: [ParNew
Desired survivor size 268435456 bytes, new threshold 4 (max 15)
- age   1:   73949648 bytes,   73949648 total
- age   2:   86313168 bytes,  160262816 total
- age   3:   81698384 bytes,  241961200 total
- age   4:   44449936 bytes,  286411136 total
- age   5:   13695392 bytes,  300106528 total
: 2494191K->409002K(2621440K), 0.6280360 secs] 3757314K->1704947K(8912896K), 0.6281720 secs] [Times: user=10.88 sys=0.00, real=0.63 secs] 
2012-11-15T07:58:56.177+0100: 40695.133: [GC 40695.133: [ParNew
Desired survivor size 268435456 bytes, new threshold 4 (max 15)
- age   1:   72205984 bytes,   72205984 total
- age   2:   65625192 bytes,  137831176 total
- age   3:   85965160 bytes,  223796336 total
- age   4:   81565320 bytes,  305361656 total
: 2506154K->430612K(2621440K), 0.8269490 secs] 3802099K->1781825K(8912896K), 0.8270680 secs] [Times: user=14.13 sys=0.00, real=0.83 secs] 
2012-11-15T08:02:22.287+0100: 40901.243: [GC 40901.243: [ParNew
Desired survivor size 268435456 bytes, new threshold 15 (max 15)
- age   1:    9768016 bytes,    9768016 total
- age   2:   61696584 bytes,   71464600 total
- age   3:   65419256 bytes,  136883856 total
- age   4:   85465952 bytes,  222349808 total
: 2527764K->338669K(2621440K), 0.6631560 secs] 3878977K->1770291K(8912896K), 0.6632720 secs] [Times: user=11.30 sys=0.00, real=0.66 secs] 
2012-11-15T08:03:27.809+0100: 40966.765: [GC 40966.765: [ParNew
Desired survivor size 268435456 bytes, new threshold 5 (max 15)
- age   1:   55442600 bytes,   55442600 total
- age   2:    6631312 bytes,   62073912 total
- age   3:   61423040 bytes,  123496952 total
- age   4:   64932504 bytes,  188429456 total
- age   5:   85392160 bytes,  273821616 total
: 2435821K->393638K(2621440K), 0.3923470 secs] 3867443K->1825259K(8912896K), 0.3924610 secs] [Times: user=6.75 sys=0.00, real=0.39 secs] 
2012-11-15T08:04:26.396+0100: 41025.352: [GC 41025.352: [ParNew
Desired survivor size 268435456 bytes, new threshold 15 (max 15)
- age   1:   50371624 bytes,   50371624 total
- age   2:   48527944 bytes,   98899568 total
- age   3:    5941584 bytes,  104841152 total
- age   4:   60773168 bytes,  165614320 total
- age   5:   64588992 bytes,  230203312 total
: 2490790K->372081K(2621440K), 0.4614590 secs] 3922411K->1887940K(8912896K), 0.4615760 secs] [Times: user=7.55 sys=0.00, real=0.46 secs] 
2012-11-15T08:04:54.681+0100: 41053.637: [GC 41053.637: [ParNew
Desired survivor size 268435456 bytes, new threshold 6 (max 15)
- age   1:   75811088 bytes,   75811088 total
- age   2:   45000320 bytes,  120811408 total
- age   3:   48499440 bytes,  169310848 total
- age   4:    5799968 bytes,  175110816 total
- age   5:   60766112 bytes,  235876928 total
- age   6:   64588040 bytes,  300464968 total
: 2469233K->359333K(2621440K), 0.0758360 secs] 3985092K->1875192K(8912896K), 0.0759510 secs] [Times: user=1.26 sys=0.00, real=0.07 secs] 
2012-11-15T08:05:25.042+0100: 41083.997: [GC 41083.998: [ParNew
Desired survivor size 268435456 bytes, new threshold 15 (max 15)
- age   1:   41420208 bytes,   41420208 total
- age   2:   38300560 bytes,   79720768 total
- age   3:   44567032 bytes,  124287800 total
- age   4:   48497592 bytes,  172785392 total
- age   5:    5798208 bytes,  178583600 total
- age   6:   60765552 bytes,  239349152 total
: 2456485K->361795K(2621440K), 0.1320620 secs] 3972344K->1941162K(8912896K), 0.1466610 secs] [Times: user=1.95 sys=0.00, real=0.15 secs] 
2012-11-15T08:06:29.916+0100: 41148.872: [GC 41148.872: [ParNew
Desired survivor size 268435456 bytes, new threshold 7 (max 15)
- age   1:   55820688 bytes,   55820688 total
- age   2:   39251120 bytes,   95071808 total
- age   3:   37633824 bytes,  132705632 total
- age   4:   44513448 bytes,  177219080 total
- age   5:   48490104 bytes,  225709184 total
- age   6:    5795128 bytes,  231504312 total
- age   7:   60765096 bytes,  292269408 total
: 2458947K->383901K(2621440K), 0.0804710 secs] 4038314K->1963269K(8912896K), 0.0805900 secs] [Times: user=1.25 sys=0.00, real=0.08 secs] 
2012-11-15T08:06:49.690+0100: 41168.646: [GC 41168.646: [ParNew
Desired survivor size 268435456 bytes, new threshold 15 (max 15)
- age   1:   57484192 bytes,   57484192 total
- age   2:   28677496 bytes,   86161688 total
- age   3:   39246056 bytes,  125407744 total
- age   4:   37574128 bytes,  162981872 total
- age   5:   44433176 bytes,  207415048 total
- age   6:   48447040 bytes,  255862088 total
- age   7:    5781976 bytes,  261644064 total
: 2481053K->392326K(2621440K), 0.1029680 secs] 4060421K->2031837K(8912896K), 0.1031110 secs] [Times: user=1.46 sys=0.00, real=0.11 secs] 
2012-11-15T08:06:52.602+0100: 41171.558: [GC 41171.558: [ParNew
Desired survivor size 268435456 bytes, new threshold 7 (max 15)
- age   1:   74104936 bytes,   74104936 total
- age   2:   33968368 bytes,  108073304 total
- age   3:   28673840 bytes,  136747144 total
- age   4:   39245952 bytes,  175993096 total
- age   5:   37573456 bytes,  213566552 total
- age   6:   44433144 bytes,  257999696 total
- age   7:   48447056 bytes,  306446752 total
- age   8:    5781976 bytes,  312228728 total
: 2489478K->445385K(2621440K), 0.0884410 secs] 4128989K->2084896K(8912896K), 0.0885540 secs] [Times: user=1.53 sys=0.00, real=0.09 secs] 
2012-11-15T08:07:51.642+0100: 41230.598: [GC 41230.598: [ParNew
Desired survivor size 268435456 bytes, new threshold 15 (max 15)
- age   1:   52265960 bytes,   52265960 total
- age   2:   41708848 bytes,   93974808 total
- age   3:   19141144 bytes,  113115952 total
- age   4:   28614280 bytes,  141730232 total
- age   5:   38806680 bytes,  180536912 total
- age   6:   37507240 bytes,  218044152 total
- age   7:   44408496 bytes,  262452648 total
: 2542537K->362495K(2621440K), 0.1137130 secs] 4182048K->2055774K(8912896K), 0.1138330 secs] [Times: user=1.51 sys=0.00, real=0.11 secs] 
2012-11-15T08:09:22.032+0100: 41320.988: [GC 41320.988: [ParNew
Desired survivor size 268435456 bytes, new threshold 8 (max 15)
- age   1:   46385352 bytes,   46385352 total
- age   2:   45936696 bytes,   92322048 total
- age   3:   41706640 bytes,  134028688 total
- age   4:   19136800 bytes,  153165488 total
- age   5:   28508760 bytes,  181674248 total
- age   6:   38806304 bytes,  220480552 total
- age   7:   37437536 bytes,  257918088 total
- age   8:   44281896 bytes,  302199984 total
: 2459647K->368994K(2621440K), 0.0881340 secs] 4152926K->2062273K(8912896K), 0.0882570 secs] [Times: user=1.28 sys=0.01, real=0.08 secs] 
2012-11-15T08:11:38.987+0100: 41457.943: [GC 41457.943: [ParNew
Desired survivor size 268435456 bytes, new threshold 7 (max 15)
- age   1:   65752816 bytes,   65752816 total
- age   2:   38966840 bytes,  104719656 total
- age   3:   44962808 bytes,  149682464 total
- age   4:   41706536 bytes,  191389000 total
- age   5:   19080768 bytes,  210469768 total
- age   6:   28475016 bytes,  238944784 total
- age   7:   38759968 bytes,  277704752 total
- age   8:   37384424 bytes,  315089176 total
: 2466146K->461685K(2621440K), 0.1227170 secs] 4159425K->2198836K(8912896K), 0.1228320 secs] [Times: user=1.67 sys=0.00, real=0.12 secs] 
2012-11-15T08:11:41.390+0100: 41460.346: [GC 41460.346: [ParNew
Desired survivor size 268435456 bytes, new threshold 15 (max 15)
- age   1:    1034208 bytes,    1034208 total
- age   2:   58268432 bytes,   59302640 total
- age   3:   38929200 bytes,   98231840 total
- age   4:   44962808 bytes,  143194648 total
- age   5:   41706536 bytes,  184901184 total
- age   6:   19080768 bytes,  203981952 total
- age   7:   28475080 bytes,  232457032 total
: 2558837K->346551K(2621440K), 0.1053630 secs] 4295988K->2159106K(8912896K), 0.1054680 secs] [Times: user=1.44 sys=0.00, real=0.10 secs] 
2012-11-15T08:11:43.809+0100: 41462.765: [GC 41462.765: [ParNew
Desired survivor size 268435456 bytes, new threshold 15 (max 15)
- age   1:    1168352 bytes,    1168352 total
- age   2:      78872 bytes,    1247224 total
- age   3:   58264816 bytes,   59512040 total
- age   4:   38929224 bytes,   98441264 total
- age   5:   44962808 bytes,  143404072 total
- age   6:   41706536 bytes,  185110608 total
- age   7:   19080840 bytes,  204191448 total
- age   8:   28475016 bytes,  232666464 total
: 2443703K->325862K(2621440K), 0.0559810 secs] 4256258K->2138418K(8912896K), 0.0561130 secs] [Times: user=0.96 sys=0.00, real=0.06 secs] 
2012-11-15T08:11:46.160+0100: 41465.116: [GC 41465.116: [ParNew
Desired survivor size 268435456 bytes, new threshold 15 (max 15)
- age   1:    1212432 bytes,    1212432 total
- age   2:      78456 bytes,    1290888 total
- age   3:      78712 bytes,    1369600 total
- age   4:   58229304 bytes,   59598904 total
- age   5:   38929264 bytes,   98528168 total
- age   6:   44962808 bytes,  143490976 total
- age   7:   41706536 bytes,  185197512 total
- age   8:   19067608 bytes,  204265120 total
- age   9:   28474968 bytes,  232740088 total
: 2423014K->308559K(2621440K), 0.0559550 secs] 4235570K->2121115K(8912896K), 0.0560580 secs] [Times: user=0.96 sys=0.00, real=0.06 secs] 
2012-11-15T08:11:48.455+0100: 41467.411: [GC 41467.411: [ParNew
Desired survivor size 268435456 bytes, new threshold 15 (max 15)
- age   1:    1018696 bytes,    1018696 total
- age   2:      96312 bytes,    1115008 total
- age   3:      77672 bytes,    1192680 total
- age   4:      78296 bytes,    1270976 total
- age   5:   58227352 bytes,   59498328 total
- age   6:   38929200 bytes,   98427528 total
- age   7:   44962824 bytes,  143390352 total
- age   8:   41706536 bytes,  185096888 total
- age   9:   19067536 bytes,  204164424 total
- age  10:   28474920 bytes,  232639344 total
: 2405711K->304245K(2621440K), 0.0555840 secs] 4218267K->2116800K(8912896K), 0.0556890 secs] [Times: user=0.95 sys=0.01, real=0.05 secs] 
2012-11-15T08:11:50.787+0100: 41469.743: [GC 41469.743: [ParNew
Desired survivor size 268435456 bytes, new threshold 15 (max 15)
- age   1:    1033936 bytes,    1033936 total
- age   2:      67080 bytes,    1101016 total
- age   3:      95936 bytes,    1196952 total
- age   4:      77672 bytes,    1274624 total
- age   5:      78296 bytes,    1352920 total
- age   6:   58226264 bytes,   59579184 total
- age   7:   38929136 bytes,   98508320 total
- age   8:   44962880 bytes,  143471200 total
- age   9:   41706536 bytes,  185177736 total
- age  10:   19067536 bytes,  204245272 total
- age  11:   28474920 bytes,  232720192 total
: 2401397K->303096K(2621440K), 0.0550830 secs] 4213952K->2115652K(8912896K), 0.0551830 secs] [Times: user=0.95 sys=0.00, real=0.05 secs] 
2012-11-15T08:11:53.129+0100: 41472.085: [GC 41472.085: [ParNew
Desired survivor size 268435456 bytes, new threshold 15 (max 15)
- age   1:    1028312 bytes,    1028312 total
- age   2:      78064 bytes,    1106376 total
- age   3:      65768 bytes,    1172144 total
- age   4:      95936 bytes,    1268080 total
- age   5:      77672 bytes,    1345752 total
- age   6:      78232 bytes,    1423984 total
- age   7:   58224920 bytes,   59648904 total
- age   8:   38929112 bytes,   98578016 total
- age   9:   44962808 bytes,  143540824 total
- age  10:   41706536 bytes,  185247360 total
- age  11:   19067536 bytes,  204314896 total
- age  12:   28474952 bytes,  232789848 total
: 2400248K->315506K(2621440K), 0.0553420 secs] 4212804K->2128062K(8912896K), 0.0554490 secs] [Times: user=0.95 sys=0.00, real=0.06 secs] 
2012-11-15T08:11:55.410+0100: 41474.366: [GC 41474.366: [ParNew
Desired survivor size 268435456 bytes, new threshold 15 (max 15)
- age   1:    1150936 bytes,    1150936 total
- age   2:      79800 bytes,    1230736 total
- age   3:      78000 bytes,    1308736 total
- age   4:      65736 bytes,    1374472 total
- age   5:      95872 bytes,    1470344 total
- age   6:      77640 bytes,    1547984 total
- age   7:      78232 bytes,    1626216 total
- age   8:   58223936 bytes,   59850152 total
- age   9:   38929072 bytes,   98779224 total
- age  10:   44962808 bytes,  143742032 total
- age  11:   41706536 bytes,  185448568 total
- age  12:   19067680 bytes,  204516248 total
- age  13:   28474872 bytes,  232991120 total
: 2412658K->302904K(2621440K), 0.0553660 secs] 4225214K->2115460K(8912896K), 0.0554680 secs] [Times: user=0.96 sys=0.00, real=0.06 secs] 
2012-11-15T08:11:57.705+0100: 41476.661: [GC 41476.661: [ParNew
Desired survivor size 268435456 bytes, new threshold 15 (max 15)
- age   1:    1019688 bytes,    1019688 total
- age   2:      65832 bytes,    1085520 total
- age   3:      78672 bytes,    1164192 total
- age   4:      77896 bytes,    1242088 total
- age   5:      65736 bytes,    1307824 total
- age   6:      95832 bytes,    1403656 total
- age   7:      77640 bytes,    1481296 total
- age   8:      78200 bytes,    1559496 total
- age   9:   58222808 bytes,   59782304 total
- age  10:   38928976 bytes,   98711280 total
- age  11:   44962808 bytes,  143674088 total
- age  12:   41706648 bytes,  185380736 total
- age  13:   19067576 bytes,  204448312 total
- age  14:   28474824 bytes,  232923136 total
: 2400056K->315734K(2621440K), 0.0555820 secs] 4212612K->2128289K(8912896K), 0.0557030 secs] [Times: user=0.96 sys=0.00, real=0.05 secs] 
2012-11-15T08:12:00.049+0100: 41479.005: [GC 41479.005: [ParNew
Desired survivor size 268435456 bytes, new threshold 15 (max 15)
- age   1:    1014120 bytes,    1014120 total
- age   2:      81984 bytes,    1096104 total
- age   3:      65456 bytes,    1161560 total
- age   4:      78288 bytes,    1239848 total
- age   5:      77896 bytes,    1317744 total
- age   6:      65704 bytes,    1383448 total
- age   7:      95832 bytes,    1479280 total
- age   8:      77640 bytes,    1556920 total
- age   9:      78176 bytes,    1635096 total
- age  10:   58221504 bytes,   59856600 total
- age  11:   38928984 bytes,   98785584 total
- age  12:   44962808 bytes,  143748392 total
- age  13:   41706608 bytes,  185455000 total
- age  14:   19067536 bytes,  204522536 total
- age  15:   28474896 bytes,  232997432 total
: 2412886K->315707K(2621440K), 0.0557670 secs] 4225441K->2128263K(8912896K), 0.0558700 secs] [Times: user=0.96 sys=0.00, real=0.06 secs] 
2012-11-15T08:12:02.346+0100: 41481.302: [GC 41481.302: [ParNew
Desired survivor size 268435456 bytes, new threshold 15 (max 15)
- age   1:     993824 bytes,     993824 total
- age   2:      63320 bytes,    1057144 total
- age   3:      81888 bytes,    1139032 total
- age   4:      65424 bytes,    1204456 total
- age   5:      78224 bytes,    1282680 total
- age   6:      77896 bytes,    1360576 total
- age   7:      65704 bytes,    1426280 total
- age   8:      95832 bytes,    1522112 total
- age   9:      77640 bytes,    1599752 total
- age  10:      77408 bytes,    1677160 total
- age  11:   58221248 bytes,   59898408 total
- age  12:   38928944 bytes,   98827352 total
- age  13:   44962808 bytes,  143790160 total
- age  14:   41706672 bytes,  185496832 total
- age  15:   19067536 bytes,  204564368 total
: 2412859K->290560K(2621440K), 0.0681420 secs] 4225415K->2131343K(8912896K), 0.0682520 secs] [Times: user=1.03 sys=0.01, real=0.07 secs] 
2012-11-15T08:12:04.625+0100: 41483.581: [GC 41483.581: [ParNew
Desired survivor size 268435456 bytes, new threshold 15 (max 15)
- age   1:    1086384 bytes,    1086384 total
- age   2:      78208 bytes,    1164592 total
- age   3:      63224 bytes,    1227816 total
- age   4:      81168 bytes,    1308984 total
- age   5:      65424 bytes,    1374408 total
- age   6:      78224 bytes,    1452632 total
- age   7:      77896 bytes,    1530528 total
- age   8:      65704 bytes,    1596232 total
- age   9:      95832 bytes,    1692064 total
- age  10:      76904 bytes,    1768968 total
- age  11:      77408 bytes,    1846376 total
- age  12:   58221072 bytes,   60067448 total
- age  13:   38928944 bytes,   98996392 total
- age  14:   44962880 bytes,  143959272 total
- age  15:   41706536 bytes,  185665808 total
: 2387712K->252525K(2621440K), 0.0591780 secs] 4228495K->2112251K(8912896K), 0.0592850 secs] [Times: user=0.92 sys=0.00, real=0.06 secs] 
2012-11-15T08:12:07.656+0100: 41486.612: [GC 41486.612: [ParNew
Desired survivor size 268435456 bytes, new threshold 15 (max 15)
- age   1:    2384504 bytes,    2384504 total
- age   2:      62112 bytes,    2446616 total
- age   3:      77832 bytes,    2524448 total
- age   4:      63160 bytes,    2587608 total
- age   5:      81136 bytes,    2668744 total
- age   6:      65288 bytes,    2734032 total
- age   7:      78224 bytes,    2812256 total
- age   8:      76840 bytes,    2889096 total
- age   9:      64896 bytes,    2953992 total
- age  10:      94760 bytes,    3048752 total
- age  11:      76720 bytes,    3125472 total
- age  12:      77248 bytes,    3202720 total
- age  13:   58188680 bytes,   61391400 total
- age  14:   38928424 bytes,  100319824 total
- age  15:   44962776 bytes,  145282600 total
: 2349677K->229229K(2621440K), 0.0643060 secs] 4209403K->2130326K(8912896K), 0.0644380 secs] [Times: user=0.90 sys=0.00, real=0.06 secs] 
2012-11-15T08:14:12.944+0100: 41611.900: [GC 41611.900: [ParNew
Desired survivor size 268435456 bytes, new threshold 15 (max 15)
- age   1:   43390080 bytes,   43390080 total
- age   2:    1522312 bytes,   44912392 total
- age   3:      61376 bytes,   44973768 total
- age   4:      76720 bytes,   45050488 total
- age   5:      61728 bytes,   45112216 total
- age   6:      79672 bytes,   45191888 total
- age   7:      64328 bytes,   45256216 total
- age   8:      76920 bytes,   45333136 total
- age   9:      76720 bytes,   45409856 total
- age  10:      64608 bytes,   45474464 total
- age  11:      94568 bytes,   45569032 total
- age  12:      76720 bytes,   45645752 total
- age  13:      76952 bytes,   45722704 total
- age  14:   57706736 bytes,  103429440 total
- age  15:   38179928 bytes,  141609368 total
: 2326381K->191471K(2621440K), 0.0811980 secs] 4227478K->2137044K(8912896K), 0.0813320 secs] [Times: user=0.97 sys=0.00, real=0.08 secs] 
2012-11-15T08:15:02.804+0100: 41661.760: [GC 41661.760: [ParNew
Desired survivor size 268435456 bytes, new threshold 15 (max 15)
- age   1:   67095400 bytes,   67095400 total
- age   2:   37968088 bytes,  105063488 total
- age   3:    1516624 bytes,  106580112 total
- age   4:      61304 bytes,  106641416 total
- age   5:      76600 bytes,  106718016 total
- age   6:      61528 bytes,  106779544 total
- age   7:      79552 bytes,  106859096 total
- age   8:      64168 bytes,  106923264 total
- age   9:      76544 bytes,  106999808 total
- age  10:      76440 bytes,  107076248 total
- age  11:      64104 bytes,  107140352 total
- age  12:      94288 bytes,  107234640 total
- age  13:      76440 bytes,  107311080 total
- age  14:      76672 bytes,  107387752 total
- age  15:   57646528 bytes,  165034280 total
: 2288623K->247448K(2621440K), 0.0701970 secs] 4234196K->2230851K(8912896K), 0.0703100 secs] [Times: user=1.02 sys=0.00, real=0.07 secs] 
2012-11-15T08:15:54.718+0100: 41713.674: [GC 41713.674: [ParNew
Desired survivor size 268435456 bytes, new threshold 15 (max 15)
- age   1:   55281528 bytes,   55281528 total
- age   2:   20282848 bytes,   75564376 total
- age   3:   37955320 bytes,  113519696 total
- age   4:    1516624 bytes,  115036320 total
- age   5:      61304 bytes,  115097624 total
- age   6:      76600 bytes,  115174224 total
- age   7:      61528 bytes,  115235752 total
- age   8:      79552 bytes,  115315304 total
- age   9:      64168 bytes,  115379472 total
- age  10:      76544 bytes,  115456016 total
- age  11:      76440 bytes,  115532456 total
- age  12:      64104 bytes,  115596560 total
- age  13:      94288 bytes,  115690848 total
- age  14:      76440 bytes,  115767288 total
- age  15:      76672 bytes,  115843960 total
: 2344600K->192279K(2621440K), 0.0813740 secs] 4328003K->2232823K(8912896K), 0.0814900 secs] [Times: user=1.06 sys=0.00, real=0.09 secs] 
2012-11-15T08:16:32.468+0100: 41751.424: [GC 41751.424: [ParNew
Desired survivor size 268435456 bytes, new threshold 4 (max 15)
- age   1:  165018992 bytes,  165018992 total
- age   2:   51707584 bytes,  216726576 total
- age   3:   20228144 bytes,  236954720 total
- age   4:   37718080 bytes,  274672800 total
- age   5:    1514064 bytes,  276186864 total
- age   6:      60632 bytes,  276247496 total
- age   7:      75760 bytes,  276323256 total
- age   8:      60856 bytes,  276384112 total
- age   9:      78712 bytes,  276462824 total
- age  10:      63496 bytes,  276526320 total
- age  11:      75704 bytes,  276602024 total
- age  12:      75600 bytes,  276677624 total
- age  13:      63432 bytes,  276741056 total
- age  14:      93448 bytes,  276834504 total
- age  15:      75600 bytes,  276910104 total
: 2289431K->314066K(2621440K), 0.1390230 secs] 4329975K->2354685K(8912896K), 0.1391780 secs] [Times: user=2.28 sys=0.01, real=0.14 secs] 
2012-11-15T08:17:23.512+0100: 41802.468: [GC 41802.468: [ParNew
Desired survivor size 268435456 bytes, new threshold 2 (max 15)
- age   1:  247886456 bytes,  247886456 total
- age   2:   80806896 bytes,  328693352 total
- age   3:   51615136 bytes,  380308488 total
- age   4:   20226120 bytes,  400534608 total
: 2411218K->478458K(2621440K), 0.1859840 secs] 4451837K->2751154K(8912896K), 0.1861110 secs] [Times: user=2.82 sys=0.08, real=0.18 secs] 
2012-11-15T08:19:08.608+0100: 41907.564: [GC 41907.564: [ParNew
Desired survivor size 268435456 bytes, new threshold 15 (max 15)
- age   1:   72918544 bytes,   72918544 total
- age   2:   44042472 bytes,  116961016 total
: 2575610K->224754K(2621440K), 0.2543140 secs] 4848306K->2647748K(8912896K), 0.2544300 secs] [Times: user=3.35 sys=0.01, real=0.25 secs] 
2012-11-15T08:20:23.835+0100: 41982.791: [GC 41982.791: [ParNew
Desired survivor size 268435456 bytes, new threshold 15 (max 15)
- age   1:   52112384 bytes,   52112384 total
- age   2:   62294776 bytes,  114407160 total
- age   3:   42997912 bytes,  157405072 total
: 2321906K->197666K(2621440K), 0.0530170 secs] 4744900K->2620660K(8912896K), 0.0531360 secs] [Times: user=0.76 sys=0.00, real=0.05 secs] 
2012-11-15T08:20:27.211+0100: 41986.167: [GC 41986.167: [ParNew
Desired survivor size 268435456 bytes, new threshold 15 (max 15)
- age   1:   68965464 bytes,   68965464 total
- age   2:   45775240 bytes,  114740704 total
- age   3:   62290232 bytes,  177030936 total
- age   4:   42995800 bytes,  220026736 total
: 2294818K->304431K(2621440K), 0.0612540 secs] 4717812K->2727425K(8912896K), 0.0613630 secs] [Times: user=1.08 sys=0.00, real=0.06 secs] 
2012-11-15T08:22:55.884+0100: 42134.840: [GC 42134.840: [ParNew
Desired survivor size 268435456 bytes, new threshold 5 (max 15)
- age   1:  103059720 bytes,  103059720 total
- age   2:   33319920 bytes,  136379640 total
- age   3:   43976800 bytes,  180356440 total
- age   4:   61597336 bytes,  241953776 total
- age   5:   42306384 bytes,  284260160 total
: 2401583K->385107K(2621440K), 0.1267320 secs] 4824577K->2808101K(8912896K), 0.1268480 secs] [Times: user=2.04 sys=0.00, real=0.12 secs] 
2012-11-15T08:25:27.282+0100: 42286.238: [GC 42286.238: [ParNew
Desired survivor size 268435456 bytes, new threshold 5 (max 15)
- age   1:   92733536 bytes,   92733536 total
- age   2:   92189056 bytes,  184922592 total
- age   3:   33317304 bytes,  218239896 total
- age   4:   43227616 bytes,  261467512 total
- age   5:   60666568 bytes,  322134080 total
: 2482259K->496082K(2621440K), 0.2491140 secs] 4905253K->2960645K(8912896K), 0.2492260 secs] [Times: user=3.99 sys=0.00, real=0.26 secs] 
2012-11-15T08:26:52.753+0100: 42371.709: [GC 42371.709: [ParNew
Desired survivor size 268435456 bytes, new threshold 4 (max 15)
- age   1:   73576872 bytes,   73576872 total
- age   2:   85210864 bytes,  158787736 total
- age   3:   91462904 bytes,  250250640 total
- age   4:   33317208 bytes,  283567848 total
- age   5:   42564664 bytes,  326132512 total
: 2593234K->497347K(2621440K), 0.1485010 secs] 5057797K->3021402K(8912896K), 0.1486220 secs] [Times: user=2.09 sys=0.00, real=0.15 secs] 
2012-11-15T08:27:57.001+0100: 42435.957: [GC 42435.957: [ParNew
Desired survivor size 268435456 bytes, new threshold 4 (max 15)
- age   1:   51305648 bytes,   51305648 total
- age   2:   66376048 bytes,  117681696 total
- age   3:   85155960 bytes,  202837656 total
- age   4:   91445616 bytes,  294283272 total
: 2594499K->432412K(2621440K), 0.2665000 secs] 5118554K->3031705K(8912896K), 0.2666220 secs] [Times: user=4.19 sys=0.00, real=0.27 secs] 
2012-11-15T08:29:12.150+0100: 42511.106: [GC 42511.106: [ParNew
Desired survivor size 268435456 bytes, new threshold 15 (max 15)
- age   1:   64817384 bytes,   64817384 total
- age   2:   46225224 bytes,  111042608 total
- age   3:   65020672 bytes,  176063280 total
- age   4:   84088224 bytes,  260151504 total
: 2529564K->373578K(2621440K), 0.6861870 secs] 5128857K->3062279K(8912896K), 0.6863260 secs] [Times: user=11.63 sys=0.00, real=0.68 secs] 
2012-11-15T08:32:53.219+0100: 42732.175: [GC 42732.175: [ParNew
Desired survivor size 268435456 bytes, new threshold 5 (max 15)
- age   1:   39872984 bytes,   39872984 total
- age   2:   57249352 bytes,   97122336 total
- age   3:   46108712 bytes,  143231048 total
- age   4:   64945816 bytes,  208176864 total
- age   5:   83593920 bytes,  291770784 total
: 2470730K->408298K(2621440K), 0.3437980 secs] 5159431K->3096999K(8912896K), 0.3439160 secs] [Times: user=6.01 sys=0.00, real=0.34 secs] 
2012-11-15T08:35:50.606+0100: 42909.562: [GC 42909.562: [ParNew
Desired survivor size 268435456 bytes, new threshold 5 (max 15)
- age   1:   88024848 bytes,   88024848 total
- age   2:   35384608 bytes,  123409456 total
- age   3:   56672552 bytes,  180082008 total
- age   4:   46055696 bytes,  226137704 total
- age   5:   64549904 bytes,  290687608 total
: 2505450K->473741K(2621440K), 0.4180230 secs] 5194151K->3244643K(8912896K), 0.4181480 secs] [Times: user=6.80 sys=0.00, real=0.42 secs] 
2012-11-15T08:35:53.281+0100: 42912.237: [GC 42912.237: [ParNew
Desired survivor size 268435456 bytes, new threshold 5 (max 15)
- age   1:   75202656 bytes,   75202656 total
- age   2:   61952952 bytes,  137155608 total
- age   3:   35333888 bytes,  172489496 total
- age   4:   56672104 bytes,  229161600 total
- age   5:   46055696 bytes,  275217296 total
: 2570893K->364938K(2621440K), 0.1097710 secs] 5341795K->3199849K(8912896K), 0.1098830 secs] [Times: user=1.64 sys=0.00, real=0.11 secs] 
2012-11-15T08:36:27.965+0100: 42946.921: [GC 42946.921: [ParNew
Desired survivor size 268435456 bytes, new threshold 15 (max 15)
- age   1:   28834952 bytes,   28834952 total
- age   2:   13024920 bytes,   41859872 total
- age   3:   37143592 bytes,   79003464 total
- age   4:   34817632 bytes,  113821096 total
- age   5:   56670512 bytes,  170491608 total
: 2462090K->272970K(2621440K), 0.0985360 secs] 5297001K->3153496K(8912896K), 0.0986540 secs] [Times: user=1.50 sys=0.00, real=0.10 secs] 
2012-11-15T08:37:31.478+0100: 43010.434: [GC 43010.434: [ParNew
Desired survivor size 268435456 bytes, new threshold 15 (max 15)
- age   1:   38750240 bytes,   38750240 total
- age   2:   27494640 bytes,   66244880 total
- age   3:   13023648 bytes,   79268528 total
- age   4:   37095592 bytes,  116364120 total
- age   5:   34785984 bytes,  151150104 total
- age   6:   56610104 bytes,  207760208 total
: 2370122K->257758K(2621440K), 0.1362000 secs] 5250648K->3138284K(8912896K), 0.1363210 secs] [Times: user=2.24 sys=0.00, real=0.13 secs] 
2012-11-15T08:38:11.559+0100: 43050.515: [GC 43050.515: [ParNew
Desired survivor size 268435456 bytes, new threshold 7 (max 15)
- age   1:   93179448 bytes,   93179448 total
- age   2:   33632088 bytes,  126811536 total
- age   3:   27457808 bytes,  154269344 total
- age   4:   13023648 bytes,  167292992 total
- age   5:   36820280 bytes,  204113272 total
- age   6:   33165736 bytes,  237279008 total
- age   7:   56342280 bytes,  293621288 total
: 2354910K->395587K(2621440K), 0.3385550 secs] 5235436K->3276113K(8912896K), 0.3386830 secs] [Times: user=5.79 sys=0.00, real=0.34 secs] 
2012-11-15T08:40:29.599+0100: 43188.555: [GC 43188.555: [ParNew
Desired survivor size 268435456 bytes, new threshold 6 (max 15)
- age   1:  100539848 bytes,  100539848 total
- age   2:   86069312 bytes,  186609160 total
- age   3:   33055608 bytes,  219664768 total
- age   4:   27438920 bytes,  247103688 total
- age   5:   13023648 bytes,  260127336 total
- age   6:   36794088 bytes,  296921424 total
- age   7:   32784584 bytes,  329706008 total
: 2492739K->481709K(2621440K), 0.5302890 secs] 5373265K->3417010K(8912896K), 0.5304240 secs] [Times: user=8.97 sys=0.00, real=0.53 secs] 
2012-11-15T08:42:06.216+0100: 43285.172: [GC 43285.172: [ParNew
Desired survivor size 268435456 bytes, new threshold 4 (max 15)
- age   1:   90307432 bytes,   90307432 total
- age   2:   91442392 bytes,  181749824 total
- age   3:   84661056 bytes,  266410880 total
- age   4:   32471016 bytes,  298881896 total
- age   5:   27438536 bytes,  326320432 total
- age   6:   13023648 bytes,  339344080 total
: 2578861K->524288K(2621440K), 0.3540330 secs] 5514162K->3531838K(8912896K), 0.3541800 secs] [Times: user=5.53 sys=0.01, real=0.35 secs] 
2012-11-15T08:43:10.511+0100: 43349.467: [GC 43349.467: [ParNew
Desired survivor size 268435456 bytes, new threshold 4 (max 15)
- age   1:   74025112 bytes,   74025112 total
- age   2:   82852672 bytes,  156877784 total
- age   3:   89669576 bytes,  246547360 total
- age   4:   84168272 bytes,  330715632 total
: 2621440K->489494K(2621440K), 0.1728580 secs] 5628990K->3568819K(8912896K), 0.1729770 secs] [Times: user=2.40 sys=0.00, real=0.17 secs] 
2012-11-15T08:44:17.648+0100: 43416.604: [GC 43416.604: [ParNew
Desired survivor size 268435456 bytes, new threshold 4 (max 15)
- age   1:   55828896 bytes,   55828896 total
- age   2:   63415312 bytes,  119244208 total
- age   3:   82476104 bytes,  201720312 total
- age   4:   88858808 bytes,  290579120 total
: 2586646K->392869K(2621440K), 0.3606870 secs] 5665971K->3555032K(8912896K), 0.3608080 secs] [Times: user=5.81 sys=0.00, real=0.36 secs] 
2012-11-15T08:45:10.150+0100: 43469.106: [GC 43469.106: [ParNew
Desired survivor size 268435456 bytes, new threshold 15 (max 15)
- age   1:   36943024 bytes,   36943024 total
- age   2:   46235400 bytes,   83178424 total
- age   3:   61900424 bytes,  145078848 total
- age   4:   81984976 bytes,  227063824 total
: 2490021K->372589K(2621440K), 0.1878240 secs] 5652184K->3621907K(8912896K), 0.1879450 secs] [Times: user=2.73 sys=0.00, real=0.18 secs] 
2012-11-15T08:45:16.902+0100: 43475.858: [GC 43475.859: [ParNew
Desired survivor size 268435456 bytes, new threshold 5 (max 15)
- age   1:   60331928 bytes,   60331928 total
- age   2:   32602680 bytes,   92934608 total
- age   3:   46228392 bytes,  139163000 total
- age   4:   61894312 bytes,  201057312 total
- age   5:   81984520 bytes,  283041832 total
: 2469741K->369120K(2621440K), 0.0697990 secs] 5719059K->3618439K(8912896K), 0.0699160 secs] [Times: user=1.23 sys=0.00, real=0.07 secs] 
2012-11-15T08:46:31.409+0100: 43550.365: [GC 43550.365: [ParNew
Desired survivor size 268435456 bytes, new threshold 15 (max 15)
- age   1:   44760192 bytes,   44760192 total
- age   2:   30201336 bytes,   74961528 total
- age   3:   32467160 bytes,  107428688 total
- age   4:   45150944 bytes,  152579632 total
- age   5:   61837344 bytes,  214416976 total
: 2466272K->344179K(2621440K), 0.1165240 secs] 5715591K->3674756K(8912896K), 0.1166410 secs] [Times: user=1.48 sys=0.01, real=0.12 secs] 
2012-11-15T08:47:33.425+0100: 43612.381: [GC 43612.381: [ParNew
Desired survivor size 268435456 bytes, new threshold 15 (max 15)
- age   1:   34376632 bytes,   34376632 total
- age   2:   40356624 bytes,   74733256 total
- age   3:   30192120 bytes,  104925376 total
- age   4:   32443376 bytes,  137368752 total
- age   5:   44924080 bytes,  182292832 total
- age   6:   61788376 bytes,  244081208 total
: 2441331K->315772K(2621440K), 0.0677260 secs] 5771908K->3646349K(8912896K), 0.0678470 secs] [Times: user=1.05 sys=0.00, real=0.07 secs] 
2012-11-15T08:49:20.675+0100: 43719.631: [GC 43719.631: [ParNew
Desired survivor size 268435456 bytes, new threshold 7 (max 15)
- age   1:   56373968 bytes,   56373968 total
- age   2:   29540256 bytes,   85914224 total
- age   3:   40289464 bytes,  126203688 total
- age   4:   29730040 bytes,  155933728 total
- age   5:   29322656 bytes,  185256384 total
- age   6:   44352040 bytes,  229608424 total
- age   7:   61560232 bytes,  291168656 total
: 2412924K->376997K(2621440K), 0.0854340 secs] 5743501K->3707574K(8912896K), 0.0855520 secs] [Times: user=1.24 sys=0.00, real=0.08 secs] 
2012-11-15T08:50:48.517+0100: 43807.473: [GC 43807.473: [ParNew
Desired survivor size 268435456 bytes, new threshold 15 (max 15)
- age   1:   35716424 bytes,   35716424 total
- age   2:   48295960 bytes,   84012384 total
- age   3:   29369384 bytes,  113381768 total
- age   4:   40095488 bytes,  153477256 total
- age   5:   29724968 bytes,  183202224 total
- age   6:   28890504 bytes,  212092728 total
- age   7:   44180888 bytes,  256273616 total
: 2474149K->388244K(2621440K), 0.1100400 secs] 5804726K->3779753K(8912896K), 0.1101790 secs] [Times: user=1.47 sys=0.00, real=0.11 secs] 
2012-11-15T08:50:51.897+0100: 43810.853: [GC 43810.853: [ParNew
Desired survivor size 268435456 bytes, new threshold 15 (max 15)
- age   1:   11983024 bytes,   11983024 total
- age   2:   30380288 bytes,   42363312 total
- age   3:   48211560 bytes,   90574872 total
- age   4:   29368712 bytes,  119943584 total
- age   5:   40095312 bytes,  160038896 total
- age   6:   29715912 bytes,  189754808 total
- age   7:   28889712 bytes,  218644520 total
- age   8:   44180376 bytes,  262824896 total
: 2485396K->379396K(2621440K), 0.0713820 secs] 5876905K->3770905K(8912896K), 0.0714950 secs] [Times: user=1.12 sys=0.00, real=0.07 secs] 
2012-11-15T08:51:48.896+0100: 43867.852: [GC 43867.852: [ParNew
Desired survivor size 268435456 bytes, new threshold 9 (max 15)
- age   1:   17719440 bytes,   17719440 total
- age   2:    9065072 bytes,   26784512 total
- age   3:   29830928 bytes,   56615440 total
- age   4:   48048264 bytes,  104663704 total
- age   5:   29367160 bytes,  134030864 total
- age   6:   40094064 bytes,  174124928 total
- age   7:   29715912 bytes,  203840840 total
- age   8:   28889680 bytes,  232730520 total
- age   9:   44161880 bytes,  276892400 total
: 2476548K->341252K(2621440K), 0.0689390 secs] 5868057K->3732761K(8912896K), 0.0690560 secs] [Times: user=1.12 sys=0.00, real=0.07 secs] 
2012-11-15T08:53:12.673+0100: 43951.629: [GC 43951.629: [ParNew
Desired survivor size 268435456 bytes, new threshold 7 (max 15)
- age   1:  118344104 bytes,  118344104 total
- age   2:   11689960 bytes,  130034064 total
- age   3:    9061856 bytes,  139095920 total
- age   4:   29264616 bytes,  168360536 total
- age   5:   46828496 bytes,  215189032 total
- age   6:   28371840 bytes,  243560872 total
- age   7:   39947120 bytes,  283507992 total
- age   8:   29715888 bytes,  313223880 total
- age   9:   28456496 bytes,  341680376 total
: 2438404K->475951K(2621440K), 0.3163090 secs] 5829913K->3910374K(8912896K), 0.3164230 secs] [Times: user=5.19 sys=0.00, real=0.32 secs] 
2012-11-15T08:53:44.165+0100: 43983.121: [GC 43983.121: [ParNew
Desired survivor size 268435456 bytes, new threshold 6 (max 15)
- age   1:  105418208 bytes,  105418208 total
- age   2:  111204600 bytes,  216622808 total
- age   3:   11680272 bytes,  228303080 total
- age   4:    9061560 bytes,  237364640 total
- age   5:   29071232 bytes,  266435872 total
- age   6:   46348208 bytes,  312784080 total
- age   7:   28335096 bytes,  341119176 total
: 2573103K->508092K(2621440K), 0.5109130 secs] 6007526K->4039327K(8912896K), 0.5110300 secs] [Times: user=8.44 sys=0.00, real=0.52 secs] 
2012-11-15T08:54:38.463+0100: 44037.419: [GC 44037.419: [ParNew
Desired survivor size 268435456 bytes, new threshold 4 (max 15)
- age   1:   62335512 bytes,   62335512 total
- age   2:   94417880 bytes,  156753392 total
- age   3:  111007928 bytes,  267761320 total
- age   4:   11647544 bytes,  279408864 total
- age   5:    8590248 bytes,  287999112 total
- age   6:   28866376 bytes,  316865488 total
: 2605244K->471045K(2621440K), 0.8437990 secs] 6136479K->4076287K(8912896K), 0.8439170 secs] [Times: user=14.65 sys=0.00, real=0.85 secs] 
2012-11-15T08:55:25.465+0100: 44084.420: [GC 44084.421: [ParNew
Desired survivor size 268435456 bytes, new threshold 4 (max 15)
- age   1:   51334608 bytes,   51334608 total
- age   2:   57180576 bytes,  108515184 total
- age   3:   94358096 bytes,  202873280 total
- age   4:  110470792 bytes,  313344072 total
: 2568197K->436779K(2621440K), 0.7264860 secs] 6173439K->4090469K(8912896K), 0.7266180 secs] [Times: user=12.61 sys=0.00, real=0.73 secs] 
2012-11-15T08:55:44.739+0100: 44103.695: [GC 44103.695: [ParNew
Desired survivor size 268435456 bytes, new threshold 15 (max 15)
- age   1:   18503816 bytes,   18503816 total
- age   2:   21332152 bytes,   39835968 total
- age   3:   57170856 bytes,   97006824 total
- age   4:   94356568 bytes,  191363392 total
: 2533931K->340317K(2621440K), 0.9633270 secs] 6187621K->4102714K(8912896K), 0.9634780 secs] [Times: user=16.51 sys=0.01, real=0.96 secs] 
2012-11-15T08:56:58.648+0100: 44177.604: [GC 44177.604: [ParNew
Desired survivor size 268435456 bytes, new threshold 15 (max 15)
- age   1:   37330352 bytes,   37330352 total
- age   2:   14657552 bytes,   51987904 total
- age   3:   19873360 bytes,   71861264 total
- age   4:   56651944 bytes,  128513208 total
- age   5:   94354120 bytes,  222867328 total
: 2437469K->294064K(2621440K), 0.4712160 secs] 6199866K->4056461K(8912896K), 0.4713420 secs] [Times: user=8.32 sys=0.00, real=0.47 secs] 
2012-11-15T08:57:10.694+0100: 44189.650: [GC 44189.650: [ParNew
Desired survivor size 268435456 bytes, new threshold 6 (max 15)
- age   1:   64075616 bytes,   64075616 total
- age   2:   31784480 bytes,   95860096 total
- age   3:   14643880 bytes,  110503976 total
- age   4:   19870576 bytes,  130374552 total
- age   5:   56627472 bytes,  187002024 total
- age   6:   94353944 bytes,  281355968 total
: 2391216K->366243K(2621440K), 0.3164840 secs] 6153613K->4128640K(8912896K), 0.3166120 secs] [Times: user=5.46 sys=0.00, real=0.31 secs] 
2012-11-15T08:57:36.312+0100: 44215.268: [GC 44215.268: [ParNew
Desired survivor size 268435456 bytes, new threshold 15 (max 15)
- age   1:   48205536 bytes,   48205536 total
- age   2:   58071464 bytes,  106277000 total
- age   3:   30811536 bytes,  137088536 total
- age   4:   14643408 bytes,  151731944 total
- age   5:   19754016 bytes,  171485960 total
- age   6:   56626920 bytes,  228112880 total
: 2463395K->353592K(2621440K), 0.4382100 secs] 6225792K->4208941K(8912896K), 0.4383480 secs] [Times: user=7.21 sys=0.00, real=0.45 secs] 
2012-11-15T08:58:06.147+0100: 44245.103: [GC 44245.103: [ParNew
Desired survivor size 268435456 bytes, new threshold 7 (max 15)
- age   1:   50298960 bytes,   50298960 total
- age   2:   42092072 bytes,   92391032 total
- age   3:   56384496 bytes,  148775528 total
- age   4:   30370216 bytes,  179145744 total
- age   5:   14642912 bytes,  193788656 total
- age   6:   19231920 bytes,  213020576 total
- age   7:   56522192 bytes,  269542768 total
: 2450744K->333006K(2621440K), 0.1535230 secs] 6306093K->4188355K(8912896K), 0.1536520 secs] [Times: user=2.51 sys=0.01, real=0.16 secs] 
2012-11-15T08:58:26.194+0100: 44265.150: [GC 44265.150: [ParNew
Desired survivor size 268435456 bytes, new threshold 15 (max 15)
- age   1:   49484888 bytes,   49484888 total
- age   2:   44592312 bytes,   94077200 total
- age   3:   42024896 bytes,  136102096 total
- age   4:   56348336 bytes,  192450432 total
- age   5:   30343224 bytes,  222793656 total
- age   6:   14642032 bytes,  237435688 total
- age   7:   19230720 bytes,  256666408 total
: 2430158K->352078K(2621440K), 0.1714730 secs] 6285507K->4262892K(8912896K), 0.1716010 secs] [Times: user=2.61 sys=0.00, real=0.17 secs] 
2012-11-15T08:59:10.925+0100: 44309.881: [GC 44309.881: [ParNew
Desired survivor size 268435456 bytes, new threshold 6 (max 15)
- age   1:   60865048 bytes,   60865048 total
- age   2:   44744720 bytes,  105609768 total
- age   3:   44146216 bytes,  149755984 total
- age   4:   41747248 bytes,  191503232 total
- age   5:   56346872 bytes,  247850104 total
- age   6:   30342256 bytes,  278192360 total
- age   7:   14640608 bytes,  292832968 total
- age   8:   19174112 bytes,  312007080 total
: 2449230K->459235K(2621440K), 0.0883920 secs] 6360044K->4370048K(8912896K), 0.0885140 secs] [Times: user=1.35 sys=0.00, real=0.08 secs] 
2012-11-15T08:59:56.541+0100: 44355.497: [GC 44355.497: [ParNew
Desired survivor size 268435456 bytes, new threshold 15 (max 15)
- age   1:   21386312 bytes,   21386312 total
- age   2:   54584296 bytes,   75970608 total
- age   3:   44287584 bytes,  120258192 total
- age   4:   42473704 bytes,  162731896 total
- age   5:   41744728 bytes,  204476624 total
- age   6:   56321792 bytes,  260798416 total
: 2556387K->369198K(2621440K), 0.1072320 secs] 6467200K->4342910K(8912896K), 0.1073780 secs] [Times: user=1.47 sys=0.00, real=0.11 secs] 
2012-11-15T09:00:29.870+0100: 44388.826: [GC 44388.826: [ParNew
Desired survivor size 268435456 bytes, new threshold 7 (max 15)
- age   1:   52980168 bytes,   52980168 total
- age   2:   14242264 bytes,   67222432 total
- age   3:   53921136 bytes,  121143568 total
- age   4:   44274080 bytes,  165417648 total
- age   5:   42472080 bytes,  207889728 total
- age   6:   41743504 bytes,  249633232 total
- age   7:   56321544 bytes,  305954776 total
: 2466350K->392853K(2621440K), 0.1475850 secs] 6440062K->4366565K(8912896K), 0.1477220 secs] [Times: user=2.56 sys=0.00, real=0.15 secs] 
2012-11-15T09:01:37.485+0100: 44456.441: [GC 44456.441: [ParNew
Desired survivor size 268435456 bytes, new threshold 7 (max 15)
- age   1:   41952736 bytes,   41952736 total
- age   2:   50038688 bytes,   91991424 total
- age   3:   14110240 bytes,  106101664 total
- age   4:   53920136 bytes,  160021800 total
- age   5:   44274048 bytes,  204295848 total
- age   6:   42471520 bytes,  246767368 total
- age   7:   41742648 bytes,  288510016 total
: 2490005K->419951K(2621440K), 0.1419880 secs] 6463717K->4449507K(8912896K), 0.1597990 secs] [Times: user=2.03 sys=0.00, real=0.16 secs] 
2012-11-15T09:03:05.564+0100: 44544.520: [GC 44544.520: [ParNew
Desired survivor size 268435456 bytes, new threshold 7 (max 15)
- age   1:   39521000 bytes,   39521000 total
- age   2:   34350224 bytes,   73871224 total
- age   3:   47771416 bytes,  121642640 total
- age   4:   13957560 bytes,  135600200 total
- age   5:   53820120 bytes,  189420320 total
- age   6:   42297120 bytes,  231717440 total
- age   7:   41444392 bytes,  273161832 total
: 2517103K->392385K(2621440K), 0.1362180 secs] 6546659K->4463279K(8912896K), 0.1363370 secs] [Times: user=2.08 sys=0.00, real=0.14 secs] 
2012-11-15T09:04:36.873+0100: 44635.829: [GC 44635.829: [ParNew
Desired survivor size 268435456 bytes, new threshold 7 (max 15)
- age   1:   56286544 bytes,   56286544 total
- age   2:   33502144 bytes,   89788688 total
- age   3:   34241224 bytes,  124029912 total
- age   4:   47768488 bytes,  171798400 total
- age   5:   13771144 bytes,  185569544 total
- age   6:   53773440 bytes,  239342984 total
- age   7:   42206720 bytes,  281549704 total
: 2489537K->362204K(2621440K), 0.1065190 secs] 6560431K->4473743K(8912896K), 0.1066350 secs] [Times: user=1.44 sys=0.00, real=0.11 secs] 
2012-11-15T09:06:14.071+0100: 44733.027: [GC 44733.027: [ParNew
Desired survivor size 268435456 bytes, new threshold 7 (max 15)
- age   1:   38867024 bytes,   38867024 total
- age   2:   49099048 bytes,   87966072 total
- age   3:   32945648 bytes,  120911720 total
- age   4:   34169528 bytes,  155081248 total
- age   5:   47729232 bytes,  202810480 total
- age   6:   13768504 bytes,  216578984 total
- age   7:   53770776 bytes,  270349760 total
: 2459356K->392877K(2621440K), 0.1496670 secs] 6570895K->4546268K(8912896K), 0.1497810 secs] [Times: user=2.24 sys=0.00, real=0.15 secs] 
2012-11-15T09:07:24.988+0100: 44803.944: [GC 44803.944: [ParNew
Desired survivor size 268435456 bytes, new threshold 7 (max 15)
- age   1:   63037424 bytes,   63037424 total
- age   2:   32146768 bytes,   95184192 total
- age   3:   48123016 bytes,  143307208 total
- age   4:   32896056 bytes,  176203264 total
- age   5:   33966104 bytes,  210169368 total
- age   6:   47728248 bytes,  257897616 total
- age   7:   13745104 bytes,  271642720 total
: 2490029K->355053K(2621440K), 0.1108360 secs] 6643420K->4561789K(8912896K), 0.1109540 secs] [Times: user=1.45 sys=0.00, real=0.11 secs] 
2012-11-15T09:08:35.082+0100: 44874.038: [GC 44874.038: [ParNew
Desired survivor size 268435456 bytes, new threshold 7 (max 15)
- age   1:   40317152 bytes,   40317152 total
- age   2:   54219960 bytes,   94537112 total
- age   3:   31154240 bytes,  125691352 total
- age   4:   47988616 bytes,  173679968 total
- age   5:   32730528 bytes,  206410496 total
- age   6:   33965960 bytes,  240376456 total
- age   7:   47728216 bytes,  288104672 total
: 2452205K->351938K(2621440K), 0.1376920 secs] 6658941K->4572294K(8912896K), 0.1378310 secs] [Times: user=2.21 sys=0.00, real=0.14 secs] 
2012-11-15T09:10:11.222+0100: 44970.178: [GC 44970.178: [ParNew
Desired survivor size 268435456 bytes, new threshold 7 (max 15)
- age   1:   60675216 bytes,   60675216 total
- age   2:   33042656 bytes,   93717872 total
- age   3:   54140112 bytes,  147857984 total
- age   4:   31142432 bytes,  179000416 total
- age   5:   47276976 bytes,  226277392 total
- age   6:   32411488 bytes,  258688880 total
- age   7:   33743496 bytes,  292432376 total
: 2449090K->351733K(2621440K), 0.3287490 secs] 6669446K->4618849K(8912896K), 0.3288720 secs] [Times: user=5.53 sys=0.01, real=0.33 secs] 
2012-11-15T09:11:21.563+0100: 45040.519: [GC 45040.519: [ParNew
Desired survivor size 268435456 bytes, new threshold 6 (max 15)
- age   1:   69202592 bytes,   69202592 total
- age   2:   55450080 bytes,  124652672 total
- age   3:   33001896 bytes,  157654568 total
- age   4:   54086488 bytes,  211741056 total
- age   5:   31094008 bytes,  242835064 total
- age   6:   47274864 bytes,  290109928 total
- age   7:   32242608 bytes,  322352536 total
: 2448885K->439864K(2621440K), 0.3768510 secs] 6716001K->4740038K(8912896K), 0.3769700 secs] [Times: user=6.44 sys=0.00, real=0.38 secs] 
2012-11-15T09:12:06.657+0100: 45085.613: [GC 45085.613: [ParNew
Desired survivor size 268435456 bytes, new threshold 6 (max 15)
- age   1:   62764488 bytes,   62764488 total
- age   2:   64433648 bytes,  127198136 total
- age   3:   53051328 bytes,  180249464 total
- age   4:   32967208 bytes,  213216672 total
- age   5:   54007928 bytes,  267224600 total
- age   6:   31093976 bytes,  298318576 total
: 2537016K->460719K(2621440K), 0.2456160 secs] 6837190K->4839648K(8912896K), 0.2457350 secs] [Times: user=3.76 sys=0.01, real=0.24 secs] 
2012-11-15T09:13:05.710+0100: 45144.666: [GC 45144.666: [ParNew
Desired survivor size 268435456 bytes, new threshold 5 (max 15)
- age   1:   76144368 bytes,   76144368 total
- age   2:   56874688 bytes,  133019056 total
- age   3:   62879976 bytes,  195899032 total
- age   4:   51921976 bytes,  247821008 total
- age   5:   32826864 bytes,  280647872 total
- age   6:   53933704 bytes,  334581576 total
: 2557871K->423736K(2621440K), 0.4119620 secs] 6936800K->4833394K(8912896K), 0.4120840 secs] [Times: user=7.07 sys=0.00, real=0.41 secs] 
2012-11-15T09:14:08.905+0100: 45207.861: [GC 45207.861: [ParNew
Desired survivor size 268435456 bytes, new threshold 4 (max 15)
- age   1:  101214840 bytes,  101214840 total
- age   2:   69448576 bytes,  170663416 total
- age   3:   56769808 bytes,  227433224 total
- age   4:   62465400 bytes,  289898624 total
- age   5:   51920032 bytes,  341818656 total
: 2520888K->475442K(2621440K), 0.9170520 secs] 6930546K->4971156K(8912896K), 0.9171720 secs] [Times: user=15.90 sys=0.01, real=0.92 secs] 
2012-11-15T09:14:38.693+0100: 45237.649: [GC 45237.649: [ParNew
Desired survivor size 268435456 bytes, new threshold 15 (max 15)
- age   1:   25939992 bytes,   25939992 total
- age   2:   95384768 bytes,  121324760 total
- age   3:   68807744 bytes,  190132504 total
- age   4:   56631160 bytes,  246763664 total
: 2572594K->383500K(2621440K), 1.1097510 secs] 7068308K->4991364K(8912896K), 1.1098730 secs] [Times: user=19.22 sys=0.00, real=1.11 secs] 
2012-11-15T09:15:08.126+0100: 45267.082: [GC 45267.082: [ParNew
Desired survivor size 268435456 bytes, new threshold 15 (max 15)
- age   1:   23314488 bytes,   23314488 total
- age   2:   21976984 bytes,   45291472 total
- age   3:   95301792 bytes,  140593264 total
- age   4:   68313928 bytes,  208907192 total
- age   5:   56345088 bytes,  265252280 total
: 2480652K->364656K(2621440K), 0.5811830 secs] 7088516K->4972520K(8912896K), 0.5813100 secs] [Times: user=10.33 sys=0.00, real=0.58 secs] 
2012-11-15T09:15:50.256+0100: 45309.212: [GC 45309.212: [ParNew
Desired survivor size 268435456 bytes, new threshold 6 (max 15)
- age   1:   53054912 bytes,   53054912 total
- age   2:   19720608 bytes,   72775520 total
- age   3:   21790984 bytes,   94566504 total
- age   4:   93622168 bytes,  188188672 total
- age   5:   67653400 bytes,  255842072 total
- age   6:   55968440 bytes,  311810512 total
: 2461543K->433479K(2621440K), 0.4802590 secs] 7069407K->5041343K(8912896K), 0.4804110 secs] [Times: user=8.43 sys=0.00, real=0.48 secs] 
2012-11-15T09:17:09.819+0100: 45388.775: [GC 45388.775: [ParNew
Desired survivor size 268435456 bytes, new threshold 6 (max 15)
- age   1:   32654576 bytes,   32654576 total
- age   2:   44882208 bytes,   77536784 total
- age   3:   19199560 bytes,   96736344 total
- age   4:   21330152 bytes,  118066496 total
- age   5:   93620376 bytes,  211686872 total
- age   6:   67542592 bytes,  279229464 total
: 2530631K->389087K(2621440K), 0.4712750 secs] 7138495K->5052304K(8912896K), 0.4714050 secs] [Times: user=8.06 sys=0.01, real=0.47 secs] 
2012-11-15T09:17:57.505+0100: 45436.461: [GC 45436.461: [ParNew
Desired survivor size 268435456 bytes, new threshold 6 (max 15)
- age   1:   67162272 bytes,   67162272 total
- age   2:   28262968 bytes,   95425240 total
- age   3:   43116904 bytes,  138542144 total
- age   4:   18138856 bytes,  156681000 total
- age   5:   21285008 bytes,  177966008 total
- age   6:   93620344 bytes,  271586352 total
: 2486239K->369665K(2621440K), 0.8562310 secs] 7149456K->5099344K(8912896K), 0.8563540 secs] [Times: user=14.91 sys=0.00, real=0.85 secs] 
2012-11-15T09:17:58.363+0100: 45437.319: [GC [1 CMS-initial-mark: 4729678K(6291456K)] 5099448K(8912896K), 0.2677170 secs] [Times: user=0.27 sys=0.00, real=0.26 secs] 
2012-11-15T09:17:58.631+0100: 45437.587: [CMS-concurrent-mark-start]
2012-11-15T09:17:59.379+0100: 45438.335: [CMS-concurrent-mark: 0.748/0.748 secs] [Times: user=4.04 sys=0.03, real=0.75 secs] 
2012-11-15T09:17:59.379+0100: 45438.335: [CMS-concurrent-preclean-start]
2012-11-15T09:17:59.400+0100: 45438.356: [CMS-concurrent-preclean: 0.020/0.021 secs] [Times: user=0.02 sys=0.00, real=0.02 secs] 
2012-11-15T09:17:59.400+0100: 45438.356: [CMS-concurrent-abortable-preclean-start]
 CMS: abort preclean due to time 2012-11-15T09:18:10.296+0100: 45449.252: [CMS-concurrent-abortable-preclean: 10.887/10.896 secs] [Times: user=12.16 sys=0.08, real=10.90 secs] 
2012-11-15T09:18:10.298+0100: 45449.254: [GC[YG occupancy: 884220 K (2621440 K)]45449.254: [Rescan (parallel) , 0.1261470 secs]45449.380: [weak refs processing, 0.0039970 secs] [1 CMS-remark: 4729678K(6291456K)] 5613898K(8912896K), 0.1303430 secs] [Times: user=2.13 sys=0.00, real=0.13 secs] 
2012-11-15T09:18:10.429+0100: 45449.385: [CMS-concurrent-sweep-start]
2012-11-15T09:18:17.547+0100: 45456.502: [CMS-concurrent-sweep: 7.111/7.118 secs] [Times: user=8.02 sys=0.22, real=7.12 secs] 
2012-11-15T09:18:17.547+0100: 45456.503: [CMS-concurrent-reset-start]
2012-11-15T09:18:17.564+0100: 45456.520: [CMS-concurrent-reset: 0.017/0.017 secs] [Times: user=0.02 sys=0.00, real=0.02 secs] 
2012-11-15T09:18:36.183+0100: 45475.139: [GC 45475.139: [ParNew
Desired survivor size 268435456 bytes, new threshold 15 (max 15)
- age   1:   47614200 bytes,   47614200 total
- age   2:   61244056 bytes,  108858256 total
- age   3:   27100816 bytes,  135959072 total
- age   4:   42675008 bytes,  178634080 total
- age   5:   18113072 bytes,  196747152 total
- age   6:   21240448 bytes,  217987600 total
: 2466817K->314287K(2621440K), 0.7202700 secs] 4085158K->2024396K(8912896K), 0.7203900 secs] [Times: user=12.16 sys=0.01, real=0.72 secs] 
2012-11-15T09:19:29.624+0100: 45528.580: [GC 45528.580: [ParNew
Desired survivor size 268435456 bytes, new threshold 15 (max 15)
- age   1:   52148296 bytes,   52148296 total
- age   2:   41541160 bytes,   93689456 total
- age   3:   61224688 bytes,  154914144 total
- age   4:   27014584 bytes,  181928728 total
- age   5:   42673336 bytes,  224602064 total
- age   6:   17690976 bytes,  242293040 total
- age   7:   21239384 bytes,  263532424 total
: 2411439K->338603K(2621440K), 0.0753300 secs] 4121548K->2048712K(8912896K), 0.0754540 secs] [Times: user=1.11 sys=0.00, real=0.07 secs] 
2012-11-15T09:19:58.464+0100: 45557.420: [GC 45557.420: [ParNew
Desired survivor size 268435456 bytes, new threshold 6 (max 15)
- age   1:   73093088 bytes,   73093088 total
- age   2:   46223016 bytes,  119316104 total
- age   3:   40136968 bytes,  159453072 total
- age   4:   61064984 bytes,  220518056 total
- age   5:   26661128 bytes,  247179184 total
- age   6:   41938208 bytes,  289117392 total
- age   7:   17246952 bytes,  306364344 total
- age   8:   21163256 bytes,  327527600 total
: 2435755K->424907K(2621440K), 0.1332420 secs] 4145864K->2135016K(8912896K), 0.1333810 secs] [Times: user=2.26 sys=0.00, real=0.13 secs] 
2012-11-15T09:21:09.750+0100: 45628.706: [GC 45628.706: [ParNew
Desired survivor size 268435456 bytes, new threshold 6 (max 15)
- age   1:   44252992 bytes,   44252992 total
- age   2:   67261920 bytes,  111514912 total
- age   3:   45824552 bytes,  157339464 total
- age   4:   39986320 bytes,  197325784 total
- age   5:   60573616 bytes,  257899400 total
- age   6:   26282128 bytes,  284181528 total
: 2522059K->402852K(2621440K), 0.1218090 secs] 4232168K->2191390K(8912896K), 0.1219230 secs] [Times: user=1.58 sys=0.00, real=0.13 secs] 
2012-11-15T09:21:52.287+0100: 45671.242: [GC 45671.243: [ParNew
Desired survivor size 268435456 bytes, new threshold 6 (max 15)
- age   1:   65486504 bytes,   65486504 total
- age   2:   33617200 bytes,   99103704 total
- age   3:   67057256 bytes,  166160960 total
- age   4:   45776616 bytes,  211937576 total
- age   5:   39106608 bytes,  251044184 total
- age   6:   60466808 bytes,  311510992 total
: 2500004K->410214K(2621440K), 0.3040270 secs] 4288542K->2224740K(8912896K), 0.3041510 secs] [Times: user=5.02 sys=0.00, real=0.33 secs] 
2012-11-15T09:22:13.606+0100: 45692.562: [GC 45692.562: [ParNew
Desired survivor size 268435456 bytes, new threshold 5 (max 15)
- age   1:   65783296 bytes,   65783296 total
- age   2:   58459112 bytes,  124242408 total
- age   3:   33133952 bytes,  157376360 total
- age   4:   66788008 bytes,  224164368 total
- age   5:   45589504 bytes,  269753872 total
- age   6:   39105680 bytes,  308859552 total
: 2507366K->461346K(2621440K), 0.2774980 secs] 4321892K->2335189K(8912896K), 0.2776240 secs] [Times: user=4.31 sys=0.00, real=0.28 secs] 
2012-11-15T09:23:25.387+0100: 45764.343: [GC 45764.343: [ParNew
Desired survivor size 268435456 bytes, new threshold 5 (max 15)
- age   1:   68403816 bytes,   68403816 total
- age   2:   58969064 bytes,  127372880 total
- age   3:   55171368 bytes,  182544248 total
- age   4:   32970624 bytes,  215514872 total
- age   5:   66511232 bytes,  282026104 total
: 2558498K->414760K(2621440K), 0.5548500 secs] 4432341K->2372354K(8912896K), 0.5549740 secs] [Times: user=9.30 sys=0.00, real=0.55 secs] 
2012-11-15T09:23:55.925+0100: 45794.881: [GC 45794.881: [ParNew
Desired survivor size 268435456 bytes, new threshold 5 (max 15)
- age   1:   71611064 bytes,   71611064 total
- age   2:   62172200 bytes,  133783264 total
- age   3:   58905888 bytes,  192689152 total
- age   4:   54822232 bytes,  247511384 total
- age   5:   32968072 bytes,  280479456 total
: 2511912K->419844K(2621440K), 0.7765680 secs] 4469506K->2442818K(8912896K), 0.7767010 secs] [Times: user=13.40 sys=0.00, real=0.79 secs] 
2012-11-15T09:24:16.323+0100: 45815.279: [GC 45815.279: [ParNew
Desired survivor size 268435456 bytes, new threshold 5 (max 15)
- age   1:   59828552 bytes,   59828552 total
- age   2:   65867664 bytes,  125696216 total
- age   3:   61692032 bytes,  187388248 total
- age   4:   58604248 bytes,  245992496 total
- age   5:   53848912 bytes,  299841408 total
: 2516996K->396722K(2621440K), 0.8903090 secs] 4539970K->2451711K(8912896K), 0.8904530 secs] [Times: user=15.67 sys=0.01, real=0.91 secs] 
2012-11-15T09:24:33.462+0100: 45832.418: [GC 45832.418: [ParNew
Desired survivor size 268435456 bytes, new threshold 15 (max 15)
- age   1:   19897368 bytes,   19897368 total
- age   2:   54424240 bytes,   74321608 total
- age   3:   65790584 bytes,  140112192 total
- age   4:   61123376 bytes,  201235568 total
- age   5:   58602952 bytes,  259838520 total
: 2493874K->351516K(2621440K), 0.8943990 secs] 4548863K->2459317K(8912896K), 0.8945200 secs] [Times: user=15.64 sys=0.00, real=0.89 secs] 
2012-11-15T09:25:01.175+0100: 45860.130: [GC 45860.131: [ParNew
Desired survivor size 268435456 bytes, new threshold 6 (max 15)
- age   1:   21711888 bytes,   21711888 total
- age   2:   14849680 bytes,   36561568 total
- age   3:   54109192 bytes,   90670760 total
- age   4:   65738520 bytes,  156409280 total
- age   5:   61122448 bytes,  217531728 total
- age   6:   58597448 bytes,  276129176 total
: 2448668K->319983K(2621440K), 0.7783880 secs] 4556469K->2427784K(8912896K), 0.7785300 secs] [Times: user=10.53 sys=0.01, real=0.78 secs] 
2012-11-15T09:25:31.281+0100: 45890.237: [GC 45890.237: [ParNew
Desired survivor size 268435456 bytes, new threshold 6 (max 15)
- age   1:   63147416 bytes,   63147416 total
- age   2:   17358960 bytes,   80506376 total
- age   3:   13548072 bytes,   94054448 total
- age   4:   53457528 bytes,  147511976 total
- age   5:   65736992 bytes,  213248968 total
- age   6:   60928272 bytes,  274177240 total
: 2417135K->387369K(2621440K), 0.8518890 secs] 4524936K->2553199K(8912896K), 0.8520130 secs] [Times: user=14.78 sys=0.00, real=0.85 secs] 
2012-11-15T09:25:54.884+0100: 45913.840: [GC 45913.840: [ParNew
Desired survivor size 268435456 bytes, new threshold 1 (max 15)
- age   1:  285328096 bytes,  285328096 total
- age   2:   50814632 bytes,  336142728 total
- age   3:   16766984 bytes,  352909712 total
- age   4:   13330216 bytes,  366239928 total
- age   5:   50349792 bytes,  416589720 total
- age   6:   65674552 bytes,  482264272 total
: 2471021K->524288K(2621440K), 0.8948980 secs] 4636852K->2897841K(8912896K), 0.8950280 secs] [Times: user=15.48 sys=0.01, real=0.89 secs] 
2012-11-15T09:26:02.716+0100: 45921.672: [GC 45921.673: [ParNew
Desired survivor size 268435456 bytes, new threshold 15 (max 15)
- age   1:   32743784 bytes,   32743784 total
: 2621440K->232525K(2621440K), 0.3648410 secs] 4994993K->2825541K(8912896K), 0.3649680 secs] [Times: user=5.24 sys=0.01, real=0.36 secs] 
2012-11-15T09:26:38.513+0100: 45957.469: [GC 45957.469: [ParNew
Desired survivor size 268435456 bytes, new threshold 15 (max 15)
- age   1:   56082760 bytes,   56082760 total
- age   2:   29546040 bytes,   85628800 total
: 2329677K->112878K(2621440K), 0.0412730 secs] 4922693K->2705894K(8912896K), 0.0413990 secs] [Times: user=0.53 sys=0.00, real=0.04 secs] 
2012-11-15T09:27:07.571+0100: 45986.527: [GC 45986.527: [ParNew
Desired survivor size 268435456 bytes, new threshold 15 (max 15)
- age   1:   86717192 bytes,   86717192 total
- age   2:   47149520 bytes,  133866712 total
- age   3:   29495800 bytes,  163362512 total
: 2210030K->191420K(2621440K), 0.1804350 secs] 4803046K->2784435K(8912896K), 0.1805610 secs] [Times: user=3.07 sys=0.00, real=0.18 secs] 
2012-11-15T09:27:45.355+0100: 46024.311: [GC 46024.311: [ParNew
Desired survivor size 268435456 bytes, new threshold 15 (max 15)
- age   1:   42363456 bytes,   42363456 total
- age   2:   78345760 bytes,  120709216 total
- age   3:   46093472 bytes,  166802688 total
- age   4:   29492224 bytes,  196294912 total
: 2288090K->275508K(2621440K), 0.1298460 secs] 4881106K->2868524K(8912896K), 0.1299700 secs] [Times: user=2.14 sys=0.00, real=0.13 secs] 
2012-11-15T09:28:16.168+0100: 46055.124: [GC 46055.124: [ParNew
Desired survivor size 268435456 bytes, new threshold 15 (max 15)
- age   1:   43945264 bytes,   43945264 total
- age   2:   36824120 bytes,   80769384 total
- age   3:   78073784 bytes,  158843168 total
- age   4:   45627616 bytes,  204470784 total
- age   5:   29490528 bytes,  233961312 total
: 2372660K->325724K(2621440K), 0.0678710 secs] 4965676K->2918740K(8912896K), 0.0680000 secs] [Times: user=0.99 sys=0.00, real=0.07 secs] 
2012-11-15T09:29:02.886+0100: 46101.842: [GC 46101.842: [ParNew
Desired survivor size 268435456 bytes, new threshold 2 (max 15)
- age   1:  250937976 bytes,  250937976 total
- age   2:   38117344 bytes,  289055320 total
- age   3:   34173488 bytes,  323228808 total
- age   4:   76853704 bytes,  400082512 total
- age   5:   45624568 bytes,  445707080 total
- age   6:   29488848 bytes,  475195928 total
: 2422876K->524288K(2621440K), 0.1468700 secs] 5015892K->3121402K(8912896K), 0.1470180 secs] [Times: user=2.37 sys=0.00, real=0.15 secs] 
2012-11-15T09:29:42.232+0100: 46141.188: [GC 46141.188: [ParNew
Desired survivor size 268435456 bytes, new threshold 15 (max 15)
- age   1:   33877864 bytes,   33877864 total
- age   2:    3781056 bytes,   37658920 total
: 2621440K->228182K(2621440K), 0.2018150 secs] 5218554K->3044993K(8912896K), 0.2019390 secs] [Times: user=2.22 sys=0.00, real=0.20 secs] 
2012-11-15T09:30:09.963+0100: 46168.919: [GC 46168.919: [ParNew
Desired survivor size 268435456 bytes, new threshold 15 (max 15)
- age   1:   69077816 bytes,   69077816 total
- age   2:   26264264 bytes,   95342080 total
- age   3:    3322936 bytes,   98665016 total
: 2325334K->132311K(2621440K), 0.1297900 secs] 5142145K->2949123K(8912896K), 0.1299150 secs] [Times: user=2.12 sys=0.00, real=0.13 secs] 
2012-11-15T09:30:44.769+0100: 46203.725: [GC 46203.725: [ParNew
Desired survivor size 268435456 bytes, new threshold 15 (max 15)
- age   1:   24164888 bytes,   24164888 total
- age   2:   62401680 bytes,   86566568 total
- age   3:   25616552 bytes,  112183120 total
- age   4:    2843896 bytes,  115027016 total
: 2229463K->161895K(2621440K), 0.1119320 secs] 5046275K->2978706K(8912896K), 0.1120540 secs] [Times: user=1.90 sys=0.00, real=0.11 secs] 
2012-11-15T09:31:32.774+0100: 46251.730: [GC 46251.730: [ParNew
Desired survivor size 268435456 bytes, new threshold 15 (max 15)
- age   1:   36894112 bytes,   36894112 total
- age   2:   20946920 bytes,   57841032 total
- age   3:   60564344 bytes,  118405376 total
- age   4:   25575552 bytes,  143980928 total
- age   5:    2768520 bytes,  146749448 total
: 2259047K->210833K(2621440K), 0.1557810 secs] 5075858K->3027645K(8912896K), 0.1558940 secs] [Times: user=2.65 sys=0.00, real=0.16 secs] 
2012-11-15T09:31:53.883+0100: 46272.839: [GC 46272.839: [ParNew
Desired survivor size 268435456 bytes, new threshold 15 (max 15)
- age   1:   88914672 bytes,   88914672 total
- age   2:   31420768 bytes,  120335440 total
- age   3:   16331296 bytes,  136666736 total
- age   4:   60254000 bytes,  196920736 total
- age   5:   25574456 bytes,  222495192 total
- age   6:    2768104 bytes,  225263296 total
: 2307985K->307940K(2621440K), 0.5667850 secs] 5124797K->3124752K(8912896K), 0.5668990 secs] [Times: user=10.10 sys=0.00, real=0.57 secs] 
2012-11-15T09:32:09.936+0100: 46288.892: [GC 46288.892: [ParNew
Desired survivor size 268435456 bytes, new threshold 15 (max 15)
- age   1:   36363400 bytes,   36363400 total
- age   2:   85954432 bytes,  122317832 total
- age   3:   31251328 bytes,  153569160 total
- age   4:   16331024 bytes,  169900184 total
- age   5:   60138104 bytes,  230038288 total
- age   6:   25574384 bytes,  255612672 total
- age   7:    2768104 bytes,  258380776 total
: 2405092K->341213K(2621440K), 0.5381000 secs] 5221904K->3158024K(8912896K), 0.5382290 secs] [Times: user=9.53 sys=0.01, real=0.56 secs] 
2012-11-15T09:32:53.723+0100: 46332.679: [GC 46332.679: [ParNew
Desired survivor size 268435456 bytes, new threshold 1 (max 15)
- age   1:  278612232 bytes,  278612232 total
- age   2:   31115760 bytes,  309727992 total
- age   3:   59072024 bytes,  368800016 total
- age   4:   30418856 bytes,  399218872 total
- age   5:   14280680 bytes,  413499552 total
- age   6:   56746632 bytes,  470246184 total
- age   7:   25486032 bytes,  495732216 total
- age   8:    2721704 bytes,  498453920 total
: 2438365K->524288K(2621440K), 0.5566560 secs] 5255176K->3371399K(8912896K), 0.5567780 secs] [Times: user=9.73 sys=0.00, real=0.56 secs] 
2012-11-15T09:33:06.226+0100: 46345.182: [GC 46345.182: [ParNew
Desired survivor size 268435456 bytes, new threshold 15 (max 15)
- age   1:  194011840 bytes,  194011840 total
: 2621440K->404328K(2621440K), 0.1559120 secs] 5468551K->3473633K(8912896K), 0.1560370 secs] [Times: user=1.51 sys=0.02, real=0.16 secs] 
2012-11-15T09:34:03.001+0100: 46401.957: [GC 46401.957: [ParNew
Desired survivor size 268435456 bytes, new threshold 15 (max 15)
- age   1:   34155784 bytes,   34155784 total
- age   2:   10729984 bytes,   44885768 total
: 2501480K->69772K(2621440K), 0.0272010 secs] 5570785K->3139078K(8912896K), 0.0273460 secs] [Times: user=0.30 sys=0.00, real=0.03 secs] 
2012-11-15T09:34:35.151+0100: 46434.107: [GC 46434.107: [ParNew
Desired survivor size 268435456 bytes, new threshold 15 (max 15)
- age   1:   34003120 bytes,   34003120 total
- age   2:   27102432 bytes,   61105552 total
- age   3:   10630816 bytes,   71736368 total
: 2166924K->95392K(2621440K), 0.0305790 secs] 5236230K->3164698K(8912896K), 0.0306960 secs] [Times: user=0.39 sys=0.00, real=0.02 secs] 
2012-11-15T09:35:27.749+0100: 46486.705: [GC 46486.705: [ParNew
Desired survivor size 268435456 bytes, new threshold 15 (max 15)
- age   1:   35367496 bytes,   35367496 total
- age   2:   28246448 bytes,   63613944 total
- age   3:   26077416 bytes,   89691360 total
- age   4:   10625824 bytes,  100317184 total
: 2192544K->140303K(2621440K), 0.0382060 secs] 5261850K->3209608K(8912896K), 0.0383230 secs] [Times: user=0.52 sys=0.00, real=0.04 secs] 
2012-11-15T09:36:12.664+0100: 46531.620: [GC 46531.620: [ParNew
Desired survivor size 268435456 bytes, new threshold 15 (max 15)
- age   1:   51442856 bytes,   51442856 total
- age   2:   25563048 bytes,   77005904 total
- age   3:   27917608 bytes,  104923512 total
- age   4:   26065208 bytes,  130988720 total
- age   5:   10625168 bytes,  141613888 total
: 2237455K->201318K(2621440K), 0.0523610 secs] 5306760K->3270623K(8912896K), 0.0524820 secs] [Times: user=0.72 sys=0.00, real=0.06 secs] 
2012-11-15T09:37:09.092+0100: 46588.048: [GC 46588.048: [ParNew
Desired survivor size 268435456 bytes, new threshold 15 (max 15)
- age   1:   42927264 bytes,   42927264 total
- age   2:   41762656 bytes,   84689920 total
- age   3:   25466488 bytes,  110156408 total
- age   4:   27916792 bytes,  138073200 total
- age   5:   26063448 bytes,  164136648 total
- age   6:   10591272 bytes,  174727920 total
: 2298470K->241240K(2621440K), 0.0552660 secs] 5367775K->3310545K(8912896K), 0.0553820 secs] [Times: user=0.79 sys=0.00, real=0.05 secs] 
2012-11-15T09:37:53.455+0100: 46632.411: [GC 46632.411: [ParNew
Desired survivor size 268435456 bytes, new threshold 15 (max 15)
- age   1:   15165264 bytes,   15165264 total
- age   2:   35814168 bytes,   50979432 total
- age   3:   41703952 bytes,   92683384 total
- age   4:   24924744 bytes,  117608128 total
- age   5:   27916472 bytes,  145524600 total
- age   6:   26062968 bytes,  171587568 total
- age   7:   10591272 bytes,  182178840 total
: 2338392K->226522K(2621440K), 0.0475020 secs] 5407697K->3295827K(8912896K), 0.0476200 secs] [Times: user=0.76 sys=0.00, real=0.05 secs] 
2012-11-15T09:38:48.295+0100: 46687.251: [GC 46687.251: [ParNew
Desired survivor size 268435456 bytes, new threshold 15 (max 15)
- age   1:   55142488 bytes,   55142488 total
- age   2:    9307120 bytes,   64449608 total
- age   3:   35102168 bytes,   99551776 total
- age   4:   41636784 bytes,  141188560 total
- age   5:   24830912 bytes,  166019472 total
- age   6:   27915680 bytes,  193935152 total
- age   7:   26061280 bytes,  219996432 total
- age   8:   10339552 bytes,  230335984 total
: 2323674K->299257K(2621440K), 0.0714800 secs] 5392979K->3368562K(8912896K), 0.0715950 secs] [Times: user=1.03 sys=0.00, real=0.06 secs] 
2012-11-15T09:39:58.151+0100: 46757.107: [GC 46757.107: [ParNew
Desired survivor size 268435456 bytes, new threshold 9 (max 15)
- age   1:   45960400 bytes,   45960400 total
- age   2:   48838568 bytes,   94798968 total
- age   3:    9064904 bytes,  103863872 total
- age   4:   34967720 bytes,  138831592 total
- age   5:   41619376 bytes,  180450968 total
- age   6:   24829968 bytes,  205280936 total
- age   7:   27915072 bytes,  233196008 total
- age   8:   26060272 bytes,  259256280 total
- age   9:   10339456 bytes,  269595736 total
: 2396409K->385011K(2621440K), 0.0775210 secs] 5465714K->3454316K(8912896K), 0.0776390 secs] [Times: user=1.18 sys=0.00, real=0.08 secs] 
2012-11-15T09:40:51.731+0100: 46810.687: [GC 46810.687: [ParNew
Desired survivor size 268435456 bytes, new threshold 8 (max 15)
- age   1:   50266288 bytes,   50266288 total
- age   2:   39849968 bytes,   90116256 total
- age   3:   48833320 bytes,  138949576 total
- age   4:    8471000 bytes,  147420576 total
- age   5:   34967296 bytes,  182387872 total
- age   6:   41561088 bytes,  223948960 total
- age   7:   24821496 bytes,  248770456 total
- age   8:   27914656 bytes,  276685112 total
- age   9:   25201168 bytes,  301886280 total
: 2482163K->387445K(2621440K), 0.0881050 secs] 5551468K->3465942K(8912896K), 0.0882470 secs] [Times: user=1.31 sys=0.00, real=0.08 secs] 
2012-11-15T09:41:23.117+0100: 46842.073: [GC 46842.073: [ParNew
Desired survivor size 268435456 bytes, new threshold 8 (max 15)
- age   1:   43409512 bytes,   43409512 total
- age   2:   43362512 bytes,   86772024 total
- age   3:   39647584 bytes,  126419608 total
- age   4:   48750120 bytes,  175169728 total
- age   5:    7511944 bytes,  182681672 total
- age   6:   34965984 bytes,  217647656 total
- age   7:   41482760 bytes,  259130416 total
- age   8:   24821336 bytes,  283951752 total
: 2484597K->404762K(2621440K), 0.1634310 secs] 5563094K->3535897K(8912896K), 0.1635540 secs] [Times: user=2.61 sys=0.01, real=0.16 secs] 
2012-11-15T09:42:00.335+0100: 46879.291: [GC 46879.291: [ParNew
Desired survivor size 268435456 bytes, new threshold 7 (max 15)
- age   1:   69603152 bytes,   69603152 total
- age   2:   38725928 bytes,  108329080 total
- age   3:   43356512 bytes,  151685592 total
- age   4:   39643056 bytes,  191328648 total
- age   5:   48748128 bytes,  240076776 total
- age   6:    7511216 bytes,  247587992 total
- age   7:   34927920 bytes,  282515912 total
- age   8:   41482800 bytes,  323998712 total
: 2501914K->449289K(2621440K), 0.3466170 secs] 5633049K->3605011K(8912896K), 0.3467590 secs] [Times: user=5.92 sys=0.00, real=0.34 secs] 
2012-11-15T09:42:54.103+0100: 46933.059: [GC 46933.059: [ParNew
Desired survivor size 268435456 bytes, new threshold 6 (max 15)
- age   1:   60322720 bytes,   60322720 total
- age   2:   64979584 bytes,  125302304 total
- age   3:   38638808 bytes,  163941112 total
- age   4:   43011296 bytes,  206952408 total
- age   5:   39624864 bytes,  246577272 total
- age   6:   48746688 bytes,  295323960 total
- age   7:    5562120 bytes,  300886080 total
: 2546441K->427871K(2621440K), 0.2537960 secs] 5702163K->3659337K(8912896K), 0.2539360 secs] [Times: user=3.85 sys=0.00, real=0.25 secs] 
2012-11-15T09:43:18.612+0100: 46957.568: [GC 46957.568: [ParNew
Desired survivor size 268435456 bytes, new threshold 5 (max 15)
- age   1:   74128896 bytes,   74128896 total
- age   2:   53690304 bytes,  127819200 total
- age   3:   63060272 bytes,  190879472 total
- age   4:   38551296 bytes,  229430768 total
- age   5:   43010240 bytes,  272441008 total
- age   6:   39536920 bytes,  311977928 total
: 2525023K->444865K(2621440K), 0.2578230 secs] 5756489K->3729852K(8912896K), 0.2579660 secs] [Times: user=3.97 sys=0.01, real=0.25 secs] 
2012-11-15T09:44:04.270+0100: 47003.226: [GC 47003.226: [ParNew
Desired survivor size 268435456 bytes, new threshold 5 (max 15)
- age   1:   78285000 bytes,   78285000 total
- age   2:   64707568 bytes,  142992568 total
- age   3:   52100256 bytes,  195092824 total
- age   4:   62833384 bytes,  257926208 total
- age   5:   38550984 bytes,  296477192 total
: 2542017K->419530K(2621440K), 0.5749410 secs] 5827004K->3786403K(8912896K), 0.5750760 secs] [Times: user=9.50 sys=0.00, real=0.57 secs] 
2012-11-15T09:44:37.413+0100: 47036.369: [GC 47036.369: [ParNew
Desired survivor size 268435456 bytes, new threshold 5 (max 15)
- age   1:   77372528 bytes,   77372528 total
- age   2:   66240608 bytes,  143613136 total
- age   3:   64041344 bytes,  207654480 total
- age   4:   51897496 bytes,  259551976 total
- age   5:   62052200 bytes,  321604176 total
: 2516682K->435171K(2621440K), 0.5997980 secs] 5883555K->3839215K(8912896K), 0.5999280 secs] [Times: user=10.23 sys=0.00, real=0.60 secs] 
2012-11-15T09:45:28.167+0100: 47087.123: [GC 47087.123: [ParNew
Desired survivor size 268435456 bytes, new threshold 5 (max 15)
- age   1:   65998128 bytes,   65998128 total
- age   2:   68156000 bytes,  134154128 total
- age   3:   65096688 bytes,  199250816 total
- age   4:   63971192 bytes,  263222008 total
- age   5:   51897008 bytes,  315119016 total
: 2532323K->443498K(2621440K), 0.4269100 secs] 5936367K->3908561K(8912896K), 0.4271070 secs] [Times: user=6.99 sys=0.00, real=0.45 secs] 
2012-11-15T09:46:23.248+0100: 47142.204: [GC 47142.204: [ParNew
Desired survivor size 268435456 bytes, new threshold 5 (max 15)
- age   1:   40038848 bytes,   40038848 total
- age   2:   56530984 bytes,   96569832 total
- age   3:   67413160 bytes,  163982992 total
- age   4:   64508000 bytes,  228490992 total
- age   5:   63680760 bytes,  292171752 total
: 2540650K->388892K(2621440K), 0.1558440 secs] 6005713K->3905381K(8912896K), 0.1559860 secs] [Times: user=2.36 sys=0.00, real=0.15 secs] 
2012-11-15T09:47:20.919+0100: 47199.874: [GC 47199.875: [ParNew
Desired survivor size 268435456 bytes, new threshold 15 (max 15)
- age   1:   39923648 bytes,   39923648 total
- age   2:   33667888 bytes,   73591536 total
- age   3:   56018688 bytes,  129610224 total
- age   4:   66847168 bytes,  196457392 total
- age   5:   64465344 bytes,  260922736 total
: 2486044K->401908K(2621440K), 0.1085120 secs] 6002533K->3981560K(8912896K), 0.1086460 secs] [Times: user=1.43 sys=0.00, real=0.11 secs] 
2012-11-15T09:48:30.950+0100: 47269.906: [GC 47269.906: [ParNew
Desired survivor size 268435456 bytes, new threshold 6 (max 15)
- age   1:   51889368 bytes,   51889368 total
- age   2:   33157032 bytes,   85046400 total
- age   3:   33032264 bytes,  118078664 total
- age   4:   56016032 bytes,  174094696 total
- age   5:   66221824 bytes,  240316520 total
- age   6:   64362312 bytes,  304678832 total
: 2499060K->381177K(2621440K), 0.0812550 secs] 6078712K->3960828K(8912896K), 0.0813800 secs] [Times: user=1.23 sys=0.00, real=0.09 secs] 
2012-11-15T09:49:28.887+0100: 47327.842: [GC 47327.843: [ParNew
Desired survivor size 268435456 bytes, new threshold 6 (max 15)
- age   1:   63754088 bytes,   63754088 total
- age   2:   41475488 bytes,  105229576 total
- age   3:   31618752 bytes,  136848328 total
- age   4:   32903456 bytes,  169751784 total
- age   5:   55351568 bytes,  225103352 total
- age   6:   66080352 bytes,  291183704 total
: 2478329K->432118K(2621440K), 0.1208480 secs] 6057980K->4075198K(8912896K), 0.1209650 secs] [Times: user=1.60 sys=0.00, real=0.13 secs] 
2012-11-15T09:50:11.228+0100: 47370.184: [GC 47370.184: [ParNew
Desired survivor size 268435456 bytes, new threshold 5 (max 15)
- age   1:  116468096 bytes,  116468096 total
- age   2:   56514968 bytes,  172983064 total
- age   3:   41008360 bytes,  213991424 total
- age   4:   31596160 bytes,  245587584 total
- age   5:   32615944 bytes,  278203528 total
- age   6:   55351168 bytes,  333554696 total
: 2529270K->503119K(2621440K), 0.4281180 secs] 6172350K->4211127K(8912896K), 0.4282400 secs] [Times: user=7.15 sys=0.01, real=0.44 secs] 
2012-11-15T09:50:26.612+0100: 47385.568: [GC 47385.568: [ParNew
Desired survivor size 268435456 bytes, new threshold 4 (max 15)
- age   1:   87686584 bytes,   87686584 total
- age   2:  106915688 bytes,  194602272 total
- age   3:   56508336 bytes,  251110608 total
- age   4:   40563520 bytes,  291674128 total
- age   5:   31595344 bytes,  323269472 total
: 2600173K->505709K(2621440K), 0.3748080 secs] 6308181K->4300863K(8912896K), 0.3749230 secs] [Times: user=6.09 sys=0.01, real=0.37 secs] 
2012-11-15T09:50:50.367+0100: 47409.323: [GC 47409.324: [ParNew
Desired survivor size 268435456 bytes, new threshold 4 (max 15)
- age   1:   38438832 bytes,   38438832 total
- age   2:   79431952 bytes,  117870784 total
- age   3:  106734344 bytes,  224605128 total
- age   4:   56508216 bytes,  281113344 total
: 2602861K->452956K(2621440K), 0.5291610 secs] 6398015K->4318572K(8912896K), 0.5292860 secs] [Times: user=9.01 sys=0.00, real=0.53 secs] 
2012-11-15T09:50:53.740+0100: 47412.696: [GC 47412.696: [ParNew
Desired survivor size 268435456 bytes, new threshold 15 (max 15)
- age   1:   16540128 bytes,   16540128 total
- age   2:   35188048 bytes,   51728176 total
- age   3:   79430088 bytes,  131158264 total
- age   4:  106733496 bytes,  237891760 total
: 2550108K->330309K(2621440K), 0.5861820 secs] 6415724K->4251990K(8912896K), 0.5863210 secs] [Times: user=10.15 sys=0.00, real=0.59 secs] 
2012-11-15T09:51:04.601+0100: 47423.557: [GC 47423.557: [ParNew
Desired survivor size 268435456 bytes, new threshold 15 (max 15)
- age   1:    3394104 bytes,    3394104 total
- age   2:   13567544 bytes,   16961648 total
- age   3:   32610008 bytes,   49571656 total
- age   4:   79405816 bytes,  128977472 total
- age   5:  106723896 bytes,  235701368 total
: 2427461K->352491K(2621440K), 0.5839020 secs] 6349142K->4274172K(8912896K), 0.5840180 secs] [Times: user=10.44 sys=0.01, real=0.58 secs] 
2012-11-15T09:51:53.544+0100: 47472.500: [GC 47472.500: [ParNew
Desired survivor size 268435456 bytes, new threshold 6 (max 15)
- age   1:   43732320 bytes,   43732320 total
- age   2:     796360 bytes,   44528680 total
- age   3:   13505416 bytes,   58034096 total
- age   4:   31349432 bytes,   89383528 total
- age   5:   79290840 bytes,  168674368 total
- age   6:  106506288 bytes,  275180656 total
: 2449643K->404718K(2621440K), 0.6195020 secs] 6371324K->4326398K(8912896K), 0.6196410 secs] [Times: user=10.95 sys=0.00, real=0.62 secs] 
2012-11-15T09:52:02.641+0100: 47481.597: [GC 47481.597: [ParNew
Desired survivor size 268435456 bytes, new threshold 15 (max 15)
- age   1:   66169768 bytes,   66169768 total
- age   2:   35890368 bytes,  102060136 total
- age   3:     372440 bytes,  102432576 total
- age   4:   13505416 bytes,  115937992 total
- age   5:   31348712 bytes,  147286704 total
- age   6:   79289368 bytes,  226576072 total
: 2501870K->333450K(2621440K), 0.7662930 secs] 6423550K->4359658K(8912896K), 0.7664370 secs] [Times: user=12.84 sys=0.00, real=0.77 secs] 
2012-11-15T09:52:36.728+0100: 47515.684: [GC 47515.684: [ParNew
Desired survivor size 268435456 bytes, new threshold 7 (max 15)
- age   1:   62799520 bytes,   62799520 total
- age   2:   56621256 bytes,  119420776 total
- age   3:   35291472 bytes,  154712248 total
- age   4:     361584 bytes,  155073832 total
- age   5:   13504952 bytes,  168578784 total
- age   6:   31348624 bytes,  199927408 total
- age   7:   79034056 bytes,  278961464 total
: 2430602K->379692K(2621440K), 0.3239450 secs] 6456810K->4405900K(8912896K), 0.3240820 secs] [Times: user=5.72 sys=0.00, real=0.32 secs] 
2012-11-15T09:53:02.986+0100: 47541.942: [GC 47541.942: [ParNew
Desired survivor size 268435456 bytes, new threshold 15 (max 15)
- age   1:   44553024 bytes,   44553024 total
- age   2:   56676976 bytes,  101230000 total
- age   3:   56431832 bytes,  157661832 total
- age   4:   35086288 bytes,  192748120 total
- age   5:     360296 bytes,  193108416 total
- age   6:   13504952 bytes,  206613368 total
- age   7:   29413616 bytes,  236026984 total
: 2476844K->335303K(2621440K), 0.3422240 secs] 6503052K->4439193K(8912896K), 0.3423810 secs] [Times: user=5.52 sys=0.01, real=0.34 secs] 
2012-11-15T09:53:06.299+0100: 47545.255: [GC 47545.255: [ParNew
Desired survivor size 268435456 bytes, new threshold 15 (max 15)
- age   1:   11138760 bytes,   11138760 total
- age   2:   39984224 bytes,   51122984 total
- age   3:   56661912 bytes,  107784896 total
- age   4:   56430976 bytes,  164215872 total
- age   5:   35084024 bytes,  199299896 total
- age   6:     360016 bytes,  199659912 total
- age   7:   13504952 bytes,  213164864 total
- age   8:   29413440 bytes,  242578304 total
: 2432455K->328418K(2621440K), 0.0572570 secs] 6536345K->4432308K(8912896K), 0.0573970 secs] [Times: user=0.92 sys=0.01, real=0.06 secs] 
2012-11-15T09:53:32.118+0100: 47571.074: [GC 47571.074: [ParNew
Desired survivor size 268435456 bytes, new threshold 9 (max 15)
- age   1:   38829760 bytes,   38829760 total
- age   2:    8505344 bytes,   47335104 total
- age   3:   37868448 bytes,   85203552 total
- age   4:   55618712 bytes,  140822264 total
- age   5:   56426088 bytes,  197248352 total
- age   6:   35072376 bytes,  232320728 total
- age   7:     360016 bytes,  232680744 total
- age   8:   13504952 bytes,  246185696 total
- age   9:   29412960 bytes,  275598656 total
: 2425570K->366270K(2621440K), 0.1516030 secs] 6529460K->4470160K(8912896K), 0.1517550 secs] [Times: user=2.67 sys=0.00, real=0.15 secs] 
2012-11-15T09:54:25.889+0100: 47624.845: [GC 47624.845: [ParNew
Desired survivor size 268435456 bytes, new threshold 9 (max 15)
- age   1:   39296744 bytes,   39296744 total
- age   2:   35597960 bytes,   74894704 total
- age   3:    8485016 bytes,   83379720 total
- age   4:   35391616 bytes,  118771336 total
- age   5:   53738328 bytes,  172509664 total
- age   6:   55584896 bytes,  228094560 total
- age   7:   34488952 bytes,  262583512 total
- age   8:     359664 bytes,  262943176 total
- age   9:   13496272 bytes,  276439448 total
: 2463422K->378418K(2621440K), 0.1435410 secs] 6567312K->4511460K(8912896K), 0.1436670 secs] [Times: user=2.26 sys=0.00, real=0.14 secs] 
2012-11-15T09:54:57.462+0100: 47656.418: [GC 47656.418: [ParNew
Desired survivor size 268435456 bytes, new threshold 8 (max 15)
- age   1:   47584096 bytes,   47584096 total
- age   2:   31014272 bytes,   78598368 total
- age   3:   35590528 bytes,  114188896 total
- age   4:    8436592 bytes,  122625488 total
- age   5:   35323072 bytes,  157948560 total
- age   6:   53692640 bytes,  211641200 total
- age   7:   55584400 bytes,  267225600 total
- age   8:   34317168 bytes,  301542768 total
- age   9:     359664 bytes,  301902432 total
: 2475570K->401700K(2621440K), 0.1382300 secs] 6608612K->4548135K(8912896K), 0.1383530 secs] [Times: user=2.19 sys=0.01, real=0.14 secs] 
2012-11-15T09:55:26.858+0100: 47685.814: [GC 47685.814: [ParNew
Desired survivor size 268435456 bytes, new threshold 15 (max 15)
- age   1:    9922992 bytes,    9922992 total
- age   2:   41298192 bytes,   51221184 total
- age   3:   30470344 bytes,   81691528 total
- age   4:   34073384 bytes,  115764912 total
- age   5:    8433904 bytes,  124198816 total
- age   6:   34733088 bytes,  158931904 total
- age   7:   53690400 bytes,  212622304 total
- age   8:   55584216 bytes,  268206520 total
: 2498852K->380741K(2621440K), 0.1332130 secs] 6645287K->4561545K(8912896K), 0.1333390 secs] [Times: user=2.13 sys=0.00, real=0.13 secs] 
2012-11-15T09:56:12.994+0100: 47731.950: [GC 47731.950: [ParNew
Desired survivor size 268435456 bytes, new threshold 9 (max 15)
- age   1:   26337904 bytes,   26337904 total
- age   2:    5949648 bytes,   32287552 total
- age   3:   41224472 bytes,   73512024 total
- age   4:   30467992 bytes,  103980016 total
- age   5:   33803920 bytes,  137783936 total
- age   6:    8431224 bytes,  146215160 total
- age   7:   34099808 bytes,  180314968 total
- age   8:   53689344 bytes,  234004312 total
- age   9:   55583344 bytes,  289587656 total
: 2477893K->388299K(2621440K), 0.1366900 secs] 6658697K->4569103K(8912896K), 0.1368190 secs] [Times: user=2.29 sys=0.00, real=0.13 secs] 
2012-11-15T09:56:58.158+0100: 47777.114: [GC 47777.114: [ParNew
Desired survivor size 268435456 bytes, new threshold 15 (max 15)
- age   1:   23548472 bytes,   23548472 total
- age   2:   20316160 bytes,   43864632 total
- age   3:    4382120 bytes,   48246752 total
- age   4:   40758448 bytes,   89005200 total
- age   5:   29961784 bytes,  118966984 total
- age   6:   33801248 bytes,  152768232 total
- age   7:    8396456 bytes,  161164688 total
- age   8:   33726504 bytes,  194891192 total
- age   9:   53121160 bytes,  248012352 total
: 2485451K->371172K(2621440K), 0.1588360 secs] 6666255K->4607128K(8912896K), 0.1589650 secs] [Times: user=2.41 sys=0.00, real=0.16 secs] 
2012-11-15T09:57:19.871+0100: 47798.827: [GC 47798.827: [ParNew
Desired survivor size 268435456 bytes, new threshold 10 (max 15)
- age   1:   49342496 bytes,   49342496 total
- age   2:   18348648 bytes,   67691144 total
- age   3:   19891896 bytes,   87583040 total
- age   4:    4357360 bytes,   91940400 total
- age   5:   40174096 bytes,  132114496 total
- age   6:   29716376 bytes,  161830872 total
- age   7:   33717088 bytes,  195547960 total
- age   8:    8394888 bytes,  203942848 total
- age   9:   33619968 bytes,  237562816 total
- age  10:   53002848 bytes,  290565664 total
: 2468324K->390776K(2621440K), 0.1024710 secs] 6704280K->4626732K(8912896K), 0.1026290 secs] [Times: user=1.59 sys=0.00, real=0.10 secs] 
2012-11-15T09:58:20.874+0100: 47859.830: [GC 47859.830: [ParNew
Desired survivor size 268435456 bytes, new threshold 10 (max 15)
- age   1:   49006592 bytes,   49006592 total
- age   2:   42469720 bytes,   91476312 total
- age   3:   16841968 bytes,  108318280 total
- age   4:   19821832 bytes,  128140112 total
- age   5:    4355520 bytes,  132495632 total
- age   6:   38803696 bytes,  171299328 total
- age   7:   27747816 bytes,  199047144 total
- age   8:   33639760 bytes,  232686904 total
- age   9:    8180792 bytes,  240867696 total
- age  10:   33607472 bytes,  274475168 total
: 2487928K->352817K(2621440K), 0.1804570 secs] 6723884K->4640728K(8912896K), 0.1805800 secs] [Times: user=2.68 sys=0.00, real=0.18 secs] 
2012-11-15T09:59:40.991+0100: 47939.947: [GC 47939.947: [ParNew
Desired survivor size 268435456 bytes, new threshold 9 (max 15)
- age   1:   63112064 bytes,   63112064 total
- age   2:   40418576 bytes,  103530640 total
- age   3:   42194952 bytes,  145725592 total
- age   4:   16825352 bytes,  162550944 total
- age   5:   19797840 bytes,  182348784 total
- age   6:    4315424 bytes,  186664208 total
- age   7:   38753784 bytes,  225417992 total
- age   8:   27520448 bytes,  252938440 total
- age   9:   33639256 bytes,  286577696 total
- age  10:    8177544 bytes,  294755240 total
: 2449969K->373639K(2621440K), 0.1202300 secs] 6737880K->4694702K(8912896K), 0.1203560 secs] [Times: user=1.67 sys=0.00, real=0.12 secs] 
2012-11-15T09:59:41.113+0100: 47940.069: [GC 47940.069: [ParNew
Desired survivor size 268435456 bytes, new threshold 15 (max 15)
- age   1:        648 bytes,        648 total
- age   2:   63111312 bytes,   63111960 total
- age   3:   40418576 bytes,  103530536 total
- age   4:   42194952 bytes,  145725488 total
- age   5:   16825352 bytes,  162550840 total
- age   6:   19797840 bytes,  182348680 total
- age   7:    4315424 bytes,  186664104 total
- age   8:   38753784 bytes,  225417888 total
- age   9:   27520448 bytes,  252938336 total
: 379011K->370410K(2621440K), 0.1998820 secs] 4700074K->4732469K(8912896K), 0.1999930 secs] [Times: user=3.36 sys=0.00, real=0.22 secs] 
2012-11-15T09:59:55.386+0100: 47954.342: [GC 47954.342: [ParNew
Desired survivor size 268435456 bytes, new threshold 9 (max 15)
- age   1:   58775576 bytes,   58775576 total
- age   2:        280 bytes,   58775856 total
- age   3:   53197488 bytes,  111973344 total
- age   4:   38570056 bytes,  150543400 total
- age   5:   41747816 bytes,  192291216 total
- age   6:   16065944 bytes,  208357160 total
- age   7:   19450272 bytes,  227807432 total
- age   8:    4315104 bytes,  232122536 total
- age   9:   38723120 bytes,  270845656 total
- age  10:   27122288 bytes,  297967944 total
: 2467562K->372202K(2621440K), 0.0860180 secs] 6829621K->4734261K(8912896K), 0.0861440 secs] [Times: user=1.29 sys=0.00, real=0.09 secs] 
2012-11-15T10:00:39.140+0100: 47998.096: [GC 47998.097: [ParNew
Desired survivor size 268435456 bytes, new threshold 15 (max 15)
- age   1:   23652744 bytes,   23652744 total
- age   2:   51621104 bytes,   75273848 total
- age   3:        280 bytes,   75274128 total
- age   4:   52524704 bytes,  127798832 total
- age   5:   37976912 bytes,  165775744 total
- age   6:   41604120 bytes,  207379864 total
- age   7:   15726064 bytes,  223105928 total
- age   8:   19324400 bytes,  242430328 total
- age   9:    4312456 bytes,  246742784 total
: 2469354K->342979K(2621440K), 0.1032660 secs] 6831413K->4770017K(8912896K), 0.1033910 secs] [Times: user=1.37 sys=0.01, real=0.11 secs] 
2012-11-15T10:01:07.467+0100: 48026.423: [GC 48026.423: [ParNew
Desired survivor size 268435456 bytes, new threshold 9 (max 15)
- age   1:   34283048 bytes,   34283048 total
- age   2:   17459120 bytes,   51742168 total
- age   3:   51361960 bytes,  103104128 total
- age   4:        280 bytes,  103104408 total
- age   5:   52516064 bytes,  155620472 total
- age   6:   37929528 bytes,  193550000 total
- age   7:   41603536 bytes,  235153536 total
- age   8:   15691016 bytes,  250844552 total
- age   9:   19323776 bytes,  270168328 total
- age  10:    4312264 bytes,  274480592 total
: 2440131K->334481K(2621440K), 0.0730550 secs] 6867169K->4761519K(8912896K), 0.0731990 secs] [Times: user=1.14 sys=0.01, real=0.07 secs] 
2012-11-15T10:01:35.773+0100: 48054.728: [GC 48054.729: [ParNew
Desired survivor size 268435456 bytes, new threshold 9 (max 15)
- age   1:   35370072 bytes,   35370072 total
- age   2:   28318552 bytes,   63688624 total
- age   3:   17397264 bytes,   81085888 total
- age   4:   51342448 bytes,  132428336 total
- age   5:        280 bytes,  132428616 total
- age   6:   52425232 bytes,  184853848 total
- age   7:   37923768 bytes,  222777616 total
- age   8:   41602928 bytes,  264380544 total
- age   9:   15590936 bytes,  279971480 total
: 2431633K->380609K(2621440K), 0.0907310 secs] 6858671K->4830957K(8912896K), 0.0908660 secs] [Times: user=1.30 sys=0.01, real=0.09 secs] 
2012-11-15T10:02:19.189+0100: 48098.145: [GC 48098.145: [ParNew
Desired survivor size 268435456 bytes, new threshold 9 (max 15)
- age   1:   43976968 bytes,   43976968 total
- age   2:   30193048 bytes,   74170016 total
- age   3:   27732312 bytes,  101902328 total
- age   4:   17372320 bytes,  119274648 total
- age   5:   51341984 bytes,  170616632 total
- age   6:        280 bytes,  170616912 total
- age   7:   52424856 bytes,  223041768 total
- age   8:   37923136 bytes,  260964904 total
- age   9:   41602736 bytes,  302567640 total
: 2477761K->374853K(2621440K), 0.0885240 secs] 6928109K->4840586K(8912896K), 0.0886550 secs] [Times: user=1.32 sys=0.00, real=0.08 secs] 
2012-11-15T10:03:04.571+0100: 48143.527: [GC 48143.527: [ParNew
Desired survivor size 268435456 bytes, new threshold 8 (max 15)
- age   1:   71419104 bytes,   71419104 total
- age   2:   30039928 bytes,  101459032 total
- age   3:   30187584 bytes,  131646616 total
- age   4:   27731680 bytes,  159378296 total
- age   5:   17370552 bytes,  176748848 total
- age   6:   51341120 bytes,  228089968 total
- age   7:        280 bytes,  228090248 total
- age   8:   52423440 bytes,  280513688 total
- age   9:   37833424 bytes,  318347112 total
: 2472005K->450595K(2621440K), 0.1203780 secs] 6937738K->4957584K(8912896K), 0.1205050 secs] [Times: user=1.62 sys=0.01, real=0.12 secs] 
2012-11-15T10:03:30.154+0100: 48169.110: [GC 48169.110: [ParNew
Desired survivor size 268435456 bytes, new threshold 15 (max 15)
- age   1:   49185008 bytes,   49185008 total
- age   2:   62447064 bytes,  111632072 total
- age   3:   29054256 bytes,  140686328 total
- age   4:   29164328 bytes,  169850656 total
- age   5:   27583696 bytes,  197434352 total
- age   6:   17305168 bytes,  214739520 total
- age   7:   51026096 bytes,  265765616 total
- age   8:        280 bytes,  265765896 total
: 2547747K->388223K(2621440K), 0.1366960 secs] 7054736K->4984546K(8912896K), 0.1368270 secs] [Times: user=1.70 sys=0.01, real=0.14 secs] 
2012-11-15T10:03:50.156+0100: 48189.112: [GC 48189.112: [ParNew
Desired survivor size 268435456 bytes, new threshold 8 (max 15)
- age   1:   62129144 bytes,   62129144 total
- age   2:   42260184 bytes,  104389328 total
- age   3:   62373688 bytes,  166763016 total
- age   4:   27063136 bytes,  193826152 total
- age   5:   29147400 bytes,  222973552 total
- age   6:   27372032 bytes,  250345584 total
- age   7:   17154824 bytes,  267500408 total
- age   8:   50490944 bytes,  317991352 total
- age   9:        280 bytes,  317991632 total
: 2485375K->403243K(2621440K), 0.1029680 secs] 7081698K->4999566K(8912896K), 0.1030950 secs] [Times: user=1.63 sys=0.01, real=0.10 secs] 
2012-11-15T10:04:11.231+0100: 48210.187: [GC 48210.187: [ParNew
Desired survivor size 268435456 bytes, new threshold 6 (max 15)
- age   1:   52405104 bytes,   52405104 total
- age   2:   57172080 bytes,  109577184 total
- age   3:   41670248 bytes,  151247432 total
- age   4:   62370592 bytes,  213618024 total
- age   5:   27061632 bytes,  240679656 total
- age   6:   29097768 bytes,  269777424 total
- age   7:   27186904 bytes,  296964328 total
- age   8:   17153544 bytes,  314117872 total
: 2500395K->466022K(2621440K), 0.1184600 secs] 7096718K->5112192K(8912896K), 0.1186220 secs] [Times: user=1.61 sys=0.00, real=0.11 secs] 
2012-11-15T10:04:33.807+0100: 48232.763: [GC 48232.763: [ParNew
Desired survivor size 268435456 bytes, new threshold 6 (max 15)
- age   1:   59207024 bytes,   59207024 total
- age   2:   43472776 bytes,  102679800 total
- age   3:   55315672 bytes,  157995472 total
- age   4:   41666008 bytes,  199661480 total
- age   5:   62328320 bytes,  261989800 total
- age   6:   27060960 bytes,  289050760 total
: 2563174K->404069K(2621440K), 0.2635250 secs] 7209344K->5122610K(8912896K), 0.2636600 secs] [Times: user=4.19 sys=0.01, real=0.26 secs] 
2012-11-15T10:05:06.910+0100: 48265.866: [GC 48265.866: [ParNew
Desired survivor size 268435456 bytes, new threshold 6 (max 15)
- age   1:   34636184 bytes,   34636184 total
- age   2:   54083536 bytes,   88719720 total
- age   3:   43252152 bytes,  131971872 total
- age   4:   55242240 bytes,  187214112 total
- age   5:   41664664 bytes,  228878776 total
- age   6:   62328024 bytes,  291206800 total
: 2501221K->399096K(2621440K), 0.3178180 secs] 7219762K->5144469K(8912896K), 0.3179650 secs] [Times: user=5.39 sys=0.00, real=0.33 secs] 
2012-11-15T10:05:07.247+0100: 48266.203: [GC [1 CMS-initial-mark: 4745372K(6291456K)] 5147930K(8912896K), 0.3249590 secs] [Times: user=0.33 sys=0.00, real=0.32 secs] 
2012-11-15T10:05:07.572+0100: 48266.528: [CMS-concurrent-mark-start]
2012-11-15T10:05:08.528+0100: 48267.484: [CMS-concurrent-mark: 0.951/0.955 secs] [Times: user=5.11 sys=0.02, real=0.96 secs] 
2012-11-15T10:05:08.528+0100: 48267.484: [CMS-concurrent-preclean-start]
2012-11-15T10:05:08.548+0100: 48267.504: [CMS-concurrent-preclean: 0.020/0.020 secs] [Times: user=0.02 sys=0.00, real=0.02 secs] 
2012-11-15T10:05:08.548+0100: 48267.504: [CMS-concurrent-abortable-preclean-start]
 CMS: abort preclean due to time 2012-11-15T10:05:21.320+0100: 48280.276: [CMS-concurrent-abortable-preclean: 12.771/12.772 secs] [Times: user=13.41 sys=0.03, real=12.77 secs] 
2012-11-15T10:05:21.322+0100: 48280.278: [GC[YG occupancy: 832124 K (2621440 K)]48280.278: [Rescan (parallel) , 0.1188460 secs]48280.397: [weak refs processing, 0.0035570 secs] [1 CMS-remark: 4745372K(6291456K)] 5577496K(8912896K), 0.1226210 secs] [Times: user=1.97 sys=0.00, real=0.12 secs] 
2012-11-15T10:05:21.445+0100: 48280.401: [CMS-concurrent-sweep-start]
2012-11-15T10:05:27.948+0100: 48286.904: [CMS-concurrent-sweep: 6.500/6.503 secs] [Times: user=6.89 sys=0.05, real=6.51 secs] 
2012-11-15T10:05:27.948+0100: 48286.904: [CMS-concurrent-reset-start]
2012-11-15T10:05:27.966+0100: 48286.922: [CMS-concurrent-reset: 0.017/0.017 secs] [Times: user=0.02 sys=0.00, real=0.01 secs] 
2012-11-15T10:05:45.213+0100: 48304.168: [GC 48304.169: [ParNew
Desired survivor size 268435456 bytes, new threshold 15 (max 15)
- age   1:   25521400 bytes,   25521400 total
- age   2:   30081008 bytes,   55602408 total
- age   3:   53836528 bytes,  109438936 total
- age   4:   42731592 bytes,  152170528 total
- age   5:   55055856 bytes,  207226384 total
- age   6:   41660816 bytes,  248887200 total
: 2496248K->378904K(2621440K), 0.1687980 secs] 4657436K->2601928K(8912896K), 0.1689320 secs] [Times: user=2.56 sys=0.00, real=0.17 secs] 
2012-11-15T10:06:09.466+0100: 48328.422: [GC 48328.422: [ParNew
Desired survivor size 268435456 bytes, new threshold 7 (max 15)
- age   1:   39371912 bytes,   39371912 total
- age   2:   19107680 bytes,   58479592 total
- age   3:   29917632 bytes,   88397224 total
- age   4:   53651584 bytes,  142048808 total
- age   5:   42408480 bytes,  184457288 total
- age   6:   54780008 bytes,  239237296 total
- age   7:   41405232 bytes,  280642528 total
: 2476056K->380372K(2621440K), 0.3256790 secs] 4699080K->2603397K(8912896K), 0.3258050 secs] [Times: user=5.65 sys=0.00, real=0.32 secs] 
2012-11-15T10:06:55.594+0100: 48374.550: [GC 48374.550: [ParNew
Desired survivor size 268435456 bytes, new threshold 7 (max 15)
- age   1:   40770968 bytes,   40770968 total
- age   2:   34270120 bytes,   75041088 total
- age   3:   19022080 bytes,   94063168 total
- age   4:   29731496 bytes,  123794664 total
- age   5:   53356632 bytes,  177151296 total
- age   6:   42293136 bytes,  219444432 total
- age   7:   53956928 bytes,  273401360 total
: 2477524K->388196K(2621440K), 0.3540900 secs] 4700549K->2652219K(8912896K), 0.3542250 secs] [Times: user=5.87 sys=0.00, real=0.35 secs] 
2012-11-15T10:07:09.563+0100: 48388.519: [GC 48388.519: [ParNew
Desired survivor size 268435456 bytes, new threshold 7 (max 15)
- age   1:   78781424 bytes,   78781424 total
- age   2:   32460144 bytes,  111241568 total
- age   3:   32446016 bytes,  143687584 total
- age   4:   18947616 bytes,  162635200 total
- age   5:   29594696 bytes,  192229896 total
- age   6:   53331952 bytes,  245561848 total
- age   7:   42080784 bytes,  287642632 total
: 2485348K->368452K(2621440K), 0.6120400 secs] 4749371K->2685126K(8912896K), 0.6121710 secs] [Times: user=10.49 sys=0.00, real=0.61 secs] 
2012-11-15T10:08:40.887+0100: 48479.843: [GC 48479.843: [ParNew
Desired survivor size 268435456 bytes, new threshold 7 (max 15)
- age   1:   52915216 bytes,   52915216 total
- age   2:   72444288 bytes,  125359504 total
- age   3:   32279080 bytes,  157638584 total
- age   4:   32162288 bytes,  189800872 total
- age   5:   16724624 bytes,  206525496 total
- age   6:   29525152 bytes,  236050648 total
- age   7:   53327000 bytes,  289377648 total
: 2465604K->417823K(2621440K), 0.2605060 secs] 4782278K->2776131K(8912896K), 0.2606390 secs] [Times: user=4.10 sys=0.00, real=0.26 secs] 
2012-11-15T10:09:31.643+0100: 48530.599: [GC 48530.599: [ParNew
Desired survivor size 268435456 bytes, new threshold 15 (max 15)
- age   1:   41032408 bytes,   41032408 total
- age   2:   43556984 bytes,   84589392 total
- age   3:   71988624 bytes,  156578016 total
- age   4:   32248688 bytes,  188826704 total
- age   5:   32045808 bytes,  220872512 total
- age   6:   16723952 bytes,  237596464 total
- age   7:   29524704 bytes,  267121168 total
: 2514975K->371457K(2621440K), 0.4073040 secs] 4873283K->2782113K(8912896K), 0.4074310 secs] [Times: user=6.81 sys=0.00, real=0.41 secs] 
2012-11-15T10:09:58.398+0100: 48557.354: [GC 48557.354: [ParNew
Desired survivor size 268435456 bytes, new threshold 8 (max 15)
- age   1:   34074488 bytes,   34074488 total
- age   2:   35929128 bytes,   70003616 total
- age   3:   43328560 bytes,  113332176 total
- age   4:   71950968 bytes,  185283144 total
- age   5:   32244976 bytes,  217528120 total
- age   6:   30822464 bytes,  248350584 total
- age   7:   16719712 bytes,  265070296 total
- age   8:   29438840 bytes,  294509136 total
: 2468609K->381497K(2621440K), 0.1570260 secs] 4879265K->2792153K(8912896K), 0.1571480 secs] [Times: user=2.63 sys=0.00, real=0.16 secs] 
2012-11-15T10:10:23.719+0100: 48582.675: [GC 48582.675: [ParNew
Desired survivor size 268435456 bytes, new threshold 6 (max 15)
- age   1:   83240272 bytes,   83240272 total
- age   2:   29209096 bytes,  112449368 total
- age   3:   35439072 bytes,  147888440 total
- age   4:   41210152 bytes,  189098592 total
- age   5:   71735192 bytes,  260833784 total
- age   6:   32243760 bytes,  293077544 total
- age   7:   30067632 bytes,  323145176 total
- age   8:   16719448 bytes,  339864624 total
: 2478649K->499664K(2621440K), 0.2895050 secs] 4889305K->2939474K(8912896K), 0.2896300 secs] [Times: user=4.79 sys=0.00, real=0.29 secs] 
2012-11-15T10:10:48.584+0100: 48607.540: [GC 48607.540: [ParNew
Desired survivor size 268435456 bytes, new threshold 15 (max 15)
- age   1:   14885544 bytes,   14885544 total
- age   2:   74179088 bytes,   89064632 total
- age   3:   29143072 bytes,  118207704 total
- age   4:   35319968 bytes,  153527672 total
- age   5:   41203536 bytes,  194731208 total
- age   6:   71723808 bytes,  266455016 total
: 2596816K->388278K(2621440K), 0.2841220 secs] 5036626K->2904769K(8912896K), 0.2842490 secs] [Times: user=4.52 sys=0.00, real=0.29 secs] 
2012-11-15T10:11:42.919+0100: 48661.875: [GC 48661.875: [ParNew
Desired survivor size 268435456 bytes, new threshold 15 (max 15)
- age   1:    6525440 bytes,    6525440 total
- age   2:    9913456 bytes,   16438896 total
- age   3:   74082656 bytes,   90521552 total
- age   4:   29113424 bytes,  119634976 total
- age   5:   35264640 bytes,  154899616 total
- age   6:   41087408 bytes,  195987024 total
- age   7:   71700352 bytes,  267687376 total
: 2485430K->393638K(2621440K), 0.3013320 secs] 5001921K->2910129K(8912896K), 0.3014510 secs] [Times: user=5.34 sys=0.00, real=0.30 secs] 
2012-11-15T10:13:01.734+0100: 48740.690: [GC 48740.690: [ParNew
Desired survivor size 268435456 bytes, new threshold 8 (max 15)
- age   1:   74093000 bytes,   74093000 total
- age   2:    3150792 bytes,   77243792 total
- age   3:    9846624 bytes,   87090416 total
- age   4:   72179184 bytes,  159269600 total
- age   5:   29112208 bytes,  188381808 total
- age   6:   35133760 bytes,  223515568 total
- age   7:   41001432 bytes,  264517000 total
- age   8:   71636712 bytes,  336153712 total
: 2490790K->485354K(2621440K), 0.7075170 secs] 5007281K->3001845K(8912896K), 0.7076440 secs] [Times: user=9.25 sys=0.00, real=0.71 secs] 
2012-11-15T10:14:00.309+0100: 48799.265: [GC 48799.265: [ParNew
Desired survivor size 268435456 bytes, new threshold 8 (max 15)
- age   1:   31401648 bytes,   31401648 total
- age   2:   69251400 bytes,  100653048 total
- age   3:    2780120 bytes,  103433168 total
- age   4:    9247840 bytes,  112681008 total
- age   5:   72098624 bytes,  184779632 total
- age   6:   29108480 bytes,  213888112 total
- age   7:   35116968 bytes,  249005080 total
- age   8:   40812432 bytes,  289817512 total
: 2582506K->417055K(2621440K), 0.5418920 secs] 5098997K->3003883K(8912896K), 0.5420140 secs] [Times: user=9.09 sys=0.00, real=0.54 secs] 
2012-11-15T10:15:17.932+0100: 48876.888: [GC 48876.888: [ParNew
Desired survivor size 268435456 bytes, new threshold 8 (max 15)
- age   1:   48876824 bytes,   48876824 total
- age   2:   24876480 bytes,   73753304 total
- age   3:   67660024 bytes,  141413328 total
- age   4:    2778464 bytes,  144191792 total
- age   5:    9198568 bytes,  153390360 total
- age   6:   72098208 bytes,  225488568 total
- age   7:   29032000 bytes,  254520568 total
- age   8:   35114568 bytes,  289635136 total
: 2514207K->419279K(2621440K), 0.3659870 secs] 5101035K->3046487K(8912896K), 0.3661170 secs] [Times: user=6.06 sys=0.00, real=0.36 secs] 
2012-11-15T10:15:47.432+0100: 48906.388: [GC 48906.388: [ParNew
Desired survivor size 268435456 bytes, new threshold 8 (max 15)
- age   1:   52939824 bytes,   52939824 total
- age   2:   37549144 bytes,   90488968 total
- age   3:   24799400 bytes,  115288368 total
- age   4:   67619488 bytes,  182907856 total
- age   5:    2750624 bytes,  185658480 total
- age   6:    9183272 bytes,  194841752 total
- age   7:   72026328 bytes,  266868080 total
- age   8:   29031272 bytes,  295899352 total
: 2516431K->377816K(2621440K), 0.4113420 secs] 5143639K->3039793K(8912896K), 0.4114640 secs] [Times: user=6.93 sys=0.01, real=0.41 secs] 
2012-11-15T10:16:31.027+0100: 48949.983: [GC 48949.983: [ParNew
Desired survivor size 268435456 bytes, new threshold 8 (max 15)
- age   1:   48229584 bytes,   48229584 total
- age   2:   45662112 bytes,   93891696 total
- age   3:   37490296 bytes,  131381992 total
- age   4:   24715320 bytes,  156097312 total
- age   5:   67468544 bytes,  223565856 total
- age   6:    2749464 bytes,  226315320 total
- age   7:    9181072 bytes,  235496392 total
- age   8:   71055152 bytes,  306551544 total
: 2474970K->397966K(2621440K), 0.3391680 secs] 5136946K->3088170K(8912896K), 0.3392900 secs] [Times: user=5.72 sys=0.00, real=0.34 secs] 
2012-11-15T10:16:31.369+0100: 48950.325: [GC 48950.325: [ParNew
Desired survivor size 268435456 bytes, new threshold 15 (max 15)
- age   1:       1368 bytes,       1368 total
- age   2:   48229392 bytes,   48230760 total
- age   3:   45662072 bytes,   93892832 total
- age   4:   37490296 bytes,  131383128 total
- age   5:   24715392 bytes,  156098520 total
- age   6:   67468584 bytes,  223567104 total
- age   7:    2749464 bytes,  226316568 total
- age   8:    9181072 bytes,  235497640 total
: 401682K->373195K(2621440K), 0.4554500 secs] 3091886K->3133330K(8912896K), 0.4555850 secs] [Times: user=7.72 sys=0.02, real=0.46 secs] 
2012-11-15T10:17:04.683+0100: 48983.639: [GC 48983.639: [ParNew
Desired survivor size 268435456 bytes, new threshold 15 (max 15)
- age   1:   35826520 bytes,   35826520 total
- age   3:   36341072 bytes,   72167592 total
- age   4:   45653336 bytes,  117820928 total
- age   5:   37088208 bytes,  154909136 total
- age   6:   24534800 bytes,  179443936 total
- age   7:   67395136 bytes,  246839072 total
- age   8:    2733240 bytes,  249572312 total
- age   9:    8346144 bytes,  257918456 total
: 2470347K->358790K(2621440K), 0.1635540 secs] 5230482K->3118925K(8912896K), 0.1636810 secs] [Times: user=2.74 sys=0.00, real=0.17 secs] 
2012-11-15T10:17:23.621+0100: 49002.577: [GC 49002.578: [ParNew
Desired survivor size 268435456 bytes, new threshold 8 (max 15)
- age   1:   31020296 bytes,   31020296 total
- age   2:   30353112 bytes,   61373408 total
- age   4:   34253056 bytes,   95626464 total
- age   5:   45611496 bytes,  141237960 total
- age   6:   36792312 bytes,  178030272 total
- age   7:   24531896 bytes,  202562168 total
- age   8:   67394840 bytes,  269957008 total
- age   9:    2655688 bytes,  272612696 total
- age  10:    7373080 bytes,  279985776 total
: 2455942K->359653K(2621440K), 0.0682300 secs] 5216077K->3119788K(8912896K), 0.0683580 secs] [Times: user=1.07 sys=0.00, real=0.07 secs] 
2012-11-15T10:17:54.033+0100: 49032.988: [GC 49032.989: [ParNew
Desired survivor size 268435456 bytes, new threshold 15 (max 15)
- age   1:   72455280 bytes,   72455280 total
- age   2:   23656768 bytes,   96112048 total
- age   3:   29788184 bytes,  125900232 total
- age   5:   34078040 bytes,  159978272 total
- age   6:   45611120 bytes,  205589392 total
- age   7:   36765312 bytes,  242354704 total
- age   8:   24227488 bytes,  266582192 total
: 2456805K->400014K(2621440K), 0.3338690 secs] 5216940K->3236256K(8912896K), 0.3340060 secs] [Times: user=5.40 sys=0.01, real=0.33 secs] 
2012-11-15T10:18:29.203+0100: 49068.159: [GC 49068.159: [ParNew
Desired survivor size 268435456 bytes, new threshold 8 (max 15)
- age   1:   53917928 bytes,   53917928 total
- age   2:   66532944 bytes,  120450872 total
- age   3:   22625656 bytes,  143076528 total
- age   4:   29532600 bytes,  172609128 total
- age   6:   32700392 bytes,  205309520 total
- age   7:   45610536 bytes,  250920056 total
- age   8:   36763752 bytes,  287683808 total
- age   9:   23877232 bytes,  311561040 total
: 2497166K->379592K(2621440K), 0.1652300 secs] 5333408K->3215835K(8912896K), 0.1653660 secs] [Times: user=2.68 sys=0.01, real=0.17 secs] 
2012-11-15T10:19:19.983+0100: 49118.939: [GC 49118.939: [ParNew
Desired survivor size 268435456 bytes, new threshold 15 (max 15)
- age   1:   26658824 bytes,   26658824 total
- age   2:   43018264 bytes,   69677088 total
- age   3:   65765168 bytes,  135442256 total
- age   4:   22004296 bytes,  157446552 total
- age   5:   29005096 bytes,  186451648 total
- age   7:   32696136 bytes,  219147784 total
- age   8:   45608104 bytes,  264755888 total
: 2476744K->387475K(2621440K), 0.1491690 secs] 5312987K->3283435K(8912896K), 0.1493140 secs] [Times: user=2.24 sys=0.00, real=0.14 secs] 
2012-11-15T10:19:55.151+0100: 49154.107: [GC 49154.107: [ParNew
Desired survivor size 268435456 bytes, new threshold 8 (max 15)
- age   1:   59726376 bytes,   59726376 total
- age   2:   22083520 bytes,   81809896 total
- age   3:   42324216 bytes,  124134112 total
- age   4:   65704984 bytes,  189839096 total
- age   5:   21891200 bytes,  211730296 total
- age   6:   28995024 bytes,  240725320 total
- age   8:   32693648 bytes,  273418968 total
- age   9:   45606616 bytes,  319025584 total
: 2484627K->372574K(2621440K), 0.1054680 secs] 5380587K->3268535K(8912896K), 0.1055950 secs] [Times: user=1.64 sys=0.00, real=0.11 secs] 
2012-11-15T10:20:37.302+0100: 49196.258: [GC 49196.258: [ParNew
Desired survivor size 268435456 bytes, new threshold 5 (max 15)
- age   1:  101509992 bytes,  101509992 total
- age   2:   50575040 bytes,  152085032 total
- age   3:   20657576 bytes,  172742608 total
- age   4:   41732096 bytes,  214474704 total
- age   5:   65596184 bytes,  280070888 total
- age   6:   21840936 bytes,  301911824 total
- age   7:   28772640 bytes,  330684464 total
: 2469726K->464108K(2621440K), 0.5513830 secs] 5365687K->3437620K(8912896K), 0.5515040 secs] [Times: user=9.33 sys=0.00, real=0.55 secs] 
2012-11-15T10:20:55.562+0100: 49214.518: [GC 49214.518: [ParNew
Desired survivor size 268435456 bytes, new threshold 5 (max 15)
- age   1:   74684344 bytes,   74684344 total
- age   2:   90366024 bytes,  165050368 total
- age   3:   50481840 bytes,  215532208 total
- age   4:   20649576 bytes,  236181784 total
- age   5:   41679624 bytes,  277861408 total
: 2561260K->386675K(2621440K), 0.8991820 secs] 5534772K->3474850K(8912896K), 0.8993250 secs] [Times: user=15.36 sys=0.00, real=0.90 secs] 
2012-11-15T10:21:26.701+0100: 49245.657: [GC 49245.657: [ParNew
Desired survivor size 268435456 bytes, new threshold 15 (max 15)
- age   1:   28125200 bytes,   28125200 total
- age   2:   66549288 bytes,   94674488 total
- age   3:   90035920 bytes,  184710408 total
- age   4:   50330072 bytes,  235040480 total
- age   5:   20132896 bytes,  255173376 total
: 2483827K->344783K(2621440K), 0.6269700 secs] 5572002K->3474023K(8912896K), 0.6271000 secs] [Times: user=10.93 sys=0.00, real=0.63 secs] 
2012-11-15T10:21:59.378+0100: 49278.334: [GC 49278.334: [ParNew
Desired survivor size 268435456 bytes, new threshold 5 (max 15)
- age   1:   86727232 bytes,   86727232 total
- age   2:   23096760 bytes,  109823992 total
- age   3:   66448792 bytes,  176272784 total
- age   4:   89536696 bytes,  265809480 total
- age   5:   50238016 bytes,  316047496 total
- age   6:   20131240 bytes,  336178736 total
: 2441935K->486802K(2621440K), 0.7405230 secs] 5571175K->3616041K(8912896K), 0.7406550 secs] [Times: user=13.05 sys=0.00, real=0.74 secs] 
2012-11-15T10:22:40.958+0100: 49319.914: [GC 49319.914: [ParNew
Desired survivor size 268435456 bytes, new threshold 5 (max 15)
- age   1:   58563824 bytes,   58563824 total
- age   2:   79219824 bytes,  137783648 total
- age   3:   22595768 bytes,  160379416 total
- age   4:   66448328 bytes,  226827744 total
- age   5:   89252576 bytes,  316080320 total
: 2583954K->464137K(2621440K), 0.7349860 secs] 5713193K->3663049K(8912896K), 0.7351270 secs] [Times: user=12.58 sys=0.00, real=0.74 secs] 
2012-11-15T10:23:27.267+0100: 49366.223: [GC 49366.223: [ParNew
Desired survivor size 268435456 bytes, new threshold 15 (max 15)
- age   1:   43298392 bytes,   43298392 total
- age   2:   52040416 bytes,   95338808 total
- age   3:   79163968 bytes,  174502776 total
- age   4:   22118504 bytes,  196621280 total
- age   5:   66304568 bytes,  262925848 total
: 2561289K->393825K(2621440K), 0.7732800 secs] 5760201K->3680224K(8912896K), 0.7734120 secs]