2014-09-18T14:54:06.073+0200: 18.709: [GC
Desired survivor size 536870912 bytes, new threshold 7 (max 15)
 [PSYoungGen: 2097152K->54722K(2621440K)] 2097152K->54722K(8912896K), 0.0544890 secs] [Times: user=0.24 sys=0.03, real=0.05 secs] 
2014-09-18T14:54:24.367+0200: 37.003: [GC
Desired survivor size 536870912 bytes, new threshold 7 (max 15)
 [PSYoungGen: 2151874K->125040K(2621440K)] 2151874K->125040K(8912896K), 0.0750520 secs] [Times: user=0.60 sys=0.06, real=0.08 secs] 
2014-09-18T14:54:45.326+0200: 57.962: [GC
Desired survivor size 536870912 bytes, new threshold 7 (max 15)
 [PSYoungGen: 2222192K->170034K(2621440K)] 2222192K->170034K(8912896K), 0.1021460 secs] [Times: user=0.90 sys=0.05, real=0.10 secs] 
2014-09-18T14:54:59.604+0200: 72.241: [GC
Desired survivor size 536870912 bytes, new threshold 7 (max 15)
 [PSYoungGen: 2267186K->206228K(2621440K)] 2267186K->206228K(8912896K), 0.0919730 secs] [Times: user=0.78 sys=0.06, real=0.09 secs] 
2014-09-18T14:55:08.930+0200: 81.566: [GC
Desired survivor size 312606720 bytes, new threshold 6 (max 15)
 [PSYoungGen: 2303380K->245994K(2621440K)] 2303380K->245994K(8912896K), 0.0883230 secs] [Times: user=1.01 sys=0.04, real=0.09 secs] 
2014-09-18T14:55:19.261+0200: 91.897: [GC
Desired survivor size 354746368 bytes, new threshold 5 (max 15)
 [PSYoungGen: 2343146K->274544K(2758144K)] 2343146K->274544K(9049600K), 0.1119910 secs] [Times: user=1.24 sys=0.12, real=0.12 secs] 
2014-09-18T14:56:29.791+0200: 162.427: [GC
Desired survivor size 359989248 bytes, new threshold 4 (max 15)
 [PSYoungGen: 2727408K->235659K(2688576K)] 2727408K->327434K(8980032K), 0.1397350 secs] [Times: user=1.42 sys=0.12, real=0.14 secs] 
2014-09-18T14:57:15.263+0200: 207.899: [GC
Desired survivor size 346619904 bytes, new threshold 3 (max 15)
 [PSYoungGen: 2688523K->201972K(2807232K)] 2780298K->395399K(9098688K), 0.1196810 secs] [Times: user=1.35 sys=0.05, real=0.12 secs] 
2014-09-18T14:57:40.982+0200: 233.618: [GC
Desired survivor size 330825728 bytes, new threshold 2 (max 15)
 [PSYoungGen: 2657652K->182551K(2794176K)] 2851079K->452215K(9085632K), 0.1158540 secs] [Times: user=1.29 sys=0.04, real=0.12 secs] 
2014-09-18T14:57:52.363+0200: 244.999: [GC
Desired survivor size 333250560 bytes, new threshold 1 (max 15)
 [PSYoungGen: 2638231K->94416K(2817920K)] 2907895K->471439K(9109376K), 0.0884750 secs] [Times: user=1.03 sys=0.04, real=0.09 secs] 
2014-09-18T14:58:38.021+0200: 290.658: [GC
Desired survivor size 342163456 bytes, new threshold 1 (max 15)
 [PSYoungGen: 2589264K->40767K(2535616K)] 2966287K->509207K(8827072K), 0.0681360 secs] [Times: user=0.70 sys=0.07, real=0.06 secs] 
2014-09-18T14:59:04.779+0200: 317.415: [GC
Desired survivor size 348848128 bytes, new threshold 1 (max 15)
 [PSYoungGen: 2535615K->26508K(2798528K)] 3004055K->521774K(9089984K), 0.0301450 secs] [Times: user=0.31 sys=0.02, real=0.04 secs] 
2014-09-18T14:59:44.314+0200: 356.950: [GC
Desired survivor size 351928320 bytes, new threshold 1 (max 15)
 [PSYoungGen: 2490892K->21459K(2485888K)] 2986158K->528365K(8777344K), 0.0235470 secs] [Times: user=0.17 sys=0.01, real=0.03 secs] 
2014-09-18T15:00:23.320+0200: 395.956: [GC
Desired survivor size 351272960 bytes, new threshold 1 (max 15)
 [PSYoungGen: 2485843K->20541K(2802688K)] 2992749K->544740K(9094144K), 0.0284280 secs] [Times: user=0.22 sys=0.01, real=0.03 secs] 
2014-09-18T15:01:07.886+0200: 440.522: [GC
Desired survivor size 348913664 bytes, new threshold 1 (max 15)
 [PSYoungGen: 2479549K->12072K(2802048K)] 3003748K->551491K(9093504K), 0.0276460 secs] [Times: user=0.24 sys=0.01, real=0.03 secs] 
2014-09-18T15:02:20.656+0200: 513.292: [GC
Desired survivor size 343277568 bytes, new threshold 1 (max 15)
 [PSYoungGen: 2471080K->14450K(2810496K)] 3010499K->563018K(9101952K), 0.0199110 secs] [Times: user=0.14 sys=0.01, real=0.02 secs] 
2014-09-18T15:02:53.940+0200: 546.576: [GC
Desired survivor size 330563584 bytes, new threshold 1 (max 15)
 [PSYoungGen: 2484210K->41896K(2804992K)] 3032778K->595333K(9096448K), 0.0262830 secs] [Times: user=0.24 sys=0.00, real=0.03 secs] 
2014-09-18T15:04:59.941+0200: 672.577: [GC
Desired survivor size 317718528 bytes, new threshold 1 (max 15)
 [PSYoungGen: 2511656K->40317K(2835456K)] 3065093K->608382K(9126912K), 0.0490710 secs] [Times: user=0.30 sys=0.01, real=0.05 secs] 
2014-09-18T15:05:49.845+0200: 722.482: [GC
Desired survivor size 310837248 bytes, new threshold 1 (max 15)
 [PSYoungGen: 2552957K->4261K(2822912K)] 3121022K->602480K(9114368K), 0.0290790 secs] [Times: user=0.21 sys=0.02, real=0.02 secs] 
2014-09-18T15:07:06.896+0200: 799.532: [GC
Desired survivor size 295698432 bytes, new threshold 1 (max 15)
 [PSYoungGen: 2516901K->41420K(2856960K)] 3115120K->641396K(9148416K), 0.0313370 secs] [Times: user=0.23 sys=0.01, real=0.03 secs] 
2014-09-18T15:07:42.522+0200: 835.158: [GC
Desired survivor size 284819456 bytes, new threshold 1 (max 15)
 [PSYoungGen: 2593945K->19158K(2842176K)] 3193921K->653942K(9133632K), 0.0360790 secs] [Times: user=0.33 sys=0.01, real=0.04 secs] 
2014-09-18T15:09:09.771+0200: 922.407: [GC
Desired survivor size 263979008 bytes, new threshold 1 (max 15)
 [PSYoungGen: 2572566K->73844K(2887936K)] 3207350K->718663K(9179392K), 0.0599050 secs] [Times: user=0.38 sys=0.01, real=0.06 secs] 
2014-09-18T15:10:41.064+0200: 1013.700: [GC
Desired survivor size 245563392 bytes, new threshold 1 (max 15)
 [PSYoungGen: 2683636K->70866K(2867584K)] 3328455K->763964K(9159040K), 0.0803190 secs] [Times: user=0.66 sys=0.03, real=0.08 secs] 
2014-09-18T15:13:43.970+0200: 1196.606: [GC
Desired survivor size 230555648 bytes, new threshold 1 (max 15)
 [PSYoungGen: 2680658K->61583K(2920576K)] 3373756K->779692K(9212032K), 0.0572050 secs] [Times: user=0.35 sys=0.01, real=0.06 secs] 
2014-09-18T15:15:23.291+0200: 1295.927: [GC
Desired survivor size 239271936 bytes, new threshold 1 (max 15)
 [PSYoungGen: 2742351K->136385K(2905920K)] 3460460K->883090K(9197376K), 0.0648200 secs] [Times: user=0.46 sys=0.01, real=0.06 secs] 
2014-09-18T15:17:30.952+0200: 1423.588: [GC
Desired survivor size 235601920 bytes, new threshold 1 (max 15)
 [PSYoungGen: 2817153K->8267K(2915648K)] 3563858K->795506K(9207104K), 0.0323570 secs] [Times: user=0.27 sys=0.01, real=0.04 secs] 
2014-09-18T15:20:54.420+0200: 1627.056: [GC
Desired survivor size 233963520 bytes, new threshold 1 (max 15)
 [PSYoungGen: 2690251K->109983K(2912064K)] 3477490K->897835K(9203520K), 0.0559970 secs] [Times: user=0.16 sys=0.01, real=0.05 secs] 
2014-09-18T15:23:15.539+0200: 1768.175: [GC
Desired survivor size 225705984 bytes, new threshold 1 (max 15)
 [PSYoungGen: 2791967K->32813K(2925312K)] 3579819K->837301K(9216768K), 0.0309070 secs] [Times: user=0.18 sys=0.01, real=0.04 secs] 
2014-09-18T15:24:01.318+0200: 1813.954: [GC
Desired survivor size 217841664 bytes, new threshold 1 (max 15)
 [PSYoungGen: 2729645K->28168K(2917248K)] 3534133K->852494K(9208704K), 0.0380880 secs] [Times: user=0.26 sys=0.01, real=0.03 secs] 
2014-09-18T15:25:11.474+0200: 1884.110: [GC
Desired survivor size 206110720 bytes, new threshold 1 (max 15)
 [PSYoungGen: 2725000K->48508K(2944448K)] 3549326K->886270K(9235904K), 0.0463100 secs] [Times: user=0.31 sys=0.01, real=0.05 secs] 
2014-09-18T15:26:15.866+0200: 1948.503: [GC
Desired survivor size 200605696 bytes, new threshold 1 (max 15)
 [PSYoungGen: 2780220K->16360K(2932992K)] 3617982K->889907K(9224448K), 0.0375190 secs] [Times: user=0.29 sys=0.04, real=0.04 secs] 
2014-09-18T15:28:07.243+0200: 2059.880: [GC
Desired survivor size 190251008 bytes, new threshold 1 (max 15)
 [PSYoungGen: 2748072K->39783K(2959936K)] 3621619K->918767K(9251392K), 0.0345060 secs] [Times: user=0.15 sys=0.01, real=0.03 secs] 
2014-09-18T15:30:37.975+0200: 2210.611: [GC
Desired survivor size 184483840 bytes, new threshold 1 (max 15)
 [PSYoungGen: 2803815K->16015K(2949824K)] 3682799K->909106K(9241280K), 0.0360800 secs] [Times: user=0.22 sys=0.00, real=0.03 secs] 
2014-09-18T15:32:54.907+0200: 2347.543: [GC
Desired survivor size 178126848 bytes, new threshold 1 (max 15)
 [PSYoungGen: 2780047K->16376K(2971776K)] 3673138K->910280K(9263232K), 0.0202080 secs] [Times: user=0.10 sys=0.00, real=0.02 secs] 
2014-09-18T15:35:01.571+0200: 2474.207: [GC
Desired survivor size 167116800 bytes, new threshold 1 (max 15)
 [PSYoungGen: 2807992K->40603K(2965568K)] 3701896K->941757K(9257024K), 0.0357220 secs] [Times: user=0.19 sys=0.00, real=0.04 secs] 
2014-09-18T15:36:46.667+0200: 2579.303: [GC
Desired survivor size 176816128 bytes, new threshold 1 (max 15)
 [PSYoungGen: 2832219K->105580K(2963584K)] 3733373K->1028415K(9255040K), 0.0540860 secs] [Times: user=0.22 sys=0.01, real=0.06 secs] 
2014-09-18T15:39:19.393+0200: 2732.029: [GC
Desired survivor size 223150080 bytes, new threshold 1 (max 15)
 [PSYoungGen: 2905964K->172654K(2893056K)] 3828799K->1131774K(9184512K), 0.0931730 secs] [Times: user=0.17 sys=0.02, real=0.09 secs] 
2014-09-18T15:42:14.015+0200: 2906.651: [GC
Desired survivor size 215220224 bytes, new threshold 1 (max 15)
 [PSYoungGen: 2893038K->28810K(2898048K)] 3852158K->990571K(9189504K), 0.0387190 secs] [Times: user=0.27 sys=0.00, real=0.04 secs] 
2014-09-18T15:42:33.750+0200: 2926.386: [GC
Desired survivor size 207028224 bytes, new threshold 1 (max 15)
 [PSYoungGen: 2754186K->28372K(2935552K)] 3715947K->1012378K(9227008K), 0.0293490 secs] [Times: user=0.29 sys=0.01, real=0.03 secs] 
2014-09-18T15:43:22.745+0200: 2975.381: [GC
Desired survivor size 199950336 bytes, new threshold 1 (max 15)
 [PSYoungGen: 2753748K->20787K(2950464K)] 3737754K->1009935K(9241920K), 0.0281150 secs] [Times: user=0.24 sys=0.01, real=0.03 secs] 
2014-09-18T15:44:20.686+0200: 3033.322: [GC
Desired survivor size 192741376 bytes, new threshold 1 (max 15)
 [PSYoungGen: 2769075K->18786K(2943552K)] 3758223K->1023823K(9235008K), 0.0254590 secs] [Times: user=0.22 sys=0.00, real=0.02 secs] 
2014-09-18T15:44:58.595+0200: 3071.231: [GC
Desired survivor size 184614912 bytes, new threshold 1 (max 15)
 [PSYoungGen: 2767074K->22356K(2965440K)] 3772111K->1042006K(9256896K), 0.0287380 secs] [Times: user=0.21 sys=0.01, real=0.03 secs] 
2014-09-18T15:46:07.170+0200: 3139.806: [GC
Desired survivor size 175898624 bytes, new threshold 1 (max 15)
 [PSYoungGen: 2799572K->25053K(2957504K)] 3819222K->1056440K(9248960K), 0.0301300 secs] [Times: user=0.23 sys=0.00, real=0.03 secs] 
2014-09-18T15:47:35.437+0200: 3228.073: [GC
Desired survivor size 167772160 bytes, new threshold 1 (max 15)
 [PSYoungGen: 2802269K->22351K(2981888K)] 3833656K->1072720K(9273344K), 0.0353380 secs] [Times: user=0.18 sys=0.02, real=0.03 secs] 
2014-09-18T15:49:41.499+0200: 3354.135: [GC
Desired survivor size 160825344 bytes, new threshold 1 (max 15)
 [PSYoungGen: 2832463K->16582K(2973952K)] 3882832K->1067960K(9265408K), 0.0275210 secs] [Times: user=0.12 sys=0.01, real=0.03 secs] 
2014-09-18T15:51:23.945+0200: 3456.581: [GC
Desired survivor size 149291008 bytes, new threshold 1 (max 15)
 [PSYoungGen: 2802545K->43362K(2999936K)] 3853923K->1100456K(9291392K), 0.0341920 secs] [Times: user=0.13 sys=0.00, real=0.03 secs] 
2014-09-18T15:53:14.112+0200: 3566.749: [GC
Desired survivor size 171245568 bytes, new threshold 1 (max 15)
 [PSYoungGen: 2886242K->128713K(2971648K)] 3943336K->1241508K(9263104K), 0.0613530 secs] [Times: user=0.26 sys=0.02, real=0.06 secs] 
2014-09-18T15:54:30.308+0200: 3642.944: [GC
Desired survivor size 320667648 bytes, new threshold 1 (max 15)
 [PSYoungGen: 2971590K->167208K(2686656K)] 4084385K->1589906K(8978112K), 0.1887600 secs] [Times: user=0.51 sys=0.13, real=0.19 secs] 
2014-09-18T15:55:52.072+0200: 3724.708: [GC
Desired survivor size 359530496 bytes, new threshold 1 (max 15)
 [PSYoungGen: 2686632K->255902K(2706624K)] 4109330K->1688311K(8998080K), 0.0815750 secs] [Times: user=0.22 sys=0.00, real=0.08 secs] 
2014-09-18T15:57:33.383+0200: 3826.019: [GC
Desired survivor size 343015424 bytes, new threshold 1 (max 15)
 [PSYoungGen: 2706590K->63621K(2810752K)] 4138999K->1506554K(9102208K), 0.0439390 secs] [Times: user=0.23 sys=0.00, real=0.04 secs] 
2014-09-18T15:59:02.642+0200: 3915.278: [GC
Desired survivor size 330366976 bytes, new threshold 1 (max 15)
 [PSYoungGen: 2523269K->43271K(2794624K)] 3966202K->1506742K(9086080K), 0.0413080 secs] [Times: user=0.31 sys=0.00, real=0.04 secs] 
2014-09-18T16:00:40.387+0200: 4013.024: [GC
Desired survivor size 322633728 bytes, new threshold 1 (max 15)
 [PSYoungGen: 2502919K->12498K(2830656K)] 3966390K->1499945K(9122112K), 0.0333600 secs] [Times: user=0.27 sys=0.02, real=0.04 secs] 
2014-09-18T16:02:17.354+0200: 4109.991: [GC
Desired survivor size 301203456 bytes, new threshold 1 (max 15)
 [PSYoungGen: 2520530K->81879K(2823104K)] 4007977K->1573161K(9114560K), 0.0716490 secs] [Times: user=0.22 sys=0.00, real=0.07 secs] 
2014-09-18T16:02:38.313+0200: 4130.949: [GC
Desired survivor size 292225024 bytes, new threshold 1 (max 15)
 [PSYoungGen: 2589911K->21290K(2860352K)] 4081193K->1520112K(9151808K), 0.0226450 secs] [Times: user=0.17 sys=0.00, real=0.02 secs] 
2014-09-18T16:03:22.445+0200: 4175.081: [GC
Desired survivor size 276561920 bytes, new threshold 1 (max 15)
 [PSYoungGen: 2587498K->53880K(2851584K)] 4086320K->1566990K(9143040K), 0.0499000 secs] [Times: user=0.28 sys=0.01, real=0.05 secs] 
2014-09-18T16:03:40.454+0200: 4193.090: [GC
Desired survivor size 263913472 bytes, new threshold 1 (max 15)
 [PSYoungGen: 2620088K->40923K(2888000K)] 4133198K->1575940K(9179456K), 0.0378470 secs] [Times: user=0.40 sys=0.00, real=0.04 secs] 
2014-09-18T16:03:45.993+0200: 4198.629: [GC
Desired survivor size 251592704 bytes, new threshold 1 (max 15)
 [PSYoungGen: 2658843K->39913K(2875648K)] 4193860K->1592312K(9167104K), 0.0325080 secs] [Times: user=0.35 sys=0.01, real=0.03 secs] 
2014-09-18T16:04:23.494+0200: 4236.130: [GC
Desired survivor size 243859456 bytes, new threshold 1 (max 15)
 [PSYoungGen: 2657833K->15272K(2907584K)] 4210232K->1605472K(9199040K), 0.0349600 secs] [Times: user=0.31 sys=0.03, real=0.04 secs] 
2014-09-18T16:05:01.174+0200: 4273.810: [GC
Desired survivor size 232390656 bytes, new threshold 1 (max 15)
 [PSYoungGen: 2677160K->31625K(2900032K)] 4267360K->1627202K(9191488K), 0.0249510 secs] [Times: user=0.18 sys=0.01, real=0.02 secs] 
2014-09-18T16:05:19.388+0200: 4292.024: [GC
Desired survivor size 220004352 bytes, new threshold 1 (max 15)
 [PSYoungGen: 2693513K->38178K(2930880K)] 4289090K->1646383K(9222336K), 0.0308730 secs] [Times: user=0.29 sys=0.00, real=0.03 secs] 
2014-09-18T16:05:50.172+0200: 4322.808: [GC
Desired survivor size 205586432 bytes, new threshold 1 (max 15)
 [PSYoungGen: 2742114K->64246K(2918784K)] 4350319K->1680763K(9210240K), 0.0470020 secs] [Times: user=0.40 sys=0.00, real=0.04 secs] 
2014-09-18T16:05:59.849+0200: 4332.485: [GC
Desired survivor size 197918720 bytes, new threshold 1 (max 15)
 [PSYoungGen: 2768182K->22970K(2952448K)] 4384699K->1670294K(9243904K), 0.0555940 secs] [Times: user=0.38 sys=0.02, real=0.05 secs] 
2014-09-18T16:06:05.620+0200: 4338.256: [GC
Desired survivor size 188088320 bytes, new threshold 1 (max 15)
 [PSYoungGen: 2774650K->33729K(2944960K)] 4421974K->1692198K(9236416K), 0.0591180 secs] [Times: user=0.23 sys=0.02, real=0.05 secs] 
2014-09-18T16:06:37.510+0200: 4370.146: [GC
Desired survivor size 177274880 bytes, new threshold 1 (max 15)
 [PSYoungGen: 2785409K->41327K(2972608K)] 4443979K->1702829K(9264064K), 0.0313100 secs] [Times: user=0.14 sys=0.00, real=0.03 secs] 
2014-09-18T16:07:12.577+0200: 4405.213: [GC
Desired survivor size 209911808 bytes, new threshold 1 (max 15)
 [PSYoungGen: 2830242K->171999K(2960960K)] 4491744K->1891265K(9252416K), 0.0965490 secs] [Times: user=0.28 sys=0.03, real=0.09 secs] 
2014-09-18T16:07:37.724+0200: 4430.360: [GC
Desired survivor size 362020864 bytes, new threshold 1 (max 15)
 [PSYoungGen: 2960927K->184744K(2623424K)] 4680193K->2223919K(8914880K), 0.2244040 secs] [Times: user=0.37 sys=0.10, real=0.23 secs] 
2014-09-18T16:08:46.940+0200: 4499.577: [GC
Desired survivor size 351731712 bytes, new threshold 1 (max 15)
 [PSYoungGen: 2623400K->24959K(2792192K)] 4662575K->2067263K(9083648K), 0.0286000 secs] [Times: user=0.14 sys=0.01, real=0.03 secs] 
2014-09-18T16:09:01.638+0200: 4514.274: [GC
Desired survivor size 331546624 bytes, new threshold 1 (max 15)
 [PSYoungGen: 2463615K->74003K(2821952K)] 4505919K->2119299K(9113408K), 0.0395730 secs] [Times: user=0.39 sys=0.00, real=0.04 secs] 
2014-09-18T16:09:40.005+0200: 4552.641: [GC
Desired survivor size 321585152 bytes, new threshold 1 (max 15)
 [PSYoungGen: 2552467K->22833K(2802240K)] 4597763K->2104416K(9093696K), 0.0376080 secs] [Times: user=0.32 sys=0.03, real=0.03 secs] 
2014-09-18T16:09:45.250+0200: 4557.886: [GC
Desired survivor size 304939008 bytes, new threshold 1 (max 15)
 [PSYoungGen: 2501297K->54915K(2847936K)] 4582880K->2143964K(9139392K), 0.0331510 secs] [Times: user=0.32 sys=0.01, real=0.03 secs] 
2014-09-18T16:10:18.518+0200: 4591.155: [GC
Desired survivor size 292225024 bytes, new threshold 1 (max 15)
 [PSYoungGen: 2588803K->36113K(2831680K)] 4677852K->2146798K(9123136K), 0.0388660 secs] [Times: user=0.36 sys=0.01, real=0.04 secs] 
2014-09-18T16:11:18.521+0200: 4651.157: [GC
Desired survivor size 280887296 bytes, new threshold 1 (max 15)
 [PSYoungGen: 2570001K->27606K(2871424K)] 4680686K->2142951K(9162880K), 0.0276810 secs] [Times: user=0.18 sys=0.00, real=0.03 secs] 
2014-09-18T16:12:07.332+0200: 4699.968: [GC
Desired survivor size 271843328 bytes, new threshold 1 (max 15)
 [PSYoungGen: 2613654K->12162K(2860352K)] 4728999K->2140087K(9151808K), 0.0286380 secs] [Times: user=0.21 sys=0.02, real=0.03 secs] 
2014-09-18T16:13:09.283+0200: 4761.919: [GC
Desired survivor size 261357568 bytes, new threshold 1 (max 15)
 [PSYoungGen: 2598210K->15617K(2890496K)] 4726135K->2147014K(9181952K), 0.0216690 secs] [Times: user=0.13 sys=0.00, real=0.03 secs] 
2014-09-18T16:14:12.160+0200: 4824.796: [GC
Desired survivor size 250740736 bytes, new threshold 1 (max 15)
 [PSYoungGen: 2640641K->13602K(2880256K)] 4772038K->2150012K(9171712K), 0.0233560 secs] [Times: user=0.13 sys=0.01, real=0.02 secs] 
2014-09-18T16:14:50.540+0200: 4863.176: [GC
Desired survivor size 325582848 bytes, new threshold 1 (max 15)
 [PSYoungGen: 2638626K->244842K(2754688K)] 4775036K->2443571K(9046144K), 0.1130440 secs] [Times: user=0.21 sys=0.02, real=0.11 secs] 
2014-09-18T16:16:53.529+0200: 4986.165: [GC
Desired survivor size 313131008 bytes, new threshold 1 (max 15)
 [PSYoungGen: 2754666K->18282K(2827776K)] 4953395K->2219210K(9119232K), 0.0312630 secs] [Times: user=0.17 sys=0.01, real=0.03 secs] 
2014-09-18T16:17:42.775+0200: 5035.411: [GC
Desired survivor size 301137920 bytes, new threshold 1 (max 15)
 [PSYoungGen: 2528106K->12511K(2851648K)] 4729034K->2215020K(9143104K), 0.0218500 secs] [Times: user=0.16 sys=0.00, real=0.03 secs] 
2014-09-18T16:20:01.870+0200: 5174.506: [GC
Desired survivor size 286064640 bytes, new threshold 1 (max 15)
 [PSYoungGen: 2558367K->26663K(2839936K)] 4760876K->2229957K(9131392K), 0.0389840 secs] [Times: user=0.17 sys=0.00, real=0.04 secs] 
2014-09-18T16:21:58.107+0200: 5290.743: [GC
Desired survivor size 273809408 bytes, new threshold 1 (max 15)
 [PSYoungGen: 2572519K->12167K(2878336K)] 4775813K->2216214K(9169792K), 0.0221960 secs] [Times: user=0.16 sys=0.00, real=0.03 secs] 
2014-09-18T16:23:31.277+0200: 5383.913: [GC
Desired survivor size 260702208 bytes, new threshold 1 (max 15)
 [PSYoungGen: 2611143K->15523K(2866368K)] 4815190K->2224070K(9157824K), 0.0340950 secs] [Times: user=0.22 sys=0.00, real=0.03 secs] 
2014-09-18T16:25:34.777+0200: 5507.413: [GC
Desired survivor size 247070720 bytes, new threshold 1 (max 15)
 [PSYoungGen: 2614499K->18648K(2904448K)] 4823046K->2229156K(9195904K), 0.0289800 secs] [Times: user=0.12 sys=0.01, real=0.03 secs] 
2014-09-18T16:27:33.999+0200: 5626.635: [GC
Desired survivor size 232980480 bytes, new threshold 1 (max 15)
 [PSYoungGen: 2668504K->23072K(2891136K)] 4879012K->2234486K(9182592K), 0.0278780 secs] [Times: user=0.14 sys=0.00, real=0.02 secs] 
2014-09-18T16:29:59.146+0200: 5771.782: [GC
Desired survivor size 220725248 bytes, new threshold 1 (max 15)
 [PSYoungGen: 2672928K->15904K(2930176K)] 4884342K->2228613K(9221632K), 0.0256490 secs] [Times: user=0.14 sys=0.00, real=0.03 secs] 
2014-09-18T16:31:34.713+0200: 5867.350: [GC
Desired survivor size 391905280 bytes, new threshold 1 (max 15)
 [PSYoungGen: 2718179K->215536K(2842176K)] 4930887K->2756778K(9133632K), 0.2632770 secs] [Times: user=0.29 sys=0.15, real=0.26 secs] 
2014-09-18T16:32:46.313+0200: 5938.949: [GC
Desired survivor size 430571520 bytes, new threshold 1 (max 15)
 [PSYoungGen: 2842160K->227500K(2532288K)] 5383402K->2816909K(8823744K), 0.1151090 secs] [Times: user=0.24 sys=0.02, real=0.11 secs] 
2014-09-18T16:34:39.391+0200: 6052.027: [GC
Desired survivor size 405536768 bytes, new threshold 1 (max 15)
 [PSYoungGen: 2532268K->77596K(2725248K)] 5121677K->2675234K(9016704K), 0.0455040 secs] [Times: user=0.18 sys=0.00, real=0.05 secs] 
2014-09-18T16:35:56.267+0200: 6128.903: [GC
Desired survivor size 390791168 bytes, new threshold 1 (max 15)
 [PSYoungGen: 2382364K->27463K(2764096K)] 4980002K->2626497K(9055552K), 0.0269430 secs] [Times: user=0.19 sys=0.00, real=0.03 secs] 
2014-09-18T16:37:34.332+0200: 6226.968: [GC
Desired survivor size 366608384 bytes, new threshold 1 (max 15)
 [PSYoungGen: 2395527K->113872K(2749696K)] 4994561K->2723857K(9041152K), 0.0570670 secs] [Times: user=0.29 sys=0.00, real=0.06 secs] 
2014-09-18T16:39:28.696+0200: 6341.332: [GC
Desired survivor size 357171200 bytes, new threshold 1 (max 15)
 [PSYoungGen: 2481936K->7637K(2796928K)] 5091921K->2618440K(9088384K), 0.0189280 secs] [Times: user=0.13 sys=0.01, real=0.02 secs] 
2014-09-18T16:41:03.491+0200: 6436.127: [GC
Desired survivor size 343932928 bytes, new threshold 1 (max 15)
 [PSYoungGen: 2446549K->19884K(2787712K)] 5057352K->2631243K(9079168K), 0.0212140 secs] [Times: user=0.18 sys=0.00, real=0.02 secs] 
2014-09-18T16:42:45.361+0200: 6537.997: [GC
Desired survivor size 330629120 bytes, new threshold 1 (max 15)
 [PSYoungGen: 2458796K->16355K(2822848K)] 5070155K->2642319K(9114304K), 0.0295380 secs] [Times: user=0.20 sys=0.01, real=0.02 secs] 
2014-09-18T16:43:24.722+0200: 6577.358: [GC
Desired survivor size 316276736 bytes, new threshold 1 (max 15)
 [PSYoungGen: 2503331K->18700K(2809856K)] 5129295K->2651575K(9101312K), 0.0215770 secs] [Times: user=0.17 sys=0.01, real=0.02 secs] 
2014-09-18T16:45:25.837+0200: 6698.474: [GC
Desired survivor size 293142528 bytes, new threshold 1 (max 15)
 [PSYoungGen: 2505676K->67486K(2859456K)] 5138551K->2709493K(9150912K), 0.0658570 secs] [Times: user=0.27 sys=0.01, real=0.07 secs] 
2014-09-18T16:46:20.603+0200: 6753.239: [GC
Desired survivor size 278855680 bytes, new threshold 1 (max 15)
 [PSYoungGen: 2618078K->29606K(2836864K)] 5260085K->2686743K(9128320K), 0.0424330 secs] [Times: user=0.32 sys=0.01, real=0.04 secs] 
2014-09-18T16:46:58.057+0200: 6790.693: [GC
Desired survivor size 264830976 bytes, new threshold 1 (max 15)
 [PSYoungGen: 2580198K->28782K(2887104K)] 5237335K->2709455K(9178560K), 0.0373340 secs] [Times: user=0.35 sys=0.02, real=0.03 secs] 
2014-09-18T16:47:47.038+0200: 6839.675: [GC
Desired survivor size 252313600 bytes, new threshold 1 (max 15)
 [PSYoungGen: 2643566K->22387K(2873408K)] 5324239K->2720576K(9164864K), 0.0311960 secs] [Times: user=0.28 sys=0.01, real=0.03 secs] 
2014-09-18T16:48:16.068+0200: 6868.704: [GC
Desired survivor size 237895680 bytes, new threshold 1 (max 15)
 [PSYoungGen: 2637164K->33458K(2913408K)] 5335353K->2745900K(9204864K), 0.0332170 secs] [Times: user=0.32 sys=0.00, real=0.04 secs] 
2014-09-18T16:48:43.500+0200: 6896.136: [GC
Desired survivor size 222887936 bytes, new threshold 1 (max 15)
 [PSYoungGen: 2700466K->41292K(2899328K)] 5412908K->2762558K(9190784K), 0.0332060 secs] [Times: user=0.29 sys=0.01, real=0.03 secs] 
2014-09-18T16:50:30.227+0200: 7002.863: [GC
Desired survivor size 212336640 bytes, new threshold 1 (max 15)
 [PSYoungGen: 2708300K->21440K(2938368K)] 5429566K->2754061K(9229824K), 0.0338160 secs] [Times: user=0.21 sys=0.00, real=0.04 secs] 
2014-09-18T16:51:23.710+0200: 7056.346: [GC
Desired survivor size 196870144 bytes, new threshold 1 (max 15)
 [PSYoungGen: 2742144K->50364K(2928064K)] 5474765K->2790480K(9219520K), 0.0387130 secs] [Times: user=0.23 sys=0.02, real=0.03 secs] 
2014-09-18T16:52:13.585+0200: 7106.221: [GC
Desired survivor size 183828480 bytes, new threshold 1 (max 15)
 [PSYoungGen: 2771068K->44705K(2966208K)] 5511184K->2792993K(9257664K), 0.0400420 secs] [Times: user=0.20 sys=0.00, real=0.04 secs] 
2014-09-18T16:52:42.053+0200: 7134.689: [GC
Desired survivor size 171180032 bytes, new threshold 1 (max 15)
 [PSYoungGen: 2818657K->52779K(2953472K)] 5566945K->2806396K(9244928K), 0.0375920 secs] [Times: user=0.23 sys=0.01, real=0.03 secs] 
2014-09-18T16:52:56.666+0200: 7149.302: [GC
Desired survivor size 164823040 bytes, new threshold 1 (max 15)
 [PSYoungGen: 2826731K->66007K(2984768K)] 5580348K->2839000K(9276224K), 0.0616210 secs] [Times: user=0.45 sys=0.01, real=0.06 secs] 
2014-09-18T16:54:00.763+0200: 7213.399: [GC
Desired survivor size 159711232 bytes, new threshold 1 (max 15)
 [PSYoungGen: 2883607K->18861K(2978560K)] 5656600K->2813093K(9270016K), 0.0317850 secs] [Times: user=0.27 sys=0.01, real=0.03 secs] 
2014-09-18T16:55:30.228+0200: 7302.864: [GC
Desired survivor size 149291008 bytes, new threshold 1 (max 15)
 [PSYoungGen: 2836461K->47100K(2999936K)] 5630693K->2847195K(9291392K), 0.0405370 secs] [Times: user=0.26 sys=0.00, real=0.04 secs] 
2014-09-18T16:56:21.639+0200: 7354.275: [GC
Desired survivor size 141295616 bytes, new threshold 1 (max 15)
 [PSYoungGen: 2891068K->54316K(2989760K)] 5691163K->2871944K(9281216K), 0.0477150 secs] [Times: user=0.36 sys=0.01, real=0.05 secs] 
2014-09-18T16:56:58.380+0200: 7391.016: [GC
Desired survivor size 137297920 bytes, new threshold 1 (max 15)
 [PSYoungGen: 2898284K->21135K(3011648K)] 5715912K->2847682K(9303104K), 0.0229310 secs] [Times: user=0.17 sys=0.01, real=0.02 secs] 
2014-09-18T16:59:15.670+0200: 7528.306: [GC
Desired survivor size 132317184 bytes, new threshold 1 (max 15)
 [PSYoungGen: 2894799K->24532K(3007744K)] 5721346K->2859112K(9299200K), 0.0330610 secs] [Times: user=0.20 sys=0.00, real=0.03 secs] 
2014-09-18T17:01:28.844+0200: 7661.480: [GC
Desired survivor size 128450560 bytes, new threshold 1 (max 15)
 [PSYoungGen: 2898196K->17126K(3020288K)] 5732776K->2859112K(9311744K), 0.0317480 secs] [Times: user=0.20 sys=0.01, real=0.03 secs] 
2014-09-18T17:03:07.371+0200: 7760.007: [GC
Desired survivor size 124715008 bytes, new threshold 1 (max 15)
 [PSYoungGen: 2908198K->14488K(3016512K)] 5750184K->2857911K(9307968K), 0.0280180 secs] [Times: user=0.16 sys=0.00, real=0.03 secs] 
2014-09-18T17:05:07.293+0200: 7879.930: [GC
Desired survivor size 118030336 bytes, new threshold 1 (max 15)
 [PSYoungGen: 2905560K->29314K(3030464K)] 5748983K->2875394K(9321920K), 0.0372060 secs] [Times: user=0.17 sys=0.01, real=0.04 secs] 
2014-09-18T17:07:33.599+0200: 8026.235: [GC
Desired survivor size 133431296 bytes, new threshold 1 (max 15)
 [PSYoungGen: 2937986K->99733K(3008448K)] 5784066K->2948614K(9299904K), 0.0527110 secs] [Times: user=0.19 sys=0.00, real=0.05 secs] 
2014-09-18T17:09:35.799+0200: 8148.435: [GC
Desired survivor size 125632512 bytes, new threshold 1 (max 15)
 [PSYoungGen: 3008405K->38436K(3023040K)] 5857286K->2892918K(9314496K), 0.0578000 secs] [Times: user=0.24 sys=0.00, real=0.06 secs] 
2014-09-18T17:12:21.032+0200: 8313.668: [GC
Desired survivor size 138477568 bytes, new threshold 1 (max 15)
 [PSYoungGen: 2931172K->98921K(2991680K)] 5785654K->2954077K(9283136K), 0.0581740 secs] [Times: user=0.31 sys=0.00, real=0.05 secs] 
2014-09-18T17:12:55.527+0200: 8348.164: [GC
Desired survivor size 131203072 bytes, new threshold 1 (max 15)
 [PSYoungGen: 2991657K->40623K(3017600K)] 5846813K->2937813K(9309056K), 0.0566070 secs] [Times: user=0.50 sys=0.01, real=0.06 secs] 
2014-09-18T17:13:53.426+0200: 8406.062: [GC
Desired survivor size 126025728 bytes, new threshold 1 (max 15)
 [PSYoungGen: 2922991K->31162K(3010496K)] 5820181K->2934928K(9301952K), 0.0402050 secs] [Times: user=0.17 sys=0.02, real=0.04 secs] 
2014-09-18T17:14:34.937+0200: 8447.573: [GC
Desired survivor size 120782848 bytes, new threshold 1 (max 15)
 [PSYoungGen: 2913530K->32184K(3027776K)] 5817296K->2937130K(9319232K), 0.0258500 secs] [Times: user=0.21 sys=0.00, real=0.03 secs] 
2014-09-18T17:14:57.746+0200: 8470.383: [GC
Desired survivor size 136839168 bytes, new threshold 1 (max 15)
 [PSYoungGen: 2936888K->107375K(3012096K)] 5841834K->3423129K(9303552K), 0.2487030 secs] [Times: user=0.70 sys=0.17, real=0.25 secs] 
2014-09-18T17:15:04.725+0200: 8477.361: [GC
Desired survivor size 156499968 bytes, new threshold 1 (max 15)
 [PSYoungGen: 3012079K->125576K(2973696K)] 6327833K->3965980K(9265152K), 0.2694000 secs] [Times: user=1.00 sys=0.28, real=0.27 secs] 
2014-09-18T17:15:17.141+0200: 8489.777: [GC
Desired survivor size 178257920 bytes, new threshold 1 (max 15)
 [PSYoungGen: 2965640K->141640K(2981760K)] 6806044K->4680527K(9273216K), 0.4115790 secs] [Times: user=0.75 sys=0.38, real=0.41 secs] 
2014-09-18T17:15:27.975+0200: 8500.611: [GC
Desired survivor size 203554816 bytes, new threshold 1 (max 15)
 [PSYoungGen: 2981704K->162870K(2912128K)] 7520591K->5355625K(9203584K), 0.3605220 secs] [Times: user=0.96 sys=0.30, real=0.36 secs] 
2014-09-18T17:15:36.377+0200: 8509.013: [GC
Desired survivor size 233504768 bytes, new threshold 1 (max 15)
 [PSYoungGen: 2894958K->188779K(2936960K)] 8087714K->5798415K(9228416K), 0.2730600 secs] [Times: user=0.82 sys=0.23, real=0.27 secs] 
2014-09-18T17:15:36.650+0200: 8509.287: [Full GC [PSYoungGen: 188779K->0K(2936960K)] [PSOldGen: 5609635K->1902850K(6291456K)] 5798415K->1902850K(9228416K) [PSPermGen: 287350K->287350K(287488K)], 3.9629750 secs] [Times: user=3.93 sys=0.01, real=3.97 secs] 
2014-09-18T17:15:51.992+0200: 8524.628: [GC
Desired survivor size 264896512 bytes, new threshold 1 (max 15)
 [PSYoungGen: 2721686K->208562K(2837120K)] 4624536K->2622588K(9128576K), 0.1753810 secs] [Times: user=0.38 sys=0.02, real=0.17 secs] 
2014-09-18T17:16:03.273+0200: 8535.910: [GC
Desired survivor size 307429376 bytes, new threshold 1 (max 15)
 [PSYoungGen: 2836914K->255124K(2883520K)] 5250940K->3341650K(9174976K), 0.1928900 secs] [Times: user=0.75 sys=0.00, real=0.19 secs] 
2014-09-18T17:16:15.806+0200: 8548.442: [GC
Desired survivor size 341639168 bytes, new threshold 1 (max 15)
 [PSYoungGen: 2883476K->255832K(2740672K)] 5970002K->4153233K(9032128K), 0.2141040 secs] [Times: user=0.81 sys=0.01, real=0.21 secs] 
2014-09-18T17:16:25.295+0200: 8557.931: [GC
Desired survivor size 394002432 bytes, new threshold 1 (max 15)
 [PSYoungGen: 2734296K->322820K(2801344K)] 6631697K->4641619K(9092800K), 0.1475290 secs] [Times: user=0.58 sys=0.00, real=0.15 secs] 
2014-09-18T17:16:34.332+0200: 8566.968: [GC
Desired survivor size 441122816 bytes, new threshold 1 (max 15)
 [PSYoungGen: 2788162K->336937K(2628544K)] 7106962K->5088397K(8920000K), 0.1865610 secs] [Times: user=0.84 sys=0.01, real=0.19 secs] 
2014-09-18T17:16:43.494+0200: 8576.130: [GC
Desired survivor size 512557056 bytes, new threshold 1 (max 15)
 [PSYoungGen: 2578587K->427394K(2711616K)] 7330047K->5389129K(9003072K), 0.1545180 secs] [Times: user=0.61 sys=0.00, real=0.15 secs] 
2014-09-18T17:16:51.517+0200: 8584.153: [GC
Desired survivor size 536870912 bytes, new threshold 1 (max 15)
 [PSYoungGen: 2711554K->426165K(2531264K)] 7673289K->5735835K(8822720K), 0.1640820 secs] [Times: user=0.72 sys=0.01, real=0.16 secs] 
2014-09-18T17:16:57.114+0200: 8589.751: [GC
Desired survivor size 536870912 bytes, new threshold 1 (max 15)
 [PSYoungGen: 2523317K->360493K(2621440K)] 7832987K->5809560K(8912896K), 0.1080540 secs] [Times: user=0.65 sys=0.01, real=0.10 secs] 
2014-09-18T17:16:57.223+0200: 8589.859: [GC
Desired survivor size 536870912 bytes, new threshold 1 (max 15)
 [PSYoungGen: 361362K->32K(2621440K)] 5810429K->6155647K(8912896K), 0.1639120 secs] [Times: user=0.94 sys=1.12, real=0.17 secs] 
2014-09-18T17:16:57.387+0200: 8590.023: [Full GC [PSYoungGen: 32K->0K(2621440K)] [PSOldGen: 6155615K->1731233K(6291456K)] 6155647K->1731233K(8912896K) [PSPermGen: 287411K->287411K(287488K)], 3.3357710 secs] [Times: user=3.33 sys=0.01, real=3.33 secs] 
2014-09-18T17:17:03.841+0200: 8596.477: [GC
Desired survivor size 536870912 bytes, new threshold 1 (max 15)
 [PSYoungGen: 2066385K->304706K(2621440K)] 3797619K->2035939K(8912896K), 0.0672420 secs] [Times: user=0.39 sys=0.00, real=0.07 secs] 
2014-09-18T17:17:11.419+0200: 8604.055: [GC
Desired survivor size 536870912 bytes, new threshold 1 (max 15)
 [PSYoungGen: 2401858K->519003K(2621440K)] 4133091K->2325469K(8912896K), 0.1292490 secs] [Times: user=0.41 sys=0.00, real=0.13 secs] 
2014-09-18T17:17:14.682+0200: 8607.318: [GC
Desired survivor size 536870912 bytes, new threshold 1 (max 15)
 [PSYoungGen: 2616155K->390294K(2621440K)] 4422621K->2454520K(8912896K), 0.1018670 secs] [Times: user=0.85 sys=0.01, real=0.10 secs] 
2014-09-18T17:17:25.280+0200: 8617.916: [GC
Desired survivor size 536870912 bytes, new threshold 1 (max 15)
 [PSYoungGen: 2484412K->520626K(2621440K)] 4548638K->2897999K(8912896K), 0.1639330 secs] [Times: user=0.63 sys=0.00, real=0.17 secs] 
2014-09-18T17:17:33.607+0200: 8626.243: [GC
Desired survivor size 536870912 bytes, new threshold 1 (max 15)
 [PSYoungGen: 2617778K->523228K(2621440K)] 4995151K->2942353K(8912896K), 0.1355430 secs] [Times: user=0.61 sys=0.00, real=0.14 secs] 
2014-09-18T17:17:39.148+0200: 8631.784: [GC
Desired survivor size 536870912 bytes, new threshold 1 (max 15)
 [PSYoungGen: 2601410K->316479K(2621440K)] 5020534K->3072253K(8912896K), 0.1342220 secs] [Times: user=0.80 sys=0.00, real=0.14 secs] 
2014-09-18T17:18:17.518+0200: 8670.154: [GC
Desired survivor size 536870912 bytes, new threshold 1 (max 15)
 [PSYoungGen: 2413631K->275921K(2621440K)] 5169405K->3043602K(8912896K), 0.0954860 secs] [Times: user=0.29 sys=0.00, real=0.09 secs] 
2014-09-18T17:18:49.237+0200: 8701.874: [GC
Desired survivor size 536870912 bytes, new threshold 1 (max 15)
 [PSYoungGen: 2373073K->28755K(2621440K)] 5140754K->2798467K(8912896K), 0.0277120 secs] [Times: user=0.17 sys=0.00, real=0.03 secs] 
2014-09-18T17:18:51.561+0200: 8704.197: [GC
Desired survivor size 536870912 bytes, new threshold 1 (max 15)
 [PSYoungGen: 2125907K->35049K(2621440K)] 4895619K->2814552K(8912896K), 0.0262740 secs] [Times: user=0.26 sys=0.00, real=0.03 secs] 
2014-09-18T17:19:06.240+0200: 8718.876: [GC
Desired survivor size 536870912 bytes, new threshold 1 (max 15)
 [PSYoungGen: 2132201K->30107K(2621440K)] 4911704K->2816778K(8912896K), 0.0253270 secs] [Times: user=0.25 sys=0.00, real=0.03 secs] 
2014-09-18T17:19:18.456+0200: 8731.092: [GC
Desired survivor size 536870912 bytes, new threshold 1 (max 15)
 [PSYoungGen: 2127259K->26212K(2621440K)] 4913930K->2819415K(8912896K), 0.0237120 secs] [Times: user=0.22 sys=0.00, real=0.02 secs] 
2014-09-18T17:20:25.109+0200: 8797.745: [GC
Desired survivor size 536870912 bytes, new threshold 1 (max 15)
 [PSYoungGen: 2123364K->17215K(2621440K)] 4916567K->2816674K(8912896K), 0.0255000 secs] [Times: user=0.18 sys=0.01, real=0.02 secs] 
2014-09-18T17:20:57.550+0200: 8830.186: [GC
Desired survivor size 536870912 bytes, new threshold 1 (max 15)
 [PSYoungGen: 2114367K->17256K(2621440K)] 4913826K->2824075K(8912896K), 0.0231380 secs] [Times: user=0.19 sys=0.00, real=0.02 secs] 
2014-09-18T17:21:30.373+0200: 8863.009: [GC
Desired survivor size 536870912 bytes, new threshold 1 (max 15)
 [PSYoungGen: 2114408K->19866K(2621440K)] 4921227K->2832490K(8912896K), 0.0249430 secs] [Times: user=0.18 sys=0.00, real=0.03 secs] 
2014-09-18T17:23:12.711+0200: 8965.348: [GC
Desired survivor size 536870912 bytes, new threshold 1 (max 15)
 [PSYoungGen: 2117018K->21426K(2621440K)] 4929642K->2839137K(8912896K), 0.0318610 secs] [Times: user=0.19 sys=0.00, real=0.03 secs] 
2014-09-18T17:23:46.310+0200: 8998.946: [GC
Desired survivor size 536870912 bytes, new threshold 1 (max 15)
 [PSYoungGen: 2118578K->20128K(2621440K)] 4936289K->2841187K(8912896K), 0.0196840 secs] [Times: user=0.17 sys=0.00, real=0.02 secs] 
2014-09-18T17:24:29.528+0200: 9042.164: [GC
Desired survivor size 536870912 bytes, new threshold 1 (max 15)
 [PSYoungGen: 2117280K->25487K(2621440K)] 4938339K->2851155K(8912896K), 0.0279110 secs] [Times: user=0.16 sys=0.01, real=0.02 secs] 
2014-09-18T17:25:02.931+0200: 9075.567: [GC
Desired survivor size 536870912 bytes, new threshold 1 (max 15)
 [PSYoungGen: 2122639K->12746K(2621440K)] 4948307K->2844887K(8912896K), 0.0209860 secs] [Times: user=0.16 sys=0.01, real=0.02 secs] 
2014-09-18T17:25:31.911+0200: 9104.547: [GC
Desired survivor size 516947968 bytes, new threshold 2 (max 15)
 [PSYoungGen: 2109898K->12524K(2621440K)] 4942039K->2849464K(8912896K), 0.0188630 secs] [Times: user=0.16 sys=0.00, real=0.02 secs] 
2014-09-18T17:25:40.362+0200: 9112.998: [GC
Desired survivor size 492961792 bytes, new threshold 3 (max 15)
 [PSYoungGen: 2109674K->147327K(2664320K)] 4946614K->2984267K(8955776K), 0.0526370 secs] [Times: user=0.19 sys=0.01, real=0.05 secs] 
2014-09-18T17:28:06.022+0200: 9258.658: [GC
Desired survivor size 465829888 bytes, new threshold 4 (max 15)
 [PSYoungGen: 2306815K->41501K(2640896K)] 5143755K->2878441K(8932352K), 0.0377120 secs] [Times: user=0.22 sys=0.00, real=0.03 secs] 
2014-09-18T17:30:19.091+0200: 9391.727: [GC
Desired survivor size 440860672 bytes, new threshold 5 (max 15)
 [PSYoungGen: 2200989K->34558K(2715200K)] 5037929K->2871498K(9006656K), 0.0344420 secs] [Times: user=0.21 sys=0.00, real=0.04 secs] 
2014-09-18T17:32:05.249+0200: 9497.885: [GC
Desired survivor size 433717248 bytes, new threshold 6 (max 15)
 [PSYoungGen: 2294318K->165596K(2690816K)] 5131258K->3002536K(8982272K), 0.0661170 secs] [Times: user=0.34 sys=0.01, real=0.06 secs] 
2014-09-18T17:32:38.215+0200: 9530.851: [GC
Desired survivor size 454098944 bytes, new threshold 7 (max 15)
 [PSYoungGen: 2425884K->241652K(2682368K)] 5262824K->3078592K(8973824K), 0.0809550 secs] [Times: user=0.43 sys=0.00, real=0.08 secs] 
2014-09-18T17:32:52.770+0200: 9545.406: [GC
Desired survivor size 423297024 bytes, new threshold 8 (max 15)
 [PSYoungGen: 2500468K->122199K(2702272K)] 5337408K->2959139K(8993728K), 0.0461100 secs] [Times: user=0.43 sys=0.00, real=0.05 secs] 
2014-09-18T17:33:27.896+0200: 9580.532: [GC
Desired survivor size 393019392 bytes, new threshold 9 (max 15)
 [PSYoungGen: 2381015K->116049K(2761920K)] 5217955K->2952989K(9053376K), 0.0468860 secs] [Times: user=0.49 sys=0.01, real=0.05 secs] 
2014-09-18T17:33:56.216+0200: 9608.852: [GC
Desired survivor size 368050176 bytes, new threshold 10 (max 15)
 [PSYoungGen: 2464593K->122115K(2732352K)] 5301533K->2959055K(9023808K), 0.0504700 secs] [Times: user=0.53 sys=0.00, real=0.05 secs] 
2014-09-18T17:34:38.431+0200: 9651.067: [GC
Desired survivor size 344522752 bytes, new threshold 11 (max 15)
 [PSYoungGen: 2470659K->119801K(2809280K)] 5307599K->2956740K(9100736K), 0.0490280 secs] [Times: user=0.47 sys=0.00, real=0.05 secs] 
2014-09-18T17:35:16.873+0200: 9689.509: [GC
Desired survivor size 328073216 bytes, new threshold 12 (max 15)
 [PSYoungGen: 2569657K->132438K(2786304K)] 5406596K->2969378K(9077760K), 0.0548480 secs] [Times: user=0.56 sys=0.00, real=0.06 secs] 
2014-09-18T17:35:28.274+0200: 9700.910: [GC
Desired survivor size 328466432 bytes, new threshold 13 (max 15)
 [PSYoungGen: 2582294K->173834K(2824576K)] 5419234K->3010774K(9116032K), 0.0631400 secs] [Times: user=0.72 sys=0.00, real=0.06 secs] 
2014-09-18T17:35:55.083+0200: 9727.719: [GC
Desired survivor size 317718528 bytes, new threshold 14 (max 15)
 [PSYoungGen: 2678026K->148644K(2824960K)] 5514966K->2985584K(9116416K), 0.0569660 secs] [Times: user=0.56 sys=0.00, real=0.05 secs] 
2014-09-18T17:36:06.966+0200: 9739.602: [GC
Desired survivor size 322043904 bytes, new threshold 15 (max 15)
 [PSYoungGen: 2652836K->187248K(2827008K)] 5489776K->3024188K(9118464K), 0.0655180 secs] [Times: user=0.78 sys=0.00, real=0.07 secs] 
2014-09-18T17:37:14.523+0200: 9807.159: [GC
Desired survivor size 317259776 bytes, new threshold 15 (max 15)
 [PSYoungGen: 2696527K->168921K(2831232K)] 5533467K->3005861K(9122688K), 0.0596160 secs] [Times: user=0.63 sys=0.01, real=0.06 secs] 
2014-09-18T17:37:46.709+0200: 9839.345: [GC
Desired survivor size 318570496 bytes, new threshold 15 (max 15)
 [PSYoungGen: 2685657K->186307K(2833344K)] 5522597K->3027715K(9124800K), 0.0704940 secs] [Times: user=0.73 sys=0.01, real=0.07 secs] 
2014-09-18T17:38:15.481+0200: 9868.117: [GC
Desired survivor size 312737792 bytes, new threshold 15 (max 15)
 [PSYoungGen: 2709827K->171688K(2834624K)] 5551235K->3016228K(9126080K), 0.0606330 secs] [Times: user=0.64 sys=0.01, real=0.06 secs] 
2014-09-18T17:38:58.849+0200: 9911.485: [GC
Desired survivor size 307691520 bytes, new threshold 15 (max 15)
 [PSYoungGen: 2695208K->174269K(2845248K)] 5539748K->3021897K(9136704K), 0.0648560 secs] [Times: user=0.64 sys=0.00, real=0.07 secs] 
2014-09-18T17:39:19.149+0200: 9931.785: [GC
Desired survivor size 314769408 bytes, new threshold 15 (max 15)
 [PSYoungGen: 2714109K->207141K(2747008K)] 5561737K->3055330K(9038464K), 0.0756390 secs] [Times: user=0.84 sys=0.02, real=0.07 secs] 
2014-09-18T17:42:12.478+0200: 10105.114: [GC
Desired survivor size 301924352 bytes, new threshold 15 (max 15)
 [PSYoungGen: 2746981K->160876K(2850880K)] 5595170K->3034200K(9142336K), 0.0735910 secs] [Times: user=0.74 sys=0.00, real=0.08 secs] 
2014-09-18T17:43:23.527+0200: 10176.163: [GC
Desired survivor size 292028416 bytes, new threshold 15 (max 15)
 [PSYoungGen: 2704364K->127598K(2838336K)] 5577688K->3037529K(9129792K), 0.0699350 secs] [Times: user=0.70 sys=0.00, real=0.07 secs] 
2014-09-18T17:45:00.902+0200: 10273.538: [GC
Desired survivor size 283770880 bytes, new threshold 15 (max 15)
 [PSYoungGen: 2671086K->119837K(2868608K)] 5581017K->3041148K(9160064K), 0.0594470 secs] [Times: user=0.57 sys=0.00, real=0.06 secs] 
2014-09-18T17:47:31.593+0200: 10424.229: [GC
Desired survivor size 272433152 bytes, new threshold 15 (max 15)
 [PSYoungGen: 2703261K->152933K(2860544K)] 5624572K->3088325K(9152000K), 0.0962100 secs] [Times: user=0.58 sys=0.00, real=0.10 secs] 
2014-09-18T17:49:13.015+0200: 10525.651: [GC
Desired survivor size 267321344 bytes, new threshold 15 (max 15)
 [PSYoungGen: 2736357K->108803K(2884672K)] 5671749K->3049975K(9176128K), 0.0586090 secs] [Times: user=0.49 sys=0.01, real=0.06 secs] 
2014-09-18T17:51:19.595+0200: 10652.231: [GC
Desired survivor size 261029888 bytes, new threshold 15 (max 15)
 [PSYoungGen: 2727427K->112189K(2879680K)] 5668599K->3058810K(9171136K), 0.0593350 secs] [Times: user=0.49 sys=0.00, real=0.06 secs] 
2014-09-18T17:52:10.487+0200: 10703.123: [GC
Desired survivor size 250413056 bytes, new threshold 15 (max 15)
 [PSYoungGen: 2730813K->135513K(2901184K)] 5677434K->3097840K(9192640K), 0.0662970 secs] [Times: user=0.70 sys=0.00, real=0.07 secs] 
2014-09-18T17:53:12.972+0200: 10765.608: [GC
Desired survivor size 245497856 bytes, new threshold 15 (max 15)
 [PSYoungGen: 2781785K->108104K(2890816K)] 5744112K->3074770K(9182272K), 0.0530330 secs] [Times: user=0.51 sys=0.01, real=0.05 secs] 
2014-09-18T17:54:17.576+0200: 10830.212: [GC
Desired survivor size 241631232 bytes, new threshold 15 (max 15)
 [PSYoungGen: 2754376K->99460K(2909760K)] 5721042K->3072370K(9201216K), 0.0469360 secs] [Times: user=0.48 sys=0.00, real=0.04 secs] 
2014-09-18T17:55:38.320+0200: 10910.956: [GC
Desired survivor size 236388352 bytes, new threshold 15 (max 15)
 [PSYoungGen: 2769476K->103736K(2905984K)] 5742386K->3082891K(9197440K), 0.0516820 secs] [Times: user=0.50 sys=0.00, real=0.05 secs] 
2014-09-18T17:56:43.431+0200: 10976.067: [GC
Desired survivor size 242745344 bytes, new threshold 15 (max 15)
 [PSYoungGen: 2773752K->174576K(2902464K)] 5752907K->3162706K(9193920K), 0.0712230 secs] [Times: user=0.53 sys=0.00, real=0.07 secs] 
2014-09-18T17:57:32.738+0200: 11025.375: [GC
Desired survivor size 236978176 bytes, new threshold 15 (max 15)
 [PSYoungGen: 2846192K->108488K(2908672K)] 5834322K->3103015K(9200128K), 0.0501140 secs] [Times: user=0.51 sys=0.00, real=0.05 secs] 
2014-09-18T17:58:18.134+0200: 11070.770: [GC
Desired survivor size 229769216 bytes, new threshold 15 (max 15)
 [PSYoungGen: 2780104K->115615K(2921344K)] 5774631K->3116322K(9212800K), 0.0502070 secs] [Times: user=0.54 sys=0.00, real=0.05 secs] 
2014-09-18T18:01:01.691+0200: 11234.327: [GC
Desired survivor size 224002048 bytes, new threshold 15 (max 15)
 [PSYoungGen: 2805535K->108669K(2914304K)] 5806242K->3115821K(9205760K), 0.0574590 secs] [Times: user=0.50 sys=0.00, real=0.06 secs] 
2014-09-18T18:02:53.623+0200: 11346.259: [GC
Desired survivor size 240320512 bytes, new threshold 15 (max 15)
 [PSYoungGen: 2798589K->195925K(2895104K)] 5805741K->3212687K(9186560K), 0.0868740 secs] [Times: user=0.58 sys=0.00, real=0.08 secs] 
2014-09-18T18:04:31.344+0200: 11443.980: [GC
Desired survivor size 234946560 bytes, new threshold 15 (max 15)
 [PSYoungGen: 2872277K->107624K(2911040K)] 5889039K->3124807K(9202496K), 0.0577250 secs] [Times: user=0.43 sys=0.01, real=0.06 secs] 
2014-09-18T18:07:18.061+0200: 11610.697: [GC
Desired survivor size 232259584 bytes, new threshold 15 (max 15)
 [PSYoungGen: 2783976K->151681K(2918912K)] 5801159K->3173379K(9210368K), 0.0775540 secs] [Times: user=0.49 sys=0.01, real=0.08 secs] 
2014-09-18T18:07:38.289+0200: 11630.925: [GC
Desired survivor size 234684416 bytes, new threshold 15 (max 15)
 [PSYoungGen: 2839444K->165714K(2916288K)] 5861143K->3189770K(9207744K), 0.0703410 secs] [Times: user=0.74 sys=0.00, real=0.07 secs] 
2014-09-18T18:08:14.692+0200: 11667.328: [GC
Desired survivor size 367067136 bytes, new threshold 14 (max 15)
 [PSYoungGen: 2855186K->229180K(2657984K)] 5879242K->3535830K(8949440K), 0.1444280 secs] [Times: user=0.72 sys=0.01, real=0.14 secs] 
2014-09-18T18:09:22.543+0200: 11735.179: [GC
Desired survivor size 358875136 bytes, new threshold 15 (max 15)
 [PSYoungGen: 2657980K->202833K(2787264K)] 5964630K->3520531K(9078720K), 0.0764120 secs] [Times: user=0.67 sys=0.00, real=0.08 secs] 
2014-09-18T18:10:29.967+0200: 11802.603: [GC
Desired survivor size 344195072 bytes, new threshold 15 (max 15)
 [PSYoungGen: 2631633K->160275K(2809600K)] 5949331K->3477973K(9101056K), 0.0585620 secs] [Times: user=0.65 sys=0.00, real=0.06 secs] 
2014-09-18T18:10:43.357+0200: 11815.993: [GC
Desired survivor size 329383936 bytes, new threshold 15 (max 15)
 [PSYoungGen: 2619411K->180154K(2795264K)] 5937109K->3507072K(9086720K), 0.0652390 secs] [Times: user=0.77 sys=0.00, real=0.07 secs] 
2014-09-18T18:11:22.111+0200: 11854.747: [GC
Desired survivor size 317063168 bytes, new threshold 15 (max 15)
 [PSYoungGen: 2639290K->183144K(2836096K)] 5966208K->3510522K(9127552K), 0.0770600 secs] [Times: user=0.77 sys=0.01, real=0.08 secs] 
2014-09-18T18:11:37.506+0200: 11870.142: [GC
Desired survivor size 310116352 bytes, new threshold 15 (max 15)
 [PSYoungGen: 2697576K->138938K(2824064K)] 6024954K->3472277K(9115520K), 0.0583800 secs] [Times: user=0.59 sys=0.01, real=0.06 secs] 
2014-09-18T18:11:50.370+0200: 11883.007: [GC
Desired survivor size 304349184 bytes, new threshold 15 (max 15)
 [PSYoungGen: 2653370K->130430K(2848512K)] 5986709K->3471730K(9139968K), 0.0585670 secs] [Times: user=0.65 sys=0.00, real=0.06 secs] 
2014-09-18T18:12:43.811+0200: 11936.447: [GC
Desired survivor size 297009152 bytes, new threshold 15 (max 15)
 [PSYoungGen: 2676094K->135862K(2842880K)] 6017394K->3487826K(9134336K), 0.0648170 secs] [Times: user=0.67 sys=0.00, real=0.07 secs] 
2014-09-18T18:13:24.838+0200: 11977.475: [GC
Desired survivor size 284557312 bytes, new threshold 15 (max 15)
 [PSYoungGen: 2681526K->163856K(2867840K)] 6033490K->3524077K(9159296K), 0.0659550 secs] [Times: user=0.73 sys=0.00, real=0.07 secs] 
2014-09-18T18:14:32.402+0200: 12045.038: [GC
Desired survivor size 275972096 bytes, new threshold 15 (max 15)
 [PSYoungGen: 2741648K->173143K(2855680K)] 6101869K->3538173K(9147136K), 0.0789010 secs] [Times: user=0.66 sys=0.01, real=0.08 secs] 
2014-09-18T18:15:18.447+0200: 12091.083: [GC
Desired survivor size 293732352 bytes, new threshold 15 (max 15)
 [PSYoungGen: 2750935K->241148K(2841536K)] 6115965K->3608343K(9132992K), 0.1152550 secs] [Times: user=0.71 sys=0.00, real=0.12 secs] 
2014-09-18T18:15:59.023+0200: 12131.659: [GC
Desired survivor size 282329088 bytes, new threshold 15 (max 15)
 [PSYoungGen: 2813180K->174150K(2858880K)] 6180375K->3541960K(9150336K), 0.0685680 secs] [Times: user=0.73 sys=0.01, real=0.06 secs] 
2014-09-18T18:18:21.945+0200: 12274.581: [GC
Desired survivor size 289669120 bytes, new threshold 15 (max 15)
 [PSYoungGen: 2746182K->220632K(2855680K)] 6113992K->3590491K(9147136K), 0.0917160 secs] [Times: user=0.70 sys=0.01, real=0.09 secs] 
2014-09-18T18:19:22.270+0200: 12334.906: [GC
Desired survivor size 305332224 bytes, new threshold 15 (max 15)
 [PSYoungGen: 2800600K->248113K(2828096K)] 6170459K->3623289K(9119552K), 0.0979530 secs] [Times: user=0.89 sys=0.00, real=0.10 secs] 
2014-09-18T18:19:44.689+0200: 12357.325: [GC
Desired survivor size 389021696 bytes, new threshold 14 (max 15)
 [PSYoungGen: 2828081K->298158K(2684096K)] 6203257K->3811924K(8975552K), 0.1200980 secs] [Times: user=0.92 sys=0.00, real=0.12 secs] 
2014-09-18T18:20:02.572+0200: 12375.209: [GC
Desired survivor size 435617792 bytes, new threshold 15 (max 15)
 [PSYoungGen: 2669937K->379260K(2765184K)] 6183703K->4320614K(9056640K), 0.2179190 secs] [Times: user=1.03 sys=0.00, real=0.22 secs] 
2014-09-18T18:20:16.485+0200: 12389.121: [GC
Desired survivor size 470417408 bytes, new threshold 15 (max 15)
 [PSYoungGen: 2757988K->372793K(2607488K)] 6699342K->4565815K(8898944K), 0.1795700 secs] [Times: user=0.89 sys=0.01, real=0.17 secs] 
2014-09-18T18:20:35.584+0200: 12408.220: [GC
Desired survivor size 529989632 bytes, new threshold 15 (max 15)
 [PSYoungGen: 2599737K->458093K(2685056K)] 6792759K->5040817K(8976512K), 0.2127160 secs] [Times: user=0.95 sys=0.00, real=0.21 secs] 
2014-09-18T18:20:51.237+0200: 12423.874: [GC
Desired survivor size 536870912 bytes, new threshold 14 (max 15)
 [PSYoungGen: 2685037K->433639K(2557824K)] 7267761K->5332294K(8849280K), 0.2004430 secs] [Times: user=1.00 sys=0.00, real=0.20 secs] 
2014-09-18T18:21:09.090+0200: 12441.726: [GC
Desired survivor size 536870912 bytes, new threshold 13 (max 15)
 [PSYoungGen: 2527994K->495328K(2621440K)] 7426649K->5682467K(8912896K), 0.1904830 secs] [Times: user=0.96 sys=0.01, real=0.19 secs] 
2014-09-18T18:21:27.158+0200: 12459.794: [GC
Desired survivor size 536870912 bytes, new threshold 12 (max 15)
 [PSYoungGen: 2563699K->521535K(2621440K)] 7750838K->5948377K(8912896K), 0.2057410 secs] [Times: user=0.95 sys=0.00, real=0.21 secs] 
2014-09-18T18:21:45.361+0200: 12477.997: [GC
Desired survivor size 536870912 bytes, new threshold 11 (max 15)
 [PSYoungGen: 2617057K->494229K(2621440K)] 8043899K->6133179K(8912896K), 0.1945770 secs] [Times: user=0.77 sys=0.01, real=0.19 secs] 
2014-09-18T18:22:01.108+0200: 12493.744: [GC
Desired survivor size 536870912 bytes, new threshold 10 (max 15)
 [PSYoungGen: 2591381K->504070K(2621440K)] 8230331K->6420284K(8912896K), 0.1801720 secs] [Times: user=0.88 sys=0.00, real=0.19 secs] 
2014-09-18T18:22:01.288+0200: 12493.924: [Full GC [PSYoungGen: 504070K->0K(2621440K)] [PSOldGen: 5916213K->1912747K(6291456K)] 6420284K->1912747K(8912896K) [PSPermGen: 292988K->292988K(293056K)], 3.8738390 secs] [Times: user=3.85 sys=0.02, real=3.87 secs] 
2014-09-18T18:22:22.215+0200: 12514.851: [GC
Desired survivor size 536870912 bytes, new threshold 9 (max 15)
 [PSYoungGen: 2097152K->520810K(2621440K)] 4009899K->2545807K(8912896K), 0.1528610 secs] [Times: user=0.42 sys=0.00, real=0.15 secs] 
2014-09-18T18:22:35.109+0200: 12527.745: [GC
Desired survivor size 536870912 bytes, new threshold 8 (max 15)
 [PSYoungGen: 2617962K->511151K(2621440K)] 4642959K->2578086K(8912896K), 0.1427940 secs] [Times: user=0.43 sys=0.01, real=0.14 secs] 
2014-09-18T18:23:31.902+0200: 12584.539: [GC
Desired survivor size 536870912 bytes, new threshold 7 (max 15)
 [PSYoungGen: 2608303K->512737K(2621440K)] 4675238K->2579672K(8912896K), 0.1294310 secs] [Times: user=0.44 sys=0.01, real=0.13 secs] 
2014-09-18T18:23:34.065+0200: 12586.701: [GC
Desired survivor size 536870912 bytes, new threshold 6 (max 15)
 [PSYoungGen: 2609889K->98200K(2621440K)] 4676824K->2165135K(8912896K), 0.0425250 secs] [Times: user=0.35 sys=0.00, real=0.04 secs] 
2014-09-18T18:23:41.340+0200: 12593.976: [GC
Desired survivor size 536870912 bytes, new threshold 5 (max 15)
 [PSYoungGen: 2195352K->323268K(2621440K)] 4262287K->2390202K(8912896K), 0.0852200 secs] [Times: user=0.29 sys=0.00, real=0.09 secs] 
2014-09-18T18:23:57.262+0200: 12609.898: [GC
Desired survivor size 536870912 bytes, new threshold 4 (max 15)
 [PSYoungGen: 2418256K->517459K(2621440K)] 4485191K->2669173K(8912896K), 0.1830260 secs] [Times: user=0.41 sys=0.00, real=0.18 secs] 
2014-09-18T18:24:59.261+0200: 12671.897: [GC
Desired survivor size 536870912 bytes, new threshold 3 (max 15)
 [PSYoungGen: 2614611K->273147K(2621440K)] 4766325K->2449499K(8912896K), 0.0866750 secs] [Times: user=0.31 sys=0.00, real=0.08 secs] 
2014-09-18T18:26:27.189+0200: 12759.825: [GC
Desired survivor size 536870912 bytes, new threshold 2 (max 15)
 [PSYoungGen: 2370299K->31794K(2621440K)] 4546651K->2217059K(8912896K), 0.0395670 secs] [Times: user=0.24 sys=0.00, real=0.04 secs] 
2014-09-18T18:27:44.163+0200: 12836.799: [GC
Desired survivor size 536870912 bytes, new threshold 1 (max 15)
 [PSYoungGen: 2128946K->62309K(2621440K)] 4314211K->2250276K(8912896K), 0.0381610 secs] [Times: user=0.18 sys=0.00, real=0.04 secs] 
2014-09-18T18:28:23.434+0200: 12876.070: [GC
Desired survivor size 536870912 bytes, new threshold 1 (max 15)
 [PSYoungGen: 2159461K->170258K(2621440K)] 4347428K->2370931K(8912896K), 0.0686400 secs] [Times: user=0.24 sys=0.01, real=0.07 secs] 
2014-09-18T18:29:24.870+0200: 12937.506: [GC
Desired survivor size 536870912 bytes, new threshold 1 (max 15)
 [PSYoungGen: 2239586K->128785K(2621440K)] 4440260K->2329770K(8912896K), 0.0369870 secs] [Times: user=0.22 sys=0.00, real=0.04 secs] 
2014-09-18T18:29:39.841+0200: 12952.477: [GC
Desired survivor size 536870912 bytes, new threshold 1 (max 15)
 [PSYoungGen: 2225937K->497186K(2621440K)] 4426922K->3203344K(8912896K), 0.1876000 secs] [Times: user=0.97 sys=0.02, real=0.18 secs] 
2014-09-18T18:29:57.689+0200: 12970.325: [GC
Desired survivor size 536870912 bytes, new threshold 1 (max 15)
 [PSYoungGen: 2594338K->519936K(2621440K)] 5300496K->3490472K(8912896K), 0.1729730 secs] [Times: user=0.49 sys=0.00, real=0.17 secs] 
2014-09-18T18:30:15.875+0200: 12988.511: [GC
Desired survivor size 536870912 bytes, new threshold 1 (max 15)
 [PSYoungGen: 2617088K->510112K(2621440K)] 5587624K->3999059K(8912896K), 0.2073360 secs] [Times: user=0.81 sys=0.01, real=0.21 secs] 
2014-09-18T18:30:30.580+0200: 13003.216: [GC
Desired survivor size 536870912 bytes, new threshold 1 (max 15)
 [PSYoungGen: 2607264K->471452K(2621440K)] 6096211K->4457440K(8912896K), 0.1817300 secs] [Times: user=0.84 sys=0.00, real=0.18 secs] 
2014-09-18T18:30:30.763+0200: 13003.399: [GC
Desired survivor size 536870912 bytes, new threshold 1 (max 15)
 [PSYoungGen: 474149K->64K(2621440K)] 4460137K->5121978K(8912896K), 0.1328180 secs] [Times: user=1.67 sys=0.01, real=0.14 secs] 
2014-09-18T18:30:38.425+0200: 13011.061: [GC
Desired survivor size 536870912 bytes, new threshold 1 (max 15)
 [PSYoungGen: 2097216K->218679K(2621440K)] 7219130K->5340602K(8912896K), 0.0712960 secs] [Times: user=0.24 sys=0.00, real=0.08 secs] 
2014-09-18T18:30:55.659+0200: 13028.295: [GC
Desired survivor size 536870912 bytes, new threshold 1 (max 15)
 [PSYoungGen: 2315831K->509292K(2621440K)] 7437754K->6064458K(8912896K), 0.2120910 secs] [Times: user=0.92 sys=0.01, real=0.21 secs] 
2014-09-18T18:30:55.871+0200: 13028.508: [Full GC [PSYoungGen: 509292K->0K(2621440K)] [PSOldGen: 5555165K->1779780K(6291456K)] 6064458K->1779780K(8912896K) [PSPermGen: 293390K->290793K(293440K)], 4.1186630 secs] [Times: user=4.10 sys=0.00, real=4.12 secs] 
2014-09-18T18:31:16.893+0200: 13049.529: [GC
Desired survivor size 536870912 bytes, new threshold 1 (max 15)
 [PSYoungGen: 2097152K->504921K(2621440K)] 3876932K->2623174K(8912896K), 0.2100880 secs] [Times: user=0.79 sys=0.01, real=0.21 secs] 
2014-09-18T18:31:32.525+0200: 13065.161: [GC
Desired survivor size 536870912 bytes, new threshold 1 (max 15)
 [PSYoungGen: 2571297K->482799K(2621440K)] 4689549K->2932191K(8912896K), 0.1989440 secs] [Times: user=0.66 sys=0.01, real=0.20 secs] 
2014-09-18T18:31:50.565+0200: 13083.201: [GC
Desired survivor size 536870912 bytes, new threshold 1 (max 15)
 [PSYoungGen: 2579951K->497214K(2621440K)] 5029343K->3385516K(8912896K), 0.1884900 secs] [Times: user=0.79 sys=0.01, real=0.19 secs] 
2014-09-18T18:32:06.119+0200: 13098.755: [GC
Desired survivor size 536870912 bytes, new threshold 1 (max 15)
 [PSYoungGen: 2593571K->490643K(2621440K)] 5481873K->4452096K(8912896K), 0.2726260 secs] [Times: user=1.74 sys=0.00, real=0.27 secs] 
2014-09-18T18:32:23.251+0200: 13115.887: [GC
Desired survivor size 536870912 bytes, new threshold 1 (max 15)
 [PSYoungGen: 2587795K->523743K(2621440K)] 6549248K->5032798K(8912896K), 0.2055120 secs] [Times: user=1.17 sys=0.01, real=0.20 secs] 
2014-09-18T18:32:37.057+0200: 13129.693: [GC
Desired survivor size 536870912 bytes, new threshold 1 (max 15)
 [PSYoungGen: 2534569K->513879K(2621440K)] 7043624K->5401644K(8912896K), 0.1734600 secs] [Times: user=0.86 sys=0.01, real=0.18 secs] 
2014-09-18T18:32:55.289+0200: 13147.925: [GC
Desired survivor size 536870912 bytes, new threshold 1 (max 15)
 [PSYoungGen: 2611031K->510992K(2621440K)] 7498796K->5631671K(8912896K), 0.1749100 secs] [Times: user=0.39 sys=0.00, real=0.17 secs] 
2014-09-18T18:33:15.203+0200: 13167.839: [GC
Desired survivor size 536870912 bytes, new threshold 1 (max 15)
 [PSYoungGen: 2608144K->524275K(2621440K)] 7728823K->6420249K(8912896K), 0.2582550 secs] [Times: user=1.35 sys=0.01, real=0.26 secs] 
2014-09-18T18:33:15.461+0200: 13168.097: [Full GC [PSYoungGen: 524275K->0K(2621440K)] [PSOldGen: 5895973K->2290632K(6291456K)] 6420249K->2290632K(8912896K) [PSPermGen: 290820K->290820K(293440K)], 3.1475670 secs] [Times: user=3.14 sys=0.00, real=3.15 secs] 
2014-09-18T18:33:34.790+0200: 13187.426: [GC
Desired survivor size 536870912 bytes, new threshold 1 (max 15)
 [PSYoungGen: 2097152K->506148K(2621440K)] 4387784K->3140933K(8912896K), 0.1754990 secs] [Times: user=0.65 sys=0.00, real=0.18 secs] 
2014-09-18T18:33:48.536+0200: 13201.172: [GC
Desired survivor size 536870912 bytes, new threshold 1 (max 15)
 [PSYoungGen: 2599304K->523651K(2621440K)] 5234089K->3482326K(8912896K), 0.1925940 secs] [Times: user=0.67 sys=0.01, real=0.20 secs] 
2014-09-18T18:34:03.307+0200: 13215.943: [GC
Desired survivor size 536870912 bytes, new threshold 1 (max 15)
 [PSYoungGen: 2620803K->524271K(2621440K)] 5579478K->4384404K(8912896K), 0.2503900 secs] [Times: user=1.60 sys=0.00, real=0.25 secs] 
2014-09-18T18:34:14.004+0200: 13226.640: [GC
Desired survivor size 536870912 bytes, new threshold 1 (max 15)
 [PSYoungGen: 2621423K->524287K(2621440K)] 6481556K->4511640K(8912896K), 0.1568120 secs] [Times: user=0.56 sys=0.00, real=0.16 secs] 
2014-09-18T18:34:32.232+0200: 13244.868: [GC
Desired survivor size 536870912 bytes, new threshold 1 (max 15)
 [PSYoungGen: 2621439K->499616K(2621440K)] 6608792K->5047192K(8912896K), 0.2117600 secs] [Times: user=0.96 sys=0.00, real=0.21 secs] 
2014-09-18T18:34:47.931+0200: 13260.567: [GC
Desired survivor size 536870912 bytes, new threshold 1 (max 15)
 [PSYoungGen: 2596768K->515189K(2621440K)] 7144344K->5479736K(8912896K), 0.2011760 secs] [Times: user=1.11 sys=0.00, real=0.21 secs] 
2014-09-18T18:35:03.111+0200: 13275.747: [GC
Desired survivor size 536870912 bytes, new threshold 1 (max 15)
 [PSYoungGen: 2577955K->456071K(2621440K)] 7542502K->5753127K(8912896K), 0.1804510 secs] [Times: user=0.67 sys=0.00, real=0.18 secs] 
2014-09-18T18:35:18.177+0200: 13290.813: [GC
Desired survivor size 536870912 bytes, new threshold 1 (max 15)
 [PSYoungGen: 2508265K->477758K(2621440K)] 7805321K->6668397K(8912896K), 0.2400730 secs] [Times: user=1.50 sys=0.03, real=0.24 secs] 
2014-09-18T18:35:18.418+0200: 13291.054: [Full GC [PSYoungGen: 477758K->0K(2621440K)] [PSOldGen: 6190638K->2201020K(6291456K)] 6668397K->2201020K(8912896K) [PSPermGen: 290846K->290846K(293440K)], 3.1565060 secs] [Times: user=3.15 sys=0.00, real=3.16 secs] 
2014-09-18T18:35:38.403+0200: 13311.039: [GC
Desired survivor size 536870912 bytes, new threshold 1 (max 15)
 [PSYoungGen: 2097152K->515216K(2621440K)] 4298172K->3160029K(8912896K), 0.1789230 secs] [Times: user=0.92 sys=0.00, real=0.18 secs] 
2014-09-18T18:35:56.219+0200: 13328.855: [GC
Desired survivor size 536870912 bytes, new threshold 1 (max 15)
 [PSYoungGen: 2612368K->521078K(2621440K)] 5257181K->3864746K(8912896K), 0.2379410 secs] [Times: user=1.14 sys=0.00, real=0.24 secs] 
2014-09-18T18:36:13.909+0200: 13346.546: [GC
Desired survivor size 536870912 bytes, new threshold 1 (max 15)
 [PSYoungGen: 2618230K->482758K(2621440K)] 5961898K->4358704K(8912896K), 0.1979080 secs] [Times: user=0.94 sys=0.00, real=0.20 secs] 
2014-09-18T18:36:30.688+0200: 13363.324: [GC
Desired survivor size 536870912 bytes, new threshold 1 (max 15)
 [PSYoungGen: 2554189K->495988K(2621440K)] 6430135K->4828457K(8912896K), 0.1852230 secs] [Times: user=0.79 sys=0.01, real=0.18 secs] 
2014-09-18T18:36:47.058+0200: 13379.695: [GC
Desired survivor size 536870912 bytes, new threshold 1 (max 15)
 [PSYoungGen: 2593140K->488815K(2621440K)] 6925609K->5038660K(8912896K), 0.1651930 secs] [Times: user=0.58 sys=0.00, real=0.16 secs] 
2014-09-18T18:37:05.255+0200: 13397.891: [GC
Desired survivor size 536870912 bytes, new threshold 1 (max 15)
 [PSYoungGen: 2521943K->516906K(2621440K)] 7071788K->5754227K(8912896K), 0.2133310 secs] [Times: user=1.01 sys=0.00, real=0.21 secs] 
2014-09-18T18:37:21.152+0200: 13413.788: [GC
Desired survivor size 536870912 bytes, new threshold 1 (max 15)
 [PSYoungGen: 2577576K->455174K(2621440K)] 7814897K->5779162K(8912896K), 0.1527430 secs] [Times: user=0.37 sys=0.00, real=0.15 secs] 
2014-09-18T18:37:21.305+0200: 13413.941: [Full GC [PSYoungGen: 455174K->0K(2621440K)] [PSOldGen: 5323988K->1927300K(6291456K)] 5779162K->1927300K(8912896K) [PSPermGen: 290849K->290849K(515264K)], 3.0205860 secs] [Times: user=3.02 sys=0.01, real=3.02 secs] 
2014-09-18T18:37:37.124+0200: 13429.760: [GC
Desired survivor size 536870912 bytes, new threshold 1 (max 15)
 [PSYoungGen: 2097093K->521172K(2621440K)] 4024394K->2828784K(8912896K), 0.1754450 secs] [Times: user=1.00 sys=0.00, real=0.17 secs] 
2014-09-18T18:37:52.790+0200: 13445.426: [GC
Desired survivor size 536870912 bytes, new threshold 1 (max 15)
 [PSYoungGen: 2572154K->520610K(2621440K)] 4879766K->3676833K(8912896K), 0.2346510 secs] [Times: user=1.47 sys=0.03, real=0.23 secs] 
2014-09-18T18:38:09.103+0200: 13461.739: [GC
Desired survivor size 536870912 bytes, new threshold 1 (max 15)
 [PSYoungGen: 2586233K->478805K(2621440K)] 5742456K->3635361K(8912896K), 0.1281750 secs] [Times: user=0.24 sys=0.00, real=0.13 secs] 
2014-09-18T18:38:25.778+0200: 13478.414: [GC
Desired survivor size 536870912 bytes, new threshold 1 (max 15)
 [PSYoungGen: 2575957K->524278K(2621440K)] 5732513K->4031048K(8912896K), 0.1878190 secs] [Times: user=0.86 sys=0.01, real=0.18 secs] 
2014-09-18T18:38:43.656+0200: 13496.292: [GC
Desired survivor size 536870912 bytes, new threshold 1 (max 15)
 [PSYoungGen: 2571072K->491713K(2621440K)] 6077842K->4594169K(8912896K), 0.2086610 secs] [Times: user=1.04 sys=0.00, real=0.21 secs] 
2014-09-18T18:39:00.298+0200: 13512.934: [GC
Desired survivor size 536870912 bytes, new threshold 1 (max 15)
 [PSYoungGen: 2587094K->474772K(2621440K)] 6689550K->4769932K(8912896K), 0.1610980 secs] [Times: user=0.44 sys=0.00, real=0.16 secs] 
2014-09-18T18:39:17.804+0200: 13530.440: [GC
Desired survivor size 536870912 bytes, new threshold 1 (max 15)
 [PSYoungGen: 2571924K->505119K(2621440K)] 6867084K->5088480K(8912896K), 0.1824560 secs] [Times: user=0.58 sys=0.00, real=0.19 secs] 
2014-09-18T18:42:35.146+0200: 13727.782: [GC
Desired survivor size 536870912 bytes, new threshold 1 (max 15)
 [PSYoungGen: 2602271K->21083K(2621440K)] 7185632K->4957011K(8912896K), 0.0716650 secs] [Times: user=0.62 sys=0.01, real=0.07 secs] 
2014-09-18T18:44:29.719+0200: 13842.355: [GC
Desired survivor size 536870912 bytes, new threshold 1 (max 15)
 [PSYoungGen: 2118235K->345854K(2621440K)] 7054163K->5283616K(8912896K), 0.1129040 secs] [Times: user=0.30 sys=0.00, real=0.11 secs] 
2014-09-18T18:47:49.827+0200: 14042.463: [GC
Desired survivor size 536870912 bytes, new threshold 1 (max 15)
 [PSYoungGen: 2443006K->110350K(2621440K)] 7380768K->5048611K(8912896K), 0.0565020 secs] [Times: user=0.21 sys=0.00, real=0.06 secs] 
2014-09-18T18:49:58.776+0200: 14171.412: [GC
Desired survivor size 536870912 bytes, new threshold 1 (max 15)
 [PSYoungGen: 2207502K->61995K(2621440K)] 7145763K->5006501K(8912896K), 0.0542680 secs] [Times: user=0.34 sys=0.00, real=0.05 secs] 
2014-09-18T18:50:29.339+0200: 14201.975: [GC
Desired survivor size 536870912 bytes, new threshold 1 (max 15)
 [PSYoungGen: 2159147K->16020K(2621440K)] 7103653K->4965530K(8912896K), 0.0219580 secs] [Times: user=0.19 sys=0.00, real=0.03 secs] 
2014-09-18T18:51:09.861+0200: 14242.497: [GC
Desired survivor size 536870912 bytes, new threshold 1 (max 15)
 [PSYoungGen: 2113172K->26436K(2621440K)] 7062682K->4979355K(8912896K), 0.0308400 secs] [Times: user=0.25 sys=0.01, real=0.03 secs] 
2014-09-18T18:51:49.107+0200: 14281.743: [GC
Desired survivor size 536870912 bytes, new threshold 1 (max 15)
 [PSYoungGen: 2123588K->33190K(2621440K)] 7076507K->5004573K(8912896K), 0.0385570 secs] [Times: user=0.40 sys=0.00, real=0.04 secs] 
2014-09-18T18:52:24.359+0200: 14316.995: [GC
Desired survivor size 536870912 bytes, new threshold 1 (max 15)
 [PSYoungGen: 2130342K->28911K(2621440K)] 7101725K->5014950K(8912896K), 0.0418550 secs] [Times: user=0.42 sys=0.00, real=0.04 secs] 
2014-09-18T18:52:38.126+0200: 14330.762: [GC
Desired survivor size 536870912 bytes, new threshold 1 (max 15)
 [PSYoungGen: 2126063K->8560K(2621440K)] 7112102K->5002507K(8912896K), 0.0227840 secs] [Times: user=0.22 sys=0.00, real=0.02 secs] 
2014-09-18T18:53:22.137+0200: 14374.774: [GC
Desired survivor size 536870912 bytes, new threshold 1 (max 15)
 [PSYoungGen: 2105712K->16071K(2621440K)] 7099659K->5014654K(8912896K), 0.0264540 secs] [Times: user=0.25 sys=0.00, real=0.03 secs] 
2014-09-18T18:53:47.580+0200: 14400.216: [GC
Desired survivor size 536870912 bytes, new threshold 1 (max 15)
 [PSYoungGen: 2113223K->27416K(2621440K)] 7111806K->5031399K(8912896K), 0.0327380 secs] [Times: user=0.29 sys=0.00, real=0.04 secs] 
2014-09-18T18:54:30.325+0200: 14442.961: [GC
Desired survivor size 536870912 bytes, new threshold 1 (max 15)
 [PSYoungGen: 2124568K->33179K(2621440K)] 7128551K->5044498K(8912896K), 0.0365010 secs] [Times: user=0.28 sys=0.00, real=0.04 secs] 
2014-09-18T18:55:07.101+0200: 14479.737: [GC
Desired survivor size 536870912 bytes, new threshold 1 (max 15)
 [PSYoungGen: 2130331K->35825K(2621440K)] 7141650K->5061638K(8912896K), 0.0358180 secs] [Times: user=0.36 sys=0.00, real=0.04 secs] 
2014-09-18T18:55:21.330+0200: 14493.966: [GC
Desired survivor size 536870912 bytes, new threshold 1 (max 15)
 [PSYoungGen: 2132977K->45857K(2621440K)] 7158790K->5101939K(8912896K), 0.0530080 secs] [Times: user=0.44 sys=0.00, real=0.05 secs] 
2014-09-18T18:55:28.955+0200: 14501.591: [GC
Desired survivor size 536870912 bytes, new threshold 1 (max 15)
 [PSYoungGen: 2143009K->48677K(2621440K)] 7199091K->5129655K(8912896K), 0.0424380 secs] [Times: user=0.50 sys=0.00, real=0.04 secs] 
2014-09-18T18:55:51.507+0200: 14524.143: [GC
Desired survivor size 536870912 bytes, new threshold 1 (max 15)
 [PSYoungGen: 2145829K->30750K(2621440K)] 7226807K->5116256K(8912896K), 0.0340510 secs] [Times: user=0.30 sys=0.00, real=0.04 secs] 
2014-09-18T18:56:32.910+0200: 14565.546: [GC
Desired survivor size 536870912 bytes, new threshold 1 (max 15)
 [PSYoungGen: 2127902K->18999K(2621440K)] 7213408K->5111345K(8912896K), 0.0256580 secs] [Times: user=0.26 sys=0.00, real=0.02 secs] 
2014-09-18T18:56:53.298+0200: 14585.934: [GC
Desired survivor size 536870912 bytes, new threshold 1 (max 15)
 [PSYoungGen: 2116151K->29990K(2621440K)] 7208497K->5132086K(8912896K), 0.0364280 secs] [Times: user=0.36 sys=0.01, real=0.04 secs] 
2014-09-18T18:59:08.009+0200: 14720.645: [GC
Desired survivor size 536870912 bytes, new threshold 1 (max 15)
 [PSYoungGen: 2127142K->42091K(2621440K)] 7229238K->5151119K(8912896K), 0.0562840 secs] [Times: user=0.29 sys=0.00, real=0.05 secs] 
2014-09-18T18:59:38.416+0200: 14751.052: [GC
Desired survivor size 521732096 bytes, new threshold 2 (max 15)
 [PSYoungGen: 2139243K->73712K(2636224K)] 7248271K->5195550K(8927680K), 0.0508240 secs] [Times: user=0.43 sys=0.01, real=0.04 secs] 
2014-09-18T19:00:03.055+0200: 14775.691: [GC
Desired survivor size 491651072 bytes, new threshold 3 (max 15)
 [PSYoungGen: 2185648K->38353K(2621440K)] 7307486K->5160192K(8912896K), 0.0280010 secs] [Times: user=0.28 sys=0.00, real=0.03 secs] 
2014-09-18T19:00:38.690+0200: 14811.326: [GC
Desired survivor size 456982528 bytes, new threshold 4 (max 15)
 [PSYoungGen: 2150289K->71343K(2699456K)] 7272128K->5193181K(8990912K), 0.0401160 secs] [Times: user=0.39 sys=0.00, real=0.04 secs] 
2014-09-18T19:01:09.229+0200: 14841.865: [GC
Desired survivor size 422051840 bytes, new threshold 5 (max 15)
 [PSYoungGen: 2290671K->88718K(2665600K)] 7412509K->5210556K(8957056K), 0.0446350 secs] [Times: user=0.50 sys=0.01, real=0.05 secs] 
2014-09-18T19:02:11.791+0200: 14904.427: [GC
Desired survivor size 395116544 bytes, new threshold 6 (max 15)
 [PSYoungGen: 2308046K->61813K(2759872K)] 7429884K->5183652K(9051328K), 0.0365950 secs] [Times: user=0.35 sys=0.00, real=0.03 secs] 
2014-09-18T19:02:46.313+0200: 14938.949: [GC
Desired survivor size 366477312 bytes, new threshold 7 (max 15)
 [PSYoungGen: 2409525K->81932K(2733568K)] 7531364K->5203770K(9025024K), 0.0509560 secs] [Times: user=0.46 sys=0.00, real=0.05 secs] 
2014-09-18T19:02:58.247+0200: 14950.883: [GC
Desired survivor size 341508096 bytes, new threshold 8 (max 15)
 [PSYoungGen: 2429644K->96502K(2812224K)] 7551482K->5218340K(9103680K), 0.0509360 secs] [Times: user=0.50 sys=0.00, real=0.05 secs] 
2014-09-18T19:03:03.409+0200: 14956.045: [GC
Desired survivor size 322764800 bytes, new threshold 9 (max 15)
 [PSYoungGen: 2549310K->106872K(2787840K)] 7671149K->5228710K(9079296K), 0.0450670 secs] [Times: user=0.49 sys=0.00, real=0.04 secs] 
2014-09-18T19:03:14.373+0200: 14967.009: [GC
Desired survivor size 308150272 bytes, new threshold 10 (max 15)
 [PSYoungGen: 2561208K->113920K(2844800K)] 7683046K->5235758K(9136256K), 0.0483970 secs] [Times: user=0.54 sys=0.00, real=0.05 secs] 
2014-09-18T19:04:33.097+0200: 15045.733: [GC
Desired survivor size 298844160 bytes, new threshold 11 (max 15)
 [PSYoungGen: 2643520K->125749K(2830528K)] 7765358K->5247587K(9121984K), 0.0618310 secs] [Times: user=0.62 sys=0.01, real=0.06 secs] 
2014-09-18T19:05:10.649+0200: 15083.285: [GC
Desired survivor size 289931264 bytes, new threshold 12 (max 15)
 [PSYoungGen: 2655349K->126513K(2862592K)] 7777187K->5248351K(9154048K), 0.0556720 secs] [Times: user=0.61 sys=0.01, real=0.05 secs] 
2014-09-18T19:06:07.462+0200: 15140.098: [GC
Desired survivor size 295960576 bytes, new threshold 13 (max 15)
 [PSYoungGen: 2697265K->165832K(2853888K)] 7819103K->5287670K(9145344K), 0.0714840 secs] [Times: user=0.75 sys=0.01, real=0.08 secs] 
2014-09-18T19:06:48.123+0200: 15180.759: [GC
Desired survivor size 314966016 bytes, new threshold 14 (max 15)
 [PSYoungGen: 2736584K->206249K(2819584K)] 7858422K->5328088K(9111040K), 0.0828850 secs] [Times: user=0.90 sys=0.01, real=0.08 secs] 
2014-09-18T19:07:59.125+0200: 15251.761: [GC
Desired survivor size 322174976 bytes, new threshold 15 (max 15)
 [PSYoungGen: 2736809K->187497K(2718080K)] 7858648K->5309335K(9009536K), 0.0795000 secs] [Times: user=0.84 sys=0.00, real=0.08 secs] 
2014-09-18T19:09:26.208+0200: 15338.844: [GC
Desired survivor size 342884352 bytes, new threshold 15 (max 15)
 [PSYoungGen: 2718057K->230116K(2790656K)] 7839895K->5351954K(9082112K), 0.0904700 secs] [Times: user=0.80 sys=0.00, real=0.09 secs] 
2014-09-18T19:10:53.723+0200: 15426.359: [GC
Desired survivor size 384696320 bytes, new threshold 15 (max 15)
 [PSYoungGen: 2706148K->299080K(2775168K)] 7827986K->5445998K(9066624K), 0.1185040 secs] [Times: user=0.92 sys=0.00, real=0.12 secs] 
2014-09-18T19:14:23.939+0200: 15636.575: [GC
Desired survivor size 366804992 bytes, new threshold 15 (max 15)
 [PSYoungGen: 2775112K->164524K(2787520K)] 7922030K->5315372K(9078976K), 0.0783330 secs] [Times: user=0.73 sys=0.00, real=0.08 secs] 
2014-09-18T19:16:43.687+0200: 15776.324: [GC
Desired survivor size 427098112 bytes, new threshold 14 (max 15)
 [PSYoungGen: 2581484K->358184K(2775168K)] 7732332K->5517983K(9066624K), 0.1418350 secs] [Times: user=0.81 sys=0.00, real=0.14 secs] 
2014-09-18T19:20:17.797+0200: 15990.433: [GC
Desired survivor size 406192128 bytes, new threshold 15 (max 15)
 [PSYoungGen: 2775144K->184504K(2722944K)] 7934943K->5362863K(9014400K), 0.0955990 secs] [Times: user=0.83 sys=0.00, real=0.10 secs] 
2014-09-18T19:21:42.530+0200: 16075.166: [GC
Desired survivor size 383844352 bytes, new threshold 15 (max 15)
 [PSYoungGen: 2536670K->175860K(2749056K)] 7715029K->5354219K(9040512K), 0.0676980 secs] [Times: user=0.77 sys=0.00, real=0.07 secs] 
2014-09-18T19:22:27.535+0200: 16120.171: [GC
Desired survivor size 365821952 bytes, new threshold 15 (max 15)
 [PSYoungGen: 2528244K->161063K(2788480K)] 7706603K->5353730K(9079936K), 0.0699050 secs] [Times: user=0.81 sys=0.00, real=0.07 secs] 
2014-09-18T19:22:31.752+0200: 16124.388: [GC
Desired survivor size 348848128 bytes, new threshold 15 (max 15)
 [PSYoungGen: 2574695K->178383K(2770880K)] 7767362K->5378442K(9062336K), 0.0690130 secs] [Times: user=0.86 sys=0.00, real=0.08 secs] 
2014-09-18T19:23:46.005+0200: 16198.641: [GC
Desired survivor size 338952192 bytes, new threshold 15 (max 15)
 [PSYoungGen: 2592015K->193079K(2814720K)] 7792074K->5402762K(9106176K), 0.0808830 secs] [Times: user=0.87 sys=0.00, real=0.08 secs] 
2014-09-18T19:24:56.044+0200: 16268.680: [GC
Desired survivor size 335216640 bytes, new threshold 15 (max 15)
 [PSYoungGen: 2667127K->208100K(2805056K)] 7876810K->5422323K(9096512K), 0.0841760 secs] [Times: user=0.81 sys=0.00, real=0.08 secs] 
2014-09-18T19:25:49.949+0200: 16322.585: [GC
Desired survivor size 332464128 bytes, new threshold 15 (max 15)
 [PSYoungGen: 2682148K->211890K(2821056K)] 7896371K->5431667K(9112512K), 0.0836310 secs] [Times: user=0.79 sys=0.00, real=0.08 secs] 
2014-09-18T19:26:07.044+0200: 16339.680: [GC
Desired survivor size 332922880 bytes, new threshold 15 (max 15)
 [PSYoungGen: 2705586K->222150K(2818368K)] 7925363K->5450415K(9109824K), 0.0797520 secs] [Times: user=0.87 sys=0.00, real=0.08 secs] 
2014-09-18T19:26:26.690+0200: 16359.326: [GC
Desired survivor size 322043904 bytes, new threshold 15 (max 15)
 [PSYoungGen: 2715846K->167428K(2831232K)] 7944111K->5443199K(9122688K), 0.0817880 secs] [Times: user=0.97 sys=0.00, real=0.08 secs] 
2014-09-18T19:27:06.977+0200: 16399.613: [GC
Desired survivor size 315424768 bytes, new threshold 15 (max 15)
 [PSYoungGen: 2673540K->145973K(2820608K)] 7949311K->5435678K(9112064K), 0.0630390 secs] [Times: user=0.69 sys=0.01, real=0.06 secs] 
2014-09-18T19:27:26.636+0200: 16419.272: [GC
Desired survivor size 348389376 bytes, new threshold 15 (max 15)
 [PSYoungGen: 2652085K->301978K(2773312K)] 7941790K->5881330K(9064768K), 0.1553730 secs] [Times: user=0.70 sys=0.00, real=0.15 secs] 
2014-09-18T19:27:42.364+0200: 16435.000: [GC
Desired survivor size 386531328 bytes, new threshold 15 (max 15)
 [PSYoungGen: 2752871K->333398K(2798720K)] 8332222K->6336303K(9090176K), 0.1939880 secs] [Times: user=0.75 sys=0.00, real=0.20 secs] 
2014-09-18T19:27:42.563+0200: 16435.199: [Full GC [PSYoungGen: 333398K->0K(2798720K)] [PSOldGen: 6002905K->1830003K(6291456K)] 6336303K->1830003K(9090176K) [PSPermGen: 291312K->290399K(487936K)], 4.1558610 secs] [Times: user=4.13 sys=0.01, real=4.16 secs] 
2014-09-18T19:27:55.773+0200: 16448.409: [GC
Desired survivor size 421396480 bytes, new threshold 15 (max 15)
 [PSYoungGen: 2465280K->345044K(2669696K)] 4295283K->2437797K(8961152K), 0.1347380 secs] [Times: user=0.52 sys=0.00, real=0.13 secs] 
2014-09-18T19:28:09.872+0200: 16462.508: [GC
Desired survivor size 472711168 bytes, new threshold 15 (max 15)
 [PSYoungGen: 2667732K->407549K(2730240K)] 4760485K->2822046K(9021696K), 0.1649930 secs] [Times: user=0.52 sys=0.00, real=0.16 secs] 
2014-09-18T19:28:17.004+0200: 16469.641: [GC
Desired survivor size 509083648 bytes, new threshold 15 (max 15)
 [PSYoungGen: 2730237K->395494K(2566912K)] 5144734K->3245250K(8858368K), 0.1553060 secs] [Times: user=0.86 sys=0.02, real=0.15 secs] 
2014-09-18T19:28:21.969+0200: 16474.605: [GC
Desired survivor size 489226240 bytes, new threshold 15 (max 15)
 [PSYoungGen: 2532710K->267953K(2648576K)] 5382465K->3117708K(8940032K), 0.0734410 secs] [Times: user=0.28 sys=0.00, real=0.07 secs] 
2014-09-18T19:28:35.914+0200: 16488.550: [GC
Desired survivor size 536870912 bytes, new threshold 14 (max 15)
 [PSYoungGen: 2405401K->477734K(2574912K)] 5255157K->3436159K(8866368K), 0.1368310 secs] [Times: user=0.55 sys=0.00, real=0.14 secs] 
2014-09-18T19:28:44.611+0200: 16497.247: [GC
Desired survivor size 536870912 bytes, new threshold 13 (max 15)
 [PSYoungGen: 2574886K->392781K(2621440K)] 5533311K->3351207K(8912896K), 0.1083830 secs] [Times: user=0.45 sys=0.00, real=0.10 secs] 
2014-09-18T19:28:53.078+0200: 16505.714: [GC
Desired survivor size 536870912 bytes, new threshold 12 (max 15)
 [PSYoungGen: 2489933K->441664K(2621440K)] 5448359K->3400090K(8912896K), 0.1019620 secs] [Times: user=0.49 sys=0.00, real=0.10 secs] 
2014-09-18T19:29:02.731+0200: 16515.367: [GC
Desired survivor size 536870912 bytes, new threshold 11 (max 15)
 [PSYoungGen: 2538816K->516765K(2621440K)] 5497242K->3521001K(8912896K), 0.1195140 secs] [Times: user=0.58 sys=0.00, real=0.12 secs] 
2014-09-18T19:29:16.416+0200: 16529.052: [GC
Desired survivor size 536870912 bytes, new threshold 10 (max 15)
 [PSYoungGen: 2612763K->517043K(2621440K)] 5616999K->3521278K(8912896K), 0.1347590 secs] [Times: user=0.38 sys=0.00, real=0.14 secs] 
2014-09-18T19:29:20.231+0200: 16532.867: [GC
Desired survivor size 536870912 bytes, new threshold 9 (max 15)
 [PSYoungGen: 2598753K->209522K(2621440K)] 5602988K->3213758K(8912896K), 0.0581940 secs] [Times: user=0.39 sys=0.00, real=0.06 secs] 
2014-09-18T19:29:29.467+0200: 16542.103: [GC
Desired survivor size 536870912 bytes, new threshold 8 (max 15)
 [PSYoungGen: 2306674K->436279K(2621440K)] 5310910K->3478071K(8912896K), 0.1060960 secs] [Times: user=0.54 sys=0.00, real=0.10 secs] 
2014-09-18T19:29:42.184+0200: 16554.820: [GC
Desired survivor size 536870912 bytes, new threshold 7 (max 15)
 [PSYoungGen: 2533431K->478181K(2621440K)] 5575223K->3524603K(8912896K), 0.1274050 secs] [Times: user=0.38 sys=0.00, real=0.13 secs] 
2014-09-18T19:29:51.615+0200: 16564.251: [GC
Desired survivor size 536870912 bytes, new threshold 6 (max 15)
 [PSYoungGen: 2575333K->382146K(2621440K)] 5621755K->3429572K(8912896K), 0.0988720 secs] [Times: user=0.34 sys=0.00, real=0.10 secs] 
2014-09-18T19:30:30.244+0200: 16602.880: [GC
Desired survivor size 536870912 bytes, new threshold 5 (max 15)
 [PSYoungGen: 2479298K->339220K(2621440K)] 5526724K->3402415K(8912896K), 0.1219950 secs] [Times: user=0.46 sys=0.00, real=0.12 secs] 
2014-09-18T19:31:49.743+0200: 16682.379: [GC
Desired survivor size 536870912 bytes, new threshold 4 (max 15)
 [PSYoungGen: 2436372K->35812K(2621440K)] 5499567K->3118737K(8912896K), 0.0361640 secs] [Times: user=0.31 sys=0.00, real=0.04 secs] 
2014-09-18T19:32:21.295+0200: 16713.931: [GC
Desired survivor size 536870912 bytes, new threshold 3 (max 15)
 [PSYoungGen: 2132964K->43780K(2621440K)] 5215889K->3134542K(8912896K), 0.0321330 secs] [Times: user=0.28 sys=0.00, real=0.04 secs] 
2014-09-18T19:32:47.405+0200: 16740.041: [GC
Desired survivor size 536870912 bytes, new threshold 2 (max 15)
 [PSYoungGen: 2140932K->40756K(2621440K)] 5231694K->3146098K(8912896K), 0.0312440 secs] [Times: user=0.32 sys=0.00, real=0.07 secs] 
2014-09-18T19:34:52.905+0200: 16865.541: [GC
Desired survivor size 536870912 bytes, new threshold 1 (max 15)
 [PSYoungGen: 2137908K->51265K(2621440K)] 5243250K->3176587K(8912896K), 0.0507100 secs] [Times: user=0.38 sys=0.00, real=0.04 secs] 
2014-09-18T19:34:59.148+0200: 16871.784: [GC
Desired survivor size 536870912 bytes, new threshold 1 (max 15)
 [PSYoungGen: 2148417K->38582K(2621440K)] 5273739K->3194036K(8912896K), 0.0388120 secs] [Times: user=0.43 sys=0.00, real=0.04 secs] 
2014-09-18T19:35:12.614+0200: 16885.250: [GC
Desired survivor size 536870912 bytes, new threshold 1 (max 15)
 [PSYoungGen: 2134543K->59456K(2621440K)] 5289997K->3222045K(8912896K), 0.0342140 secs] [Times: user=0.35 sys=0.00, real=0.04 secs] 
2014-09-18T19:35:49.133+0200: 16921.769: [GC
Desired survivor size 536870912 bytes, new threshold 1 (max 15)
 [PSYoungGen: 2156608K->19119K(2621440K)] 5319197K->3187301K(8912896K), 0.0233180 secs] [Times: user=0.18 sys=0.00, real=0.02 secs] 
2014-09-18T19:36:06.586+0200: 16939.222: [GC
Desired survivor size 536870912 bytes, new threshold 1 (max 15)
 [PSYoungGen: 2116271K->22805K(2621440K)] 5284453K->3198383K(8912896K), 0.0240920 secs] [Times: user=0.25 sys=0.00, real=0.02 secs] 
2014-09-18T19:36:47.094+0200: 16979.730: [GC
Desired survivor size 536870912 bytes, new threshold 1 (max 15)
 [PSYoungGen: 2119957K->8555K(2621440K)] 5295535K->3188157K(8912896K), 0.0187950 secs] [Times: user=0.17 sys=0.00, real=0.02 secs] 
2014-09-18T19:37:24.284+0200: 17016.920: [GC
Desired survivor size 536870912 bytes, new threshold 1 (max 15)
 [PSYoungGen: 2105707K->8382K(2621440K)] 5285309K->3192496K(8912896K), 0.0212460 secs] [Times: user=0.16 sys=0.00, real=0.02 secs] 
2014-09-18T19:39:07.352+0200: 17119.988: [GC
Desired survivor size 536870912 bytes, new threshold 1 (max 15)
 [PSYoungGen: 2105534K->21314K(2621440K)] 5289648K->3209524K(8912896K), 0.0308440 secs] [Times: user=0.19 sys=0.00, real=0.03 secs] 
2014-09-18T19:39:32.459+0200: 17145.095: [GC
Desired survivor size 536870912 bytes, new threshold 1 (max 15)
 [PSYoungGen: 2118466K->35558K(2621440K)] 5306676K->3224824K(8912896K), 0.0267740 secs] [Times: user=0.23 sys=0.00, real=0.03 secs] 
2014-09-18T19:40:20.091+0200: 17192.727: [GC
Desired survivor size 536870912 bytes, new threshold 1 (max 15)
 [PSYoungGen: 2132710K->241467K(2621440K)] 5321976K->3439944K(8912896K), 0.0890560 secs] [Times: user=0.23 sys=0.01, real=0.09 secs] 
2014-09-18T19:40:41.858+0200: 17214.494: [GC
Desired survivor size 534577152 bytes, new threshold 2 (max 15)
 [PSYoungGen: 2338619K->42972K(2621440K)] 5537096K->3247471K(8912896K), 0.0339160 secs] [Times: user=0.18 sys=0.00, real=0.04 secs] 
2014-09-18T19:42:06.950+0200: 17299.586: [GC
Desired survivor size 510328832 bytes, new threshold 3 (max 15)
 [PSYoungGen: 2140124K->31493K(2647360K)] 5344623K->3235992K(8938816K), 0.0273760 secs] [Times: user=0.21 sys=0.00, real=0.02 secs] 
2014-09-18T19:43:03.427+0200: 17356.063: [GC
Desired survivor size 484966400 bytes, new threshold 4 (max 15)
 [PSYoungGen: 2156805K->36680K(2623680K)] 5361304K->3241179K(8915136K), 0.0299990 secs] [Times: user=0.21 sys=0.00, real=0.03 secs] 
2014-09-18T19:43:28.659+0200: 17381.295: [GC
Desired survivor size 460324864 bytes, new threshold 5 (max 15)
 [PSYoungGen: 2161992K->34860K(2696192K)] 5366491K->3239359K(8987648K), 0.0243190 secs] [Times: user=0.26 sys=0.00, real=0.02 secs] 
2014-09-18T19:44:24.020+0200: 17436.656: [GC
Desired survivor size 436207616 bytes, new threshold 6 (max 15)
 [PSYoungGen: 2257452K->34036K(2672128K)] 5461951K->3238535K(8963584K), 0.0268150 secs] [Times: user=0.23 sys=0.00, real=0.02 secs] 
2014-09-18T19:45:52.395+0200: 17525.031: [GC
Desired survivor size 412418048 bytes, new threshold 7 (max 15)
 [PSYoungGen: 2256628K->35630K(2742976K)] 5461127K->3240129K(9034432K), 0.0318210 secs] [Times: user=0.22 sys=0.00, real=0.04 secs] 
2014-09-18T19:46:10.474+0200: 17543.111: [GC
Desired survivor size 389808128 bytes, new threshold 8 (max 15)
 [PSYoungGen: 2352622K->32966K(2719744K)] 5557121K->3237465K(9011200K), 0.0210140 secs] [Times: user=0.21 sys=0.00, real=0.02 secs] 
2014-09-18T19:47:16.725+0200: 17609.361: [GC
Desired survivor size 362020864 bytes, new threshold 9 (max 15)
 [PSYoungGen: 2349958K->67306K(2792192K)] 5554457K->3271805K(9083648K), 0.0402910 secs] [Times: user=0.35 sys=0.00, real=0.04 secs] 
2014-09-18T19:47:46.007+0200: 17638.643: [GC
Desired survivor size 339345408 bytes, new threshold 10 (max 15)
 [PSYoungGen: 2478826K->51119K(2765056K)] 5683325K->3255618K(9056512K), 0.0284670 secs] [Times: user=0.28 sys=0.00, real=0.03 secs] 
2014-09-18T19:48:19.309+0200: 17671.946: [GC
Desired survivor size 338362368 bytes, new threshold 11 (max 15)
 [PSYoungGen: 2462639K->143922K(2815296K)] 5667138K->3348421K(9106752K), 0.0561920 secs] [Times: user=0.30 sys=0.01, real=0.06 secs] 
2014-09-18T19:49:29.339+0200: 17741.975: [GC
Desired survivor size 315490304 bytes, new threshold 12 (max 15)
 [PSYoungGen: 2627826K->71413K(2814336K)] 5832325K->3275912K(9105792K), 0.0440370 secs] [Times: user=0.35 sys=0.00, real=0.05 secs] 
2014-09-18T19:49:46.503+0200: 17759.139: [GC
Desired survivor size 293601280 bytes, new threshold 13 (max 15)
 [PSYoungGen: 2555317K->76931K(2859008K)] 5759816K->3281430K(9150464K), 0.0402090 secs] [Times: user=0.40 sys=0.00, real=0.04 secs] 
2014-09-18T19:51:19.346+0200: 17851.982: [GC
Desired survivor size 277479424 bytes, new threshold 14 (max 15)
 [PSYoungGen: 2627843K->55575K(2837632K)] 5832342K->3260074K(9129088K), 0.0336160 secs] [Times: user=0.29 sys=0.01, real=0.03 secs] 
2014-09-18T19:53:35.342+0200: 17987.978: [GC
Desired survivor size 258277376 bytes, new threshold 15 (max 15)
 [PSYoungGen: 2606487K->80938K(2893504K)] 5810986K->3285437K(9184960K), 0.0575010 secs] [Times: user=0.36 sys=0.00, real=0.06 secs] 
2014-09-18T19:56:49.132+0200: 18181.769: [GC
Desired survivor size 242417664 bytes, new threshold 15 (max 15)
 [PSYoungGen: 2703466K->69948K(2874752K)] 5907965K->3274447K(9166208K), 0.0473560 secs] [Times: user=0.33 sys=0.00, real=0.04 secs] 
2014-09-18T19:57:29.023+0200: 18221.660: [GC
Desired survivor size 234225664 bytes, new threshold 15 (max 15)
 [PSYoungGen: 2692476K->100060K(2916992K)] 5896975K->3312703K(9208448K), 0.0558730 secs] [Times: user=0.45 sys=0.00, real=0.05 secs] 
2014-09-18T19:58:45.768+0200: 18298.404: [GC
Desired survivor size 259981312 bytes, new threshold 15 (max 15)
 [PSYoungGen: 2780316K->189052K(2869312K)] 5992959K->3401943K(9160768K), 0.0752330 secs] [Times: user=0.50 sys=0.00, real=0.07 secs] 
2014-09-18T20:00:04.757+0200: 18377.393: [GC
Desired survivor size 249298944 bytes, new threshold 15 (max 15)
 [PSYoungGen: 2869308K->107549K(2902272K)] 6082199K->3322587K(9193728K), 0.0564490 secs] [Times: user=0.47 sys=0.00, real=0.06 secs] 
2014-09-18T20:00:39.890+0200: 18412.526: [GC
Desired survivor size 243138560 bytes, new threshold 15 (max 15)
 [PSYoungGen: 2755933K->117742K(2891840K)] 5970971K->3336076K(9183296K), 0.0532290 secs] [Times: user=0.59 sys=0.00, real=0.05 secs] 
2014-09-18T20:01:29.186+0200: 18461.822: [GC
Desired survivor size 234684416 bytes, new threshold 15 (max 15)
 [PSYoungGen: 2766126K->111917K(2916544K)] 5984460K->3334354K(9208000K), 0.0566450 secs] [Times: user=0.56 sys=0.00, real=0.05 secs] 
2014-09-18T20:02:35.656+0200: 18528.292: [GC
Desired survivor size 232128512 bytes, new threshold 15 (max 15)
 [PSYoungGen: 2791021K->126461K(2908288K)] 6013458K->3352386K(9199744K), 0.0559250 secs] [Times: user=0.61 sys=0.00, real=0.06 secs] 
2014-09-18T20:03:18.150+0200: 18570.786: [GC
Desired survivor size 241434624 bytes, new threshold 15 (max 15)
 [PSYoungGen: 2805565K->159016K(2900864K)] 6031490K->3392601K(9192320K), 0.0642290 secs] [Times: user=0.62 sys=0.00, real=0.06 secs] 
2014-09-18T20:03:53.575+0200: 18606.211: [GC
Desired survivor size 355598336 bytes, new threshold 14 (max 15)
 [PSYoungGen: 2833192K->235751K(2909952K)] 6066777K->3676219K(9201408K), 0.1326620 secs] [Times: user=0.71 sys=0.00, real=0.13 secs] 
2014-09-18T20:04:45.191+0200: 18657.827: [GC
Desired survivor size 347340800 bytes, new threshold 15 (max 15)
 [PSYoungGen: 2909927K->174214K(2703104K)] 6350395K->3618225K(8994560K), 0.0705320 secs] [Times: user=0.60 sys=0.00, real=0.07 secs] 
2014-09-18T20:06:45.687+0200: 18778.323: [GC
Desired survivor size 332136448 bytes, new threshold 15 (max 15)
 [PSYoungGen: 2641542K->156205K(2806528K)] 6085553K->3600216K(9097984K), 0.0734570 secs] [Times: user=0.62 sys=0.00, real=0.07 secs] 
2014-09-18T20:07:51.386+0200: 18844.022: [GC
Desired survivor size 316997632 bytes, new threshold 15 (max 15)
 [PSYoungGen: 2623533K->126045K(2836160K)] 6067544K->3578132K(9127616K), 0.0561980 secs] [Times: user=0.59 sys=0.00, real=0.06 secs] 
2014-09-18T20:09:31.928+0200: 18944.564: [GC
Desired survivor size 325189632 bytes, new threshold 15 (max 15)
 [PSYoungGen: 2637853K->209480K(2821376K)] 6089940K->3666027K(9112832K), 0.0856570 secs] [Times: user=0.62 sys=0.00, real=0.08 secs] 
2014-09-18T20:10:12.647+0200: 18985.283: [GC
Desired survivor size 311820288 bytes, new threshold 15 (max 15)
 [PSYoungGen: 2721288K->127274K(2841216K)] 6177835K->3584077K(9132672K), 0.0570780 secs] [Times: user=0.56 sys=0.01, real=0.06 secs] 
2014-09-18T20:10:45.572+0200: 19018.208: [GC
Desired survivor size 298778624 bytes, new threshold 15 (max 15)
 [PSYoungGen: 2650922K->129964K(2828160K)] 6107725K->3587103K(9119616K), 0.0572660 secs] [Times: user=0.59 sys=0.00, real=0.05 secs] 
2014-09-18T20:11:34.126+0200: 19066.762: [GC
Desired survivor size 311230464 bytes, new threshold 15 (max 15)
 [PSYoungGen: 2653612K->218051K(2829632K)] 6110751K->3675439K(9121088K), 0.0827070 secs] [Times: user=0.59 sys=0.00, real=0.09 secs] 
2014-09-18T20:12:42.938+0200: 19135.574: [GC
Desired survivor size 301858816 bytes, new threshold 15 (max 15)
 [PSYoungGen: 2755907K->117695K(2841792K)] 6213295K->3594049K(9133248K), 0.0601660 secs] [Times: user=0.63 sys=0.00, real=0.06 secs] 
2014-09-18T20:13:49.119+0200: 19201.755: [GC
Desired survivor size 293142528 bytes, new threshold 15 (max 15)
 [PSYoungGen: 2655551K->113956K(2859456K)] 6131905K->3593902K(9150912K), 0.0509990 secs] [Times: user=0.51 sys=0.00, real=0.06 secs] 
2014-09-18T20:15:25.858+0200: 19298.494: [GC
Desired survivor size 285212672 bytes, new threshold 15 (max 15)
 [PSYoungGen: 2678628K->108582K(2850944K)] 6158574K->3595681K(9142400K), 0.0535320 secs] [Times: user=0.51 sys=0.00, real=0.05 secs] 
2014-09-18T20:16:24.355+0200: 19356.991: [GC
Desired survivor size 277151744 bytes, new threshold 15 (max 15)
 [PSYoungGen: 2673254K->108107K(2875072K)] 6160353K->3608955K(9166528K), 0.0558710 secs] [Times: user=0.58 sys=0.00, real=0.06 secs] 
2014-09-18T20:17:11.498+0200: 19404.134: [GC
Desired survivor size 265420800 bytes, new threshold 15 (max 15)
 [PSYoungGen: 2704651K->128467K(2867200K)] 6205499K->3654697K(9158656K), 0.0705440 secs] [Times: user=0.71 sys=0.01, real=0.07 secs] 
2014-09-18T20:18:01.305+0200: 19453.941: [GC
Desired survivor size 255459328 bytes, new threshold 15 (max 15)
 [PSYoungGen: 2725011K->123324K(2896256K)] 6251241K->3652721K(9187712K), 0.0661610 secs] [Times: user=0.51 sys=0.01, real=0.06 secs] 
2014-09-18T20:18:33.919+0200: 19486.555: [GC
Desired survivor size 248446976 bytes, new threshold 15 (max 15)
 [PSYoungGen: 2760380K->109538K(2886528K)] 6289777K->3645747K(9177984K), 0.0449040 secs] [Times: user=0.50 sys=0.00, real=0.05 secs] 
2014-09-18T20:19:59.065+0200: 19571.701: [GC
Desired survivor size 240254976 bytes, new threshold 15 (max 15)
 [PSYoungGen: 2746594K->116592K(2911104K)] 6282803K->3676985K(9202560K), 0.0782210 secs] [Times: user=0.52 sys=0.00, real=0.08 secs] 
2014-09-18T20:22:02.841+0200: 19695.477: [GC
Desired survivor size 238747648 bytes, new threshold 15 (max 15)
 [PSYoungGen: 2785072K->80033K(2903104K)] 6345465K->3647340K(9194560K), 0.0524980 secs] [Times: user=0.38 sys=0.00, real=0.05 secs] 
2014-09-18T20:22:52.611+0200: 19745.247: [GC
Desired survivor size 234160128 bytes, new threshold 15 (max 15)
 [PSYoungGen: 2748513K->90380K(2917056K)] 6315820K->3659583K(9208512K), 0.0516010 secs] [Times: user=0.41 sys=0.00, real=0.05 secs] 
2014-09-18T20:24:45.691+0200: 19858.327: [GC
Desired survivor size 227278848 bytes, new threshold 15 (max 15)
 [PSYoungGen: 2774284K->100406K(2912576K)] 6343487K->3670057K(9204032K), 0.0631270 secs] [Times: user=0.37 sys=0.00, real=0.06 secs] 
2014-09-18T20:27:04.891+0200: 19997.527: [GC
Desired survivor size 224788480 bytes, new threshold 15 (max 15)
 [PSYoungGen: 2784310K->75545K(2926208K)] 6353961K->3645408K(9217664K), 0.0429970 secs] [Times: user=0.34 sys=0.00, real=0.04 secs] 
2014-09-18T20:29:13.286+0200: 20125.922: [GC
Desired survivor size 215547904 bytes, new threshold 15 (max 15)
 [PSYoungGen: 2779751K->108552K(2923776K)] 6349614K->3680784K(9215232K), 0.0564750 secs] [Times: user=0.35 sys=0.01, real=0.06 secs] 
2014-09-18T20:31:46.120+0200: 20278.756: [GC
Desired survivor size 209911808 bytes, new threshold 15 (max 15)
 [PSYoungGen: 2812808K->92076K(2940736K)] 6385040K->3670439K(9232192K), 0.0536290 secs] [Times: user=0.45 sys=0.00, real=0.06 secs] 
2014-09-18T20:32:30.695+0200: 20323.331: [GC
Desired survivor size 206503936 bytes, new threshold 15 (max 15)
 [PSYoungGen: 2821157K->128992K(2935232K)] 6405666K->3715557K(9226688K), 0.0609790 secs] [Times: user=0.58 sys=0.00, real=0.06 secs] 
2014-09-18T20:33:23.857+0200: 20376.493: [GC
Desired survivor size 200867840 bytes, new threshold 15 (max 15)
 [PSYoungGen: 2859232K->95954K(2949568K)] 6445797K->3682743K(9241024K), 0.0508470 secs] [Times: user=0.49 sys=0.00, real=0.04 secs] 
2014-09-18T20:34:20.402+0200: 20433.038: [GC
Desired survivor size 193200128 bytes, new threshold 15 (max 15)
 [PSYoungGen: 2841123K->108013K(2944064K)] 6427912K->3697483K(9235520K), 0.0481140 secs] [Times: user=0.48 sys=0.00, real=0.05 secs] 
2014-09-18T20:35:19.145+0200: 20491.781: [GC
Desired survivor size 187170816 bytes, new threshold 15 (max 15)
 [PSYoungGen: 2855917K->117098K(2962944K)] 6445387K->3706859K(9254400K), 0.0471030 secs] [Times: user=0.48 sys=0.00, real=0.05 secs] 
2014-09-18T20:36:25.564+0200: 20558.201: [GC
Desired survivor size 194641920 bytes, new threshold 15 (max 15)
 [PSYoungGen: 2891370K->151469K(2925760K)] 6481131K->3744667K(9217216K), 0.0696970 secs] [Times: user=0.59 sys=0.00, real=0.06 secs] 
2014-09-18T20:36:58.019+0200: 20590.655: [GC
Desired survivor size 205455360 bytes, new threshold 15 (max 15)
 [PSYoungGen: 2925741K->164974K(2934528K)] 6518939K->3794293K(9225984K), 0.0774000 secs] [Times: user=0.63 sys=0.00, real=0.08 secs] 
2014-09-18T20:37:53.047+0200: 20645.683: [GC
Desired survivor size 203030528 bytes, new threshold 15 (max 15)
 [PSYoungGen: 2909422K->88947K(2945088K)] 6538741K->3723584K(9236544K), 0.0456090 secs] [Times: user=0.44 sys=0.00, real=0.05 secs] 
2014-09-18T20:38:19.697+0200: 20672.334: [GC
Desired survivor size 197328896 bytes, new threshold 15 (max 15)
 [PSYoungGen: 2833395K->124957K(2953024K)] 6468032K->3763901K(9244480K), 0.0533490 secs] [Times: user=0.62 sys=0.00, real=0.05 secs] 
2014-09-18T20:39:34.630+0200: 20747.266: [GC
Desired survivor size 191889408 bytes, new threshold 15 (max 15)
 [PSYoungGen: 2879709K->106778K(2947456K)] 6518653K->3745978K(9238912K), 0.0493660 secs] [Times: user=0.50 sys=0.00, real=0.05 secs] 
2014-09-18T20:41:30.635+0200: 20863.271: [GC
Desired survivor size 187629568 bytes, new threshold 15 (max 15)
 [PSYoungGen: 2861530K->101273K(2962496K)] 6500730K->3740786K(9253952K), 0.0560700 secs] [Times: user=0.46 sys=0.00, real=0.06 secs] 
2014-09-18T20:42:54.809+0200: 20947.445: [GC
Desired survivor size 184352768 bytes, new threshold 15 (max 15)
 [PSYoungGen: 2876377K->125490K(2958336K)] 6515890K->3765265K(9249792K), 0.0608140 secs] [Times: user=0.56 sys=0.00, real=0.06 secs] 
2014-09-18T20:44:48.558+0200: 21061.194: [GC
Desired survivor size 183697408 bytes, new threshold 15 (max 15)
 [PSYoungGen: 2900594K->132381K(2966336K)] 6540369K->3772309K(9257792K), 0.0666670 secs] [Times: user=0.55 sys=0.00, real=0.07 secs] 
2014-09-18T20:47:46.255+0200: 21238.891: [GC
Desired survivor size 193789952 bytes, new threshold 15 (max 15)
 [PSYoungGen: 2918685K->161665K(2948032K)] 6558613K->3801869K(9239488K), 0.0819100 secs] [Times: user=0.54 sys=0.00, real=0.08 secs] 
2014-09-18T20:48:32.214+0200: 21284.850: [GC
Desired survivor size 210436096 bytes, new threshold 15 (max 15)
 [PSYoungGen: 2947969K->184625K(2923968K)] 6588173K->3825462K(9215424K), 0.0969320 secs] [Times: user=0.71 sys=0.00, real=0.10 secs] 
2014-09-18T20:50:58.135+0200: 21430.771: [GC
Desired survivor size 221511680 bytes, new threshold 15 (max 15)
 [PSYoungGen: 2917522K->178987K(2913728K)] 6558358K->3819983K(9205184K), 0.0821930 secs] [Times: user=0.66 sys=0.00, real=0.08 secs] 
2014-09-18T20:52:07.406+0200: 21500.042: [GC
Desired survivor size 213581824 bytes, new threshold 15 (max 15)
 [PSYoungGen: 2913707K->131399K(2937152K)] 6554703K->3798483K(9228608K), 0.0667980 secs] [Times: user=0.70 sys=0.01, real=0.06 secs] 
2014-09-18T20:53:03.225+0200: 21555.861: [GC
Desired survivor size 207159296 bytes, new threshold 15 (max 15)
 [PSYoungGen: 2852231K->126525K(2929408K)] 6519315K->3797937K(9220864K), 0.0549290 secs] [Times: user=0.56 sys=0.00, real=0.05 secs] 
2014-09-18T20:53:50.384+0200: 21603.020: [GC
Desired survivor size 202702848 bytes, new threshold 15 (max 15)
 [PSYoungGen: 2847357K->117979K(2947776K)] 6518769K->3800851K(9239232K), 0.0550590 secs] [Times: user=0.55 sys=0.00, real=0.05 secs] 
2014-09-18T20:54:28.348+0200: 21640.984: [GC
Desired survivor size 217972736 bytes, new threshold 15 (max 15)
 [PSYoungGen: 2863451K->189835K(2935360K)] 6546323K->3874760K(9226816K), 0.0701980 secs] [Times: user=0.56 sys=0.00, real=0.07 secs] 
2014-09-18T20:55:56.579+0200: 21729.215: [GC
Desired survivor size 249954304 bytes, new threshold 14 (max 15)
 [PSYoungGen: 2935307K->210343K(2867904K)] 6620232K->3926987K(9159360K), 0.1150110 secs] [Times: user=0.63 sys=0.00, real=0.12 secs] 
2014-09-18T20:56:49.698+0200: 21782.334: [GC
Desired survivor size 250085376 bytes, new threshold 15 (max 15)
 [PSYoungGen: 2867879K->90387K(2747968K)] 6584523K->3815421K(9039424K), 0.0439500 secs] [Times: user=0.46 sys=0.00, real=0.05 secs] 
2014-09-18T20:57:13.552+0200: 21806.188: [GC
Desired survivor size 245432320 bytes, new threshold 15 (max 15)
 [PSYoungGen: 2747923K->108566K(2906048K)] 6472957K->3833600K(9197504K), 0.0472700 secs] [Times: user=0.52 sys=0.01, real=0.05 secs] 
2014-09-18T20:58:02.943+0200: 21855.579: [GC
Desired survivor size 237895680 bytes, new threshold 15 (max 15)
 [PSYoungGen: 2770390K->122717K(2901504K)] 6495424K->3852179K(9192960K), 0.0579600 secs] [Times: user=0.58 sys=0.01, real=0.06 secs] 
2014-09-18T20:59:44.908+0200: 21957.544: [GC
Desired survivor size 232718336 bytes, new threshold 15 (max 15)
 [PSYoungGen: 2784541K->110883K(2918464K)] 6514003K->3842484K(9209920K), 0.0530180 secs] [Times: user=0.51 sys=0.00, real=0.06 secs] 
2014-09-18T21:00:41.822+0200: 22014.458: [GC
Desired survivor size 224919552 bytes, new threshold 15 (max 15)
 [PSYoungGen: 2797027K->124923K(2913408K)] 6528628K->3859392K(9204864K), 0.0544150 secs] [Times: user=0.50 sys=0.00, real=0.06 secs] 
2014-09-18T21:01:37.520+0200: 22070.156: [GC
Desired survivor size 218824704 bytes, new threshold 15 (max 15)
 [PSYoungGen: 2811067K->118059K(2932032K)] 6545536K->3878222K(9223488K), 0.0676170 secs] [Times: user=0.65 sys=0.01, real=0.06 secs] 
2014-09-18T21:02:34.275+0200: 22126.911: [GC
Desired survivor size 217317376 bytes, new threshold 15 (max 15)
 [PSYoungGen: 2830443K->92328K(2926080K)] 6590606K->3854632K(9217536K), 0.0454120 secs] [Times: user=0.46 sys=0.00, real=0.05 secs] 
2014-09-18T21:03:37.935+0200: 22190.571: [GC
Desired survivor size 213450752 bytes, new threshold 15 (max 15)
 [PSYoungGen: 2804712K->100997K(2937280K)] 6567016K->3863757K(9228736K), 0.0524020 secs] [Times: user=0.47 sys=0.00, real=0.05 secs] 
2014-09-18T21:05:52.082+0200: 22324.718: [GC
Desired survivor size 219807744 bytes, new threshold 15 (max 15)
 [PSYoungGen: 2826053K->164600K(2889664K)] 6588813K->3947315K(9181120K), 0.0954990 secs] [Times: user=0.62 sys=0.00, real=0.10 secs] 
2014-09-18T21:07:06.440+0200: 22399.076: [GC
Desired survivor size 217186304 bytes, new threshold 15 (max 15)
 [PSYoungGen: 2889656K->94233K(2933632K)] 6672371K->3882538K(9225088K), 0.0470930 secs] [Times: user=0.48 sys=0.01, real=0.05 secs] 
2014-09-18T21:08:10.885+0200: 22463.521: [GC
Desired survivor size 212271104 bytes, new threshold 15 (max 15)
 [PSYoungGen: 2813209K->103059K(2931072K)] 6601514K->3897384K(9222528K), 0.0545780 secs] [Times: user=0.50 sys=0.00, real=0.05 secs] 
2014-09-18T21:09:21.136+0200: 22533.772: [GC
Desired survivor size 204537856 bytes, new threshold 15 (max 15)
 [PSYoungGen: 2822035K->118815K(2945984K)] 6616360K->3915948K(9237440K), 0.0674670 secs] [Times: user=0.61 sys=0.00, real=0.07 secs] 
2014-09-18T21:11:02.046+0200: 22634.682: [GC
Desired survivor size 198508544 bytes, new threshold 15 (max 15)
 [PSYoungGen: 2857503K->112210K(2938432K)] 6654636K->3913887K(9229888K), 0.0699530 secs] [Times: user=0.51 sys=0.00, real=0.06 secs] 
2014-09-18T21:11:46.871+0200: 22679.507: [GC
Desired survivor size 195035136 bytes, new threshold 15 (max 15)
 [PSYoungGen: 2850898K->132104K(2955264K)] 6652575K->3933974K(9246720K), 0.0629250 secs] [Times: user=0.58 sys=0.01, real=0.07 secs] 
2014-09-18T21:12:54.907+0200: 22747.543: [GC
Desired survivor size 189267968 bytes, new threshold 15 (max 15)
 [PSYoungGen: 2893502K->125974K(2951872K)] 6695371K->3931882K(9243328K), 0.0615480 secs] [Times: user=0.61 sys=0.00, real=0.07 secs] 
2014-09-18T21:13:35.876+0200: 22788.512: [GC
Desired survivor size 314114048 bytes, new threshold 14 (max 15)
 [PSYoungGen: 2887021K->184809K(2717056K)] 6692929K->4275384K(9008512K), 0.1577710 secs] [Times: user=0.72 sys=0.00, real=0.16 secs] 
2014-09-18T21:14:27.948+0200: 22840.584: [GC
Desired survivor size 457048064 bytes, new threshold 13 (max 15)
 [PSYoungGen: 2717033K->306725K(2838976K)] 6807608K->4665893K(9130432K), 0.1845040 secs] [Times: user=0.73 sys=0.00, real=0.22 secs] 
2014-09-18T21:16:13.511+0200: 22946.147: [GC
Desired survivor size 440532992 bytes, new threshold 14 (max 15)
 [PSYoungGen: 2838471K->222622K(2592064K)] 7198285K->4590748K(8883520K), 0.0997650 secs] [Times: user=0.62 sys=0.00, real=0.10 secs] 
2014-09-18T21:18:26.328+0200: 23078.964: [GC
Desired survivor size 422313984 bytes, new threshold 15 (max 15)
 [PSYoungGen: 2507934K->172164K(2715520K)] 6876060K->4540290K(9006976K), 0.0781100 secs] [Times: user=0.55 sys=0.00, real=0.08 secs] 
2014-09-18T21:19:53.086+0200: 23165.722: [GC
Desired survivor size 411238400 bytes, new threshold 15 (max 15)
 [PSYoungGen: 2457476K->137021K(2744128K)] 6825602K->4505147K(9035584K), 0.0706770 secs] [Times: user=0.58 sys=0.01, real=0.07 secs] 
2014-09-18T21:20:17.547+0200: 23190.183: [GC
Desired survivor size 402587648 bytes, new threshold 15 (max 15)
 [PSYoungGen: 2468733K->119573K(2733312K)] 6836859K->4500633K(9024768K), 0.0558090 secs] [Times: user=0.60 sys=0.00, real=0.06 secs] 
2014-09-18T21:22:31.192+0200: 23323.828: [GC
Desired survivor size 393543680 bytes, new threshold 15 (max 15)
 [PSYoungGen: 2451285K->115107K(2761408K)] 6832345K->4502256K(9052864K), 0.0534500 secs] [Times: user=0.52 sys=0.01, real=0.06 secs] 
2014-09-18T21:23:07.380+0200: 23360.016: [GC
Desired survivor size 381353984 bytes, new threshold 15 (max 15)
 [PSYoungGen: 2483363K->127523K(2752576K)] 6870512K->4517735K(9044032K), 0.0537250 secs] [Times: user=0.59 sys=0.00, real=0.05 secs] 
2014-09-18T21:23:28.431+0200: 23381.067: [GC
Desired survivor size 370540544 bytes, new threshold 15 (max 15)
 [PSYoungGen: 2495779K->118319K(2783872K)] 6885991K->4525275K(9075328K), 0.0543100 secs] [Times: user=0.62 sys=0.00, real=0.05 secs] 
2014-09-18T21:24:02.752+0200: 23415.388: [GC
Desired survivor size 357564416 bytes, new threshold 15 (max 15)
 [PSYoungGen: 2529775K->128157K(2773312K)] 6936731K->4544197K(9064768K), 0.0682040 secs] [Times: user=0.51 sys=0.00, real=0.07 secs] 
2014-09-18T21:24:30.062+0200: 23442.698: [GC
Desired survivor size 341377024 bytes, new threshold 15 (max 15)
 [PSYoungGen: 2539613K->147875K(2812352K)] 6955653K->4568526K(9103808K), 0.0700460 secs] [Times: user=0.68 sys=0.00, real=0.07 secs] 
2014-09-18T21:24:44.131+0200: 23456.767: [GC
Desired survivor size 333250560 bytes, new threshold 15 (max 15)
 [PSYoungGen: 2611043K->108407K(2796544K)] 7031694K->4537619K(9088000K), 0.0478940 secs] [Times: user=0.49 sys=0.00, real=0.05 secs] 
2014-09-18T21:25:28.643+0200: 23501.279: [GC
Desired survivor size 325779456 bytes, new threshold 15 (max 15)
 [PSYoungGen: 2571575K->100540K(2827584K)] 7000787K->4530128K(9119040K), 0.0452480 secs] [Times: user=0.45 sys=0.00, real=0.04 secs] 
2014-09-18T21:26:04.237+0200: 23536.873: [GC
Desired survivor size 322568192 bytes, new threshold 15 (max 15)
 [PSYoungGen: 2602684K->71602K(2820288K)] 7032272K->4526527K(9111744K), 0.0432450 secs] [Times: user=0.48 sys=0.01, real=0.05 secs] 
2014-09-18T21:26:54.571+0200: 23587.207: [GC
Desired survivor size 352911360 bytes, new threshold 15 (max 15)
 [PSYoungGen: 2573746K->269761K(2771456K)] 7028671K->4729192K(9062912K), 0.1014000 secs] [Times: user=0.51 sys=0.00, real=0.10 secs] 
2014-09-18T21:27:25.407+0200: 23618.043: [GC
Desired survivor size 357498880 bytes, new threshold 15 (max 15)
 [PSYoungGen: 2726209K->219061K(2675520K)] 7185640K->4689691K(8966976K), 0.0819430 secs] [Times: user=0.51 sys=0.00, real=0.08 secs] 
2014-09-18T21:27:45.712+0200: 23638.348: [GC
Desired survivor size 340066304 bytes, new threshold 15 (max 15)
 [PSYoungGen: 2675509K->152293K(2813632K)] 7146139K->4629013K(9105088K), 0.0645210 secs] [Times: user=0.43 sys=0.00, real=0.07 secs] 
2014-09-18T21:27:59.810+0200: 23652.446: [GC
Desired survivor size 323485696 bytes, new threshold 15 (max 15)
 [PSYoungGen: 2616805K->163588K(2796608K)] 7093525K->4640560K(9088064K), 0.0637940 secs] [Times: user=0.50 sys=0.00, real=0.07 secs] 
2014-09-18T21:28:22.636+0200: 23675.272: [GC
Desired survivor size 309460992 bytes, new threshold 15 (max 15)
 [PSYoungGen: 2628100K->151263K(2843520K)] 7105072K->4628483K(9134976K), 0.0632450 secs] [Times: user=0.39 sys=0.00, real=0.07 secs] 
2014-09-18T21:29:41.880+0200: 23754.516: [GC
Desired survivor size 313065472 bytes, new threshold 15 (max 15)
 [PSYoungGen: 2678879K->56405K(2829824K)] 7156099K->4541262K(9121280K), 0.0405110 secs] [Times: user=0.35 sys=0.00, real=0.04 secs] 
2014-09-18T21:30:26.007+0200: 23798.643: [GC
Desired survivor size 305922048 bytes, new threshold 15 (max 15)
 [PSYoungGen: 2584021K->99559K(2846976K)] 7068878K->4588524K(9138432K), 0.0535590 secs] [Times: user=0.46 sys=0.00, real=0.05 secs] 
2014-09-18T21:31:02.299+0200: 23834.935: [GC
Desired survivor size 297730048 bytes, new threshold 15 (max 15)
 [PSYoungGen: 2640807K->101655K(2840000K)] 7129772K->4593412K(9131456K), 0.0580740 secs] [Times: user=0.58 sys=0.00, real=0.06 secs] 
2014-09-18T21:33:13.273+0200: 23965.909: [GC
Desired survivor size 295501824 bytes, new threshold 15 (max 15)
 [PSYoungGen: 2642903K->64987K(2857152K)] 7134660K->4557032K(9148608K), 0.0527850 secs] [Times: user=0.39 sys=0.01, real=0.05 secs] 
2014-09-18T21:36:07.684+0200: 24140.320: [GC
Desired survivor size 290258944 bytes, new threshold 15 (max 15)
 [PSYoungGen: 2631387K->72052K(2854976K)] 7123432K->4568557K(9146432K), 0.0546080 secs] [Times: user=0.41 sys=0.00, real=0.05 secs] 
2014-09-18T21:37:49.903+0200: 24242.539: [GC
Desired survivor size 282656768 bytes, new threshold 15 (max 15)
 [PSYoungGen: 2638452K->78539K(2869696K)] 7134957K->4583168K(9161152K), 0.0517570 secs] [Times: user=0.47 sys=0.00, real=0.05 secs] 
2014-09-18T21:39:28.412+0200: 24341.048: [GC
Desired survivor size 272564224 bytes, new threshold 15 (max 15)
 [PSYoungGen: 2664779K->89785K(2862272K)] 7169408K->4597670K(9153728K), 0.0665870 secs] [Times: user=0.43 sys=0.01, real=0.06 secs] 
2014-09-18T21:39:53.316+0200: 24365.952: [GC
Desired survivor size 263127040 bytes, new threshold 15 (max 15)
 [PSYoungGen: 2676025K->86532K(2888768K)] 7183910K->4603541K(9180224K), 0.0487280 secs] [Times: user=0.52 sys=0.01, real=0.05 secs] 
2014-09-18T21:40:44.174+0200: 24416.810: [GC
Desired survivor size 251199488 bytes, new threshold 15 (max 15)
 [PSYoungGen: 2709124K->100991K(2879552K)] 7226133K->4618417K(9171008K), 0.0537410 secs] [Times: user=0.53 sys=0.00, real=0.05 secs] 
2014-09-18T21:41:23.345+0200: 24455.981: [GC
Desired survivor size 244383744 bytes, new threshold 15 (max 15)
 [PSYoungGen: 2723583K->76223K(2907072K)] 7241009K->4593760K(9198528K), 0.0394870 secs] [Times: user=0.39 sys=0.01, real=0.04 secs] 
2014-09-18T21:42:32.693+0200: 24525.329: [GC
Desired survivor size 236060672 bytes, new threshold 15 (max 15)
 [PSYoungGen: 2737983K->82716K(2900416K)] 7255520K->4600422K(9191872K), 0.0468890 secs] [Times: user=0.39 sys=0.00, real=0.05 secs] 
2014-09-18T21:43:34.755+0200: 24587.391: [GC
Desired survivor size 228589568 bytes, new threshold 15 (max 15)
 [PSYoungGen: 2744476K->78526K(2922496K)] 7262182K->4599984K(9213952K), 0.0566570 secs] [Times: user=0.44 sys=0.00, real=0.05 secs] 
2014-09-18T21:44:41.628+0200: 24654.264: [GC
Desired survivor size 222887936 bytes, new threshold 15 (max 15)
 [PSYoungGen: 2770494K->67568K(2915200K)] 7291952K->4595262K(9206656K), 0.0408760 secs] [Times: user=0.38 sys=0.00, real=0.05 secs] 
2014-09-18T21:45:28.326+0200: 24700.962: [GC
Desired survivor size 212729856 bytes, new threshold 15 (max 15)
 [PSYoungGen: 2759536K->90809K(2937984K)] 7287230K->4620070K(9229440K), 0.0544170 secs] [Times: user=0.53 sys=0.00, real=0.05 secs] 
2014-09-18T21:45:32.282+0200: 24704.918: [GC
Desired survivor size 209518592 bytes, new threshold 15 (max 15)
 [PSYoungGen: 2811129K->120672K(2928064K)] 7340390K->4650060K(9219520K), 0.0505260 secs] [Times: user=0.63 sys=0.00, real=0.05 secs] 
2014-09-18T21:46:31.419+0200: 24764.055: [GC
Desired survivor size 202899456 bytes, new threshold 15 (max 15)
 [PSYoungGen: 2840992K->112329K(2947584K)] 7370380K->4641954K(9239040K), 0.0566000 secs] [Times: user=0.53 sys=0.00, real=0.06 secs] 
2014-09-18T21:47:51.306+0200: 24843.942: [GC
Desired survivor size 194576384 bytes, new threshold 15 (max 15)
 [PSYoungGen: 2855305K->95086K(2941120K)] 7384930K->4630890K(9232576K), 0.0620630 secs] [Times: user=0.47 sys=0.00, real=0.07 secs] 
2014-09-18T21:49:56.237+0200: 24968.873: [GC
Desired survivor size 199557120 bytes, new threshold 15 (max 15)
 [PSYoungGen: 2838032K->139135K(2945984K)] 7373837K->4680880K(9237440K), 0.0939970 secs] [Times: user=0.50 sys=0.00, real=0.10 secs] 
2014-09-18T21:50:26.573+0200: 24999.209: [GC
Desired survivor size 390397952 bytes, new threshold 14 (max 15)
 [PSYoungGen: 2886679K->194867K(2950848K)] 7428424K->5175333K(9242304K), 0.1706480 secs] [Times: user=0.53 sys=0.01, real=0.17 secs] 
2014-09-18T21:50:41.753+0200: 25014.389: [GC
Desired survivor size 380698624 bytes, new threshold 15 (max 15)
 [PSYoungGen: 2950835K->193349K(2597056K)] 7931301K->5760610K(8888512K), 0.2293560 secs] [Times: user=0.62 sys=0.00, real=0.23 secs] 
2014-09-18T21:50:52.315+0200: 25024.951: [GC
Desired survivor size 436666368 bytes, new threshold 15 (max 15)
 [PSYoungGen: 2595525K->366587K(2768768K)] 8162786K->6315749K(9060224K), 0.1680170 secs] [Times: user=0.71 sys=0.00, real=0.17 secs] 
2014-09-18T21:50:52.483+0200: 25025.119: [Full GC [PSYoungGen: 366587K->0K(2768768K)] [PSOldGen: 5949161K->1696002K(6291456K)] 6315749K->1696002K(9060224K) [PSPermGen: 293179K->293179K(465216K)], 3.4437020 secs] [Times: user=3.42 sys=0.01, real=3.45 secs] 
2014-09-18T21:51:06.337+0200: 25038.973: [GC
Desired survivor size 477298688 bytes, new threshold 15 (max 15)
 [PSYoungGen: 2400989K->355783K(2590464K)] 4096992K->2106343K(8881920K), 0.1078120 secs] [Times: user=0.28 sys=0.00, real=0.11 secs] 
2014-09-18T21:51:47.935+0200: 25080.571: [GC
Desired survivor size 461045760 bytes, new threshold 15 (max 15)
 [PSYoungGen: 2569287K->228898K(2679616K)] 4319847K->1979459K(8971072K), 0.0796350 secs] [Times: user=0.26 sys=0.00, real=0.08 secs] 
2014-09-18T21:52:26.710+0200: 25119.346: [GC
Desired survivor size 465305600 bytes, new threshold 15 (max 15)
 [PSYoungGen: 2442402K->32998K(2687168K)] 4192963K->1783558K(8978624K), 0.0222570 secs] [Times: user=0.16 sys=0.00, real=0.02 secs] 
2014-09-18T21:53:18.037+0200: 25170.673: [GC
Desired survivor size 468320256 bytes, new threshold 15 (max 15)
 [PSYoungGen: 2269926K->10350K(2247296K)] 4020486K->1760911K(8538752K), 0.0190210 secs] [Times: user=0.12 sys=0.00, real=0.02 secs] 
2014-09-18T21:54:14.562+0200: 25227.198: [GC
Desired survivor size 465305600 bytes, new threshold 15 (max 15)
 [PSYoungGen: 2247278K->238465K(2691328K)] 3997839K->1989025K(8982784K), 0.0782680 secs] [Times: user=0.20 sys=0.00, real=0.08 secs] 
2014-09-18T21:55:42.159+0200: 25314.795: [GC
Desired survivor size 455409664 bytes, new threshold 15 (max 15)
 [PSYoungGen: 2472449K->68298K(2688384K)] 4223009K->1818858K(8979840K), 0.0579790 secs] [Times: user=0.22 sys=0.00, real=0.06 secs] 
2014-09-18T21:55:49.254+0200: 25321.890: [GC
Desired survivor size 447545344 bytes, new threshold 15 (max 15)
 [PSYoungGen: 2302282K->44823K(2708672K)] 4052842K->1795384K(9000128K), 0.0271800 secs] [Times: user=0.24 sys=0.00, real=0.03 secs] 
2014-09-18T21:57:10.232+0200: 25402.868: [GC
Desired survivor size 436076544 bytes, new threshold 15 (max 15)
 [PSYoungGen: 2308759K->51325K(2700992K)] 4059320K->1801885K(8992448K), 0.0451650 secs] [Times: user=0.24 sys=0.00, real=0.05 secs] 
2014-09-18T21:58:28.387+0200: 25481.023: [GC
Desired survivor size 421789696 bytes, new threshold 15 (max 15)
 [PSYoungGen: 2315261K->58048K(2733824K)] 4065821K->1808609K(9025280K), 0.0388080 secs] [Times: user=0.28 sys=0.00, real=0.04 secs] 
2014-09-18T21:59:28.105+0200: 25540.741: [GC
Desired survivor size 405667840 bytes, new threshold 15 (max 15)
 [PSYoungGen: 2366016K->62967K(2719872K)] 4116577K->1813527K(9011328K), 0.0348970 secs] [Times: user=0.26 sys=0.01, real=0.03 secs] 
2014-09-18T22:00:49.790+0200: 25622.426: [GC
Desired survivor size 387973120 bytes, new threshold 15 (max 15)
 [PSYoungGen: 2370935K->70446K(2766848K)] 4121495K->1821006K(9058304K), 0.0400580 secs] [Times: user=0.31 sys=0.00, real=0.04 secs] 
2014-09-18T22:02:12.191+0200: 25704.827: [GC
Desired survivor size 368836608 bytes, new threshold 15 (max 15)
 [PSYoungGen: 2441134K->79738K(2749568K)] 4191694K->1830298K(9041024K), 0.0412900 secs] [Times: user=0.34 sys=0.01, real=0.05 secs] 
2014-09-18T22:03:46.799+0200: 25799.436: [GC
Desired survivor size 351141888 bytes, new threshold 15 (max 15)
 [PSYoungGen: 2450426K->75971K(2802816K)] 4200986K->1826531K(9094272K), 0.0469590 secs] [Times: user=0.30 sys=0.00, real=0.04 secs] 
2014-09-18T22:06:05.309+0200: 25937.945: [GC
Desired survivor size 329646080 bytes, new threshold 15 (max 15)
 [PSYoungGen: 2518595K->101009K(2785536K)] 4269155K->1851569K(9076992K), 0.0731870 secs] [Times: user=0.46 sys=0.00, real=0.07 secs] 
2014-09-18T22:06:31.175+0200: 25963.811: [GC
Desired survivor size 315162624 bytes, new threshold 15 (max 15)
 [PSYoungGen: 2543633K->71708K(2837952K)] 4294193K->1822268K(9129408K), 0.0370520 secs] [Times: user=0.30 sys=0.00, real=0.04 secs] 
2014-09-18T22:07:20.666+0200: 26013.302: [GC
Desired survivor size 297271296 bytes, new threshold 15 (max 15)
 [PSYoungGen: 2587740K->92916K(2823808K)] 4338300K->1845772K(9115264K), 0.0486050 secs] [Times: user=0.39 sys=0.00, real=0.05 secs] 
2014-09-18T22:07:58.202+0200: 26050.838: [GC
Desired survivor size 284426240 bytes, new threshold 15 (max 15)
 [PSYoungGen: 2608948K->72000K(2867968K)] 4361804K->1825040K(9159424K), 0.0331140 secs] [Times: user=0.32 sys=0.00, real=0.03 secs] 
2014-09-18T22:08:24.615+0200: 26077.252: [GC
Desired survivor size 267780096 bytes, new threshold 15 (max 15)
 [PSYoungGen: 2649664K->95644K(2855424K)] 4402704K->1848804K(9146880K), 0.0402450 secs] [Times: user=0.43 sys=0.00, real=0.04 secs] 
2014-09-18T22:08:38.564+0200: 26091.200: [GC
Desired survivor size 255131648 bytes, new threshold 15 (max 15)
 [PSYoungGen: 2673308K->81157K(2896576K)] 4426468K->1834725K(9188032K), 0.0341730 secs] [Times: user=0.34 sys=0.00, real=0.03 secs] 
2014-09-18T22:09:10.773+0200: 26123.409: [GC
Desired survivor size 242876416 bytes, new threshold 15 (max 15)
 [PSYoungGen: 2716229K->82845K(2884224K)] 4469797K->1836729K(9175680K), 0.0364950 secs] [Times: user=0.38 sys=0.00, real=0.04 secs] 
2014-09-18T22:09:29.968+0200: 26142.604: [GC
Desired survivor size 230752256 bytes, new threshold 15 (max 15)
 [PSYoungGen: 2717917K->103851K(2920384K)] 4471801K->1861114K(9211840K), 0.0429160 secs] [Times: user=0.50 sys=0.00, real=0.04 secs] 
2014-09-18T22:11:01.138+0200: 26233.774: [GC
Desired survivor size 220332032 bytes, new threshold 15 (max 15)
 [PSYoungGen: 2787051K->84120K(2908544K)] 4544314K->1847088K(9200000K), 0.0455690 secs] [Times: user=0.39 sys=0.00, real=0.05 secs] 
2014-09-18T22:12:52.047+0200: 26344.683: [GC
Desired survivor size 210305024 bytes, new threshold 15 (max 15)
 [PSYoungGen: 2767320K->85808K(2940352K)] 4530288K->1866475K(9231808K), 0.0599560 secs] [Times: user=0.39 sys=0.00, real=0.06 secs] 
2014-09-18T22:14:01.814+0200: 26414.450: [GC
Desired survivor size 205783040 bytes, new threshold 15 (max 15)
 [PSYoungGen: 2810992K->58055K(2930560K)] 4591659K->1856892K(9222016K), 0.0397750 secs] [Times: user=0.36 sys=0.00, real=0.04 secs] 
2014-09-18T22:14:55.380+0200: 26468.016: [GC
Desired survivor size 195690496 bytes, new threshold 15 (max 15)
 [PSYoungGen: 2783239K->86671K(2954624K)] 4582076K->1885884K(9246080K), 0.0431270 secs] [Times: user=0.43 sys=0.00, real=0.04 secs] 
2014-09-18T22:16:17.397+0200: 26550.033: [GC
Desired survivor size 188350464 bytes, new threshold 15 (max 15)
 [PSYoungGen: 2840335K->99377K(2944768K)] 4639548K->1900810K(9236224K), 0.0690580 secs] [Times: user=0.32 sys=0.01, real=0.07 secs] 
2014-09-18T22:18:03.360+0200: 26655.996: [GC
Desired survivor size 181796864 bytes, new threshold 15 (max 15)
 [PSYoungGen: 2853041K->76551K(2968192K)] 4654474K->1878209K(9259648K), 0.0466300 secs] [Times: user=0.33 sys=0.00, real=0.05 secs] 
2014-09-18T22:19:33.764+0200: 26746.401: [GC
Desired survivor size 221511680 bytes, new threshold 14 (max 15)
 [PSYoungGen: 2860807K->177514K(2961792K)] 4662465K->2020719K(9253248K), 0.0966590 secs] [Times: user=0.38 sys=0.01, real=0.10 secs] 
2014-09-18T22:20:35.471+0200: 26808.107: [GC
Desired survivor size 214695936 bytes, new threshold 15 (max 15)
 [PSYoungGen: 2961770K->76621K(2910336K)] 4804975K->1926042K(9201792K), 0.0427630 secs] [Times: user=0.32 sys=0.01, real=0.04 secs] 
2014-09-18T22:20:50.768+0200: 26823.404: [GC
Desired survivor size 204472320 bytes, new threshold 15 (max 15)
 [PSYoungGen: 2803021K->96015K(2936064K)] 4652442K->1945436K(9227520K), 0.0392430 secs] [Times: user=0.34 sys=0.00, real=0.04 secs] 
2014-09-18T22:21:39.183+0200: 26871.819: [GC
Desired survivor size 208535552 bytes, new threshold 15 (max 15)
 [PSYoungGen: 2822415K->138061K(2938112K)] 4671836K->1988242K(9229568K), 0.0651980 secs] [Times: user=0.53 sys=0.00, real=0.06 secs] 
2014-09-18T22:23:28.503+0200: 26981.139: [GC
Desired survivor size 205193216 bytes, new threshold 15 (max 15)
 [PSYoungGen: 2876493K->122350K(2942080K)] 4726674K->1972883K(9233536K), 0.0653320 secs] [Times: user=0.49 sys=0.00, real=0.07 secs] 
2014-09-18T22:25:16.469+0200: 27089.105: [GC
Desired survivor size 197853184 bytes, new threshold 15 (max 15)
 [PSYoungGen: 2860782K->112240K(2952512K)] 4711315K->1970341K(9243968K), 0.0587870 secs] [Times: user=0.49 sys=0.00, real=0.06 secs] 
2014-09-18T22:26:48.954+0200: 27181.590: [GC
Desired survivor size 193331200 bytes, new threshold 15 (max 15)
 [PSYoungGen: 2864368K->118150K(2945344K)] 4722469K->1982796K(9236800K), 0.0622290 secs] [Times: user=0.48 sys=0.00, real=0.06 secs] 
2014-09-18T22:28:07.533+0200: 27260.169: [GC
Desired survivor size 216662016 bytes, new threshold 14 (max 15)
 [PSYoungGen: 2870278K->188799K(2911360K)] 4734924K->2056038K(9202816K), 0.1191860 secs] [Times: user=0.52 sys=0.00, real=0.12 secs] 
2014-09-18T22:32:53.215+0200: 27545.851: [GC
Desired survivor size 216858624 bytes, new threshold 15 (max 15)
 [PSYoungGen: 2911359K->142397K(2864960K)] 4778598K->2018270K(9156416K), 0.0966940 secs] [Times: user=0.47 sys=0.00, real=0.10 secs] 
2014-09-18T22:34:15.836+0200: 27628.472: [GC
Desired survivor size 336527360 bytes, new threshold 14 (max 15)
 [PSYoungGen: 2864524K->211747K(2700224K)] 4740397K->2335672K(8991680K), 0.1493670 secs] [Times: user=0.60 sys=0.00, real=0.15 secs] 
2014-09-18T22:35:21.892+0200: 27694.528: [GC
Desired survivor size 423428096 bytes, new threshold 13 (max 15)
 [PSYoungGen: 2700195K->328628K(2817088K)] 4824120K->2553694K(9108544K), 0.1382970 secs] [Times: user=0.50 sys=0.00, real=0.14 secs] 
2014-09-18T22:36:22.014+0200: 27754.650: [GC
Desired survivor size 536870912 bytes, new threshold 12 (max 15)
 [PSYoungGen: 2817076K->328627K(2425792K)] 5042142K->2789020K(8717248K), 0.1805330 secs] [Times: user=0.57 sys=0.00, real=0.18 secs] 
2014-09-18T22:39:26.044+0200: 27938.680: [GC
Desired survivor size 536870912 bytes, new threshold 11 (max 15)
 [PSYoungGen: 2425763K->454272K(2621440K)] 4886156K->2922528K(8912896K), 0.1062850 secs] [Times: user=0.61 sys=0.00, real=0.11 secs] 
2014-09-18T22:41:36.399+0200: 28069.035: [GC
Desired survivor size 536870912 bytes, new threshold 10 (max 15)
 [PSYoungGen: 2551424K->442710K(2621440K)] 5019680K->2923422K(8912896K), 0.1323380 secs] [Times: user=0.46 sys=0.00, real=0.13 secs] 
2014-09-18T22:42:53.430+0200: 28146.066: [GC
Desired survivor size 536870912 bytes, new threshold 9 (max 15)
 [PSYoungGen: 2539862K->297014K(2621440K)] 5020574K->2822725K(8912896K), 0.1091490 secs] [Times: user=0.52 sys=0.00, real=0.11 secs] 
2014-09-18T22:43:12.389+0200: 28165.025: [GC
Desired survivor size 536870912 bytes, new threshold 8 (max 15)
 [PSYoungGen: 2385574K->481703K(2621440K)] 4911285K->3008115K(8912896K), 0.1285100 secs] [Times: user=0.31 sys=0.00, real=0.12 secs] 
2014-09-18T22:43:24.769+0200: 28177.405: [GC
Desired survivor size 536870912 bytes, new threshold 7 (max 15)
 [PSYoungGen: 2578855K->523606K(2621440K)] 5105267K->3079635K(8912896K), 0.1435170 secs] [Times: user=0.35 sys=0.00, real=0.14 secs] 
2014-09-18T22:43:36.051+0200: 28188.687: [GC
Desired survivor size 536870912 bytes, new threshold 6 (max 15)
 [PSYoungGen: 2620758K->479864K(2621440K)] 5176787K->3052245K(8912896K), 0.1414070 secs] [Times: user=0.32 sys=0.00, real=0.15 secs] 
2014-09-18T22:43:48.642+0200: 28201.278: [GC
Desired survivor size 536870912 bytes, new threshold 5 (max 15)
 [PSYoungGen: 2577016K->523385K(2621440K)] 5149397K->3106153K(8912896K), 0.1386940 secs] [Times: user=0.31 sys=0.00, real=0.14 secs] 
2014-09-18T22:44:40.189+0200: 28252.825: [GC
Desired survivor size 536870912 bytes, new threshold 4 (max 15)
 [PSYoungGen: 2620537K->25848K(2621440K)] 5203305K->2618132K(8912896K), 0.0255830 secs] [Times: user=0.20 sys=0.00, real=0.03 secs] 
2014-09-18T22:45:30.510+0200: 28303.146: [GC
Desired survivor size 536870912 bytes, new threshold 3 (max 15)
 [PSYoungGen: 2123000K->323884K(2621440K)] 4715284K->2916594K(8912896K), 0.0844740 secs] [Times: user=0.29 sys=0.01, real=0.09 secs] 
2014-09-18T22:45:39.125+0200: 28311.761: [GC
Desired survivor size 536870912 bytes, new threshold 2 (max 15)
 [PSYoungGen: 2418256K->362112K(2621440K)] 5010966K->2954894K(8912896K), 0.0993450 secs] [Times: user=0.25 sys=0.00, real=0.10 secs] 
2014-09-18T22:45:47.481+0200: 28320.117: [GC
Desired survivor size 536870912 bytes, new threshold 1 (max 15)
 [PSYoungGen: 2459264K->128987K(2621440K)] 5052046K->2735236K(8912896K), 0.0536110 secs] [Times: user=0.35 sys=0.01, real=0.05 secs] 
2014-09-18T22:46:52.073+0200: 28384.710: [GC
Desired survivor size 536870912 bytes, new threshold 1 (max 15)
 [PSYoungGen: 2226139K->22096K(2621440K)] 4832388K->2642579K(8912896K), 0.0290830 secs] [Times: user=0.24 sys=0.00, real=0.03 secs] 
2014-09-18T22:47:34.693+0200: 28427.329: [GC
Desired survivor size 536870912 bytes, new threshold 1 (max 15)
 [PSYoungGen: 2119248K->15417K(2621440K)] 4739731K->2638911K(8912896K), 0.0181050 secs] [Times: user=0.14 sys=0.00, real=0.01 secs] 
2014-09-18T22:48:13.795+0200: 28466.431: [GC
Desired survivor size 536870912 bytes, new threshold 1 (max 15)
 [PSYoungGen: 2112569K->34499K(2621440K)] 4736063K->2666362K(8912896K), 0.0299760 secs] [Times: user=0.25 sys=0.00, real=0.03 secs] 
2014-09-18T22:48:37.406+0200: 28490.042: [GC
Desired survivor size 536870912 bytes, new threshold 1 (max 15)
 [PSYoungGen: 2131651K->15117K(2621440K)] 4763514K->2650957K(8912896K), 0.0193310 secs] [Times: user=0.15 sys=0.01, real=0.02 secs] 
2014-09-18T22:48:51.912+0200: 28504.548: [GC
Desired survivor size 536870912 bytes, new threshold 1 (max 15)
 [PSYoungGen: 2112269K->30607K(2621440K)] 4748109K->2671815K(8912896K), 0.0272890 secs] [Times: user=0.24 sys=0.00, real=0.02 secs] 
2014-09-18T22:49:22.697+0200: 28535.333: [GC
Desired survivor size 536870912 bytes, new threshold 1 (max 15)
 [PSYoungGen: 2127759K->6351K(2621440K)] 4768967K->2664397K(8912896K), 0.0367140 secs] [Times: user=0.28 sys=0.00, real=0.03 secs] 
2014-09-18T22:49:37.140+0200: 28549.776: [GC
Desired survivor size 536870912 bytes, new threshold 1 (max 15)
 [PSYoungGen: 2103503K->12111K(2621440K)] 4761549K->2672205K(8912896K), 0.0179550 secs] [Times: user=0.13 sys=0.00, real=0.02 secs] 
2014-09-18T22:50:38.299+0200: 28610.935: [GC
Desired survivor size 536870912 bytes, new threshold 1 (max 15)
 [PSYoungGen: 2109263K->6230K(2621440K)] 4769357K->2672734K(8912896K), 0.0196710 secs] [Times: user=0.14 sys=0.00, real=0.02 secs] 
2014-09-18T22:51:40.691+0200: 28673.327: [GC
Desired survivor size 536870912 bytes, new threshold 1 (max 15)
 [PSYoungGen: 2103382K->39075K(2621440K)] 4769886K->2706036K(8912896K), 0.0303770 secs] [Times: user=0.23 sys=0.00, real=0.03 secs] 
2014-09-18T22:52:15.397+0200: 28708.033: [GC
Desired survivor size 536870912 bytes, new threshold 1 (max 15)
 [PSYoungGen: 2136227K->23474K(2621440K)] 4803188K->2703340K(8912896K), 0.0274300 secs] [Times: user=0.22 sys=0.01, real=0.03 secs] 
2014-09-18T22:52:53.497+0200: 28746.134: [GC
Desired survivor size 536608768 bytes, new threshold 2 (max 15)
 [PSYoungGen: 2120626K->19527K(2621696K)] 4800492K->2703838K(8913152K), 0.0228550 secs] [Times: user=0.18 sys=0.01, real=0.02 secs] 
2014-09-18T22:53:48.607+0200: 28801.244: [GC
Desired survivor size 509149184 bytes, new threshold 3 (max 15)
 [PSYoungGen: 2116935K->22396K(2621440K)] 4801246K->2706706K(8912896K), 0.0240090 secs] [Times: user=0.18 sys=0.00, real=0.03 secs] 
2014-09-18T22:54:13.252+0200: 28825.888: [GC
Desired survivor size 480641024 bytes, new threshold 4 (max 15)
 [PSYoungGen: 2119804K->30097K(2676352K)] 4804114K->2714408K(8967808K), 0.0231900 secs] [Times: user=0.20 sys=0.00, real=0.02 secs] 
2014-09-18T22:55:26.223+0200: 28898.859: [GC
Desired survivor size 451477504 bytes, new threshold 5 (max 15)
 [PSYoungGen: 2209233K->39250K(2648512K)] 4893544K->2723561K(8939968K), 0.0308050 secs] [Times: user=0.21 sys=0.00, real=0.04 secs] 
2014-09-18T22:55:36.734+0200: 28909.370: [GC
Desired survivor size 418775040 bytes, new threshold 6 (max 15)
 [PSYoungGen: 2218386K->67917K(2736768K)] 4902697K->2752228K(9028224K), 0.0414330 secs] [Times: user=0.42 sys=0.00, real=0.04 secs] 
2014-09-18T22:56:16.211+0200: 28948.847: [GC
Desired survivor size 390660096 bytes, new threshold 7 (max 15)
 [PSYoungGen: 2363789K->57043K(2704832K)] 5048100K->2741354K(8996288K), 0.0308920 secs] [Times: user=0.26 sys=0.00, real=0.04 secs] 
2014-09-18T22:57:18.523+0200: 29011.159: [GC
Desired survivor size 367460352 bytes, new threshold 8 (max 15)
 [PSYoungGen: 2352915K->102328K(2786880K)] 5037226K->2786638K(9078336K), 0.0518480 secs] [Times: user=0.37 sys=0.00, real=0.05 secs] 
2014-09-18T22:58:16.621+0200: 29069.257: [GC
Desired survivor size 340328448 bytes, new threshold 9 (max 15)
 [PSYoungGen: 2507704K->79638K(2764224K)] 5192014K->2763948K(9055680K), 0.0438290 secs] [Times: user=0.35 sys=0.01, real=0.05 secs] 
2014-09-18T22:59:15.842+0200: 29128.478: [GC
Desired survivor size 321060864 bytes, new threshold 10 (max 15)
 [PSYoungGen: 2485014K->100583K(2832192K)] 5169324K->2784893K(9123648K), 0.0485200 secs] [Times: user=0.42 sys=0.00, real=0.05 secs] 
2014-09-18T23:00:34.474+0200: 29207.111: [GC
Desired survivor size 301596672 bytes, new threshold 11 (max 15)
 [PSYoungGen: 2600423K->96023K(2813376K)] 5284733K->2780333K(9104832K), 0.0431610 secs] [Times: user=0.38 sys=0.00, real=0.05 secs] 
2014-09-18T23:02:43.968+0200: 29336.604: [GC
Desired survivor size 280559616 bytes, new threshold 12 (max 15)
 [PSYoungGen: 2595863K->87488K(2871744K)] 5280173K->2771798K(9163200K), 0.0497600 secs] [Times: user=0.40 sys=0.00, real=0.06 secs] 
2014-09-18T23:04:14.576+0200: 29427.212: [GC
Desired survivor size 295895040 bytes, new threshold 13 (max 15)
 [PSYoungGen: 2664704K->177958K(2851200K)] 5349014K->2862269K(9142656K), 0.0841180 secs] [Times: user=0.40 sys=0.01, real=0.08 secs] 
2014-09-18T23:05:05.510+0200: 29478.146: [GC
Desired survivor size 434831360 bytes, new threshold 12 (max 15)
 [PSYoungGen: 2754198K->288935K(2585408K)] 5439986K->3200650K(8876864K), 0.1641670 secs] [Times: user=0.60 sys=0.01, real=0.16 secs] 
2014-09-18T23:05:16.859+0200: 29489.495: [GC
Desired survivor size 512950272 bytes, new threshold 13 (max 15)
 [PSYoungGen: 2569003K->421758K(2718208K)] 5480718K->3611636K(9009664K), 0.1730890 secs] [Times: user=0.68 sys=0.00, real=0.17 secs] 
2014-09-18T23:05:59.642+0200: 29532.278: [GC
Desired survivor size 536870912 bytes, new threshold 12 (max 15)
 [PSYoungGen: 2718206K->421929K(2524672K)] 5908084K->3711127K(8816128K), 0.1492410 secs] [Times: user=0.45 sys=0.00, real=0.15 secs] 
2014-09-18T23:07:21.341+0200: 29613.977: [GC
Desired survivor size 536870912 bytes, new threshold 11 (max 15)
 [PSYoungGen: 2519081K->61460K(2621440K)] 5808279K->3362699K(8912896K), 0.0413720 secs] [Times: user=0.36 sys=0.01, real=0.04 secs] 
2014-09-18T23:08:37.845+0200: 29690.481: [GC
Desired survivor size 536870912 bytes, new threshold 10 (max 15)
 [PSYoungGen: 2158551K->75827K(2621440K)] 5459790K->3390635K(8912896K), 0.0571500 secs] [Times: user=0.34 sys=0.00, real=0.05 secs] 
2014-09-18T23:10:08.238+0200: 29780.875: [GC
Desired survivor size 517144576 bytes, new threshold 11 (max 15)
 [PSYoungGen: 2172979K->91623K(2621440K)] 5487787K->3423431K(8912896K), 0.0565320 secs] [Times: user=0.30 sys=0.00, real=0.06 secs] 
2014-09-18T23:10:08.296+0200: 29780.932: [GC
Desired survivor size 490209280 bytes, new threshold 10 (max 15)
 [PSYoungGen: 92205K->182655K(2667008K)] 3424013K->3514463K(8958464K), 0.0351030 secs] [Times: user=0.43 sys=0.00, real=0.04 secs] 
2014-09-18T23:12:22.718+0200: 29915.354: [GC
Desired survivor size 478412800 bytes, new threshold 9 (max 15)
 [PSYoungGen: 2344639K->45135K(2640704K)] 5676447K->3390895K(8932160K), 0.0512290 secs] [Times: user=0.28 sys=0.00, real=0.06 secs] 
2014-09-18T23:13:43.818+0200: 29996.454: [GC
Desired survivor size 466681856 bytes, new threshold 8 (max 15)
 [PSYoungGen: 2207119K->32665K(2689984K)] 5552879K->3379118K(8981440K), 0.0413480 secs] [Times: user=0.22 sys=0.00, real=0.04 secs] 
2014-09-18T23:16:32.543+0200: 30165.180: [GC
Desired survivor size 449314816 bytes, new threshold 7 (max 15)
 [PSYoungGen: 2255449K->52947K(2678528K)] 5601902K->3405802K(8969984K), 0.0607850 secs] [Times: user=0.23 sys=0.01, real=0.07 secs] 
2014-09-18T23:18:45.791+0200: 30298.427: [GC
Desired survivor size 436142080 bytes, new threshold 6 (max 15)
 [PSYoungGen: 2275731K->25307K(2719808K)] 5628586K->3378363K(9011264K), 0.0363840 secs] [Times: user=0.18 sys=0.00, real=0.04 secs] 
2014-09-18T23:21:32.236+0200: 30464.872: [GC
Desired survivor size 420020224 bytes, new threshold 5 (max 15)
 [PSYoungGen: 2306331K->33178K(2706944K)] 5659387K->3387499K(8998400K), 0.0530240 secs] [Times: user=0.23 sys=0.00, real=0.05 secs] 
2014-09-18T23:24:42.738+0200: 30655.374: [GC
Desired survivor size 400097280 bytes, new threshold 4 (max 15)
 [PSYoungGen: 2314202K->50341K(2755008K)] 5668523K->3404767K(9046464K), 0.0611280 secs] [Times: user=0.18 sys=0.01, real=0.06 secs] 
2014-09-18T23:26:26.108+0200: 30758.744: [GC
Desired survivor size 385220608 bytes, new threshold 3 (max 15)
 [PSYoungGen: 2395173K->22729K(2735552K)] 5749599K->3381020K(9027008K), 0.0231700 secs] [Times: user=0.20 sys=0.00, real=0.03 secs] 
2014-09-18T23:29:52.549+0200: 30965.185: [GC
Desired survivor size 364576768 bytes, new threshold 2 (max 15)
 [PSYoungGen: 2367561K->51547K(2789696K)] 5725852K->3410437K(9081152K), 0.0545960 secs] [Times: user=0.21 sys=0.00, real=0.05 secs] 
2014-09-18T23:33:29.956+0200: 31182.592: [GC
Desired survivor size 350552064 bytes, new threshold 1 (max 15)
 [PSYoungGen: 2465051K->18433K(2769536K)] 5823941K->3384489K(9060992K), 0.0308310 secs] [Times: user=0.20 sys=0.00, real=0.03 secs] 
2014-09-18T23:38:20.300+0200: 31472.936: [GC
Desired survivor size 335544320 bytes, new threshold 1 (max 15)
 [PSYoungGen: 2431937K->19777K(2818048K)] 5797993K->3388607K(9109504K), 0.0335330 secs] [Times: user=0.19 sys=0.00, real=0.04 secs] 
2014-09-18T23:39:56.632+0200: 31569.268: [GC
Desired survivor size 403111936 bytes, new threshold 1 (max 15)
 [PSYoungGen: 2495489K->324241K(2800000K)] 5864319K->3936516K(9091456K), 0.1623260 secs] [Times: user=0.32 sys=0.00, real=0.16 secs] 
2014-09-18T23:46:13.842+0200: 31946.478: [GC
Desired survivor size 389218304 bytes, new threshold 2 (max 15)
 [PSYoungGen: 2799953K->12268K(2731264K)] 6412228K->3625593K(9022720K), 0.0298010 secs] [Times: user=0.16 sys=0.00, real=0.04 secs] 
2014-09-18T23:52:53.518+0200: 32346.154: [GC
Desired survivor size 373751808 bytes, new threshold 3 (max 15)
 [PSYoungGen: 2397804K->14875K(2765632K)] 6011129K->3628200K(9057088K), 0.0269540 secs] [Times: user=0.18 sys=0.00, real=0.02 secs] 
2014-09-18T23:55:51.325+0200: 32523.961: [GC
Desired survivor size 444268544 bytes, new threshold 4 (max 15)
 [PSYoungGen: 2400411K->347690K(2643008K)] 6013771K->3961050K(8934464K), 0.1029680 secs] [Times: user=0.33 sys=0.00, real=0.11 secs] 
2014-09-18T23:58:38.295+0200: 32690.931: [GC
Desired survivor size 420610048 bytes, new threshold 5 (max 15)
 [PSYoungGen: 2625706K->136825K(2711872K)] 6239066K->3750186K(9003328K), 0.0663580 secs] [Times: user=0.27 sys=0.00, real=0.07 secs] 
2014-09-19T00:02:53.592+0200: 32946.228: [GC
Desired survivor size 428670976 bytes, new threshold 6 (max 15)
 [PSYoungGen: 2414841K->215995K(2719232K)] 6028202K->3829355K(9010688K), 0.0904470 secs] [Times: user=0.28 sys=0.00, real=0.09 secs] 
2014-09-19T00:06:03.758+0200: 33136.394: [GC
Desired survivor size 410779648 bytes, new threshold 7 (max 15)
 [PSYoungGen: 2524475K->55013K(2727104K)] 6137835K->3668374K(9018560K), 0.0321430 secs] [Times: user=0.32 sys=0.00, real=0.04 secs] 
2014-09-19T00:06:59.908+0200: 33192.544: [GC
Desired survivor size 387645440 bytes, new threshold 8 (max 15)
 [PSYoungGen: 2363493K->84228K(2767168K)] 5976854K->3697589K(9058624K), 0.0419870 secs] [Times: user=0.46 sys=0.01, real=0.04 secs] 
2014-09-19T00:07:53.500+0200: 33246.136: [GC
Desired survivor size 362086400 bytes, new threshold 9 (max 15)
 [PSYoungGen: 2450244K->105890K(2744576K)] 6063605K->3719250K(9036032K), 0.0464680 secs] [Times: user=0.49 sys=0.00, real=0.04 secs] 
2014-09-19T00:08:45.518+0200: 33298.154: [GC
Desired survivor size 428277760 bytes, new threshold 10 (max 15)
 [PSYoungGen: 2439971K->353226K(2662848K)] 6053332K->4197420K(8954304K), 0.1691150 secs] [Times: user=0.64 sys=0.00, real=0.17 secs] 
2014-09-19T00:09:06.750+0200: 33319.386: [GC
Desired survivor size 500498432 bytes, new threshold 11 (max 15)
 [PSYoungGen: 2661277K->403971K(2713280K)] 6505471K->4706389K(9004736K), 0.2158340 secs] [Times: user=0.68 sys=0.00, real=0.21 secs] 
2014-09-19T00:09:28.354+0200: 33340.990: [GC
Desired survivor size 536870912 bytes, new threshold 10 (max 15)
 [PSYoungGen: 2690913K->432446K(2529600K)] 6993331K->5354217K(8821056K), 0.2449560 secs] [Times: user=0.98 sys=0.00, real=0.25 secs] 
2014-09-19T00:09:44.231+0200: 33356.867: [GC
Desired survivor size 536870912 bytes, new threshold 9 (max 15)
 [PSYoungGen: 2529598K->522279K(2621440K)] 7451369K->5588584K(8912896K), 0.1750340 secs] [Times: user=0.70 sys=0.00, real=0.18 secs] 
2014-09-19T00:10:03.570+0200: 33376.206: [GC
Desired survivor size 536870912 bytes, new threshold 8 (max 15)
 [PSYoungGen: 2619431K->515401K(2621440K)] 7685736K->5877451K(8912896K), 0.2152100 secs] [Times: user=0.71 sys=0.00, real=0.22 secs] 
2014-09-19T00:10:12.246+0200: 33384.882: [GC
Desired survivor size 536870912 bytes, new threshold 7 (max 15)
 [PSYoungGen: 2612553K->409425K(2621440K)] 7974603K->5798938K(8912896K), 0.1208420 secs] [Times: user=0.65 sys=0.00, real=0.12 secs] 
2014-09-19T00:10:24.579+0200: 33397.215: [GC
Desired survivor size 536870912 bytes, new threshold 6 (max 15)
 [PSYoungGen: 2506577K->508471K(2621440K)] 7896090K->5941832K(8912896K), 0.1543310 secs] [Times: user=0.68 sys=0.00, real=0.16 secs] 
2014-09-19T00:10:44.640+0200: 33417.277: [GC
Desired survivor size 536870912 bytes, new threshold 5 (max 15)
 [PSYoungGen: 2605623K->523859K(2621440K)] 8038984K->6299555K(8912896K), 0.2113820 secs] [Times: user=0.58 sys=0.01, real=0.20 secs] 
2014-09-19T00:10:57.280+0200: 33429.916: [GC
Desired survivor size 536870912 bytes, new threshold 4 (max 15)
 [PSYoungGen: 2613705K->449126K(2621440K)] 8389401K->6230841K(8912896K), 0.1360980 secs] [Times: user=0.39 sys=0.00, real=0.14 secs] 
2014-09-19T00:11:18.192+0200: 33450.828: [GC
Desired survivor size 536870912 bytes, new threshold 3 (max 15)
 [PSYoungGen: 2546278K->519477K(2621440K)] 8327993K->6688367K(8912896K), 0.1973200 secs] [Times: user=0.67 sys=0.00, real=0.20 secs] 
2014-09-19T00:11:18.389+0200: 33451.025: [Full GC [PSYoungGen: 519477K->0K(2621440K)] [PSOldGen: 6168890K->1746727K(6291456K)] 6688367K->1746727K(8912896K) [PSPermGen: 296768K->296768K(445120K)], 3.0890530 secs] [Times: user=3.07 sys=0.00, real=3.09 secs] 
2014-09-19T00:11:35.782+0200: 33468.418: [GC
Desired survivor size 536870912 bytes, new threshold 2 (max 15)
 [PSYoungGen: 2072654K->520454K(2621440K)] 3819382K->2267182K(8912896K), 0.1273900 secs] [Times: user=0.31 sys=0.00, real=0.13 secs] 
2014-09-19T00:11:57.801+0200: 33490.437: [GC
Desired survivor size 536870912 bytes, new threshold 1 (max 15)
 [PSYoungGen: 2592394K->523777K(2621440K)] 4339122K->2424791K(8912896K), 0.1725660 secs] [Times: user=0.26 sys=0.00, real=0.17 secs] 
2014-09-19T00:12:17.798+0200: 33510.434: [GC
Desired survivor size 536870912 bytes, new threshold 1 (max 15)
 [PSYoungGen: 2620929K->510791K(2621440K)] 4521943K->2828023K(8912896K), 0.2086570 secs] [Times: user=0.71 sys=0.01, real=0.21 secs] 
2014-09-19T00:12:35.574+0200: 33528.210: [GC
Desired survivor size 536870912 bytes, new threshold 1 (max 15)
 [PSYoungGen: 2607943K->513372K(2621440K)] 4925175K->3238236K(8912896K), 0.1911620 secs] [Times: user=0.81 sys=0.00, real=0.20 secs] 
2014-09-19T00:12:53.520+0200: 33546.157: [GC
Desired survivor size 536870912 bytes, new threshold 1 (max 15)
 [PSYoungGen: 2610524K->520691K(2621440K)] 5335388K->3511132K(8912896K), 0.1786110 secs] [Times: user=0.45 sys=0.01, real=0.18 secs] 
2014-09-19T00:13:07.222+0200: 33559.858: [GC
Desired survivor size 536870912 bytes, new threshold 1 (max 15)
 [PSYoungGen: 2614062K->474724K(2621440K)] 5604503K->3598287K(8912896K), 0.1333860 secs] [Times: user=0.38 sys=0.01, real=0.14 secs] 
2014-09-19T00:13:25.494+0200: 33578.130: [GC
Desired survivor size 536870912 bytes, new threshold 1 (max 15)
 [PSYoungGen: 2571876K->523898K(2621440K)] 5695439K->4067789K(8912896K), 0.1893250 secs] [Times: user=0.83 sys=0.00, real=0.19 secs] 
2014-09-19T00:13:39.911+0200: 33592.547: [GC
Desired survivor size 536870912 bytes, new threshold 1 (max 15)
 [PSYoungGen: 2621050K->498221K(2621440K)] 6164941K->4498937K(8912896K), 0.1798930 secs] [Times: user=0.95 sys=0.00, real=0.18 secs] 
2014-09-19T00:13:57.374+0200: 33610.010: [GC
Desired survivor size 536870912 bytes, new threshold 1 (max 15)
 [PSYoungGen: 2595373K->523496K(2621440K)] 6596089K->4816067K(8912896K), 0.1688460 secs] [Times: user=0.54 sys=0.01, real=0.17 secs] 
2014-09-19T00:14:09.489+0200: 33622.125: [GC
Desired survivor size 536870912 bytes, new threshold 1 (max 15)
 [PSYoungGen: 2618001K->508706K(2621440K)] 6910572K->5044926K(8912896K), 0.1615450 secs] [Times: user=0.47 sys=0.00, real=0.16 secs] 
2014-09-19T00:14:18.036+0200: 33630.672: [GC
Desired survivor size 536870912 bytes, new threshold 1 (max 15)
 [PSYoungGen: 2605858K->524192K(2621440K)] 7142078K->5182896K(8912896K), 0.1506950 secs] [Times: user=0.41 sys=0.01, real=0.15 secs] 
2014-09-19T00:14:25.595+0200: 33638.231: [GC
Desired survivor size 536870912 bytes, new threshold 1 (max 15)
 [PSYoungGen: 2621344K->501347K(2621440K)] 7280048K->5613086K(8912896K), 0.1777870 secs] [Times: user=0.91 sys=0.00, real=0.18 secs] 
2014-09-19T00:14:33.766+0200: 33646.402: [GC
Desired survivor size 536870912 bytes, new threshold 1 (max 15)
 [PSYoungGen: 2598499K->503775K(2621440K)] 7710238K->5981413K(8912896K), 0.1696740 secs] [Times: user=0.67 sys=0.00, real=0.17 secs] 
2014-09-19T00:14:42.382+0200: 33655.018: [GC
Desired survivor size 536870912 bytes, new threshold 1 (max 15)
 [PSYoungGen: 2600927K->520881K(2621440K)] 8078565K->6250315K(8912896K), 0.1650950 secs] [Times: user=0.67 sys=0.00, real=0.16 secs] 
2014-09-19T00:14:42.547+0200: 33655.184: [Full GC [PSYoungGen: 520881K->0K(2621440K)] [PSOldGen: 5729433K->2055394K(6291456K)] 6250315K->2055394K(8912896K) [PSPermGen: 296805K->296805K(425600K)], 2.5522640 secs] [Times: user=2.55 sys=0.01, real=2.56 secs] 
2014-09-19T00:14:53.175+0200: 33665.811: [GC
Desired survivor size 536870912 bytes, new threshold 1 (max 15)
 [PSYoungGen: 2097152K->522829K(2621440K)] 4152546K->2740790K(8912896K), 0.1588090 secs] [Times: user=0.54 sys=0.00, real=0.16 secs] 
2014-09-19T00:15:01.305+0200: 33673.941: [GC
Desired survivor size 536870912 bytes, new threshold 1 (max 15)
 [PSYoungGen: 2617679K->519241K(2621440K)] 4835640K->3001030K(8912896K), 0.1600170 secs] [Times: user=0.53 sys=0.01, real=0.16 secs] 
2014-09-19T00:15:09.872+0200: 33682.508: [GC
Desired survivor size 536870912 bytes, new threshold 1 (max 15)
 [PSYoungGen: 2616393K->523172K(2621440K)] 5098182K->3181839K(8912896K), 0.1666300 secs] [Times: user=0.55 sys=0.00, real=0.17 secs] 
2014-09-19T00:15:18.172+0200: 33690.808: [GC
Desired survivor size 536870912 bytes, new threshold 1 (max 15)
 [PSYoungGen: 2620324K->519396K(2621440K)] 5278991K->3585123K(8912896K), 0.1717070 secs] [Times: user=0.85 sys=0.00, real=0.17 secs] 
2014-09-19T00:15:26.854+0200: 33699.490: [GC
Desired survivor size 536870912 bytes, new threshold 1 (max 15)
 [PSYoungGen: 2596655K->523258K(2621440K)] 5662382K->3874021K(8912896K), 0.1720370 secs] [Times: user=0.60 sys=0.01, real=0.17 secs] 
2014-09-19T00:15:34.920+0200: 33707.556: [GC
Desired survivor size 536870912 bytes, new threshold 1 (max 15)
 [PSYoungGen: 2620410K->492985K(2621440K)] 5971173K->4001903K(8912896K), 0.1479100 secs] [Times: user=0.41 sys=0.00, real=0.15 secs] 
2014-09-19T00:15:35.068+0200: 33707.704: [GC
Desired survivor size 536870912 bytes, new threshold 1 (max 15)
 [PSYoungGen: 493021K->64K(2621440K)] 4001939K->4490376K(8912896K), 0.1150210 secs] [Times: user=1.41 sys=0.00, real=0.11 secs] 
2014-09-19T00:15:44.080+0200: 33716.716: [GC
Desired survivor size 536870912 bytes, new threshold 1 (max 15)
 [PSYoungGen: 2097216K->521693K(2621440K)] 6587528K->5193787K(8912896K), 0.1466270 secs] [Times: user=0.45 sys=0.00, real=0.15 secs] 
2014-09-19T00:15:52.574+0200: 33725.210: [GC
Desired survivor size 536870912 bytes, new threshold 1 (max 15)
 [PSYoungGen: 2618845K->519689K(2621440K)] 7290939K->5528716K(8912896K), 0.1677630 secs] [Times: user=0.68 sys=0.00, real=0.17 secs] 
2014-09-19T00:15:59.597+0200: 33732.233: [GC
Desired survivor size 536870912 bytes, new threshold 1 (max 15)
 [PSYoungGen: 2616841K->518851K(2621440K)] 7625868K->5736600K(8912896K), 0.1414030 secs] [Times: user=0.65 sys=0.01, real=0.14 secs] 
2014-09-19T00:16:07.552+0200: 33740.188: [GC
Desired survivor size 536870912 bytes, new threshold 1 (max 15)
 [PSYoungGen: 2603702K->519317K(2621440K)] 7821451K->5995914K(8912896K), 0.1688780 secs] [Times: user=0.54 sys=0.01, real=0.18 secs] 
2014-09-19T00:16:15.557+0200: 33748.194: [GC
Desired survivor size 536870912 bytes, new threshold 1 (max 15)
 [PSYoungGen: 2598400K->521377K(2621440K)] 8074997K->6022586K(8912896K), 0.1461430 secs] [Times: user=0.30 sys=0.01, real=0.15 secs] 
2014-09-19T00:16:23.276+0200: 33755.912: [GC
Desired survivor size 536870912 bytes, new threshold 1 (max 15)
 [PSYoungGen: 2598468K->521542K(2621440K)] 8099677K->6334395K(8912896K), 0.1711220 secs] [Times: user=0.71 sys=0.01, real=0.17 secs] 
2014-09-19T00:16:23.447+0200: 33756.083: [Full GC [PSYoungGen: 521542K->0K(2621440K)] [PSOldGen: 5812853K->1683548K(6291456K)] 6334395K->1683548K(8912896K) [PSPermGen: 296815K->294348K(405056K)], 3.1869020 secs] [Times: user=3.18 sys=0.00, real=3.19 secs] 
2014-09-19T00:16:34.175+0200: 33766.811: [GC
Desired survivor size 536870912 bytes, new threshold 1 (max 15)
 [PSYoungGen: 2097152K->518857K(2621440K)] 3780700K->2384401K(8912896K), 0.1442000 secs] [Times: user=0.51 sys=0.01, real=0.14 secs] 
2014-09-19T00:16:41.818+0200: 33774.454: [GC
Desired survivor size 536870912 bytes, new threshold 1 (max 15)
 [PSYoungGen: 2577259K->512719K(2621440K)] 4442803K->2665900K(8912896K), 0.1802600 secs] [Times: user=0.74 sys=0.00, real=0.18 secs] 
2014-09-19T00:16:45.197+0200: 33777.833: [GC
Desired survivor size 536870912 bytes, new threshold 1 (max 15)
 [PSYoungGen: 2609871K->299075K(2621440K)] 4763052K->2452545K(8912896K), 0.0761240 secs] [Times: user=0.32 sys=0.01, real=0.08 secs] 
2014-09-19T00:16:51.198+0200: 33783.834: [GC
Desired survivor size 536870912 bytes, new threshold 1 (max 15)
 [PSYoungGen: 2396227K->518940K(2621440K)] 4549697K->2978271K(8912896K), 0.1584190 secs] [Times: user=0.81 sys=0.00, real=0.16 secs] 
2014-09-19T00:17:11.546+0200: 33804.182: [GC
Desired survivor size 536870912 bytes, new threshold 1 (max 15)
 [PSYoungGen: 2616088K->455235K(2621440K)] 5075419K->3057000K(8912896K), 0.1339710 secs] [Times: user=0.38 sys=0.00, real=0.14 secs] 
2014-09-19T00:18:58.766+0200: 33911.402: [GC
Desired survivor size 536870912 bytes, new threshold 1 (max 15)
 [PSYoungGen: 2552387K->11168K(2621440K)] 5154152K->2613377K(8912896K), 0.0213860 secs] [Times: user=0.16 sys=0.00, real=0.02 secs] 
2014-09-19T00:20:48.899+0200: 34021.535: [GC
Desired survivor size 536870912 bytes, new threshold 1 (max 15)
 [PSYoungGen: 2108320K->15674K(2621440K)] 4710529K->2624055K(8912896K), 0.0264910 secs] [Times: user=0.19 sys=0.00, real=0.03 secs] 
2014-09-19T00:21:44.757+0200: 34077.393: [GC
Desired survivor size 536870912 bytes, new threshold 1 (max 15)
 [PSYoungGen: 2112826K->9176K(2621440K)] 4721207K->2627018K(8912896K), 0.0207480 secs] [Times: user=0.18 sys=0.00, real=0.02 secs] 
2014-09-19T00:23:52.336+0200: 34204.972: [GC
Desired survivor size 536870912 bytes, new threshold 1 (max 15)
 [PSYoungGen: 2106328K->41794K(2621440K)] 4724170K->2664071K(8912896K), 0.0452800 secs] [Times: user=0.21 sys=0.00, real=0.05 secs] 
2014-09-19T00:30:31.954+0200: 34604.590: [GC
Desired survivor size 536870912 bytes, new threshold 1 (max 15)
 [PSYoungGen: 2138946K->9520K(2621440K)] 4761223K->2648388K(8912896K), 0.0289050 secs] [Times: user=0.19 sys=0.00, real=0.03 secs] 
2014-09-19T00:37:54.496+0200: 35047.133: [GC
Desired survivor size 536870912 bytes, new threshold 1 (max 15)
 [PSYoungGen: 2106672K->12168K(2621440K)] 4745540K->2652656K(8912896K), 0.0283700 secs] [Times: user=0.15 sys=0.00, real=0.03 secs] 
2014-09-19T00:45:06.665+0200: 35479.301: [GC
Desired survivor size 536870912 bytes, new threshold 1 (max 15)
 [PSYoungGen: 2109320K->19935K(2621440K)] 4749808K->2660888K(8912896K), 0.0331340 secs] [Times: user=0.15 sys=0.00, real=0.03 secs] 
2014-09-19T00:52:55.548+0200: 35948.184: [GC
Desired survivor size 536870912 bytes, new threshold 1 (max 15)
 [PSYoungGen: 2117087K->44280K(2621440K)] 4758040K->2686866K(8912896K), 0.0345910 secs] [Times: user=0.15 sys=0.00, real=0.03 secs] 
2014-09-19T01:02:32.418+0200: 36525.054: [GC
Desired survivor size 536870912 bytes, new threshold 1 (max 15)
 [PSYoungGen: 2141432K->10809K(2621440K)] 4784018K->2654276K(8912896K), 0.0240510 secs] [Times: user=0.12 sys=0.00, real=0.02 secs] 
2014-09-19T01:06:26.260+0200: 36758.896: [GC
Desired survivor size 536870912 bytes, new threshold 1 (max 15)
 [PSYoungGen: 2107961K->79900K(2621440K)] 4751428K->2726898K(8912896K), 0.0654440 secs] [Times: user=0.27 sys=0.00, real=0.07 secs] 
2014-09-19T01:08:58.514+0200: 36911.150: [GC
Desired survivor size 536870912 bytes, new threshold 1 (max 15)
 [PSYoungGen: 2177052K->29393K(2621440K)] 4824050K->2698311K(8912896K), 0.0426170 secs] [Times: user=0.33 sys=0.00, real=0.04 secs] 
2014-09-19T01:09:17.542+0200: 36930.178: [GC
Desired survivor size 536870912 bytes, new threshold 1 (max 15)
 [PSYoungGen: 2126545K->19999K(2621440K)] 4795463K->2712828K(8912896K), 0.0345240 secs] [Times: user=0.33 sys=0.00, real=0.03 secs] 
2014-09-19T01:10:00.937+0200: 36973.573: [GC
Desired survivor size 536870912 bytes, new threshold 1 (max 15)
 [PSYoungGen: 2117151K->14893K(2621440K)] 4809980K->2726294K(8912896K), 0.0244030 secs] [Times: user=0.25 sys=0.01, real=0.03 secs] 
2014-09-19T01:11:24.530+0200: 37057.166: [GC
Desired survivor size 536870912 bytes, new threshold 1 (max 15)
 [PSYoungGen: 2112045K->29303K(2621440K)] 4823446K->2747927K(8912896K), 0.0270420 secs] [Times: user=0.26 sys=0.00, real=0.03 secs] 
2014-09-19T01:12:22.640+0200: 37115.276: [GC
Desired survivor size 536870912 bytes, new threshold 1 (max 15)
 [PSYoungGen: 2126455K->14663K(2621440K)] 4845079K->2754210K(8912896K), 0.0281050 secs] [Times: user=0.28 sys=0.00, real=0.03 secs] 
2014-09-19T01:12:56.306+0200: 37148.942: [GC
Desired survivor size 536870912 bytes, new threshold 1 (max 15)
 [PSYoungGen: 2111815K->12560K(2621440K)] 4851362K->2763296K(8912896K), 0.0198280 secs] [Times: user=0.20 sys=0.00, real=0.02 secs] 
2014-09-19T01:16:02.454+0200: 37335.090: [GC
Desired survivor size 524353536 bytes, new threshold 2 (max 15)
 [PSYoungGen: 2109712K->38570K(2633664K)] 4860448K->2797724K(8925120K), 0.0457050 secs] [Times: user=0.20 sys=0.00, real=0.05 secs] 
2014-09-19T01:19:15.540+0200: 37528.176: [GC
Desired survivor size 496435200 bytes, new threshold 3 (max 15)
 [PSYoungGen: 2147946K->17946K(2621440K)] 4907100K->2777101K(8912896K), 0.0259020 secs] [Times: user=0.17 sys=0.00, real=0.03 secs] 
2014-09-19T01:23:30.620+0200: 37783.256: [GC
Desired survivor size 456523776 bytes, new threshold 4 (max 15)
 [PSYoungGen: 2127322K->92587K(2699904K)] 4886477K->2851742K(8991360K), 0.0494840 secs] [Times: user=0.42 sys=0.00, real=0.06 secs] 
2014-09-19T01:25:52.909+0200: 37925.545: [GC
Desired survivor size 426508288 bytes, new threshold 5 (max 15)
 [PSYoungGen: 2307490K->108199K(2660928K)] 5066645K->2867354K(8952384K), 0.0463050 secs] [Times: user=0.39 sys=0.00, real=0.04 secs] 
2014-09-19T01:29:18.690+0200: 38131.326: [GC
Desired survivor size 409927680 bytes, new threshold 6 (max 15)
 [PSYoungGen: 2323303K->137089K(2745408K)] 5082458K->2896244K(9036864K), 0.0559650 secs] [Times: user=0.43 sys=0.00, real=0.05 secs] 
2014-09-19T01:32:55.563+0200: 38348.199: [GC
Desired survivor size 457179136 bytes, new threshold 7 (max 15)
 [PSYoungGen: 2465985K->304313K(2633216K)] 5225140K->3063468K(8924672K), 0.0922040 secs] [Times: user=0.47 sys=0.00, real=0.10 secs] 
2014-09-19T01:37:56.203+0200: 38648.839: [GC
Desired survivor size 474939392 bytes, new threshold 8 (max 15)
 [PSYoungGen: 2633209K->254035K(2664576K)] 5392364K->3013190K(8956032K), 0.0832800 secs] [Times: user=0.50 sys=0.00, real=0.09 secs] 
2014-09-19T01:46:17.738+0200: 39150.374: [GC
Desired survivor size 442892288 bytes, new threshold 9 (max 15)
 [PSYoungGen: 2472147K->121233K(2681920K)] 5231302K->2880388K(8973376K), 0.0656700 secs] [Times: user=0.53 sys=0.00, real=0.06 secs] 
2014-09-19T01:50:59.028+0200: 39431.664: [GC
Desired survivor size 418250752 bytes, new threshold 10 (max 15)
 [PSYoungGen: 2339345K->147478K(2737280K)] 5098500K->2906633K(9028736K), 0.0723810 secs] [Times: user=0.49 sys=0.00, real=0.07 secs] 
2014-09-19T01:57:56.355+0200: 39848.991: [GC
Desired survivor size 392101888 bytes, new threshold 11 (max 15)
 [PSYoungGen: 2452246K->120685K(2713216K)] 5211401K->2879839K(9004672K), 0.0428940 secs] [Times: user=0.45 sys=0.00, real=0.04 secs] 
2014-09-19T02:13:00.369+0200: 40753.005: [GC
Desired survivor size 417071104 bytes, new threshold 12 (max 15)
 [PSYoungGen: 2425453K->265264K(2714048K)] 5184607K->3024419K(9005504K), 0.0865030 secs] [Times: user=0.50 sys=0.01, real=0.09 secs] 
2014-09-19T02:22:57.146+0200: 41349.782: [GC
Desired survivor size 488243200 bytes, new threshold 13 (max 15)
 [PSYoungGen: 2596400K->403651K(2734848K)] 5355555K->3312768K(9026304K), 0.1469070 secs] [Times: user=0.56 sys=0.00, real=0.14 secs] 
2014-09-19T02:42:57.790+0200: 42550.427: [GC
Desired survivor size 471990272 bytes, new threshold 14 (max 15)
 [PSYoungGen: 2734787K->84156K(2634752K)] 5643904K->2993273K(8926208K), 0.0465620 secs] [Times: user=0.37 sys=0.00, real=0.05 secs] 
2014-09-19T02:53:12.133+0200: 43164.769: [GC
Desired survivor size 454557696 bytes, new threshold 15 (max 15)
 [PSYoungGen: 2308028K->86282K(2684800K)] 5217145K->2995399K(8976256K), 0.0399760 secs] [Times: user=0.33 sys=0.00, real=0.04 secs] 
2014-09-19T03:07:59.473+0200: 44052.109: [GC
Desired survivor size 435552256 bytes, new threshold 15 (max 15)
 [PSYoungGen: 2310154K->93563K(2720384K)] 5219271K->3002681K(9011840K), 0.0528090 secs] [Times: user=0.43 sys=0.00, real=0.05 secs] 
2014-09-19T03:28:01.075+0200: 45253.712: [GC
Desired survivor size 417202176 bytes, new threshold 15 (max 15)
 [PSYoungGen: 2370043K->90618K(2701824K)] 5279161K->3000182K(8993280K), 0.0408540 secs] [Times: user=0.36 sys=0.00, real=0.04 secs] 
2014-09-19T03:40:45.571+0200: 46018.207: [GC
Desired survivor size 399704064 bytes, new threshold 15 (max 15)
 [PSYoungGen: 2367098K->87558K(2755392K)] 5276662K->2997314K(9046848K), 0.0404170 secs] [Times: user=0.36 sys=0.00, real=0.04 secs] 
2014-09-19T03:48:04.502+0200: 46457.139: [GC
Desired survivor size 388890624 bytes, new threshold 15 (max 15)
 [PSYoungGen: 2435526K->50083K(2738304K)] 5345282K->3003631K(9029760K), 0.0443030 secs] [Times: user=0.45 sys=0.00, real=0.04 secs] 
2014-09-19T03:58:05.714+0200: 47058.350: [GC
Desired survivor size 370933760 bytes, new threshold 15 (max 15)
 [PSYoungGen: 2398051K->83822K(2783488K)] 5351599K->3040503K(9074944K), 0.0549380 secs] [Times: user=0.37 sys=0.01, real=0.06 secs] 
2014-09-19T04:13:06.946+0200: 47959.582: [GC
Desired survivor size 353239040 bytes, new threshold 15 (max 15)
 [PSYoungGen: 2487534K->85504K(2765952K)] 5444215K->3045776K(9057408K), 0.0529810 secs] [Times: user=0.34 sys=0.00, real=0.05 secs] 
2014-09-19T04:33:07.510+0200: 49160.146: [GC
Desired survivor size 344653824 bytes, new threshold 15 (max 15)
 [PSYoungGen: 2489216K->36921K(2809152K)] 5449488K->2997385K(9100608K), 0.0386740 secs] [Times: user=0.26 sys=0.00, real=0.04 secs] 
2014-09-19T04:50:11.758+0200: 50184.394: [GC
Desired survivor size 335413248 bytes, new threshold 15 (max 15)
 [PSYoungGen: 2501106K->32878K(2800768K)] 5461571K->3000410K(9092224K), 0.0312340 secs] [Times: user=0.22 sys=0.00, real=0.03 secs] 
2014-09-19T05:11:55.460+0200: 51488.096: [GC
Desired survivor size 325713920 bytes, new threshold 15 (max 15)
 [PSYoungGen: 2497070K->28087K(2827648K)] 5464602K->2995715K(9119104K), 0.0317970 secs] [Times: user=0.20 sys=0.00, real=0.03 secs] 
2014-09-19T05:28:08.355+0200: 52460.992: [GC
Desired survivor size 312475648 bytes, new threshold 15 (max 15)
 [PSYoungGen: 2528183K->41815K(2818176K)] 5495811K->3009707K(9109632K), 0.0362150 secs] [Times: user=0.24 sys=0.00, real=0.03 secs] 
2014-09-19T05:42:31.889+0200: 53324.525: [GC
Desired survivor size 296812544 bytes, new threshold 15 (max 15)
 [PSYoungGen: 2541911K->54582K(2855872K)] 5509803K->3022578K(9147328K), 0.0418200 secs] [Times: user=0.28 sys=0.00, real=0.04 secs] 
2014-09-19T05:54:53.563+0200: 54066.199: [GC
Desired survivor size 280231936 bytes, new threshold 15 (max 15)
 [PSYoungGen: 2605302K->63443K(2840576K)] 5573298K->3031615K(9132032K), 0.0393920 secs] [Times: user=0.31 sys=0.00, real=0.04 secs] 
2014-09-19T06:07:34.913+0200: 54827.549: [GC
Desired survivor size 294780928 bytes, new threshold 15 (max 15)
 [PSYoungGen: 2613865K->174216K(2843648K)] 5582037K->3142452K(9135104K), 0.0746320 secs] [Times: user=0.48 sys=0.00, real=0.07 secs] 
2014-09-19T06:08:02.533+0200: 54855.169: [GC
Desired survivor size 335544320 bytes, new threshold 15 (max 15)
 [PSYoungGen: 2744200K->253863K(2823872K)] 5712436K->3222179K(9115328K), 0.0815500 secs] [Times: user=0.55 sys=0.00, real=0.08 secs] 
2014-09-19T06:09:24.998+0200: 54937.634: [GC
Desired survivor size 489947136 bytes, new threshold 14 (max 15)
 [PSYoungGen: 2823847K->321846K(2510656K)] 5792163K->3544555K(8802112K), 0.1726570 secs] [Times: user=0.65 sys=0.00, real=0.17 secs] 
2014-09-19T06:16:04.094+0200: 55336.730: [GC
Desired survivor size 478937088 bytes, new threshold 15 (max 15)
 [PSYoungGen: 2510646K->214369K(2667264K)] 5733355K->3439953K(8958720K), 0.0797670 secs] [Times: user=0.45 sys=0.00, real=0.08 secs] 
2014-09-19T06:23:09.621+0200: 55762.257: [GC
Desired survivor size 456851456 bytes, new threshold 15 (max 15)
 [PSYoungGen: 2403169K->109274K(2699584K)] 5628753K->3334858K(8991040K), 0.0565550 secs] [Times: user=0.49 sys=0.00, real=0.06 secs] 
2014-09-19T06:26:55.251+0200: 55987.887: [GC
Desired survivor size 431685632 bytes, new threshold 15 (max 15)
 [PSYoungGen: 2341146K->131582K(2678016K)] 5566730K->3357239K(8969472K), 0.0628510 secs] [Times: user=0.62 sys=0.00, real=0.07 secs] 
2014-09-19T06:43:09.554+0200: 56962.190: [GC
Desired survivor size 407371776 bytes, new threshold 15 (max 15)
 [PSYoungGen: 2363454K->136811K(2747904K)] 5589111K->3362620K(9039360K), 0.0716290 secs] [Times: user=0.60 sys=0.00, real=0.07 secs] 
2014-09-19T06:52:54.562+0200: 57547.198: [GC
Desired survivor size 392495104 bytes, new threshold 15 (max 15)
 [PSYoungGen: 2463147K->93977K(2724160K)] 5688956K->3319946K(9015616K), 0.0537820 secs] [Times: user=0.49 sys=0.00, real=0.06 secs] 
2014-09-19T07:00:46.025+0200: 58018.661: [GC
Desired survivor size 373882880 bytes, new threshold 15 (max 15)
 [PSYoungGen: 2420313K->114625K(2780608K)] 5646282K->3340722K(9072064K), 0.0554040 secs] [Times: user=0.50 sys=0.01, real=0.05 secs] 
2014-09-19T07:08:09.621+0200: 58462.257: [GC
Desired survivor size 352518144 bytes, new threshold 15 (max 15)
 [PSYoungGen: 2511937K->136072K(2762432K)] 5738034K->3362529K(9053888K), 0.0650080 secs] [Times: user=0.52 sys=0.01, real=0.07 secs] 
2014-09-19T07:13:10.129+0200: 58762.765: [GC
Desired survivor size 333447168 bytes, new threshold 15 (max 15)
 [PSYoungGen: 2533384K->133855K(2820096K)] 5759841K->3363080K(9111552K), 0.0576540 secs] [Times: user=0.57 sys=0.00, real=0.05 secs] 
2014-09-19T07:17:16.845+0200: 59009.482: [GC
Desired survivor size 318242816 bytes, new threshold 15 (max 15)
 [PSYoungGen: 2609695K->151494K(2801472K)] 5838920K->3381263K(9092928K), 0.0656600 secs] [Times: user=0.65 sys=0.00, real=0.06 secs] 
2014-09-19T07:19:41.147+0200: 59153.784: [GC
Desired survivor size 308412416 bytes, new threshold 15 (max 15)
 [PSYoungGen: 2627334K->162202K(2844544K)] 5857103K->3393771K(9136000K), 0.0620440 secs] [Times: user=0.71 sys=0.00, real=0.06 secs] 
2014-09-19T07:23:10.248+0200: 59362.884: [GC
Desired survivor size 310640640 bytes, new threshold 15 (max 15)
 [PSYoungGen: 2695962K->193077K(2834944K)] 5927531K->3434605K(9126400K), 0.0763580 secs] [Times: user=0.87 sys=0.00, real=0.08 secs] 
2014-09-19T07:27:36.503+0200: 59629.139: [GC
Desired survivor size 311558144 bytes, new threshold 15 (max 15)
 [PSYoungGen: 2726837K->193617K(2840576K)] 5968365K->3435393K(9132032K), 0.0719150 secs] [Times: user=0.81 sys=0.00, real=0.08 secs] 
2014-09-19T07:31:05.166+0200: 59837.802: [GC
Desired survivor size 312344576 bytes, new threshold 15 (max 15)
 [PSYoungGen: 2730833K->196650K(2733888K)] 5972609K->3438659K(9025344K), 0.0730360 secs] [Times: user=0.78 sys=0.00, real=0.07 secs] 
2014-09-19T07:33:10.231+0200: 59962.867: [GC
Desired survivor size 320471040 bytes, new threshold 15 (max 15)
 [PSYoungGen: 2733866K->219318K(2824832K)] 5975875K->3481875K(9116288K), 0.0849000 secs] [Times: user=0.96 sys=0.00, real=0.09 secs] 
2014-09-19T07:35:44.386+0200: 60117.022: [GC
Desired survivor size 331284480 bytes, new threshold 15 (max 15)
 [PSYoungGen: 2734495K->233093K(2752960K)] 5997053K->3502878K(9044416K), 0.0800470 secs] [Times: user=0.94 sys=0.00, real=0.08 secs] 
2014-09-19T07:44:18.205+0200: 60630.841: [GC
Desired survivor size 327548928 bytes, new threshold 15 (max 15)
 [PSYoungGen: 2752901K->202584K(2825856K)] 6022686K->3472489K(9117312K), 0.0792540 secs] [Times: user=0.80 sys=0.00, real=0.08 secs] 
2014-09-19T07:53:56.989+0200: 61209.625: [GC
Desired survivor size 315162624 bytes, new threshold 15 (max 15)
 [PSYoungGen: 2704920K->181065K(2822208K)] 5974825K->3451026K(9113664K), 0.0867550 secs] [Times: user=0.75 sys=0.01, real=0.09 secs] 
2014-09-19T07:54:50.913+0200: 61263.549: [GC
Desired survivor size 456392704 bytes, new threshold 14 (max 15)
 [PSYoungGen: 2682550K->307764K(2562112K)] 5952511K->3853529K(8853568K), 0.1732090 secs] [Times: user=0.84 sys=0.00, real=0.17 secs] 
2014-09-19T07:55:03.868+0200: 61276.504: [GC
Desired survivor size 519045120 bytes, new threshold 15 (max 15)
 [PSYoungGen: 2561005K->443450K(2697792K)] 6106771K->4301270K(8989248K), 0.1996270 secs] [Times: user=0.77 sys=0.00, real=0.20 secs] 
2014-09-19T07:55:16.656+0200: 61289.292: [GC
Desired survivor size 536870912 bytes, new threshold 14 (max 15)
 [PSYoungGen: 2693986K->447697K(2545088K)] 6551806K->4583982K(8836544K), 0.1905790 secs] [Times: user=0.78 sys=0.00, real=0.19 secs] 
2014-09-19T07:55:28.629+0200: 61301.265: [GC
Desired survivor size 536870912 bytes, new threshold 13 (max 15)
 [PSYoungGen: 2544849K->520823K(2621440K)] 6681134K->4854871K(8912896K), 0.1862980 secs] [Times: user=0.80 sys=0.00, real=0.18 secs] 
2014-09-19T07:55:39.453+0200: 61312.089: [GC
Desired survivor size 536870912 bytes, new threshold 12 (max 15)
 [PSYoungGen: 2617975K->523119K(2621440K)] 6952023K->5005748K(8912896K), 0.1783600 secs] [Times: user=0.72 sys=0.01, real=0.18 secs] 
2014-09-19T07:55:53.791+0200: 61326.427: [GC
Desired survivor size 536870912 bytes, new threshold 11 (max 15)
 [PSYoungGen: 2614005K->522201K(2621440K)] 7096634K->5165884K(8912896K), 0.1787430 secs] [Times: user=0.74 sys=0.00, real=0.18 secs] 
2014-09-19T07:57:14.964+0200: 61407.600: [GC
Desired survivor size 536870912 bytes, new threshold 10 (max 15)
 [PSYoungGen: 2619353K->377759K(2621440K)] 7263036K->5046006K(8912896K), 0.1368080 secs] [Times: user=0.61 sys=0.01, real=0.14 secs] 
2014-09-19T07:59:36.715+0200: 61549.351: [GC
Desired survivor size 536870912 bytes, new threshold 9 (max 15)
 [PSYoungGen: 2474911K->57795K(2621440K)] 7143158K->4767834K(8912896K), 0.0588070 secs] [Times: user=0.59 sys=0.00, real=0.06 secs] 
2014-09-19T08:01:39.616+0200: 61672.252: [GC
Desired survivor size 536870912 bytes, new threshold 8 (max 15)
 [PSYoungGen: 2154947K->52654K(2621440K)] 6864986K->4782230K(8912896K), 0.0412150 secs] [Times: user=0.44 sys=0.00, real=0.04 secs] 
2014-09-19T08:02:54.162+0200: 61746.798: [GC
Desired survivor size 536870912 bytes, new threshold 7 (max 15)
 [PSYoungGen: 2149806K->51619K(2621440K)] 6879382K->4782422K(8912896K), 0.0298190 secs] [Times: user=0.28 sys=0.00, real=0.02 secs] 
2014-09-19T08:03:54.555+0200: 61807.191: [GC
Desired survivor size 536870912 bytes, new threshold 6 (max 15)
 [PSYoungGen: 2148771K->73261K(2621440K)] 6879574K->4804112K(8912896K), 0.0398550 secs] [Times: user=0.43 sys=0.00, real=0.04 secs] 
2014-09-19T08:05:56.957+0200: 61929.593: [GC
Desired survivor size 536870912 bytes, new threshold 5 (max 15)
 [PSYoungGen: 2170413K->59278K(2621440K)] 6901264K->4793615K(8912896K), 0.0338120 secs] [Times: user=0.34 sys=0.00, real=0.04 secs] 
2014-09-19T08:08:58.877+0200: 62111.513: [GC
Desired survivor size 536870912 bytes, new threshold 4 (max 15)
 [PSYoungGen: 2156430K->53725K(2621440K)] 6890767K->4809538K(8912896K), 0.0417020 secs] [Times: user=0.42 sys=0.00, real=0.04 secs] 
2014-09-19T08:10:46.251+0200: 62218.887: [GC
Desired survivor size 536870912 bytes, new threshold 3 (max 15)
 [PSYoungGen: 2150877K->56924K(2621440K)] 6906690K->4827293K(8912896K), 0.0393500 secs] [Times: user=0.42 sys=0.00, real=0.04 secs] 
2014-09-19T08:13:55.981+0200: 62408.617: [GC
Desired survivor size 536870912 bytes, new threshold 2 (max 15)
 [PSYoungGen: 2154076K->251463K(2621440K)] 6924445K->5039103K(8912896K), 0.1037760 secs] [Times: user=0.48 sys=0.00, real=0.10 secs] 
2014-09-19T08:18:01.148+0200: 62653.784: [GC
Desired survivor size 536870912 bytes, new threshold 1 (max 15)
 [PSYoungGen: 2348615K->9321K(2621440K)] 7136255K->4829408K(8912896K), 0.0478560 secs] [Times: user=0.39 sys=0.01, real=0.05 secs] 
2014-09-19T08:22:14.733+0200: 62907.369: [GC
Desired survivor size 536870912 bytes, new threshold 1 (max 15)
 [PSYoungGen: 2106473K->19845K(2621440K)] 6926560K->4842710K(8912896K), 0.0419660 secs] [Times: user=0.20 sys=0.00, real=0.04 secs] 
2014-09-19T08:29:01.144+0200: 63313.781: [GC
Desired survivor size 536870912 bytes, new threshold 1 (max 15)
 [PSYoungGen: 2116997K->11268K(2621440K)] 6939862K->4834695K(8912896K), 0.0243000 secs] [Times: user=0.17 sys=0.01, real=0.02 secs] 
2014-09-19T08:30:00.588+0200: 63373.224: [GC
Desired survivor size 536870912 bytes, new threshold 1 (max 15)
 [PSYoungGen: 2108420K->22419K(2621440K)] 6931847K->4850977K(8912896K), 0.0255450 secs] [Times: user=0.25 sys=0.01, real=0.02 secs] 
2014-09-19T08:37:07.638+0200: 63800.274: [GC
Desired survivor size 536870912 bytes, new threshold 1 (max 15)
 [PSYoungGen: 2119571K->21664K(2621440K)] 6948129K->4857530K(8912896K), 0.0386430 secs] [Times: user=0.23 sys=0.00, real=0.04 secs] 
2014-09-19T08:38:53.298+0200: 63905.934: [GC
Desired survivor size 520028160 bytes, new threshold 2 (max 15)
 [PSYoungGen: 2118816K->22904K(2637888K)] 6954682K->4865595K(8929344K), 0.0327060 secs] [Times: user=0.27 sys=0.00, real=0.03 secs] 
Heap
 PSYoungGen      total 2637888K, used 175522K [0x0000000740000000, 0x0000000800000000, 0x0000000800000000)
  eden space 2113600K, 7% used [0x0000000740000000,0x000000074950ab00,0x00000007c1010000)
  from space 524288K, 4% used [0x00000007e0000000,0x00000007e165e0e8,0x0000000800000000)
  to   space 507840K, 0% used [0x00000007c1010000,0x00000007c1010000,0x00000007e0000000)
 PSOldGen        total 6291456K, used 4842691K [0x00000005c0000000, 0x0000000740000000, 0x0000000740000000)
  object space 6291456K, 76% used [0x00000005c0000000,0x00000006e7930d90,0x0000000740000000)
 PSPermGen       total 405056K, used 295938K [0x00000005a0000000, 0x00000005b8b90000, 0x00000005c0000000)
  object space 405056K, 73% used [0x00000005a0000000,0x00000005b2100988,0x00000005b8b90000)
